Archive member included to satisfy reference by file (symbol)

c:/program files (x86)/atollic/truestudio for stm32 9.0.0/armtools/bin/../lib/gcc/arm-atollic-eabi/6.3.1/../../../../arm-atollic-eabi/lib/armv7e-m/fpu\libc_nano.a(lib_a-init.o)
                              startup\startup_stm32f411xe.o (__libc_init_array)
c:/program files (x86)/atollic/truestudio for stm32 9.0.0/armtools/bin/../lib/gcc/arm-atollic-eabi/6.3.1/../../../../arm-atollic-eabi/lib/armv7e-m/fpu\libc_nano.a(lib_a-malloc.o)
                              Middlewares\ST\STM32_USB_Device_Library\Class\CDC\Src\usbd_cdc.o (malloc)
c:/program files (x86)/atollic/truestudio for stm32 9.0.0/armtools/bin/../lib/gcc/arm-atollic-eabi/6.3.1/../../../../arm-atollic-eabi/lib/armv7e-m/fpu\libc_nano.a(lib_a-memcmp.o)
                              Middlewares\Third_Party\FreeRTOS-Plus\FreeRTOS-Plus-TCP\FreeRTOS_ARP.o (memcmp)
c:/program files (x86)/atollic/truestudio for stm32 9.0.0/armtools/bin/../lib/gcc/arm-atollic-eabi/6.3.1/../../../../arm-atollic-eabi/lib/armv7e-m/fpu\libc_nano.a(lib_a-memcpy-stub.o)
                              Middlewares\ST\STM32_USB_Device_Library\App\Src\usbd_rndis_if.o (memcpy)
c:/program files (x86)/atollic/truestudio for stm32 9.0.0/armtools/bin/../lib/gcc/arm-atollic-eabi/6.3.1/../../../../arm-atollic-eabi/lib/armv7e-m/fpu\libc_nano.a(lib_a-memmove.o)
                              Middlewares\Third_Party\FreeRTOS-Plus\FreeRTOS-Plus-TCP\FreeRTOS_IP.o (memmove)
c:/program files (x86)/atollic/truestudio for stm32 9.0.0/armtools/bin/../lib/gcc/arm-atollic-eabi/6.3.1/../../../../arm-atollic-eabi/lib/armv7e-m/fpu\libc_nano.a(lib_a-memset.o)
                              Middlewares\Third_Party\FreeRTOS\Source\tasks.o (memset)
c:/program files (x86)/atollic/truestudio for stm32 9.0.0/armtools/bin/../lib/gcc/arm-atollic-eabi/6.3.1/../../../../arm-atollic-eabi/lib/armv7e-m/fpu\libc_nano.a(lib_a-nano-freer.o)
                              c:/program files (x86)/atollic/truestudio for stm32 9.0.0/armtools/bin/../lib/gcc/arm-atollic-eabi/6.3.1/../../../../arm-atollic-eabi/lib/armv7e-m/fpu\libc_nano.a(lib_a-malloc.o) (_free_r)
c:/program files (x86)/atollic/truestudio for stm32 9.0.0/armtools/bin/../lib/gcc/arm-atollic-eabi/6.3.1/../../../../arm-atollic-eabi/lib/armv7e-m/fpu\libc_nano.a(lib_a-nano-mallocr.o)
                              c:/program files (x86)/atollic/truestudio for stm32 9.0.0/armtools/bin/../lib/gcc/arm-atollic-eabi/6.3.1/../../../../arm-atollic-eabi/lib/armv7e-m/fpu\libc_nano.a(lib_a-malloc.o) (_malloc_r)
c:/program files (x86)/atollic/truestudio for stm32 9.0.0/armtools/bin/../lib/gcc/arm-atollic-eabi/6.3.1/../../../../arm-atollic-eabi/lib/armv7e-m/fpu\libc_nano.a(lib_a-rand.o)
                              Src\main.o (rand)
c:/program files (x86)/atollic/truestudio for stm32 9.0.0/armtools/bin/../lib/gcc/arm-atollic-eabi/6.3.1/../../../../arm-atollic-eabi/lib/armv7e-m/fpu\libc_nano.a(lib_a-sbrkr.o)
                              c:/program files (x86)/atollic/truestudio for stm32 9.0.0/armtools/bin/../lib/gcc/arm-atollic-eabi/6.3.1/../../../../arm-atollic-eabi/lib/armv7e-m/fpu\libc_nano.a(lib_a-nano-mallocr.o) (_sbrk_r)
c:/program files (x86)/atollic/truestudio for stm32 9.0.0/armtools/bin/../lib/gcc/arm-atollic-eabi/6.3.1/../../../../arm-atollic-eabi/lib/armv7e-m/fpu\libc_nano.a(lib_a-strcasecmp.o)
                              Src\main.o (strcasecmp)
c:/program files (x86)/atollic/truestudio for stm32 9.0.0/armtools/bin/../lib/gcc/arm-atollic-eabi/6.3.1/../../../../arm-atollic-eabi/lib/armv7e-m/fpu\libc_nano.a(lib_a-strcpy.o)
                              Middlewares\Third_Party\FreeRTOS-Plus\FreeRTOS-Plus-TCP\FreeRTOS_DNS.o (strcpy)
c:/program files (x86)/atollic/truestudio for stm32 9.0.0/armtools/bin/../lib/gcc/arm-atollic-eabi/6.3.1/../../../../arm-atollic-eabi/lib/armv7e-m/fpu\libc_nano.a(lib_a-strlen.o)
                              Middlewares\Third_Party\FreeRTOS-Plus\FreeRTOS-Plus-TCP\FreeRTOS_DHCP.o (strlen)
c:/program files (x86)/atollic/truestudio for stm32 9.0.0/armtools/bin/../lib/gcc/arm-atollic-eabi/6.3.1/../../../../arm-atollic-eabi/lib/armv7e-m/fpu\libc_nano.a(lib_a-strncmp.o)
                              Middlewares\Third_Party\FreeRTOS-Plus\FreeRTOS-Plus-TCP\FreeRTOS_DNS.o (strncmp)
c:/program files (x86)/atollic/truestudio for stm32 9.0.0/armtools/bin/../lib/gcc/arm-atollic-eabi/6.3.1/../../../../arm-atollic-eabi/lib/armv7e-m/fpu\libc_nano.a(lib_a-strncpy.o)
                              Middlewares\Third_Party\FreeRTOS-Plus\FreeRTOS-Plus-TCP\FreeRTOS_DNS.o (strncpy)
c:/program files (x86)/atollic/truestudio for stm32 9.0.0/armtools/bin/../lib/gcc/arm-atollic-eabi/6.3.1/../../../../arm-atollic-eabi/lib/armv7e-m/fpu\libc_nano.a(lib_a-impure.o)
                              c:/program files (x86)/atollic/truestudio for stm32 9.0.0/armtools/bin/../lib/gcc/arm-atollic-eabi/6.3.1/../../../../arm-atollic-eabi/lib/armv7e-m/fpu\libc_nano.a(lib_a-malloc.o) (_impure_ptr)
[...]
Memory Configuration

Name             Origin             Length             Attributes
RAM              0x20000000         0x00020000         xrw
FLASH            0x08000000         0x00080000         xr
*default*        0x00000000         0xffffffff

Linker script and memory map

LOAD c:/program files (x86)/atollic/truestudio for stm32 9.0.0/armtools/bin/../lib/gcc/arm-atollic-eabi/6.3.1/armv7e-m/fpu/crti.o
LOAD c:/program files (x86)/atollic/truestudio for stm32 9.0.0/armtools/bin/../lib/gcc/arm-atollic-eabi/6.3.1/armv7e-m/fpu/crtbegin.o
LOAD Drivers\STM32F4xx_HAL_Driver\Src\stm32f4xx_hal.o
LOAD Drivers\STM32F4xx_HAL_Driver\Src\stm32f4xx_hal_cortex.o
LOAD Drivers\STM32F4xx_HAL_Driver\Src\stm32f4xx_hal_dma.o
LOAD Drivers\STM32F4xx_HAL_Driver\Src\stm32f4xx_hal_dma_ex.o
LOAD Drivers\STM32F4xx_HAL_Driver\Src\stm32f4xx_hal_flash.o
LOAD Drivers\STM32F4xx_HAL_Driver\Src\stm32f4xx_hal_flash_ex.o
LOAD Drivers\STM32F4xx_HAL_Driver\Src\stm32f4xx_hal_flash_ramfunc.o
LOAD Drivers\STM32F4xx_HAL_Driver\Src\stm32f4xx_hal_gpio.o
LOAD Drivers\STM32F4xx_HAL_Driver\Src\stm32f4xx_hal_pcd.o
LOAD Drivers\STM32F4xx_HAL_Driver\Src\stm32f4xx_hal_pcd_ex.o
LOAD Drivers\STM32F4xx_HAL_Driver\Src\stm32f4xx_hal_pwr.o
LOAD Drivers\STM32F4xx_HAL_Driver\Src\stm32f4xx_hal_pwr_ex.o
LOAD Drivers\STM32F4xx_HAL_Driver\Src\stm32f4xx_hal_rcc.o
LOAD Drivers\STM32F4xx_HAL_Driver\Src\stm32f4xx_hal_rcc_ex.o
LOAD Drivers\STM32F4xx_HAL_Driver\Src\stm32f4xx_hal_tim.o
LOAD Drivers\STM32F4xx_HAL_Driver\Src\stm32f4xx_hal_tim_ex.o
LOAD Drivers\STM32F4xx_HAL_Driver\Src\stm32f4xx_ll_usb.o
LOAD Middlewares\ST\STM32_USB_Device_Library\App\Src\usb_device.o
LOAD Middlewares\ST\STM32_USB_Device_Library\App\Src\usbd_conf.o
LOAD Middlewares\ST\STM32_USB_Device_Library\App\Src\usbd_desc.o
LOAD Middlewares\ST\STM32_USB_Device_Library\App\Src\usbd_rndis_if.o
LOAD Middlewares\ST\STM32_USB_Device_Library\Class\CDC\Src\usbd_cdc.o
LOAD Middlewares\ST\STM32_USB_Device_Library\Class\Composite\Src\usbd_composite.o
LOAD Middlewares\ST\STM32_USB_Device_Library\Class\RNDIS\Src\usbd_rndis.o
LOAD Middlewares\ST\STM32_USB_Device_Library\Core\Src\usbd_core.o
LOAD Middlewares\ST\STM32_USB_Device_Library\Core\Src\usbd_ctlreq.o
LOAD Middlewares\ST\STM32_USB_Device_Library\Core\Src\usbd_ioreq.o
LOAD Middlewares\Third_Party\FreeRTOS\Source\CMSIS_RTOS\cmsis_os.o
LOAD Middlewares\Third_Party\FreeRTOS\Source\croutine.o
LOAD Middlewares\Third_Party\FreeRTOS\Source\event_groups.o
LOAD Middlewares\Third_Party\FreeRTOS\Source\list.o
LOAD Middlewares\Third_Party\FreeRTOS\Source\portable\GCC\ARM_CM4F\port.o
LOAD Middlewares\Third_Party\FreeRTOS\Source\portable\MemMang\heap_4.o
LOAD Middlewares\Third_Party\FreeRTOS\Source\queue.o
LOAD Middlewares\Third_Party\FreeRTOS\Source\tasks.o
LOAD Middlewares\Third_Party\FreeRTOS\Source\timers.o
LOAD Middlewares\Third_Party\FreeRTOS-Plus\FreeRTOS-Plus-TCP\FreeRTOS_ARP.o
LOAD Middlewares\Third_Party\FreeRTOS-Plus\FreeRTOS-Plus-TCP\FreeRTOS_DHCP.o
LOAD Middlewares\Third_Party\FreeRTOS-Plus\FreeRTOS-Plus-TCP\FreeRTOS_DNS.o
LOAD Middlewares\Third_Party\FreeRTOS-Plus\FreeRTOS-Plus-TCP\FreeRTOS_IP.o
LOAD Middlewares\Third_Party\FreeRTOS-Plus\FreeRTOS-Plus-TCP\FreeRTOS_Sockets.o
LOAD Middlewares\Third_Party\FreeRTOS-Plus\FreeRTOS-Plus-TCP\FreeRTOS_Stream_Buffer.o
LOAD Middlewares\Third_Party\FreeRTOS-Plus\FreeRTOS-Plus-TCP\FreeRTOS_TCP_IP.o
LOAD Middlewares\Third_Party\FreeRTOS-Plus\FreeRTOS-Plus-TCP\FreeRTOS_TCP_WIN.o
LOAD Middlewares\Third_Party\FreeRTOS-Plus\FreeRTOS-Plus-TCP\FreeRTOS_UDP_IP.o
LOAD Middlewares\Third_Party\FreeRTOS-Plus\FreeRTOS-Plus-TCP\portable\BufferManagement\BufferAllocation_2.o
LOAD Src\freertos.o
LOAD Src\main.o
LOAD Src\stm32f4xx_hal_msp.o
LOAD Src\stm32f4xx_hal_timebase_TIM.o
LOAD Src\stm32f4xx_it.o
LOAD Src\system_stm32f4xx.o
LOAD startup\startup_stm32f411xe.o
                0x00000080                malloc_getpagesize_P = 0x80
START GROUP
LOAD c:/program files (x86)/atollic/truestudio for stm32 9.0.0/armtools/bin/../lib/gcc/arm-atollic-eabi/6.3.1/../../../../arm-atollic-eabi/lib/armv7e-m/fpu\libc_nano.a
LOAD c:/program files (x86)/atollic/truestudio for stm32 9.0.0/armtools/bin/../lib/gcc/arm-atollic-eabi/6.3.1/../../../../arm-atollic-eabi/lib/armv7e-m/fpu\libm.a
END GROUP
START GROUP
LOAD c:/program files (x86)/atollic/truestudio for stm32 9.0.0/armtools/bin/../lib/gcc/arm-atollic-eabi/6.3.1/armv7e-m/fpu\libgcc.a
LOAD c:/program files (x86)/atollic/truestudio for stm32 9.0.0/armtools/bin/../lib/gcc/arm-atollic-eabi/6.3.1/../../../../arm-atollic-eabi/lib/armv7e-m/fpu\libc_nano.a
END GROUP
START GROUP
LOAD c:/program files (x86)/atollic/truestudio for stm32 9.0.0/armtools/bin/../lib/gcc/arm-atollic-eabi/6.3.1/armv7e-m/fpu\libgcc.a
LOAD c:/program files (x86)/atollic/truestudio for stm32 9.0.0/armtools/bin/../lib/gcc/arm-atollic-eabi/6.3.1/../../../../arm-atollic-eabi/lib/armv7e-m/fpu\libc_nano.a
LOAD c:/program files (x86)/atollic/truestudio for stm32 9.0.0/armtools/bin/../lib/gcc/arm-atollic-eabi/6.3.1/../../../../arm-atollic-eabi/lib/armv7e-m/fpu\libnosys.a
END GROUP
START GROUP
LOAD c:/program files (x86)/atollic/truestudio for stm32 9.0.0/armtools/bin/../lib/gcc/arm-atollic-eabi/6.3.1/armv7e-m/fpu\libgcc.a
LOAD c:/program files (x86)/atollic/truestudio for stm32 9.0.0/armtools/bin/../lib/gcc/arm-atollic-eabi/6.3.1/../../../../arm-atollic-eabi/lib/armv7e-m/fpu\libc_nano.a
LOAD c:/program files (x86)/atollic/truestudio for stm32 9.0.0/armtools/bin/../lib/gcc/arm-atollic-eabi/6.3.1/../../../../arm-atollic-eabi/lib/armv7e-m/fpu\libnosys.a
END GROUP
LOAD c:/program files (x86)/atollic/truestudio for stm32 9.0.0/armtools/bin/../lib/gcc/arm-atollic-eabi/6.3.1/armv7e-m/fpu/crtend.o
LOAD c:/program files (x86)/atollic/truestudio for stm32 9.0.0/armtools/bin/../lib/gcc/arm-atollic-eabi/6.3.1/armv7e-m/fpu/crtn.o
                0x20020000                _estack = 0x20020000
                0x00000200                _Min_Heap_Size = 0x200
                0x00000400                _Min_Stack_Size = 0x400

.isr_vector     0x08000000      0x198
                0x08000000                . = ALIGN (0x4)
 *(.isr_vector)
 .isr_vector    0x08000000      0x198 startup\startup_stm32f411xe.o
                0x08000000                g_pfnVectors
                0x08000198                . = ALIGN (0x4)

.text           0x080001a0     0x9438
                0x080001a0                . = ALIGN (0x4)
 *(.text)
 .text          0x080001a0       0x40 c:/program files (x86)/atollic/truestudio for stm32 9.0.0/armtools/bin/../lib/gcc/arm-atollic-eabi/6.3.1/armv7e-m/fpu/crtbegin.o
 .text          0x080001e0       0x10 c:/program files (x86)/atollic/truestudio for stm32 9.0.0/armtools/bin/../lib/gcc/arm-atollic-eabi/6.3.1/../../../../arm-atollic-eabi/lib/armv7e-m/fpu\libc_nano.a(lib_a-strlen.o)
                0x080001e0                strlen
 .text          0x080001f0       0x30 c:/program files (x86)/atollic/truestudio for stm32 9.0.0/armtools/bin/../lib/gcc/arm-atollic-eabi/6.3.1/armv7e-m/fpu\libgcc.a(_aeabi_uldivmod.o)
                0x080001f0                __aeabi_uldivmod
 .text          0x08000220      0x2dc c:/program files (x86)/atollic/truestudio for stm32 9.0.0/armtools/bin/../lib/gcc/arm-atollic-eabi/6.3.1/armv7e-m/fpu\libgcc.a(_udivmoddi4.o)
                0x08000220                __udivmoddi4
 .text          0x080004fc        0x4 c:/program files (x86)/atollic/truestudio for stm32 9.0.0/armtools/bin/../lib/gcc/arm-atollic-eabi/6.3.1/armv7e-m/fpu\libgcc.a(_dvmd_tls.o)
                0x080004fc                __aeabi_idiv0
                0x080004fc                __aeabi_ldiv0
 *(.text*)
 .text.HAL_Init
                0x08000500       0x34 Drivers\STM32F4xx_HAL_Driver\Src\stm32f4xx_hal.o
                0x08000500                HAL_Init
 .text.HAL_IncTick
                0x08000534       0x18 Drivers\STM32F4xx_HAL_Driver\Src\stm32f4xx_hal.o
                0x08000534                HAL_IncTick
 .text.HAL_GetTick
                0x0800054c        0xc Drivers\STM32F4xx_HAL_Driver\Src\stm32f4xx_hal.o
                0x0800054c                HAL_GetTick
 .text.HAL_Delay
                0x08000558       0x28 Drivers\STM32F4xx_HAL_Driver\Src\stm32f4xx_hal.o
                0x08000558                HAL_Delay
 .text.HAL_NVIC_SetPriorityGrouping
                0x08000580       0x24 Drivers\STM32F4xx_HAL_Driver\Src\stm32f4xx_hal_cortex.o
                0x08000580                HAL_NVIC_SetPriorityGrouping
 .text.HAL_NVIC_SetPriority
                0x080005a4       0x68 Drivers\STM32F4xx_HAL_Driver\Src\stm32f4xx_hal_cortex.o
                0x080005a4                HAL_NVIC_SetPriority
 .text.HAL_NVIC_EnableIRQ
                0x0800060c       0x18 Drivers\STM32F4xx_HAL_Driver\Src\stm32f4xx_hal_cortex.o
                0x0800060c                HAL_NVIC_EnableIRQ
 .text.HAL_SYSTICK_Config
                0x08000624       0x2c Drivers\STM32F4xx_HAL_Driver\Src\stm32f4xx_hal_cortex.o
                0x08000624                HAL_SYSTICK_Config
 .text.HAL_SYSTICK_CLKSourceConfig
                0x08000650       0x18 Drivers\STM32F4xx_HAL_Driver\Src\stm32f4xx_hal_cortex.o
                0x08000650                HAL_SYSTICK_CLKSourceConfig
 .text.HAL_GPIO_Init
                0x08000668      0x1ac Drivers\STM32F4xx_HAL_Driver\Src\stm32f4xx_hal_gpio.o
                0x08000668                HAL_GPIO_Init
 .text.HAL_GPIO_WritePin
                0x08000814        0xa Drivers\STM32F4xx_HAL_Driver\Src\stm32f4xx_hal_gpio.o
                0x08000814                HAL_GPIO_WritePin
 .text.HAL_GPIO_TogglePin
                0x0800081e        0x8 Drivers\STM32F4xx_HAL_Driver\Src\stm32f4xx_hal_gpio.o
                0x0800081e                HAL_GPIO_TogglePin
 .text.HAL_PCD_Init
                0x08000826       0xd8 Drivers\STM32F4xx_HAL_Driver\Src\stm32f4xx_hal_pcd.o
                0x08000826                HAL_PCD_Init
 .text.HAL_PCD_Start
                0x080008fe       0x2a Drivers\STM32F4xx_HAL_Driver\Src\stm32f4xx_hal_pcd.o
                0x080008fe                HAL_PCD_Start
 .text.HAL_PCD_IRQHandler
                0x08000928      0x558 Drivers\STM32F4xx_HAL_Driver\Src\stm32f4xx_hal_pcd.o
                0x08000928                HAL_PCD_IRQHandler
 .text.HAL_PCD_SetAddress
                0x08000e80       0x24 Drivers\STM32F4xx_HAL_Driver\Src\stm32f4xx_hal_pcd.o
                0x08000e80                HAL_PCD_SetAddress
 .text.HAL_PCD_EP_Open
                0x08000ea4       0x5c Drivers\STM32F4xx_HAL_Driver\Src\stm32f4xx_hal_pcd.o
                0x08000ea4                HAL_PCD_EP_Open
 .text.HAL_PCD_EP_Close
                0x08000f00       0x46 Drivers\STM32F4xx_HAL_Driver\Src\stm32f4xx_hal_pcd.o
                0x08000f00                HAL_PCD_EP_Close
 .text.HAL_PCD_EP_Receive
                0x08000f46       0x48 Drivers\STM32F4xx_HAL_Driver\Src\stm32f4xx_hal_pcd.o
                0x08000f46                HAL_PCD_EP_Receive
 .text.HAL_PCD_EP_GetRxCount
                0x08000f8e       0x10 Drivers\STM32F4xx_HAL_Driver\Src\stm32f4xx_hal_pcd.o
                0x08000f8e                HAL_PCD_EP_GetRxCount
 .text.HAL_PCD_EP_Transmit
                0x08000f9e       0x40 Drivers\STM32F4xx_HAL_Driver\Src\stm32f4xx_hal_pcd.o
                0x08000f9e                HAL_PCD_EP_Transmit
 .text.HAL_PCD_EP_SetStall
                0x08000fde       0x58 Drivers\STM32F4xx_HAL_Driver\Src\stm32f4xx_hal_pcd.o
                0x08000fde                HAL_PCD_EP_SetStall
 .text.HAL_PCD_EP_ClrStall
                0x08001036       0x4a Drivers\STM32F4xx_HAL_Driver\Src\stm32f4xx_hal_pcd.o
                0x08001036                HAL_PCD_EP_ClrStall
 .text.HAL_PCDEx_SetTxFiFo
                0x08001080       0x42 Drivers\STM32F4xx_HAL_Driver\Src\stm32f4xx_hal_pcd_ex.o
                0x08001080                HAL_PCDEx_SetTxFiFo
 .text.HAL_PCDEx_SetRxFiFo
                0x080010c2        0x8 Drivers\STM32F4xx_HAL_Driver\Src\stm32f4xx_hal_pcd_ex.o
                0x080010c2                HAL_PCDEx_SetRxFiFo
 *fill*         0x080010ca        0x2 
 .text.HAL_RCC_OscConfig
                0x080010cc      0x304 Drivers\STM32F4xx_HAL_Driver\Src\stm32f4xx_hal_rcc.o
                0x080010cc                HAL_RCC_OscConfig
 .text.HAL_RCC_GetSysClockFreq
                0x080013d0       0x5c Drivers\STM32F4xx_HAL_Driver\Src\stm32f4xx_hal_rcc.o
                0x080013d0                HAL_RCC_GetSysClockFreq
 .text.HAL_RCC_ClockConfig
                0x0800142c      0x134 Drivers\STM32F4xx_HAL_Driver\Src\stm32f4xx_hal_rcc.o
                0x0800142c                HAL_RCC_ClockConfig
 .text.HAL_RCC_GetHCLKFreq
                0x08001560        0xc Drivers\STM32F4xx_HAL_Driver\Src\stm32f4xx_hal_rcc.o
                0x08001560                HAL_RCC_GetHCLKFreq
 .text.HAL_RCC_GetPCLK2Freq
                0x0800156c       0x20 Drivers\STM32F4xx_HAL_Driver\Src\stm32f4xx_hal_rcc.o
                0x0800156c                HAL_RCC_GetPCLK2Freq
 .text.HAL_RCC_GetClockConfig
                0x0800158c       0x3c Drivers\STM32F4xx_HAL_Driver\Src\stm32f4xx_hal_rcc.o
                0x0800158c                HAL_RCC_GetClockConfig
 .text.HAL_TIM_Base_MspInit
                0x080015c8        0x2 Drivers\STM32F4xx_HAL_Driver\Src\stm32f4xx_hal_tim.o
                0x080015c8                HAL_TIM_Base_MspInit
 .text.HAL_TIM_Base_Start_IT
                0x080015ca       0x16 Drivers\STM32F4xx_HAL_Driver\Src\stm32f4xx_hal_tim.o
                0x080015ca                HAL_TIM_Base_Start_IT
 .text.HAL_TIM_OC_DelayElapsedCallback
                0x080015e0        0x2 Drivers\STM32F4xx_HAL_Driver\Src\stm32f4xx_hal_tim.o
                0x080015e0                HAL_TIM_OC_DelayElapsedCallback
 .text.HAL_TIM_IC_CaptureCallback
                0x080015e2        0x2 Drivers\STM32F4xx_HAL_Driver\Src\stm32f4xx_hal_tim.o
                0x080015e2                HAL_TIM_IC_CaptureCallback
 .text.HAL_TIM_PWM_PulseFinishedCallback
                0x080015e4        0x2 Drivers\STM32F4xx_HAL_Driver\Src\stm32f4xx_hal_tim.o
                0x080015e4                HAL_TIM_PWM_PulseFinishedCallback
 .text.HAL_TIM_TriggerCallback
                0x080015e6        0x2 Drivers\STM32F4xx_HAL_Driver\Src\stm32f4xx_hal_tim.o
                0x080015e6                HAL_TIM_TriggerCallback
 .text.HAL_TIM_IRQHandler
                0x080015e8      0x144 Drivers\STM32F4xx_HAL_Driver\Src\stm32f4xx_hal_tim.o
                0x080015e8                HAL_TIM_IRQHandler
 .text.TIM_Base_SetConfig
                0x0800172c       0x98 Drivers\STM32F4xx_HAL_Driver\Src\stm32f4xx_hal_tim.o
                0x0800172c                TIM_Base_SetConfig
 .text.HAL_TIM_Base_Init
                0x080017c4       0x34 Drivers\STM32F4xx_HAL_Driver\Src\stm32f4xx_hal_tim.o
                0x080017c4                HAL_TIM_Base_Init
 .text.HAL_TIMEx_CommutationCallback
                0x080017f8        0x2 Drivers\STM32F4xx_HAL_Driver\Src\stm32f4xx_hal_tim_ex.o
                0x080017f8                HAL_TIMEx_CommutationCallback
 .text.HAL_TIMEx_BreakCallback
                0x080017fa        0x2 Drivers\STM32F4xx_HAL_Driver\Src\stm32f4xx_hal_tim_ex.o
                0x080017fa                HAL_TIMEx_BreakCallback
 .text.USB_CoreInit
                0x080017fc       0x74 Drivers\STM32F4xx_HAL_Driver\Src\stm32f4xx_ll_usb.o
                0x080017fc                USB_CoreInit
 .text.USB_EnableGlobalInt
                0x08001870        0xc Drivers\STM32F4xx_HAL_Driver\Src\stm32f4xx_ll_usb.o
                0x08001870                USB_EnableGlobalInt
 .text.USB_DisableGlobalInt
                0x0800187c        0xc Drivers\STM32F4xx_HAL_Driver\Src\stm32f4xx_ll_usb.o
                0x0800187c                USB_DisableGlobalInt
 .text.USB_SetCurrentMode
                0x08001888       0x2e Drivers\STM32F4xx_HAL_Driver\Src\stm32f4xx_ll_usb.o
                0x08001888                USB_SetCurrentMode
 *fill*         0x080018b6        0x2 
 .text.USB_DevInit
                0x080018b8      0x138 Drivers\STM32F4xx_HAL_Driver\Src\stm32f4xx_ll_usb.o
                0x080018b8                USB_DevInit
 .text.USB_FlushTxFifo
                0x080019f0       0x24 Drivers\STM32F4xx_HAL_Driver\Src\stm32f4xx_ll_usb.o
                0x080019f0                USB_FlushTxFifo
 .text.USB_FlushRxFifo
                0x08001a14       0x20 Drivers\STM32F4xx_HAL_Driver\Src\stm32f4xx_ll_usb.o
                0x08001a14                USB_FlushRxFifo
 .text.USB_SetDevSpeed
                0x08001a34        0xe Drivers\STM32F4xx_HAL_Driver\Src\stm32f4xx_ll_usb.o
                0x08001a34                USB_SetDevSpeed
 .text.USB_GetDevSpeed
                0x08001a42       0x36 Drivers\STM32F4xx_HAL_Driver\Src\stm32f4xx_ll_usb.o
                0x08001a42                USB_GetDevSpeed
 .text.USB_ActivateEndpoint
                0x08001a78       0x7e Drivers\STM32F4xx_HAL_Driver\Src\stm32f4xx_ll_usb.o
                0x08001a78                USB_ActivateEndpoint
 .text.USB_DeactivateEndpoint
                0x08001af6        0x4 Drivers\STM32F4xx_HAL_Driver\Src\stm32f4xx_ll_usb.o
                0x08001af6                USB_DeactivateEndpoint
 *fill*         0x08001afa        0x2 
 .text.USB_DeactivateDedicatedEndpoint
                0x08001afc       0xb0 Drivers\STM32F4xx_HAL_Driver\Src\stm32f4xx_ll_usb.o
                0x08001afc                USB_DeactivateDedicatedEndpoint
 .text.USB_EPStartXfer
                0x08001bac      0x18c Drivers\STM32F4xx_HAL_Driver\Src\stm32f4xx_ll_usb.o
                0x08001bac                USB_EPStartXfer
 .text.USB_EP0StartXfer
                0x08001d38       0xda Drivers\STM32F4xx_HAL_Driver\Src\stm32f4xx_ll_usb.o
                0x08001d38                USB_EP0StartXfer
 .text.USB_WritePacket
                0x08001e12       0x28 Drivers\STM32F4xx_HAL_Driver\Src\stm32f4xx_ll_usb.o
                0x08001e12                USB_WritePacket
 .text.USB_ReadPacket
                0x08001e3a       0x1c Drivers\STM32F4xx_HAL_Driver\Src\stm32f4xx_ll_usb.o
                0x08001e3a                USB_ReadPacket
 .text.USB_EPSetStall
                0x08001e56       0x3e Drivers\STM32F4xx_HAL_Driver\Src\stm32f4xx_ll_usb.o
                0x08001e56                USB_EPSetStall
 .text.USB_EPClearStall
                0x08001e94       0x32 Drivers\STM32F4xx_HAL_Driver\Src\stm32f4xx_ll_usb.o
                0x08001e94                USB_EPClearStall
 .text.USB_SetDevAddress
                0x08001ec6       0x20 Drivers\STM32F4xx_HAL_Driver\Src\stm32f4xx_ll_usb.o
                0x08001ec6                USB_SetDevAddress
 .text.USB_DevConnect
                0x08001ee6       0x18 Drivers\STM32F4xx_HAL_Driver\Src\stm32f4xx_ll_usb.o
                0x08001ee6                USB_DevConnect
 .text.USB_DevDisconnect
                0x08001efe       0x18 Drivers\STM32F4xx_HAL_Driver\Src\stm32f4xx_ll_usb.o
                0x08001efe                USB_DevDisconnect
 .text.USB_ReadInterrupts
                0x08001f16        0x8 Drivers\STM32F4xx_HAL_Driver\Src\stm32f4xx_ll_usb.o
                0x08001f16                USB_ReadInterrupts
 .text.USB_ReadDevAllOutEpInterrupt
                0x08001f1e       0x10 Drivers\STM32F4xx_HAL_Driver\Src\stm32f4xx_ll_usb.o
                0x08001f1e                USB_ReadDevAllOutEpInterrupt
 .text.USB_ReadDevAllInEpInterrupt
                0x08001f2e       0x10 Drivers\STM32F4xx_HAL_Driver\Src\stm32f4xx_ll_usb.o
                0x08001f2e                USB_ReadDevAllInEpInterrupt
 .text.USB_ReadDevOutEPInterrupt
                0x08001f3e       0x14 Drivers\STM32F4xx_HAL_Driver\Src\stm32f4xx_ll_usb.o
                0x08001f3e                USB_ReadDevOutEPInterrupt
 .text.USB_ReadDevInEPInterrupt
                0x08001f52       0x20 Drivers\STM32F4xx_HAL_Driver\Src\stm32f4xx_ll_usb.o
                0x08001f52                USB_ReadDevInEPInterrupt
 .text.USB_GetMode
                0x08001f72        0x8 Drivers\STM32F4xx_HAL_Driver\Src\stm32f4xx_ll_usb.o
                0x08001f72                USB_GetMode
 .text.USB_ActivateSetup
                0x08001f7a       0x36 Drivers\STM32F4xx_HAL_Driver\Src\stm32f4xx_ll_usb.o
                0x08001f7a                USB_ActivateSetup
 .text.USB_EP0_OutStart
                0x08001fb0       0x46 Drivers\STM32F4xx_HAL_Driver\Src\stm32f4xx_ll_usb.o
                0x08001fb0                USB_EP0_OutStart
 *fill*         0x08001ff6        0x2 
 .text.USB_CoreReset
                0x08001ff8       0x30 Drivers\STM32F4xx_HAL_Driver\Src\stm32f4xx_ll_usb.o
 .text.MX_USB_DEVICE_Init
                0x08002028       0x44 Middlewares\ST\STM32_USB_Device_Library\App\Src\usb_device.o
                0x08002028                MX_USB_DEVICE_Init
 .text.HAL_PCD_MspInit
                0x0800206c       0x78 Middlewares\ST\STM32_USB_Device_Library\App\Src\usbd_conf.o
                0x0800206c                HAL_PCD_MspInit
 .text.HAL_PCD_SetupStageCallback
                0x080020e4        0xc Middlewares\ST\STM32_USB_Device_Library\App\Src\usbd_conf.o
                0x080020e4                HAL_PCD_SetupStageCallback
 .text.HAL_PCD_DataOutStageCallback
                0x080020f0       0x12 Middlewares\ST\STM32_USB_Device_Library\App\Src\usbd_conf.o
                0x080020f0                HAL_PCD_DataOutStageCallback
 .text.HAL_PCD_DataInStageCallback
                0x08002102       0x10 Middlewares\ST\STM32_USB_Device_Library\App\Src\usbd_conf.o
                0x08002102                HAL_PCD_DataInStageCallback
 .text.HAL_PCD_SOFCallback
                0x08002112        0x8 Middlewares\ST\STM32_USB_Device_Library\App\Src\usbd_conf.o
                0x08002112                HAL_PCD_SOFCallback
 .text.HAL_PCD_ResetCallback
                0x0800211a       0x20 Middlewares\ST\STM32_USB_Device_Library\App\Src\usbd_conf.o
                0x0800211a                HAL_PCD_ResetCallback
 *fill*         0x0800213a        0x2 
 .text.HAL_PCD_SuspendCallback
                0x0800213c       0x30 Middlewares\ST\STM32_USB_Device_Library\App\Src\usbd_conf.o
                0x0800213c                HAL_PCD_SuspendCallback
 .text.HAL_PCD_ResumeCallback
                0x0800216c        0x8 Middlewares\ST\STM32_USB_Device_Library\App\Src\usbd_conf.o
                0x0800216c                HAL_PCD_ResumeCallback
 .text.HAL_PCD_ISOOUTIncompleteCallback
                0x08002174        0x8 Middlewares\ST\STM32_USB_Device_Library\App\Src\usbd_conf.o
                0x08002174                HAL_PCD_ISOOUTIncompleteCallback
 .text.HAL_PCD_ISOINIncompleteCallback
                0x0800217c        0x8 Middlewares\ST\STM32_USB_Device_Library\App\Src\usbd_conf.o
                0x0800217c                HAL_PCD_ISOINIncompleteCallback
 .text.HAL_PCD_ConnectCallback
                0x08002184        0x8 Middlewares\ST\STM32_USB_Device_Library\App\Src\usbd_conf.o
                0x08002184                HAL_PCD_ConnectCallback
 .text.HAL_PCD_DisconnectCallback
                0x0800218c        0x8 Middlewares\ST\STM32_USB_Device_Library\App\Src\usbd_conf.o
                0x0800218c                HAL_PCD_DisconnectCallback
 .text.USBD_LL_Init
                0x08002194       0x80 Middlewares\ST\STM32_USB_Device_Library\App\Src\usbd_conf.o
                0x08002194                USBD_LL_Init
 .text.USBD_LL_Start
                0x08002214       0x1c Middlewares\ST\STM32_USB_Device_Library\App\Src\usbd_conf.o
                0x08002214                USBD_LL_Start
 .text.USBD_LL_OpenEP
                0x08002230       0x2c Middlewares\ST\STM32_USB_Device_Library\App\Src\usbd_conf.o
                0x08002230                USBD_LL_OpenEP
 .text.USBD_LL_CloseEP
                0x0800225c       0x24 Middlewares\ST\STM32_USB_Device_Library\App\Src\usbd_conf.o
                0x0800225c                USBD_LL_CloseEP
 .text.USBD_LL_StallEP
                0x08002280       0x1c Middlewares\ST\STM32_USB_Device_Library\App\Src\usbd_conf.o
                0x08002280                USBD_LL_StallEP
 .text.USBD_LL_ClearStallEP
                0x0800229c       0x1c Middlewares\ST\STM32_USB_Device_Library\App\Src\usbd_conf.o
                0x0800229c                USBD_LL_ClearStallEP
 .text.USBD_LL_IsStallEP
                0x080022b8       0x26 Middlewares\ST\STM32_USB_Device_Library\App\Src\usbd_conf.o
                0x080022b8                USBD_LL_IsStallEP
 *fill*         0x080022de        0x2 
 .text.USBD_LL_SetUSBAddress
                0x080022e0       0x1c Middlewares\ST\STM32_USB_Device_Library\App\Src\usbd_conf.o
                0x080022e0                USBD_LL_SetUSBAddress
 .text.USBD_LL_Transmit
                0x080022fc       0x2c Middlewares\ST\STM32_USB_Device_Library\App\Src\usbd_conf.o
                0x080022fc                USBD_LL_Transmit
 .text.USBD_LL_PrepareReceive
                0x08002328       0x2c Middlewares\ST\STM32_USB_Device_Library\App\Src\usbd_conf.o
                0x08002328                USBD_LL_PrepareReceive
 .text.USBD_LL_GetRxDataSize
                0x08002354       0x14 Middlewares\ST\STM32_USB_Device_Library\App\Src\usbd_conf.o
                0x08002354                USBD_LL_GetRxDataSize
 .text.OTG_FS_IRQHandler
                0x08002368        0xc Middlewares\ST\STM32_USB_Device_Library\App\Src\usbd_conf.o
                0x08002368                OTG_FS_IRQHandler
 .text.USBD_FS_DeviceDescriptor
                0x08002374        0xc Middlewares\ST\STM32_USB_Device_Library\App\Src\usbd_desc.o
                0x08002374                USBD_FS_DeviceDescriptor
 .text.USBD_FS_LangIDStrDescriptor
                0x08002380        0xc Middlewares\ST\STM32_USB_Device_Library\App\Src\usbd_desc.o
                0x08002380                USBD_FS_LangIDStrDescriptor
 .text.USBD_FS_ManufacturerStrDescriptor
                0x0800238c       0x1c Middlewares\ST\STM32_USB_Device_Library\App\Src\usbd_desc.o
                0x0800238c                USBD_FS_ManufacturerStrDescriptor
 .text.USBD_FS_ProductStrDescriptor
                0x080023a8       0x1c Middlewares\ST\STM32_USB_Device_Library\App\Src\usbd_desc.o
                0x080023a8                USBD_FS_ProductStrDescriptor
 .text.USBD_FS_SerialStrDescriptor
                0x080023c4       0x1c Middlewares\ST\STM32_USB_Device_Library\App\Src\usbd_desc.o
                0x080023c4                USBD_FS_SerialStrDescriptor
 .text.USBD_FS_ConfigStrDescriptor
                0x080023e0       0x1c Middlewares\ST\STM32_USB_Device_Library\App\Src\usbd_desc.o
                0x080023e0                USBD_FS_ConfigStrDescriptor
 .text.USBD_FS_InterfaceStrDescriptor
                0x080023fc       0x1c Middlewares\ST\STM32_USB_Device_Library\App\Src\usbd_desc.o
                0x080023fc                USBD_FS_InterfaceStrDescriptor
 .text.prvEMACHandlerTask
                0x08002418       0x80 Middlewares\ST\STM32_USB_Device_Library\App\Src\usbd_rndis_if.o
 .text.RNDIS_Receive_FS
                0x08002498       0x98 Middlewares\ST\STM32_USB_Device_Library\App\Src\usbd_rndis_if.o
 .text.RNDIS_Disconnect
                0x08002530       0x28 Middlewares\ST\STM32_USB_Device_Library\App\Src\usbd_rndis_if.o
                0x08002530                RNDIS_Disconnect
 .text.RNDIS_Control_FS
                0x08002558      0x2c0 Middlewares\ST\STM32_USB_Device_Library\App\Src\usbd_rndis_if.o
 .text.RNDIS_DeInit_FS
                0x08002818        0xa Middlewares\ST\STM32_USB_Device_Library\App\Src\usbd_rndis_if.o
 *fill*         0x08002822        0x2 
 .text.RNDIS_Init_FS
                0x08002824       0x2c Middlewares\ST\STM32_USB_Device_Library\App\Src\usbd_rndis_if.o
 .text.RNDIS_Transmit_FS
                0x08002850       0x80 Middlewares\ST\STM32_USB_Device_Library\App\Src\usbd_rndis_if.o
                0x08002850                RNDIS_Transmit_FS
 .text.xNetworkInterfaceInitialise
                0x080028d0       0x3c Middlewares\ST\STM32_USB_Device_Library\App\Src\usbd_rndis_if.o
                0x080028d0                xNetworkInterfaceInitialise
 .text.xNetworkInterfaceOutput
                0x0800290c       0x2c Middlewares\ST\STM32_USB_Device_Library\App\Src\usbd_rndis_if.o
                0x0800290c                xNetworkInterfaceOutput
 .text.USBD_COMPOSITE_Init
                0x08002938       0x60 Middlewares\ST\STM32_USB_Device_Library\Class\Composite\Src\usbd_composite.o
 .text.USBD_COMPOSITE_DeInit
                0x08002998       0x60 Middlewares\ST\STM32_USB_Device_Library\Class\Composite\Src\usbd_composite.o
 .text.USBD_COMPOSITE_Setup
                0x080029f8       0xf4 Middlewares\ST\STM32_USB_Device_Library\Class\Composite\Src\usbd_composite.o
 .text.USBD_COMPOSITE_DataIn
                0x08002aec       0x78 Middlewares\ST\STM32_USB_Device_Library\Class\Composite\Src\usbd_composite.o
 .text.USBD_COMPOSITE_DataOut
                0x08002b64       0x7c Middlewares\ST\STM32_USB_Device_Library\Class\Composite\Src\usbd_composite.o
 .text.USBD_COMPOSITE_EP0_RxReady
                0x08002be0       0x60 Middlewares\ST\STM32_USB_Device_Library\Class\Composite\Src\usbd_composite.o
 .text.USBD_COMPOSITE_EP0_TxReady
                0x08002c40       0x60 Middlewares\ST\STM32_USB_Device_Library\Class\Composite\Src\usbd_composite.o
 .text.USBD_COMPOSITE_SOF
                0x08002ca0       0x60 Middlewares\ST\STM32_USB_Device_Library\Class\Composite\Src\usbd_composite.o
 .text.USBD_COMPOSITE_IsoINIncomplete
                0x08002d00       0x78 Middlewares\ST\STM32_USB_Device_Library\Class\Composite\Src\usbd_composite.o
 .text.USBD_COMPOSITE_IsoOutIncomplete
                0x08002d78       0x7c Middlewares\ST\STM32_USB_Device_Library\Class\Composite\Src\usbd_composite.o
 .text.USBD_COMPOSITE_GetOtherSpeedCfgDesc
                0x08002df4       0x14 Middlewares\ST\STM32_USB_Device_Library\Class\Composite\Src\usbd_composite.o
 .text.USBD_COMPOSITE_GetDeviceQualifierDescriptor
                0x08002e08        0xc Middlewares\ST\STM32_USB_Device_Library\Class\Composite\Src\usbd_composite.o
                0x08002e08                USBD_COMPOSITE_GetDeviceQualifierDescriptor
 .text.USBD_COMPOSITE_GetHSCfgDesc
                0x08002e14       0x14 Middlewares\ST\STM32_USB_Device_Library\Class\Composite\Src\usbd_composite.o
 .text.USBD_COMPOSITE_GetFSCfgDesc
                0x08002e28       0x14 Middlewares\ST\STM32_USB_Device_Library\Class\Composite\Src\usbd_composite.o
 .text.USBD_COMPOSITE_RegisterClass
                0x08002e3c      0x1f8 Middlewares\ST\STM32_USB_Device_Library\Class\Composite\Src\usbd_composite.o
                0x08002e3c                USBD_COMPOSITE_RegisterClass
 .text.USBD_COMPOSITE_LL_EP_Conversion
                0x08003034       0xa4 Middlewares\ST\STM32_USB_Device_Library\Class\Composite\Src\usbd_composite.o
                0x08003034                USBD_COMPOSITE_LL_EP_Conversion
 .text.USBD_RNDIS_DataIn
                0x080030d8       0x12 Middlewares\ST\STM32_USB_Device_Library\Class\RNDIS\Src\usbd_rndis.o
 .text.USBD_RNDIS_EP0_RxReady
                0x080030ea       0x28 Middlewares\ST\STM32_USB_Device_Library\Class\RNDIS\Src\usbd_rndis.o
 *fill*         0x08003112        0x2 
 .text.USBD_RNDIS_GetFSCfgDesc
                0x08003114        0xc Middlewares\ST\STM32_USB_Device_Library\Class\RNDIS\Src\usbd_rndis.o
 .text.USBD_RNDIS_GetHSCfgDesc
                0x08003120        0xc Middlewares\ST\STM32_USB_Device_Library\Class\RNDIS\Src\usbd_rndis.o
 .text.USBD_RNDIS_GetOtherSpeedCfgDesc
                0x0800312c        0xc Middlewares\ST\STM32_USB_Device_Library\Class\RNDIS\Src\usbd_rndis.o
 .text.USBD_RNDIS_GetDeviceQualifierDescriptor
                0x08003138        0xc Middlewares\ST\STM32_USB_Device_Library\Class\RNDIS\Src\usbd_rndis.o
                0x08003138                USBD_RNDIS_GetDeviceQualifierDescriptor
 .text.USBD_RNDIS_DataOut
                0x08003144       0x2e Middlewares\ST\STM32_USB_Device_Library\Class\RNDIS\Src\usbd_rndis.o
 *fill*         0x08003172        0x2 
 .text.USBD_RNDIS_Setup
                0x08003174       0x68 Middlewares\ST\STM32_USB_Device_Library\Class\RNDIS\Src\usbd_rndis.o
 .text.USBD_RNDIS_DeInit
                0x080031dc       0x3a Middlewares\ST\STM32_USB_Device_Library\Class\RNDIS\Src\usbd_rndis.o
 .text.USBD_RNDIS_Init
                0x08003216       0x8c Middlewares\ST\STM32_USB_Device_Library\Class\RNDIS\Src\usbd_rndis.o
 .text.USBD_RNDIS_RegisterInterface
                0x080032a2        0xe Middlewares\ST\STM32_USB_Device_Library\Class\RNDIS\Src\usbd_rndis.o
                0x080032a2                USBD_RNDIS_RegisterInterface
 .text.USBD_RNDIS_SetTxBuffer
                0x080032b0       0x10 Middlewares\ST\STM32_USB_Device_Library\Class\RNDIS\Src\usbd_rndis.o
                0x080032b0                USBD_RNDIS_SetTxBuffer
 .text.USBD_RNDIS_SetRxBuffer
                0x080032c0        0xc Middlewares\ST\STM32_USB_Device_Library\Class\RNDIS\Src\usbd_rndis.o
                0x080032c0                USBD_RNDIS_SetRxBuffer
 .text.USBD_RNDIS_TransmitPacket
                0x080032cc       0x2e Middlewares\ST\STM32_USB_Device_Library\Class\RNDIS\Src\usbd_rndis.o
                0x080032cc                USBD_RNDIS_TransmitPacket
 .text.USBD_RNDIS_ReceivePacket
                0x080032fa       0x26 Middlewares\ST\STM32_USB_Device_Library\Class\RNDIS\Src\usbd_rndis.o
                0x080032fa                USBD_RNDIS_ReceivePacket
 .text.USBD_RNDIS_TransmitControl
                0x08003320       0x10 Middlewares\ST\STM32_USB_Device_Library\Class\RNDIS\Src\usbd_rndis.o
                0x08003320                USBD_RNDIS_TransmitControl
 .text.USBD_Init
                0x08003330       0x2a Middlewares\ST\STM32_USB_Device_Library\Core\Src\usbd_core.o
                0x08003330                USBD_Init
 .text.USBD_RegisterClass
                0x0800335a        0xe Middlewares\ST\STM32_USB_Device_Library\Core\Src\usbd_core.o
                0x0800335a                USBD_RegisterClass
 .text.USBD_Start
                0x08003368        0xa Middlewares\ST\STM32_USB_Device_Library\Core\Src\usbd_core.o
                0x08003368                USBD_Start
 .text.USBD_SetClassConfig
                0x08003372       0x16 Middlewares\ST\STM32_USB_Device_Library\Core\Src\usbd_core.o
                0x08003372                USBD_SetClassConfig
 .text.USBD_ClrClassConfig
                0x08003388        0xe Middlewares\ST\STM32_USB_Device_Library\Core\Src\usbd_core.o
                0x08003388                USBD_ClrClassConfig
 .text.USBD_LL_SetupStage
                0x08003396       0x5a Middlewares\ST\STM32_USB_Device_Library\Core\Src\usbd_core.o
                0x08003396                USBD_LL_SetupStage
 .text.USBD_LL_DataOutStage
                0x080033f0       0x64 Middlewares\ST\STM32_USB_Device_Library\Core\Src\usbd_core.o
                0x080033f0                USBD_LL_DataOutStage
 .text.USBD_LL_DataInStage
                0x08003454       0x9e Middlewares\ST\STM32_USB_Device_Library\Core\Src\usbd_core.o
                0x08003454                USBD_LL_DataInStage
 .text.USBD_LL_Reset
                0x080034f2       0x3e Middlewares\ST\STM32_USB_Device_Library\Core\Src\usbd_core.o
                0x080034f2                USBD_LL_Reset
 .text.USBD_LL_SetSpeed
                0x08003530        0x6 Middlewares\ST\STM32_USB_Device_Library\Core\Src\usbd_core.o
                0x08003530                USBD_LL_SetSpeed
 .text.USBD_LL_Suspend
                0x08003536       0x12 Middlewares\ST\STM32_USB_Device_Library\Core\Src\usbd_core.o
                0x08003536                USBD_LL_Suspend
 .text.USBD_LL_Resume
                0x08003548        0xc Middlewares\ST\STM32_USB_Device_Library\Core\Src\usbd_core.o
                0x08003548                USBD_LL_Resume
 .text.USBD_LL_SOF
                0x08003554       0x18 Middlewares\ST\STM32_USB_Device_Library\Core\Src\usbd_core.o
                0x08003554                USBD_LL_SOF
 .text.USBD_LL_IsoINIncomplete
                0x0800356c        0x4 Middlewares\ST\STM32_USB_Device_Library\Core\Src\usbd_core.o
                0x0800356c                USBD_LL_IsoINIncomplete
 .text.USBD_LL_IsoOUTIncomplete
                0x08003570        0x4 Middlewares\ST\STM32_USB_Device_Library\Core\Src\usbd_core.o
                0x08003570                USBD_LL_IsoOUTIncomplete
 .text.USBD_LL_DevConnected
                0x08003574        0x4 Middlewares\ST\STM32_USB_Device_Library\Core\Src\usbd_core.o
                0x08003574                USBD_LL_DevConnected
 .text.USBD_LL_DevDisconnected
                0x08003578       0x16 Middlewares\ST\STM32_USB_Device_Library\Core\Src\usbd_core.o
                0x08003578                USBD_LL_DevDisconnected
 .text.USBD_CtlError.constprop.0
                0x0800358e       0x16 Middlewares\ST\STM32_USB_Device_Library\Core\Src\usbd_ctlreq.o
 .text.USBD_StdDevReq
                0x080035a4      0x1f4 Middlewares\ST\STM32_USB_Device_Library\Core\Src\usbd_ctlreq.o
                0x080035a4                USBD_StdDevReq
 .text.USBD_StdItfReq
                0x08003798       0x30 Middlewares\ST\STM32_USB_Device_Library\Core\Src\usbd_ctlreq.o
                0x08003798                USBD_StdItfReq
 .text.USBD_StdEPReq
                0x080037c8       0xc6 Middlewares\ST\STM32_USB_Device_Library\Core\Src\usbd_ctlreq.o
                0x080037c8                USBD_StdEPReq
 .text.USBD_ParseSetupRequest
                0x0800388e       0x28 Middlewares\ST\STM32_USB_Device_Library\Core\Src\usbd_ctlreq.o
                0x0800388e                USBD_ParseSetupRequest
 .text.USBD_GetString
                0x080038b6       0x38 Middlewares\ST\STM32_USB_Device_Library\Core\Src\usbd_ctlreq.o
                0x080038b6                USBD_GetString
 .text.USBD_CtlSendData
                0x080038ee       0x1a Middlewares\ST\STM32_USB_Device_Library\Core\Src\usbd_ioreq.o
                0x080038ee                USBD_CtlSendData
 .text.USBD_CtlContinueSendData
                0x08003908       0x10 Middlewares\ST\STM32_USB_Device_Library\Core\Src\usbd_ioreq.o
                0x08003908                USBD_CtlContinueSendData
 .text.USBD_CtlPrepareRx
                0x08003918       0x1e Middlewares\ST\STM32_USB_Device_Library\Core\Src\usbd_ioreq.o
                0x08003918                USBD_CtlPrepareRx
 .text.USBD_CtlContinueRx
                0x08003936       0x10 Middlewares\ST\STM32_USB_Device_Library\Core\Src\usbd_ioreq.o
                0x08003936                USBD_CtlContinueRx
 .text.USBD_CtlSendStatus
                0x08003946       0x16 Middlewares\ST\STM32_USB_Device_Library\Core\Src\usbd_ioreq.o
                0x08003946                USBD_CtlSendStatus
 .text.USBD_CtlReceiveStatus
                0x0800395c       0x16 Middlewares\ST\STM32_USB_Device_Library\Core\Src\usbd_ioreq.o
                0x0800395c                USBD_CtlReceiveStatus
 .text.osKernelStart
                0x08003972        0xa Middlewares\Third_Party\FreeRTOS\Source\CMSIS_RTOS\cmsis_os.o
                0x08003972                osKernelStart
 .text.osThreadCreate
                0x0800397c       0x30 Middlewares\Third_Party\FreeRTOS\Source\CMSIS_RTOS\cmsis_os.o
                0x0800397c                osThreadCreate
 .text.osDelay  0x080039ac       0x10 Middlewares\Third_Party\FreeRTOS\Source\CMSIS_RTOS\cmsis_os.o
                0x080039ac                osDelay
 .text.osSystickHandler
                0x080039bc       0x14 Middlewares\Third_Party\FreeRTOS\Source\CMSIS_RTOS\cmsis_os.o
                0x080039bc                osSystickHandler
 .text.xEventGroupCreate
                0x080039d0       0x1a Middlewares\Third_Party\FreeRTOS\Source\event_groups.o
                0x080039d0                xEventGroupCreate
 *fill*         0x080039ea        0x2 
 .text.xEventGroupWaitBits
                0x080039ec      0x114 Middlewares\Third_Party\FreeRTOS\Source\event_groups.o
                0x080039ec                xEventGroupWaitBits
 .text.xEventGroupClearBits
                0x08003b00       0x46 Middlewares\Third_Party\FreeRTOS\Source\event_groups.o
                0x08003b00                xEventGroupClearBits
 .text.xEventGroupSetBits
                0x08003b46       0x82 Middlewares\Third_Party\FreeRTOS\Source\event_groups.o
                0x08003b46                xEventGroupSetBits
 .text.vEventGroupDelete
                0x08003bc8       0x40 Middlewares\Third_Party\FreeRTOS\Source\event_groups.o
                0x08003bc8                vEventGroupDelete
 .text.vListInitialise
                0x08003c08       0x16 Middlewares\Third_Party\FreeRTOS\Source\list.o
                0x08003c08                vListInitialise
 .text.vListInitialiseItem
                0x08003c1e        0x6 Middlewares\Third_Party\FreeRTOS\Source\list.o
                0x08003c1e                vListInitialiseItem
 .text.vListInsertEnd
                0x08003c24       0x18 Middlewares\Third_Party\FreeRTOS\Source\list.o
                0x08003c24                vListInsertEnd
 .text.vListInsert
                0x08003c3c       0x2e Middlewares\Third_Party\FreeRTOS\Source\list.o
                0x08003c3c                vListInsert
 .text.uxListRemove
                0x08003c6a       0x20 Middlewares\Third_Party\FreeRTOS\Source\list.o
                0x08003c6a                uxListRemove
 *fill*         0x08003c8a        0x2 
 .text.prvTaskExitError
                0x08003c8c       0x30 Middlewares\Third_Party\FreeRTOS\Source\portable\GCC\ARM_CM4F\port.o
 .text.prvPortStartFirstTask
                0x08003cbc       0x20 Middlewares\Third_Party\FreeRTOS\Source\portable\GCC\ARM_CM4F\port.o
 .text.vPortEnableVFP
                0x08003cdc       0x14 Middlewares\Third_Party\FreeRTOS\Source\portable\GCC\ARM_CM4F\port.o
 .text.pxPortInitialiseStack
                0x08003cf0       0x2c Middlewares\Third_Party\FreeRTOS\Source\portable\GCC\ARM_CM4F\port.o
                0x08003cf0                pxPortInitialiseStack
 *fill*         0x08003d1c        0x4 
 .text.SVC_Handler
                0x08003d20       0x24 Middlewares\Third_Party\FreeRTOS\Source\portable\GCC\ARM_CM4F\port.o
                0x08003d20                SVC_Handler
 .text.vPortEnterCritical
                0x08003d44       0x44 Middlewares\Third_Party\FreeRTOS\Source\portable\GCC\ARM_CM4F\port.o
                0x08003d44                vPortEnterCritical
 .text.vPortExitCritical
                0x08003d88       0x28 Middlewares\Third_Party\FreeRTOS\Source\portable\GCC\ARM_CM4F\port.o
                0x08003d88                vPortExitCritical
 .text.PendSV_Handler
                0x08003db0       0x64 Middlewares\Third_Party\FreeRTOS\Source\portable\GCC\ARM_CM4F\port.o
                0x08003db0                PendSV_Handler
 .text.xPortSysTickHandler
                0x08003e14       0x2c Middlewares\Third_Party\FreeRTOS\Source\portable\GCC\ARM_CM4F\port.o
                0x08003e14                xPortSysTickHandler
 .text.vPortSetupTimerInterrupt
                0x08003e40       0x28 Middlewares\Third_Party\FreeRTOS\Source\portable\GCC\ARM_CM4F\port.o
                0x08003e40                vPortSetupTimerInterrupt
 .text.xPortStartScheduler
                0x08003e68       0xec Middlewares\Third_Party\FreeRTOS\Source\portable\GCC\ARM_CM4F\port.o
                0x08003e68                xPortStartScheduler
 .text.vPortValidateInterruptPriority
                0x08003f54       0x5c Middlewares\Third_Party\FreeRTOS\Source\portable\GCC\ARM_CM4F\port.o
                0x08003f54                vPortValidateInterruptPriority
 .text.unlikely.prvInsertBlockIntoFreeList
                0x08003fb0       0x48 Middlewares\Third_Party\FreeRTOS\Source\portable\MemMang\heap_4.o
 .text.pvPortMalloc
                0x08003ff8      0x124 Middlewares\Third_Party\FreeRTOS\Source\portable\MemMang\heap_4.o
                0x08003ff8                pvPortMalloc
 .text.vPortFree
                0x0800411c       0x70 Middlewares\Third_Party\FreeRTOS\Source\portable\MemMang\heap_4.o
                0x0800411c                vPortFree
 .text.unlikely.prvCopyDataToQueue
                0x0800418c       0x66 Middlewares\Third_Party\FreeRTOS\Source\queue.o
 .text.unlikely.prvCopyDataFromQueue
                0x080041f2       0x2a Middlewares\Third_Party\FreeRTOS\Source\queue.o
 .text.prvUnlockQueue
                0x0800421c       0x70 Middlewares\Third_Party\FreeRTOS\Source\queue.o
 .text.xQueueGenericReset
                0x0800428c       0x80 Middlewares\Third_Party\FreeRTOS\Source\queue.o
                0x0800428c                xQueueGenericReset
 .text.xQueueGenericCreate
                0x0800430c       0x42 Middlewares\Third_Party\FreeRTOS\Source\queue.o
                0x0800430c                xQueueGenericCreate
 .text.xQueueCreateCountingSemaphore
                0x0800434e       0x3c Middlewares\Third_Party\FreeRTOS\Source\queue.o
                0x0800434e                xQueueCreateCountingSemaphore
 *fill*         0x0800438a        0x2 
 .text.xQueueGenericSend
                0x0800438c      0x16c Middlewares\Third_Party\FreeRTOS\Source\queue.o
                0x0800438c                xQueueGenericSend
 .text.xQueueGenericSendFromISR
                0x080044f8       0xc4 Middlewares\Third_Party\FreeRTOS\Source\queue.o
                0x080044f8                xQueueGenericSendFromISR
 .text.xQueueGenericReceive
                0x080045bc      0x188 Middlewares\Third_Party\FreeRTOS\Source\queue.o
                0x080045bc                xQueueGenericReceive
 .text.uxQueueMessagesWaiting
                0x08004744       0x26 Middlewares\Third_Party\FreeRTOS\Source\queue.o
                0x08004744                uxQueueMessagesWaiting
 *fill*         0x0800476a        0x2 
 .text.vQueueAddToRegistry
                0x0800476c       0x24 Middlewares\Third_Party\FreeRTOS\Source\queue.o
                0x0800476c                vQueueAddToRegistry
 .text.vQueueUnregisterQueue
                0x08004790       0x28 Middlewares\Third_Party\FreeRTOS\Source\queue.o
                0x08004790                vQueueUnregisterQueue
 .text.vQueueDelete
                0x080047b8       0x26 Middlewares\Third_Party\FreeRTOS\Source\queue.o
                0x080047b8                vQueueDelete
 *fill*         0x080047de        0x2 
 .text.prvResetNextTaskUnblockTime
                0x080047e0       0x24 Middlewares\Third_Party\FreeRTOS\Source\tasks.o
 .text.prvAddCurrentTaskToDelayedList
                0x08004804       0x8c Middlewares\Third_Party\FreeRTOS\Source\tasks.o
 .text.vTaskSetTimeOutState.part.4
                0x08004890       0x12 Middlewares\Third_Party\FreeRTOS\Source\tasks.o
 *fill*         0x080048a2        0x2 
 .text.xTaskCreate
                0x080048a4      0x1ac Middlewares\Third_Party\FreeRTOS\Source\tasks.o
                0x080048a4                xTaskCreate
 .text.vTaskStartScheduler
                0x08004a50       0x78 Middlewares\Third_Party\FreeRTOS\Source\tasks.o
                0x08004a50                vTaskStartScheduler
 .text.vTaskSuspendAll
                0x08004ac8       0x10 Middlewares\Third_Party\FreeRTOS\Source\tasks.o
                0x08004ac8                vTaskSuspendAll
 .text.xTaskGetTickCount
                0x08004ad8        0xc Middlewares\Third_Party\FreeRTOS\Source\tasks.o
                0x08004ad8                xTaskGetTickCount
 .text.xTaskIncrementTick
                0x08004ae4      0x124 Middlewares\Third_Party\FreeRTOS\Source\tasks.o
                0x08004ae4                xTaskIncrementTick
 .text.xTaskResumeAll
                0x08004c08       0xf0 Middlewares\Third_Party\FreeRTOS\Source\tasks.o
                0x08004c08                xTaskResumeAll
 .text.vTaskDelay
                0x08004cf8       0x48 Middlewares\Third_Party\FreeRTOS\Source\tasks.o
                0x08004cf8                vTaskDelay
 .text.prvIdleTask
                0x08004d40       0x74 Middlewares\Third_Party\FreeRTOS\Source\tasks.o
 .text.vTaskSwitchContext
                0x08004db4       0xa4 Middlewares\Third_Party\FreeRTOS\Source\tasks.o
                0x08004db4                vTaskSwitchContext
 .text.vTaskPlaceOnEventList
                0x08004e58       0x34 Middlewares\Third_Party\FreeRTOS\Source\tasks.o
                0x08004e58                vTaskPlaceOnEventList
 .text.vTaskPlaceOnUnorderedEventList
                0x08004e8c       0x58 Middlewares\Third_Party\FreeRTOS\Source\tasks.o
                0x08004e8c                vTaskPlaceOnUnorderedEventList
 .text.xTaskRemoveFromEventList
                0x08004ee4       0x84 Middlewares\Third_Party\FreeRTOS\Source\tasks.o
                0x08004ee4                xTaskRemoveFromEventList
 .text.xTaskRemoveFromUnorderedEventList
                0x08004f68       0x8c Middlewares\Third_Party\FreeRTOS\Source\tasks.o
                0x08004f68                xTaskRemoveFromUnorderedEventList
 .text.vTaskSetTimeOutState
                0x08004ff4       0x20 Middlewares\Third_Party\FreeRTOS\Source\tasks.o
                0x08004ff4                vTaskSetTimeOutState
 .text.xTaskCheckForTimeOut
                0x08005014       0x74 Middlewares\Third_Party\FreeRTOS\Source\tasks.o
                0x08005014                xTaskCheckForTimeOut
 .text.vTaskMissedYield
                0x08005088        0xc Middlewares\Third_Party\FreeRTOS\Source\tasks.o
                0x08005088                vTaskMissedYield
 .text.xTaskGetCurrentTaskHandle
                0x08005094        0xc Middlewares\Third_Party\FreeRTOS\Source\tasks.o
                0x08005094                xTaskGetCurrentTaskHandle
 .text.xTaskGetSchedulerState
                0x080050a0       0x20 Middlewares\Third_Party\FreeRTOS\Source\tasks.o
                0x080050a0                xTaskGetSchedulerState
 .text.vTaskPriorityInherit
                0x080050c0       0x8c Middlewares\Third_Party\FreeRTOS\Source\tasks.o
                0x080050c0                vTaskPriorityInherit
 .text.xTaskPriorityDisinherit
                0x0800514c       0xa0 Middlewares\Third_Party\FreeRTOS\Source\tasks.o
                0x0800514c                xTaskPriorityDisinherit
 .text.uxTaskResetEventItemValue
                0x080051ec       0x18 Middlewares\Third_Party\FreeRTOS\Source\tasks.o
                0x080051ec                uxTaskResetEventItemValue
 .text.pvTaskIncrementMutexHeldCount
                0x08005204       0x18 Middlewares\Third_Party\FreeRTOS\Source\tasks.o
                0x08005204                pvTaskIncrementMutexHeldCount
 .text.ulTaskNotifyTake
                0x0800521c       0x64 Middlewares\Third_Party\FreeRTOS\Source\tasks.o
                0x0800521c                ulTaskNotifyTake
 .text.vTaskNotifyGiveFromISR
                0x08005280       0xcc Middlewares\Third_Party\FreeRTOS\Source\tasks.o
                0x08005280                vTaskNotifyGiveFromISR
 .text.vARPRefreshCacheEntry
                0x0800534c       0xfc Middlewares\Third_Party\FreeRTOS-Plus\FreeRTOS-Plus-TCP\FreeRTOS_ARP.o
                0x0800534c                vARPRefreshCacheEntry
 .text.eARPProcessPacket
                0x08005448       0x9c Middlewares\Third_Party\FreeRTOS-Plus\FreeRTOS-Plus-TCP\FreeRTOS_ARP.o
                0x08005448                eARPProcessPacket
 .text.eARPGetCacheEntry
                0x080054e4       0x84 Middlewares\Third_Party\FreeRTOS-Plus\FreeRTOS-Plus-TCP\FreeRTOS_ARP.o
                0x080054e4                eARPGetCacheEntry
 .text.vARPSendGratuitous
                0x08005568       0x10 Middlewares\Third_Party\FreeRTOS-Plus\FreeRTOS-Plus-TCP\FreeRTOS_ARP.o
                0x08005568                vARPSendGratuitous
 .text.vARPGenerateRequestPacket
                0x08005578       0x48 Middlewares\Third_Party\FreeRTOS-Plus\FreeRTOS-Plus-TCP\FreeRTOS_ARP.o
                0x08005578                vARPGenerateRequestPacket
 .text.FreeRTOS_OutputARPRequest
                0x080055c0       0x24 Middlewares\Third_Party\FreeRTOS-Plus\FreeRTOS-Plus-TCP\FreeRTOS_ARP.o
                0x080055c0                FreeRTOS_OutputARPRequest
 .text.vARPAgeCache
                0x080055e4       0x5c Middlewares\Third_Party\FreeRTOS-Plus\FreeRTOS-Plus-TCP\FreeRTOS_ARP.o
                0x080055e4                vARPAgeCache
 .text.prvProcessDHCPReplies
                0x08005640      0x144 Middlewares\Third_Party\FreeRTOS-Plus\FreeRTOS-Plus-TCP\FreeRTOS_DHCP.o
 .text.prvCreateDHCPSocket
                0x08005784       0x60 Middlewares\Third_Party\FreeRTOS-Plus\FreeRTOS-Plus-TCP\FreeRTOS_DHCP.o
 .text.prvCreatePartDHCPMessage.constprop.1
                0x080057e4       0xe0 Middlewares\Third_Party\FreeRTOS-Plus\FreeRTOS-Plus-TCP\FreeRTOS_DHCP.o
 .text.prvSendDHCPRequest
                0x080058c4       0x50 Middlewares\Third_Party\FreeRTOS-Plus\FreeRTOS-Plus-TCP\FreeRTOS_DHCP.o
 .text.prvSendDHCPDiscover
                0x08005914       0x44 Middlewares\Third_Party\FreeRTOS-Plus\FreeRTOS-Plus-TCP\FreeRTOS_DHCP.o
 .text.xIsDHCPSocket
                0x08005958       0x10 Middlewares\Third_Party\FreeRTOS-Plus\FreeRTOS-Plus-TCP\FreeRTOS_DHCP.o
                0x08005958                xIsDHCPSocket
 .text.vDHCPProcess
                0x08005968      0x19c Middlewares\Third_Party\FreeRTOS-Plus\FreeRTOS-Plus-TCP\FreeRTOS_DHCP.o
                0x08005968                vDHCPProcess
 .text.prvSkipNameField
                0x08005b04       0x1c Middlewares\Third_Party\FreeRTOS-Plus\FreeRTOS-Plus-TCP\FreeRTOS_DNS.o
 .text.prvParseDNSReply
                0x08005b20      0x310 Middlewares\Third_Party\FreeRTOS-Plus\FreeRTOS-Plus-TCP\FreeRTOS_DNS.o
 .text.vDNSInitialise
                0x08005e30        0xc Middlewares\Third_Party\FreeRTOS-Plus\FreeRTOS-Plus-TCP\FreeRTOS_DNS.o
                0x08005e30                vDNSInitialise
 .text.vDNSCheckCallBack
                0x08005e3c       0x68 Middlewares\Third_Party\FreeRTOS-Plus\FreeRTOS-Plus-TCP\FreeRTOS_DNS.o
                0x08005e3c                vDNSCheckCallBack
 .text.ulDNSHandlePacket
                0x08005ea4       0x10 Middlewares\Third_Party\FreeRTOS-Plus\FreeRTOS-Plus-TCP\FreeRTOS_DNS.o
                0x08005ea4                ulDNSHandlePacket
 .text.prvIPTimerStart
                0x08005eb4       0x28 Middlewares\Third_Party\FreeRTOS-Plus\FreeRTOS-Plus-TCP\FreeRTOS_IP.o
 .text.prvIPTimerCheck
                0x08005edc       0x2e Middlewares\Third_Party\FreeRTOS-Plus\FreeRTOS-Plus-TCP\FreeRTOS_IP.o
 *fill*         0x08005f0a        0x2 
 .text.xIsCallingFromIPTask
                0x08005f0c       0x18 Middlewares\Third_Party\FreeRTOS-Plus\FreeRTOS-Plus-TCP\FreeRTOS_IP.o
                0x08005f0c                xIsCallingFromIPTask
 .text.FreeRTOS_NetworkDownFromISR
                0x08005f24       0x34 Middlewares\Third_Party\FreeRTOS-Plus\FreeRTOS-Plus-TCP\FreeRTOS_IP.o
                0x08005f24                FreeRTOS_NetworkDownFromISR
 .text.FreeRTOS_GetUDPPayloadBuffer
                0x08005f58       0x1a Middlewares\Third_Party\FreeRTOS-Plus\FreeRTOS-Plus-TCP\FreeRTOS_IP.o
                0x08005f58                FreeRTOS_GetUDPPayloadBuffer
 .text.pxDuplicateNetworkBufferWithDescriptor
                0x08005f72       0x2a Middlewares\Third_Party\FreeRTOS-Plus\FreeRTOS-Plus-TCP\FreeRTOS_IP.o
                0x08005f72                pxDuplicateNetworkBufferWithDescriptor
 .text.pxUDPPayloadBuffer_to_NetworkBuffer
                0x08005f9c       0x10 Middlewares\Third_Party\FreeRTOS-Plus\FreeRTOS-Plus-TCP\FreeRTOS_IP.o
                0x08005f9c                pxUDPPayloadBuffer_to_NetworkBuffer
 .text.FreeRTOS_ReleaseUDPPayloadBuffer
                0x08005fac        0xe Middlewares\Third_Party\FreeRTOS-Plus\FreeRTOS-Plus-TCP\FreeRTOS_IP.o
                0x08005fac                FreeRTOS_ReleaseUDPPayloadBuffer
 *fill*         0x08005fba        0x2 
 .text.FreeRTOS_IPInit
                0x08005fbc      0x110 Middlewares\Third_Party\FreeRTOS-Plus\FreeRTOS-Plus-TCP\FreeRTOS_IP.o
                0x08005fbc                FreeRTOS_IPInit
 .text.xSendEventStructToIPTask
                0x080060cc       0x58 Middlewares\Third_Party\FreeRTOS-Plus\FreeRTOS-Plus-TCP\FreeRTOS_IP.o
                0x080060cc                xSendEventStructToIPTask
 .text.FreeRTOS_NetworkDown
                0x08006124       0x20 Middlewares\Third_Party\FreeRTOS-Plus\FreeRTOS-Plus-TCP\FreeRTOS_IP.o
                0x08006124                FreeRTOS_NetworkDown
 .text.xSendEventToIPTask
                0x08006144       0x16 Middlewares\Third_Party\FreeRTOS-Plus\FreeRTOS-Plus-TCP\FreeRTOS_IP.o
                0x08006144                xSendEventToIPTask
 *fill*         0x0800615a        0x2 
 .text.eConsiderFrameForProcessing
                0x0800615c       0x50 Middlewares\Third_Party\FreeRTOS-Plus\FreeRTOS-Plus-TCP\FreeRTOS_IP.o
                0x0800615c                eConsiderFrameForProcessing
 .text.vIPNetworkUpCalls
                0x080061ac       0x2c Middlewares\Third_Party\FreeRTOS-Plus\FreeRTOS-Plus-TCP\FreeRTOS_IP.o
                0x080061ac                vIPNetworkUpCalls
 .text.vReturnEthernetFrame
                0x080061d8       0x2c Middlewares\Third_Party\FreeRTOS-Plus\FreeRTOS-Plus-TCP\FreeRTOS_IP.o
                0x080061d8                vReturnEthernetFrame
 .text.prvIPTask
                0x08006204      0x3cc Middlewares\Third_Party\FreeRTOS-Plus\FreeRTOS-Plus-TCP\FreeRTOS_IP.o
 .text.vIPSetDHCPTimerEnableState
                0x080065d0       0x18 Middlewares\Third_Party\FreeRTOS-Plus\FreeRTOS-Plus-TCP\FreeRTOS_IP.o
                0x080065d0                vIPSetDHCPTimerEnableState
 .text.vIPReloadDHCPTimer
                0x080065e8       0x10 Middlewares\Third_Party\FreeRTOS-Plus\FreeRTOS-Plus-TCP\FreeRTOS_IP.o
                0x080065e8                vIPReloadDHCPTimer
 .text.vIPSetDnsTimerEnableState
                0x080065f8       0x18 Middlewares\Third_Party\FreeRTOS-Plus\FreeRTOS-Plus-TCP\FreeRTOS_IP.o
                0x080065f8                vIPSetDnsTimerEnableState
 .text.xIPIsNetworkTaskReady
                0x08006610        0xc Middlewares\Third_Party\FreeRTOS-Plus\FreeRTOS-Plus-TCP\FreeRTOS_IP.o
                0x08006610                xIPIsNetworkTaskReady
 .text.uxStreamBufferGetSize
                0x0800661c       0x12 Middlewares\Third_Party\FreeRTOS-Plus\FreeRTOS-Plus-TCP\FreeRTOS_Sockets.o
 .text.pxListFindListItemWithValue
                0x0800662e       0x2a Middlewares\Third_Party\FreeRTOS-Plus\FreeRTOS-Plus-TCP\FreeRTOS_Sockets.o
 .text.prvValidSocket
                0x08006658       0x1e Middlewares\Third_Party\FreeRTOS-Plus\FreeRTOS-Plus-TCP\FreeRTOS_Sockets.o
 .text.uxStreamBufferGetSpace
                0x08006676       0x14 Middlewares\Third_Party\FreeRTOS-Plus\FreeRTOS-Plus-TCP\FreeRTOS_Sockets.o
 *fill*         0x0800668a        0x2 
 .text.vNetworkSocketsInit
                0x0800668c       0x54 Middlewares\Third_Party\FreeRTOS-Plus\FreeRTOS-Plus-TCP\FreeRTOS_Sockets.o
                0x0800668c                vNetworkSocketsInit
 .text.FreeRTOS_socket
                0x080066e0       0xfc Middlewares\Third_Party\FreeRTOS-Plus\FreeRTOS-Plus-TCP\FreeRTOS_Sockets.o
                0x080066e0                FreeRTOS_socket
 .text.FreeRTOS_recvfrom
                0x080067dc       0xee Middlewares\Third_Party\FreeRTOS-Plus\FreeRTOS-Plus-TCP\FreeRTOS_Sockets.o
                0x080067dc                FreeRTOS_recvfrom
 .text.FreeRTOS_bind
                0x080068ca       0x5a Middlewares\Third_Party\FreeRTOS-Plus\FreeRTOS-Plus-TCP\FreeRTOS_Sockets.o
                0x080068ca                FreeRTOS_bind
 .text.FreeRTOS_sendto
                0x08006924       0xde Middlewares\Third_Party\FreeRTOS-Plus\FreeRTOS-Plus-TCP\FreeRTOS_Sockets.o
                0x08006924                FreeRTOS_sendto
 *fill*         0x08006a02        0x2 
 .text.vSocketBind
                0x08006a04       0xc8 Middlewares\Third_Party\FreeRTOS-Plus\FreeRTOS-Plus-TCP\FreeRTOS_Sockets.o
                0x08006a04                vSocketBind
 .text.FreeRTOS_closesocket
                0x08006acc       0x2c Middlewares\Third_Party\FreeRTOS-Plus\FreeRTOS-Plus-TCP\FreeRTOS_Sockets.o
                0x08006acc                FreeRTOS_closesocket
 .text.vSocketClose
                0x08006af8       0xa0 Middlewares\Third_Party\FreeRTOS-Plus\FreeRTOS-Plus-TCP\FreeRTOS_Sockets.o
                0x08006af8                vSocketClose
 .text.pxUDPSocketLookup
                0x08006b98       0x28 Middlewares\Third_Party\FreeRTOS-Plus\FreeRTOS-Plus-TCP\FreeRTOS_Sockets.o
                0x08006b98                pxUDPSocketLookup
 .text.vSocketWakeUpUser
                0x08006bc0       0x34 Middlewares\Third_Party\FreeRTOS-Plus\FreeRTOS-Plus-TCP\FreeRTOS_Sockets.o
                0x08006bc0                vSocketWakeUpUser
 .text.xTCPTimerCheck
                0x08006bf4       0x88 Middlewares\Third_Party\FreeRTOS-Plus\FreeRTOS-Plus-TCP\FreeRTOS_Sockets.o
                0x08006bf4                xTCPTimerCheck
 .text.pxTCPSocketLookup
                0x08006c7c       0x40 Middlewares\Third_Party\FreeRTOS-Plus\FreeRTOS-Plus-TCP\FreeRTOS_Sockets.o
                0x08006c7c                pxTCPSocketLookup
 .text.lTCPAddRxdata
                0x08006cbc       0xda Middlewares\Third_Party\FreeRTOS-Plus\FreeRTOS-Plus-TCP\FreeRTOS_Sockets.o
                0x08006cbc                lTCPAddRxdata
 .text.FreeRTOS_tx_space
                0x08006d96       0x1c Middlewares\Third_Party\FreeRTOS-Plus\FreeRTOS-Plus-TCP\FreeRTOS_Sockets.o
                0x08006d96                FreeRTOS_tx_space
 .text.FreeRTOS_tx_size
                0x08006db2       0x16 Middlewares\Third_Party\FreeRTOS-Plus\FreeRTOS-Plus-TCP\FreeRTOS_Sockets.o
                0x08006db2                FreeRTOS_tx_size
 .text.FreeRTOS_setsockopt
                0x08006dc8      0x1c4 Middlewares\Third_Party\FreeRTOS-Plus\FreeRTOS-Plus-TCP\FreeRTOS_Sockets.o
                0x08006dc8                FreeRTOS_setsockopt
 .text.FreeRTOS_rx_size
                0x08006f8c       0x16 Middlewares\Third_Party\FreeRTOS-Plus\FreeRTOS-Plus-TCP\FreeRTOS_Sockets.o
                0x08006f8c                FreeRTOS_rx_size
 *fill*         0x08006fa2        0x2 
 .text.vSocketSelect
                0x08006fa4      0x110 Middlewares\Third_Party\FreeRTOS-Plus\FreeRTOS-Plus-TCP\FreeRTOS_Sockets.o
                0x08006fa4                vSocketSelect
 .text.FreeRTOS_SignalSocket
                0x080070b4       0x26 Middlewares\Third_Party\FreeRTOS-Plus\FreeRTOS-Plus-TCP\FreeRTOS_Sockets.o
                0x080070b4                FreeRTOS_SignalSocket
 .text.uxStreamBufferAdd
                0x080070da       0xae Middlewares\Third_Party\FreeRTOS-Plus\FreeRTOS-Plus-TCP\FreeRTOS_Stream_Buffer.o
                0x080070da                uxStreamBufferAdd
 .text.uxStreamBufferGet
                0x08007188       0x80 Middlewares\Third_Party\FreeRTOS-Plus\FreeRTOS-Plus-TCP\FreeRTOS_Stream_Buffer.o
                0x08007188                uxStreamBufferGet
 .text.prvSocketSetMSS
                0x08007208       0x2c Middlewares\Third_Party\FreeRTOS-Plus\FreeRTOS-Plus-TCP\FreeRTOS_TCP_IP.o
 .text.prvTCPCreateWindow
                0x08007234       0x2c Middlewares\Third_Party\FreeRTOS-Plus\FreeRTOS-Plus-TCP\FreeRTOS_TCP_IP.o
 .text.prvTCPNextTimeout
                0x08007260       0x7c Middlewares\Third_Party\FreeRTOS-Plus\FreeRTOS-Plus-TCP\FreeRTOS_TCP_IP.o
 .text.prvTCPReturnPacket.constprop.4
                0x080072dc      0x18c Middlewares\Third_Party\FreeRTOS-Plus\FreeRTOS-Plus-TCP\FreeRTOS_TCP_IP.o
 .text.prvTCPSendReset
                0x08007468       0x1e Middlewares\Third_Party\FreeRTOS-Plus\FreeRTOS-Plus-TCP\FreeRTOS_TCP_IP.o
 .text.prvTCPAddTxData
                0x08007486       0x54 Middlewares\Third_Party\FreeRTOS-Plus\FreeRTOS-Plus-TCP\FreeRTOS_TCP_IP.o
 .text.vTCPStateChange
                0x080074da      0x116 Middlewares\Third_Party\FreeRTOS-Plus\FreeRTOS-Plus-TCP\FreeRTOS_TCP_IP.o
                0x080074da                vTCPStateChange
 .text.prvTCPPrepareSend
                0x080075f0      0x220 Middlewares\Third_Party\FreeRTOS-Plus\FreeRTOS-Plus-TCP\FreeRTOS_TCP_IP.o
 .text.prvTCPSendRepeated
                0x08007810       0x32 Middlewares\Third_Party\FreeRTOS-Plus\FreeRTOS-Plus-TCP\FreeRTOS_TCP_IP.o
 *fill*         0x08007842        0x2 
 .text.xTCPSocketCheck
                0x08007844      0x230 Middlewares\Third_Party\FreeRTOS-Plus\FreeRTOS-Plus-TCP\FreeRTOS_TCP_IP.o
                0x08007844                xTCPSocketCheck
 .text.prvTCPHandleFin.isra.3
                0x08007a74       0xc8 Middlewares\Third_Party\FreeRTOS-Plus\FreeRTOS-Plus-TCP\FreeRTOS_TCP_IP.o
 .text.xProcessReceivedTCPPacket
                0x08007b3c      0x930 Middlewares\Third_Party\FreeRTOS-Plus\FreeRTOS-Plus-TCP\FreeRTOS_TCP_IP.o
                0x08007b3c                xProcessReceivedTCPPacket
 .text.xTCPCheckNewClient
                0x0800846c       0x40 Middlewares\Third_Party\FreeRTOS-Plus\FreeRTOS-Plus-TCP\FreeRTOS_TCP_IP.o
                0x0800846c                xTCPCheckNewClient
 .text.xTCPWindowRxFind
                0x080084ac       0x1e Middlewares\Third_Party\FreeRTOS-Plus\FreeRTOS-Plus-TCP\FreeRTOS_TCP_WIN.o
 .text.xTCPWindowPeekHead
                0x080084ca        0xe Middlewares\Third_Party\FreeRTOS-Plus\FreeRTOS-Plus-TCP\FreeRTOS_TCP_WIN.o
 .text.prvTCPWindowTxHasSpace
                0x080084d8       0x38 Middlewares\Third_Party\FreeRTOS-Plus\FreeRTOS-Plus-TCP\FreeRTOS_TCP_WIN.o
 .text.xTCPWindowGetHead
                0x08008510       0x12 Middlewares\Third_Party\FreeRTOS-Plus\FreeRTOS-Plus-TCP\FreeRTOS_TCP_WIN.o
 .text.vListInsertGeneric
                0x08008522       0x14 Middlewares\Third_Party\FreeRTOS-Plus\FreeRTOS-Plus-TCP\FreeRTOS_TCP_WIN.o
                0x08008522                vListInsertGeneric
 *fill*         0x08008536        0x2 
 .text.vTCPWindowFree
                0x08008538       0x38 Middlewares\Third_Party\FreeRTOS-Plus\FreeRTOS-Plus-TCP\FreeRTOS_TCP_WIN.o
 .text.prvTCPWindowTxCheckAck
                0x08008570       0xce Middlewares\Third_Party\FreeRTOS-Plus\FreeRTOS-Plus-TCP\FreeRTOS_TCP_WIN.o
 *fill*         0x0800863e        0x2 
 .text.xTCPWindowNew
                0x08008640       0x74 Middlewares\Third_Party\FreeRTOS-Plus\FreeRTOS-Plus-TCP\FreeRTOS_TCP_WIN.o
 .text.xTCPWindowRxEmpty
                0x080086b4       0x16 Middlewares\Third_Party\FreeRTOS-Plus\FreeRTOS-Plus-TCP\FreeRTOS_TCP_WIN.o
                0x080086b4                xTCPWindowRxEmpty
 .text.vTCPWindowDestroy
                0x080086ca       0x3a Middlewares\Third_Party\FreeRTOS-Plus\FreeRTOS-Plus-TCP\FreeRTOS_TCP_WIN.o
                0x080086ca                vTCPWindowDestroy
 .text.vTCPWindowInit
                0x08008704       0x46 Middlewares\Third_Party\FreeRTOS-Plus\FreeRTOS-Plus-TCP\FreeRTOS_TCP_WIN.o
                0x08008704                vTCPWindowInit
 *fill*         0x0800874a        0x2 
 .text.vTCPWindowCreate
                0x0800874c       0xb0 Middlewares\Third_Party\FreeRTOS-Plus\FreeRTOS-Plus-TCP\FreeRTOS_TCP_WIN.o
                0x0800874c                vTCPWindowCreate
 .text.lTCPWindowRxCheck
                0x080087fc      0x100 Middlewares\Third_Party\FreeRTOS-Plus\FreeRTOS-Plus-TCP\FreeRTOS_TCP_WIN.o
                0x080087fc                lTCPWindowRxCheck
 .text.lTCPWindowTxAdd
                0x080088fc       0xbe Middlewares\Third_Party\FreeRTOS-Plus\FreeRTOS-Plus-TCP\FreeRTOS_TCP_WIN.o
                0x080088fc                lTCPWindowTxAdd
 .text.xTCPWindowTxDone
                0x080089ba        0xc Middlewares\Third_Party\FreeRTOS-Plus\FreeRTOS-Plus-TCP\FreeRTOS_TCP_WIN.o
                0x080089ba                xTCPWindowTxDone
 .text.xTCPWindowTxHasData
                0x080089c6       0x5a Middlewares\Third_Party\FreeRTOS-Plus\FreeRTOS-Plus-TCP\FreeRTOS_TCP_WIN.o
                0x080089c6                xTCPWindowTxHasData
 .text.ulTCPWindowTxGet
                0x08008a20       0xf8 Middlewares\Third_Party\FreeRTOS-Plus\FreeRTOS-Plus-TCP\FreeRTOS_TCP_WIN.o
                0x08008a20                ulTCPWindowTxGet
 .text.ulTCPWindowTxAck
                0x08008b18       0x14 Middlewares\Third_Party\FreeRTOS-Plus\FreeRTOS-Plus-TCP\FreeRTOS_TCP_WIN.o
                0x08008b18                ulTCPWindowTxAck
 .text.ulTCPWindowTxSack
                0x08008b2c       0x5c Middlewares\Third_Party\FreeRTOS-Plus\FreeRTOS-Plus-TCP\FreeRTOS_TCP_WIN.o
                0x08008b2c                ulTCPWindowTxSack
 .text.vProcessGeneratedUDPPacket
                0x08008b88       0xb8 Middlewares\Third_Party\FreeRTOS-Plus\FreeRTOS-Plus-TCP\FreeRTOS_UDP_IP.o
                0x08008b88                vProcessGeneratedUDPPacket
 .text.xProcessReceivedUDPPacket
                0x08008c40       0x94 Middlewares\Third_Party\FreeRTOS-Plus\FreeRTOS-Plus-TCP\FreeRTOS_UDP_IP.o
                0x08008c40                xProcessReceivedUDPPacket
 .text.xNetworkBuffersInitialise
                0x08008cd4       0x84 Middlewares\Third_Party\FreeRTOS-Plus\FreeRTOS-Plus-TCP\portable\BufferManagement\BufferAllocation_2.o
                0x08008cd4                xNetworkBuffersInitialise
 .text.vReleaseNetworkBuffer
                0x08008d58        0xa Middlewares\Third_Party\FreeRTOS-Plus\FreeRTOS-Plus-TCP\portable\BufferManagement\BufferAllocation_2.o
                0x08008d58                vReleaseNetworkBuffer
 *fill*         0x08008d62        0x2 
 .text.vReleaseNetworkBufferAndDescriptor
                0x08008d64       0x48 Middlewares\Third_Party\FreeRTOS-Plus\FreeRTOS-Plus-TCP\portable\BufferManagement\BufferAllocation_2.o
                0x08008d64                vReleaseNetworkBufferAndDescriptor
 .text.pxGetNetworkBufferWithDescriptor
                0x08008dac       0x94 Middlewares\Third_Party\FreeRTOS-Plus\FreeRTOS-Plus-TCP\portable\BufferManagement\BufferAllocation_2.o
                0x08008dac                pxGetNetworkBufferWithDescriptor
 .text.vApplicationStackOverflowHook
                0x08008e40        0x2 Src\freertos.o
                0x08008e40                vApplicationStackOverflowHook
 .text.vApplicationMallocFailedHook
                0x08008e42        0x2 Src\freertos.o
                0x08008e42                vApplicationMallocFailedHook
 .text.StartDefaultTask
                0x08008e44       0x20 Src\main.o
                0x08008e44                StartDefaultTask
 .text.SystemClock_Config
                0x08008e64       0xac Src\main.o
                0x08008e64                SystemClock_Config
 .text.startup.main
                0x08008f10       0xc0 Src\main.o
                0x08008f10                main
 .text.vApplicationPingReplyHook
                0x08008fd0        0x2 Src\main.o
                0x08008fd0                vApplicationPingReplyHook
 .text.vApplicationIPNetworkEventHook
                0x08008fd2        0x2 Src\main.o
                0x08008fd2                vApplicationIPNetworkEventHook
 .text.pcApplicationHostnameHook
                0x08008fd4        0x8 Src\main.o
                0x08008fd4                pcApplicationHostnameHook
 .text.uxRand   0x08008fdc        0xc Src\main.o
                0x08008fdc                uxRand
 .text.xApplicationDNSQueryHook
                0x08008fe8       0x28 Src\main.o
                0x08008fe8                xApplicationDNSQueryHook
 .text.HAL_TIM_PeriodElapsedCallback
                0x08009010       0x14 Src\main.o
                0x08009010                HAL_TIM_PeriodElapsedCallback
 .text._Error_Handler
                0x08009024        0x2 Src\main.o
                0x08009024                _Error_Handler
 *fill*         0x08009026        0x2 
 .text.HAL_MspInit
                0x08009028       0x90 Src\stm32f4xx_hal_msp.o
                0x08009028                HAL_MspInit
 .text.HAL_InitTick
                0x080090b8       0x78 Src\stm32f4xx_hal_timebase_TIM.o
                0x080090b8                HAL_InitTick
 .text.NMI_Handler
                0x08009130        0x2 Src\stm32f4xx_it.o
                0x08009130                NMI_Handler
 .text.HardFault_Handler
                0x08009132        0x2 Src\stm32f4xx_it.o
                0x08009132                HardFault_Handler
 .text.MemManage_Handler
                0x08009134        0x2 Src\stm32f4xx_it.o
                0x08009134                MemManage_Handler
 .text.BusFault_Handler
                0x08009136        0x2 Src\stm32f4xx_it.o
                0x08009136                BusFault_Handler
 .text.UsageFault_Handler
                0x08009138        0x2 Src\stm32f4xx_it.o
                0x08009138                UsageFault_Handler
 .text.DebugMon_Handler
                0x0800913a        0x2 Src\stm32f4xx_it.o
                0x0800913a                DebugMon_Handler
 .text.SysTick_Handler
                0x0800913c        0x4 Src\stm32f4xx_it.o
                0x0800913c                SysTick_Handler
 .text.TIM1_UP_TIM10_IRQHandler
                0x08009140        0xc Src\stm32f4xx_it.o
                0x08009140                TIM1_UP_TIM10_IRQHandler
 .text.SystemInit
                0x0800914c       0x4c Src\system_stm32f4xx.o
                0x0800914c                SystemInit
 .text.Reset_Handler
                0x08009198       0x50 startup\startup_stm32f411xe.o
                0x08009198                Reset_Handler
 .text.Default_Handler
                0x080091e8        0x2 startup\startup_stm32f411xe.o
                0x080091e8                RTC_Alarm_IRQHandler
                0x080091e8                EXTI2_IRQHandler
                0x080091e8                SPI4_IRQHandler
                0x080091e8                TIM1_CC_IRQHandler
                0x080091e8                DMA2_Stream5_IRQHandler
                0x080091e8                DMA1_Stream5_IRQHandler
                0x080091e8                PVD_IRQHandler
                0x080091e8                SDIO_IRQHandler
                0x080091e8                TAMP_STAMP_IRQHandler
                0x080091e8                EXTI3_IRQHandler
                0x080091e8                I2C3_ER_IRQHandler
                0x080091e8                EXTI0_IRQHandler
                0x080091e8                I2C2_EV_IRQHandler
                0x080091e8                DMA1_Stream2_IRQHandler
                0x080091e8                FPU_IRQHandler
                0x080091e8                DMA2_Stream2_IRQHandler
                0x080091e8                SPI1_IRQHandler
                0x080091e8                TIM1_BRK_TIM9_IRQHandler
                0x080091e8                DMA2_Stream3_IRQHandler
                0x080091e8                USART6_IRQHandler
                0x080091e8                DMA2_Stream0_IRQHandler
                0x080091e8                TIM4_IRQHandler
                0x080091e8                I2C1_EV_IRQHandler
                0x080091e8                DMA1_Stream6_IRQHandler
                0x080091e8                DMA1_Stream1_IRQHandler
                0x080091e8                TIM3_IRQHandler
                0x080091e8                RCC_IRQHandler
                0x080091e8                Default_Handler
                0x080091e8                EXTI15_10_IRQHandler
                0x080091e8                ADC_IRQHandler
                0x080091e8                DMA1_Stream7_IRQHandler
                0x080091e8                SPI5_IRQHandler
                0x080091e8                TIM5_IRQHandler
                0x080091e8                DMA2_Stream7_IRQHandler
                0x080091e8                I2C3_EV_IRQHandler
                0x080091e8                EXTI9_5_IRQHandler
                0x080091e8                RTC_WKUP_IRQHandler
                0x080091e8                SPI2_IRQHandler
                0x080091e8                DMA1_Stream0_IRQHandler
                0x080091e8                EXTI4_IRQHandler
                0x080091e8                WWDG_IRQHandler
                0x080091e8                TIM2_IRQHandler
                0x080091e8                OTG_FS_WKUP_IRQHandler
                0x080091e8                TIM1_TRG_COM_TIM11_IRQHandler
                0x080091e8                EXTI1_IRQHandler
                0x080091e8                USART2_IRQHandler
                0x080091e8                I2C2_ER_IRQHandler
                0x080091e8                DMA2_Stream1_IRQHandler
                0x080091e8                FLASH_IRQHandler
                0x080091e8                DMA2_Stream4_IRQHandler
                0x080091e8                USART1_IRQHandler
                0x080091e8                SPI3_IRQHandler
                0x080091e8                DMA1_Stream4_IRQHandler
                0x080091e8                I2C1_ER_IRQHandler
                0x080091e8                DMA2_Stream6_IRQHandler
                0x080091e8                DMA1_Stream3_IRQHandler
 *fill*         0x080091ea        0x2 
 .text.__libc_init_array
                0x080091ec       0x48 c:/program files (x86)/atollic/truestudio for stm32 9.0.0/armtools/bin/../lib/gcc/arm-atollic-eabi/6.3.1/../../../../arm-atollic-eabi/lib/armv7e-m/fpu\libc_nano.a(lib_a-init.o)
                0x080091ec                __libc_init_array
 .text.malloc   0x08009234       0x10 c:/program files (x86)/atollic/truestudio for stm32 9.0.0/armtools/bin/../lib/gcc/arm-atollic-eabi/6.3.1/../../../../arm-atollic-eabi/lib/armv7e-m/fpu\libc_nano.a(lib_a-malloc.o)
                0x08009234                malloc
 .text.free     0x08009244       0x10 c:/program files (x86)/atollic/truestudio for stm32 9.0.0/armtools/bin/../lib/gcc/arm-atollic-eabi/6.3.1/../../../../arm-atollic-eabi/lib/armv7e-m/fpu\libc_nano.a(lib_a-malloc.o)
                0x08009244                free
 .text.memcmp   0x08009254       0x1e c:/program files (x86)/atollic/truestudio for stm32 9.0.0/armtools/bin/../lib/gcc/arm-atollic-eabi/6.3.1/../../../../arm-atollic-eabi/lib/armv7e-m/fpu\libc_nano.a(lib_a-memcmp.o)
                0x08009254                memcmp
 .text.memcpy   0x08009272       0x16 c:/program files (x86)/atollic/truestudio for stm32 9.0.0/armtools/bin/../lib/gcc/arm-atollic-eabi/6.3.1/../../../../arm-atollic-eabi/lib/armv7e-m/fpu\libc_nano.a(lib_a-memcpy-stub.o)
                0x08009272                memcpy
 .text.memmove  0x08009288       0x34 c:/program files (x86)/atollic/truestudio for stm32 9.0.0/armtools/bin/../lib/gcc/arm-atollic-eabi/6.3.1/../../../../arm-atollic-eabi/lib/armv7e-m/fpu\libc_nano.a(lib_a-memmove.o)
                0x08009288                memmove
 .text.memset   0x080092bc       0x10 c:/program files (x86)/atollic/truestudio for stm32 9.0.0/armtools/bin/../lib/gcc/arm-atollic-eabi/6.3.1/../../../../arm-atollic-eabi/lib/armv7e-m/fpu\libc_nano.a(lib_a-memset.o)
                0x080092bc                memset
 .text._free_r  0x080092cc       0x9c c:/program files (x86)/atollic/truestudio for stm32 9.0.0/armtools/bin/../lib/gcc/arm-atollic-eabi/6.3.1/../../../../arm-atollic-eabi/lib/armv7e-m/fpu\libc_nano.a(lib_a-nano-freer.o)
                0x080092cc                _free_r
 .text._malloc_r
                0x08009368       0xbc c:/program files (x86)/atollic/truestudio for stm32 9.0.0/armtools/bin/../lib/gcc/arm-atollic-eabi/6.3.1/../../../../arm-atollic-eabi/lib/armv7e-m/fpu\libc_nano.a(lib_a-nano-mallocr.o)
                0x08009368                _malloc_r
 .text.rand     0x08009424       0x74 c:/program files (x86)/atollic/truestudio for stm32 9.0.0/armtools/bin/../lib/gcc/arm-atollic-eabi/6.3.1/../../../../arm-atollic-eabi/lib/armv7e-m/fpu\libc_nano.a(lib_a-rand.o)
                0x08009424                rand
 .text._sbrk_r  0x08009498       0x20 c:/program files (x86)/atollic/truestudio for stm32 9.0.0/armtools/bin/../lib/gcc/arm-atollic-eabi/6.3.1/../../../../arm-atollic-eabi/lib/armv7e-m/fpu\libc_nano.a(lib_a-sbrkr.o)
                0x08009498                _sbrk_r
 .text.strcasecmp
                0x080094b8       0x3c c:/program files (x86)/atollic/truestudio for stm32 9.0.0/armtools/bin/../lib/gcc/arm-atollic-eabi/6.3.1/../../../../arm-atollic-eabi/lib/armv7e-m/fpu\libc_nano.a(lib_a-strcasecmp.o)
                0x080094b8                strcasecmp
 .text.strncmp  0x080094f4       0x24 c:/program files (x86)/atollic/truestudio for stm32 9.0.0/armtools/bin/../lib/gcc/arm-atollic-eabi/6.3.1/../../../../arm-atollic-eabi/lib/armv7e-m/fpu\libc_nano.a(lib_a-strncmp.o)
                0x080094f4                strncmp
 .text.strncpy  0x08009518       0x2a c:/program files (x86)/atollic/truestudio for stm32 9.0.0/armtools/bin/../lib/gcc/arm-atollic-eabi/6.3.1/../../../../arm-atollic-eabi/lib/armv7e-m/fpu\libc_nano.a(lib_a-strncpy.o)
                0x08009518                strncpy
 *fill*         0x08009542        0x2 
 .text.__locale_ctype_ptr
                0x08009544       0x1c c:/program files (x86)/atollic/truestudio for stm32 9.0.0/armtools/bin/../lib/gcc/arm-atollic-eabi/6.3.1/../../../../arm-atollic-eabi/lib/armv7e-m/fpu\libc_nano.a(lib_a-locale.o)
                0x08009544                __locale_ctype_ptr
 .text.__ascii_mbtowc
                0x08009560       0x24 c:/program files (x86)/atollic/truestudio for stm32 9.0.0/armtools/bin/../lib/gcc/arm-atollic-eabi/6.3.1/../../../../arm-atollic-eabi/lib/armv7e-m/fpu\libc_nano.a(lib_a-mbtowc_r.o)
                0x08009560                __ascii_mbtowc
 .text.__malloc_lock
                0x08009584        0x2 c:/program files (x86)/atollic/truestudio for stm32 9.0.0/armtools/bin/../lib/gcc/arm-atollic-eabi/6.3.1/../../../../arm-atollic-eabi/lib/armv7e-m/fpu\libc_nano.a(lib_a-mlock.o)
                0x08009584                __malloc_lock
 .text.__malloc_unlock
                0x08009586        0x2 c:/program files (x86)/atollic/truestudio for stm32 9.0.0/armtools/bin/../lib/gcc/arm-atollic-eabi/6.3.1/../../../../arm-atollic-eabi/lib/armv7e-m/fpu\libc_nano.a(lib_a-mlock.o)
                0x08009586                __malloc_unlock
 .text.__ascii_wctomb
                0x08009588       0x1a c:/program files (x86)/atollic/truestudio for stm32 9.0.0/armtools/bin/../lib/gcc/arm-atollic-eabi/6.3.1/../../../../arm-atollic-eabi/lib/armv7e-m/fpu\libc_nano.a(lib_a-wctomb_r.o)
                0x08009588                __ascii_wctomb
 *fill*         0x080095a2        0x2 
 .text._sbrk    0x080095a4       0x1c c:/program files (x86)/atollic/truestudio for stm32 9.0.0/armtools/bin/../lib/gcc/arm-atollic-eabi/6.3.1/../../../../arm-atollic-eabi/lib/armv7e-m/fpu\libnosys.a(sbrk.o)
                0x080095a4                _sbrk
 *(.glue_7)
 .glue_7        0x080095c0        0x0 linker stubs
 *(.glue_7t)
 .glue_7t       0x080095c0        0x0 linker stubs
 *(.eh_frame)
 .eh_frame      0x080095c0        0x0 c:/program files (x86)/atollic/truestudio for stm32 9.0.0/armtools/bin/../lib/gcc/arm-atollic-eabi/6.3.1/armv7e-m/fpu/crtbegin.o
 *(.init)
 .init          0x080095c0        0x4 c:/program files (x86)/atollic/truestudio for stm32 9.0.0/armtools/bin/../lib/gcc/arm-atollic-eabi/6.3.1/armv7e-m/fpu/crti.o
                0x080095c0                _init
 .init          0x080095c4        0x8 c:/program files (x86)/atollic/truestudio for stm32 9.0.0/armtools/bin/../lib/gcc/arm-atollic-eabi/6.3.1/armv7e-m/fpu/crtn.o
 *(.fini)
 .fini          0x080095cc        0x4 c:/program files (x86)/atollic/truestudio for stm32 9.0.0/armtools/bin/../lib/gcc/arm-atollic-eabi/6.3.1/armv7e-m/fpu/crti.o
                0x080095cc                _fini
 .fini          0x080095d0        0x8 c:/program files (x86)/atollic/truestudio for stm32 9.0.0/armtools/bin/../lib/gcc/arm-atollic-eabi/6.3.1/armv7e-m/fpu/crtn.o
                0x080095d8                . = ALIGN (0x4)
                0x080095d8                _etext = .

.vfp11_veneer   0x080095d8        0x0
 .vfp11_veneer  0x080095d8        0x0 linker stubs

.v4_bx          0x080095d8        0x0
 .v4_bx         0x080095d8        0x0 linker stubs

.iplt           0x080095d8        0x0
 .iplt          0x080095d8        0x0 c:/program files (x86)/atollic/truestudio for stm32 9.0.0/armtools/bin/../lib/gcc/arm-atollic-eabi/6.3.1/armv7e-m/fpu/crtbegin.o

.rodata         0x080095d8      0x314
                0x080095d8                . = ALIGN (0x4)
 *(.rodata)
 .rodata        0x080095d8       0x14 Src\main.o
 *(.rodata*)
 .rodata.CSWTCH.39
                0x080095ec        0x4 Middlewares\ST\STM32_USB_Device_Library\App\Src\usbd_conf.o
 .rodata.USBD_LL_Init.str1.1
                0x080095f0       0x3f Middlewares\ST\STM32_USB_Device_Library\App\Src\usbd_conf.o
 .rodata.USBD_FS_ConfigStrDescriptor.str1.1
                0x0800962f       0x10 Middlewares\ST\STM32_USB_Device_Library\App\Src\usbd_desc.o
 .rodata.USBD_FS_InterfaceStrDescriptor.str1.1
                0x0800963f       0x13 Middlewares\ST\STM32_USB_Device_Library\App\Src\usbd_desc.o
 .rodata.USBD_FS_ManufacturerStrDescriptor.str1.1
                0x08009652        0x6 Middlewares\ST\STM32_USB_Device_Library\App\Src\usbd_desc.o
 .rodata.USBD_FS_ProductStrDescriptor.str1.1
                0x08009658        0xf Middlewares\ST\STM32_USB_Device_Library\App\Src\usbd_desc.o
 .rodata.USBD_FS_SerialStrDescriptor.str1.1
                0x08009667        0xd Middlewares\ST\STM32_USB_Device_Library\App\Src\usbd_desc.o
 .rodata.OID_GEN_SUPPORTED
                0x08009674       0x64 Middlewares\ST\STM32_USB_Device_Library\App\Src\usbd_rndis_if.o
                0x08009674                OID_GEN_SUPPORTED
 .rodata.nome.11034
                0x080096d8        0xf Middlewares\ST\STM32_USB_Device_Library\App\Src\usbd_rndis_if.o
 *fill*         0x080096e7        0x1 
 .rodata.response
                0x080096e8       0x20 Middlewares\ST\STM32_USB_Device_Library\App\Src\usbd_rndis_if.o
                0x080096e8                response
 .rodata.xNetworkInterfaceInitialise.str1.1
                0x08009708        0x5 Middlewares\ST\STM32_USB_Device_Library\App\Src\usbd_rndis_if.o
 .rodata.vTaskStartScheduler.str1.1
                0x0800970d        0x5 Middlewares\Third_Party\FreeRTOS\Source\tasks.o
 .rodata.xDefaultPartARPPacketHeader
                0x08009712       0x26 Middlewares\Third_Party\FreeRTOS-Plus\FreeRTOS-Plus-TCP\FreeRTOS_ARP.o
 .rodata.ucDHCPDiscoverOptions.7275
                0x08009738       0x11 Middlewares\Third_Party\FreeRTOS-Plus\FreeRTOS-Plus-TCP\FreeRTOS_DHCP.o
 .rodata.ucDHCPRequestOptions.7268
                0x08009749       0x18 Middlewares\Third_Party\FreeRTOS-Plus\FreeRTOS-Plus-TCP\FreeRTOS_DHCP.o
 .rodata.xLLMNR_MacAdress
                0x08009761        0x6 Middlewares\Third_Party\FreeRTOS-Plus\FreeRTOS-Plus-TCP\FreeRTOS_DNS.o
                0x08009761                xLLMNR_MacAdress
 .rodata.FreeRTOS_IPInit.str1.1
                0x08009767       0x10 Middlewares\Third_Party\FreeRTOS-Plus\FreeRTOS-Plus-TCP\FreeRTOS_IP.o
 .rodata.xBroadcastMACAddress
                0x08009777        0x6 Middlewares\Third_Party\FreeRTOS-Plus\FreeRTOS-Plus-TCP\FreeRTOS_IP.o
                0x08009777                xBroadcastMACAddress
 *fill*         0x0800977d        0x3 
 .rodata.xNetworkDownEvent.8072
                0x08009780        0x8 Middlewares\Third_Party\FreeRTOS-Plus\FreeRTOS-Plus-TCP\FreeRTOS_IP.o
 .rodata.xNetworkDownEvent.8077
                0x08009788        0x8 Middlewares\Third_Party\FreeRTOS-Plus\FreeRTOS-Plus-TCP\FreeRTOS_IP.o
 .rodata.xBufferAllocFixedSize
                0x08009790        0x4 Middlewares\Third_Party\FreeRTOS-Plus\FreeRTOS-Plus-TCP\portable\BufferManagement\BufferAllocation_2.o
                0x08009790                xBufferAllocFixedSize
 .rodata.xNetworkBuffersInitialise.str1.1
                0x08009794        0xa Middlewares\Third_Party\FreeRTOS-Plus\FreeRTOS-Plus-TCP\portable\BufferManagement\BufferAllocation_2.o
 .rodata.pcApplicationHostnameHook.str1.1
                0x0800979e        0x9 Src\main.o
 .rodata.str1.1
                0x080097a7        0xc Src\main.o
 .rodata.ucDNSServerAddress
                0x080097b3        0x4 Src\main.o
 .rodata.ucGatewayAddress
                0x080097b7        0x4 Src\main.o
 .rodata.ucIPAddress
                0x080097bb        0x4 Src\main.o
 .rodata.ucNetMask
                0x080097bf        0x4 Src\main.o
 .rodata.xApplicationDNSQueryHook.str1.1
                0x080097c3        0x6 Src\main.o
 .rodata.AHBPrescTable
                0x080097c9       0x10 Src\system_stm32f4xx.o
                0x080097c9                AHBPrescTable
 .rodata.APBPrescTable
                0x080097d9        0x8 Src\system_stm32f4xx.o
                0x080097d9                APBPrescTable
 .rodata._setlocale_r.str1.1
                0x080097e1        0x6 c:/program files (x86)/atollic/truestudio for stm32 9.0.0/armtools/bin/../lib/gcc/arm-atollic-eabi/6.3.1/../../../../arm-atollic-eabi/lib/armv7e-m/fpu\libc_nano.a(lib_a-locale.o)
                                  0x9 (size before relaxing)
 .rodata.str1.1
                0x080097e7        0x2 c:/program files (x86)/atollic/truestudio for stm32 9.0.0/armtools/bin/../lib/gcc/arm-atollic-eabi/6.3.1/../../../../arm-atollic-eabi/lib/armv7e-m/fpu\libc_nano.a(lib_a-locale.o)
 .rodata._ctype_
                0x080097e9      0x101 c:/program files (x86)/atollic/truestudio for stm32 9.0.0/armtools/bin/../lib/gcc/arm-atollic-eabi/6.3.1/../../../../arm-atollic-eabi/lib/armv7e-m/fpu\libc_nano.a(lib_a-ctype_.o)
                0x080097e9                _ctype_
                0x080098ec                . = ALIGN (0x4)
 *fill*         0x080098ea        0x2 

.ARM.extab
 *(.ARM.extab* .gnu.linkonce.armextab.*)

.ARM            0x080098ec        0x8
                0x080098ec                __exidx_start = .
 *(.ARM.exidx*)
 .ARM.exidx     0x080098ec        0x8 c:/program files (x86)/atollic/truestudio for stm32 9.0.0/armtools/bin/../lib/gcc/arm-atollic-eabi/6.3.1/armv7e-m/fpu\libgcc.a(_udivmoddi4.o)
                0x080098f4                __exidx_end = .

.rel.dyn        0x080098f4        0x0
 .rel.iplt      0x080098f4        0x0 c:/program files (x86)/atollic/truestudio for stm32 9.0.0/armtools/bin/../lib/gcc/arm-atollic-eabi/6.3.1/armv7e-m/fpu/crtbegin.o

.preinit_array  0x080098f4        0x0
                0x080098f4                PROVIDE (__preinit_array_start, .)
 *(.preinit_array*)
                0x080098f4                PROVIDE (__preinit_array_end, .)

.init_array     0x080098f4        0x4
                0x080098f4                PROVIDE (__init_array_start, .)
 *(SORT(.init_array.*))
 *(.init_array*)
 .init_array    0x080098f4        0x4 c:/program files (x86)/atollic/truestudio for stm32 9.0.0/armtools/bin/../lib/gcc/arm-atollic-eabi/6.3.1/armv7e-m/fpu/crtbegin.o
                0x080098f8                PROVIDE (__init_array_end, .)

.fini_array     0x080098f8        0x4
                [!provide]                PROVIDE (__fini_array_start, .)
 *(SORT(.fini_array.*))
 *(.fini_array*)
 .fini_array    0x080098f8        0x4 c:/program files (x86)/atollic/truestudio for stm32 9.0.0/armtools/bin/../lib/gcc/arm-atollic-eabi/6.3.1/armv7e-m/fpu/crtbegin.o
                [!provide]                PROVIDE (__fini_array_end, .)
                0x080098fc                _sidata = LOADADDR (.data)

.data           0x20000000      0x3a4 load address 0x080098fc
                0x20000000                . = ALIGN (0x4)
                0x20000000                _sdata = .
 *(.data)
 *(.data*)
 .data.uwTickFreq
                0x20000000        0x1 Drivers\STM32F4xx_HAL_Driver\Src\stm32f4xx_hal.o
                0x20000000                uwTickFreq
 *fill*         0x20000001        0x3 
 .data.FS_Desc  0x20000004       0x1c Middlewares\ST\STM32_USB_Device_Library\App\Src\usbd_desc.o
                0x20000004                FS_Desc
 .data.USBD_FS_DeviceDesc
                0x20000020       0x12 Middlewares\ST\STM32_USB_Device_Library\App\Src\usbd_desc.o
                0x20000020                USBD_FS_DeviceDesc
 *fill*         0x20000032        0x2 
 .data.USBD_LangIDDesc
                0x20000034        0x4 Middlewares\ST\STM32_USB_Device_Library\App\Src\usbd_desc.o
                0x20000034                USBD_LangIDDesc
 .data.USBD_RNDIS_Interface_fops_FS
                0x20000038       0x10 Middlewares\ST\STM32_USB_Device_Library\App\Src\usbd_rndis_if.o
                0x20000038                USBD_RNDIS_Interface_fops_FS
 .data.rndis_state
                0x20000048        0x1 Middlewares\ST\STM32_USB_Device_Library\App\Src\usbd_rndis_if.o
 *fill*         0x20000049        0x3 
 .data.USBD_COMPOSITE
                0x2000004c       0x38 Middlewares\ST\STM32_USB_Device_Library\Class\Composite\Src\usbd_composite.o
                0x2000004c                USBD_COMPOSITE
 .data.USBD_COMPOSITE_CfgFSDesc
                0x20000084        0x9 Middlewares\ST\STM32_USB_Device_Library\Class\Composite\Src\usbd_composite.o
                0x20000084                USBD_COMPOSITE_CfgFSDesc
 *fill*         0x2000008d        0x3 
 .data.USBD_COMPOSITE_DeviceQualifierDesc
                0x20000090        0xa Middlewares\ST\STM32_USB_Device_Library\Class\Composite\Src\usbd_composite.o
 *fill*         0x2000009a        0x2 
 .data.USBD_COMPOSITE_IfcAssocDesc
                0x2000009c        0x8 Middlewares\ST\STM32_USB_Device_Library\Class\Composite\Src\usbd_composite.o
                0x2000009c                USBD_COMPOSITE_IfcAssocDesc
 .data.inEP     0x200000a4        0x1 Middlewares\ST\STM32_USB_Device_Library\Class\Composite\Src\usbd_composite.o
 .data.outEP    0x200000a5        0x1 Middlewares\ST\STM32_USB_Device_Library\Class\Composite\Src\usbd_composite.o
 *fill*         0x200000a6        0x2 
 .data.USBD_RNDIS
                0x200000a8       0x38 Middlewares\ST\STM32_USB_Device_Library\Class\RNDIS\Src\usbd_rndis.o
                0x200000a8                USBD_RNDIS
 .data.USBD_RNDIS_CfgFSDesc
                0x200000e0       0x3e Middlewares\ST\STM32_USB_Device_Library\Class\RNDIS\Src\usbd_rndis.o
                0x200000e0                USBD_RNDIS_CfgFSDesc
 *fill*         0x2000011e        0x2 
 .data.USBD_RNDIS_CfgHSDesc
                0x20000120       0x3e Middlewares\ST\STM32_USB_Device_Library\Class\RNDIS\Src\usbd_rndis.o
                0x20000120                USBD_RNDIS_CfgHSDesc
 *fill*         0x2000015e        0x2 
 .data.USBD_RNDIS_DeviceQualifierDesc
                0x20000160        0xa Middlewares\ST\STM32_USB_Device_Library\Class\RNDIS\Src\usbd_rndis.o
 *fill*         0x2000016a        0x2 
 .data.USBD_RNDIS_OtherSpeedCfgDesc
                0x2000016c       0x3e Middlewares\ST\STM32_USB_Device_Library\Class\RNDIS\Src\usbd_rndis.o
                0x2000016c                USBD_RNDIS_OtherSpeedCfgDesc
 *fill*         0x200001aa        0x2 