Archive member included to satisfy reference by file (symbol)

c:/program files (x86)/atollic/truestudio for stm32 9.0.0/armtools/bin/../lib/gcc/arm-atollic-eabi/6.3.1/../../../../arm-atollic-eabi/lib/armv7e-m/fpu\libc_nano.a(lib_a-init.o)
                              startup\startup_stm32f411xe.o (__libc_init_array)
c:/program files (x86)/atollic/truestudio for stm32 9.0.0/armtools/bin/../lib/gcc/arm-atollic-eabi/6.3.1/../../../../arm-atollic-eabi/lib/armv7e-m/fpu\libc_nano.a(lib_a-memcmp.o)
                              Middlewares\Third_Party\FreeRTOS-Plus\FreeRTOS-Plus-TCP\FreeRTOS_ARP.o (memcmp)
c:/program files (x86)/atollic/truestudio for stm32 9.0.0/armtools/bin/../lib/gcc/arm-atollic-eabi/6.3.1/../../../../arm-atollic-eabi/lib/armv7e-m/fpu\libc_nano.a(lib_a-memcpy-stub.o)
                              Middlewares\ST\STM32_USB_Device_Library\Class\CDC\Src\usbd_cdc.o (memcpy)
c:/program files (x86)/atollic/truestudio for stm32 9.0.0/armtools/bin/../lib/gcc/arm-atollic-eabi/6.3.1/../../../../arm-atollic-eabi/lib/armv7e-m/fpu\libc_nano.a(lib_a-memmove.o)
                              Middlewares\Third_Party\FreeRTOS-Plus\FreeRTOS-Plus-TCP\FreeRTOS_IP.o (memmove)
c:/program files (x86)/atollic/truestudio for stm32 9.0.0/armtools/bin/../lib/gcc/arm-atollic-eabi/6.3.1/../../../../arm-atollic-eabi/lib/armv7e-m/fpu\libc_nano.a(lib_a-memset.o)
                              Middlewares\ST\STM32_USB_Device_Library\Class\CDC\Src\usbd_cdc.o (memset)
c:/program files (x86)/atollic/truestudio for stm32 9.0.0/armtools/bin/../lib/gcc/arm-atollic-eabi/6.3.1/../../../../arm-atollic-eabi/lib/armv7e-m/fpu\libc_nano.a(lib_a-rand.o)
                              Src\main.o (rand)
c:/program files (x86)/atollic/truestudio for stm32 9.0.0/armtools/bin/../lib/gcc/arm-atollic-eabi/6.3.1/../../../../arm-atollic-eabi/lib/armv7e-m/fpu\libc_nano.a(lib_a-strcasecmp.o)
                              Src\main.o (strcasecmp)
c:/program files (x86)/atollic/truestudio for stm32 9.0.0/armtools/bin/../lib/gcc/arm-atollic-eabi/6.3.1/../../../../arm-atollic-eabi/lib/armv7e-m/fpu\libc_nano.a(lib_a-strcpy.o)
                              Middlewares\Third_Party\FreeRTOS-Plus\FreeRTOS-Plus-TCP\FreeRTOS_DNS.o (strcpy)
c:/program files (x86)/atollic/truestudio for stm32 9.0.0/armtools/bin/../lib/gcc/arm-atollic-eabi/6.3.1/../../../../arm-atollic-eabi/lib/armv7e-m/fpu\libc_nano.a(lib_a-strlen.o)
                              Middlewares\ST\STM32_USB_Device_Library\Class\CDC\Src\usbd_cdc.o (strlen)
c:/program files (x86)/atollic/truestudio for stm32 9.0.0/armtools/bin/../lib/gcc/arm-atollic-eabi/6.3.1/../../../../arm-atollic-eabi/lib/armv7e-m/fpu\libc_nano.a(lib_a-strncmp.o)
                              Middlewares\Third_Party\FreeRTOS-Plus\FreeRTOS-Plus-TCP\FreeRTOS_DNS.o (strncmp)
c:/program files (x86)/atollic/truestudio for stm32 9.0.0/armtools/bin/../lib/gcc/arm-atollic-eabi/6.3.1/../../../../arm-atollic-eabi/lib/armv7e-m/fpu\libc_nano.a(lib_a-strncpy.o)
                              Middlewares\Third_Party\FreeRTOS-Plus\FreeRTOS-Plus-TCP\FreeRTOS_DNS.o (strncpy)
c:/program files (x86)/atollic/truestudio for stm32 9.0.0/armtools/bin/../lib/gcc/arm-atollic-eabi/6.3.1/../../../../arm-atollic-eabi/lib/armv7e-m/fpu\libc_nano.a(lib_a-impure.o)
                              c:/program files (x86)/atollic/truestudio for stm32 9.0.0/armtools/bin/../lib/gcc/arm-atollic-eabi/6.3.1/../../../../arm-atollic-eabi/lib/armv7e-m/fpu\libc_nano.a(lib_a-rand.o) (_impure_ptr)
c:/program files (x86)/atollic/truestudio for stm32 9.0.0/armtools/bin/../lib/gcc/arm-atollic-eabi/6.3.1/../../../../arm-atollic-eabi/lib/armv7e-m/fpu\libc_nano.a(lib_a-locale.o)
                              c:/program files (x86)/atollic/truestudio for stm32 9.0.0/armtools/bin/../lib/gcc/arm-atollic-eabi/6.3.1/../../../../arm-atollic-eabi/lib/armv7e-m/fpu\libc_nano.a(lib_a-strcasecmp.o) (__locale_ctype_ptr)
c:/program files (x86)/atollic/truestudio for stm32 9.0.0/armtools/bin/../lib/gcc/arm-atollic-eabi/6.3.1/../../../../arm-atollic-eabi/lib/armv7e-m/fpu\libc_nano.a(lib_a-malloc.o)
                              c:/program files (x86)/atollic/truestudio for stm32 9.0.0/armtools/bin/../lib/gcc/arm-atollic-eabi/6.3.1/../../../../arm-atollic-eabi/lib/armv7e-m/fpu\libc_nano.a(lib_a-rand.o) (malloc)
c:/program files (x86)/atollic/truestudio for stm32 9.0.0/armtools/bin/../lib/gcc/arm-atollic-eabi/6.3.1/../../../../arm-atollic-eabi/lib/armv7e-m/fpu\libc_nano.a(lib_a-mbtowc_r.o)
                              c:/program files (x86)/atollic/truestudio for stm32 9.0.0/armtools/bin/../lib/gcc/arm-atollic-eabi/6.3.1/../../../../arm-atollic-eabi/lib/armv7e-m/fpu\libc_nano.a(lib_a-locale.o) (__ascii_mbtowc)
c:/program files (x86)/atollic/truestudio for stm32 9.0.0/armtools/bin/../lib/gcc/arm-atollic-eabi/6.3.1/../../../../arm-atollic-eabi/lib/armv7e-m/fpu\libc_nano.a(lib_a-nano-freer.o)
[...]
Memory Configuration

Name             Origin             Length             Attributes
RAM              0x20000000         0x00020000         xrw
FLASH            0x08000000         0x00080000         xr
*default*        0x00000000         0xffffffff

Linker script and memory map

LOAD c:/program files (x86)/atollic/truestudio for stm32 9.0.0/armtools/bin/../lib/gcc/arm-atollic-eabi/6.3.1/armv7e-m/fpu/crti.o
LOAD c:/program files (x86)/atollic/truestudio for stm32 9.0.0/armtools/bin/../lib/gcc/arm-atollic-eabi/6.3.1/armv7e-m/fpu/crtbegin.o
LOAD Drivers\STM32F4xx_HAL_Driver\Src\stm32f4xx_hal.o
LOAD Drivers\STM32F4xx_HAL_Driver\Src\stm32f4xx_hal_cortex.o
LOAD Drivers\STM32F4xx_HAL_Driver\Src\stm32f4xx_hal_dma.o
LOAD Drivers\STM32F4xx_HAL_Driver\Src\stm32f4xx_hal_dma_ex.o
LOAD Drivers\STM32F4xx_HAL_Driver\Src\stm32f4xx_hal_flash.o
LOAD Drivers\STM32F4xx_HAL_Driver\Src\stm32f4xx_hal_flash_ex.o
LOAD Drivers\STM32F4xx_HAL_Driver\Src\stm32f4xx_hal_flash_ramfunc.o
LOAD Drivers\STM32F4xx_HAL_Driver\Src\stm32f4xx_hal_gpio.o
LOAD Drivers\STM32F4xx_HAL_Driver\Src\stm32f4xx_hal_pcd.o
LOAD Drivers\STM32F4xx_HAL_Driver\Src\stm32f4xx_hal_pcd_ex.o
LOAD Drivers\STM32F4xx_HAL_Driver\Src\stm32f4xx_hal_pwr.o
LOAD Drivers\STM32F4xx_HAL_Driver\Src\stm32f4xx_hal_pwr_ex.o
LOAD Drivers\STM32F4xx_HAL_Driver\Src\stm32f4xx_hal_rcc.o
LOAD Drivers\STM32F4xx_HAL_Driver\Src\stm32f4xx_hal_rcc_ex.o
LOAD Drivers\STM32F4xx_HAL_Driver\Src\stm32f4xx_hal_tim.o
LOAD Drivers\STM32F4xx_HAL_Driver\Src\stm32f4xx_hal_tim_ex.o
LOAD Drivers\STM32F4xx_HAL_Driver\Src\stm32f4xx_ll_usb.o
LOAD Middlewares\ST\STM32_USB_Device_Library\Class\CDC\Src\usbd_cdc.o
LOAD Middlewares\ST\STM32_USB_Device_Library\Core\Src\usbd_core.o
LOAD Middlewares\ST\STM32_USB_Device_Library\Core\Src\usbd_ctlreq.o
LOAD Middlewares\ST\STM32_USB_Device_Library\Core\Src\usbd_ioreq.o
LOAD Middlewares\Third_Party\FreeRTOS\Source\CMSIS_RTOS\cmsis_os.o
LOAD Middlewares\Third_Party\FreeRTOS\Source\croutine.o
LOAD Middlewares\Third_Party\FreeRTOS\Source\event_groups.o
LOAD Middlewares\Third_Party\FreeRTOS\Source\list.o
LOAD Middlewares\Third_Party\FreeRTOS\Source\portable\GCC\ARM_CM4F\port.o
LOAD Middlewares\Third_Party\FreeRTOS\Source\portable\MemMang\heap_4.o
LOAD Middlewares\Third_Party\FreeRTOS\Source\queue.o
LOAD Middlewares\Third_Party\FreeRTOS\Source\stream_buffer.o
LOAD Middlewares\Third_Party\FreeRTOS\Source\tasks.o
LOAD Middlewares\Third_Party\FreeRTOS\Source\timers.o
LOAD Middlewares\Third_Party\FreeRTOS-Plus\FreeRTOS-Plus-TCP\FreeRTOS_ARP.o
LOAD Middlewares\Third_Party\FreeRTOS-Plus\FreeRTOS-Plus-TCP\FreeRTOS_DHCP.o
LOAD Middlewares\Third_Party\FreeRTOS-Plus\FreeRTOS-Plus-TCP\FreeRTOS_DNS.o
LOAD Middlewares\Third_Party\FreeRTOS-Plus\FreeRTOS-Plus-TCP\FreeRTOS_IP.o
LOAD Middlewares\Third_Party\FreeRTOS-Plus\FreeRTOS-Plus-TCP\FreeRTOS_Sockets.o
LOAD Middlewares\Third_Party\FreeRTOS-Plus\FreeRTOS-Plus-TCP\FreeRTOS_Stream_Buffer.o
LOAD Middlewares\Third_Party\FreeRTOS-Plus\FreeRTOS-Plus-TCP\FreeRTOS_TCP_IP.o
LOAD Middlewares\Third_Party\FreeRTOS-Plus\FreeRTOS-Plus-TCP\FreeRTOS_TCP_WIN.o
LOAD Middlewares\Third_Party\FreeRTOS-Plus\FreeRTOS-Plus-TCP\FreeRTOS_UDP_IP.o
LOAD Middlewares\Third_Party\FreeRTOS-Plus\FreeRTOS-Plus-TCP\portable\BufferManagement\BufferAllocation_2.o
LOAD Src\freertos.o
LOAD Src\main.o
LOAD Src\stm32f4xx_hal_msp.o
LOAD Src\stm32f4xx_hal_timebase_TIM.o
LOAD Src\stm32f4xx_it.o
LOAD Src\system_stm32f4xx.o
LOAD Src\usb_device.o
LOAD Src\usbd_cdc_if.o
LOAD Src\usbd_conf.o
LOAD Src\usbd_desc.o
LOAD startup\startup_stm32f411xe.o
                0x00000080                malloc_getpagesize_P = 0x80
START GROUP
LOAD c:/program files (x86)/atollic/truestudio for stm32 9.0.0/armtools/bin/../lib/gcc/arm-atollic-eabi/6.3.1/../../../../arm-atollic-eabi/lib/armv7e-m/fpu\libc_nano.a
LOAD c:/program files (x86)/atollic/truestudio for stm32 9.0.0/armtools/bin/../lib/gcc/arm-atollic-eabi/6.3.1/../../../../arm-atollic-eabi/lib/armv7e-m/fpu\libm.a
END GROUP
START GROUP
LOAD c:/program files (x86)/atollic/truestudio for stm32 9.0.0/armtools/bin/../lib/gcc/arm-atollic-eabi/6.3.1/armv7e-m/fpu\libgcc.a
LOAD c:/program files (x86)/atollic/truestudio for stm32 9.0.0/armtools/bin/../lib/gcc/arm-atollic-eabi/6.3.1/../../../../arm-atollic-eabi/lib/armv7e-m/fpu\libc_nano.a
END GROUP
START GROUP
LOAD c:/program files (x86)/atollic/truestudio for stm32 9.0.0/armtools/bin/../lib/gcc/arm-atollic-eabi/6.3.1/armv7e-m/fpu\libgcc.a
LOAD c:/program files (x86)/atollic/truestudio for stm32 9.0.0/armtools/bin/../lib/gcc/arm-atollic-eabi/6.3.1/../../../../arm-atollic-eabi/lib/armv7e-m/fpu\libc_nano.a
LOAD c:/program files (x86)/atollic/truestudio for stm32 9.0.0/armtools/bin/../lib/gcc/arm-atollic-eabi/6.3.1/../../../../arm-atollic-eabi/lib/armv7e-m/fpu\libnosys.a
END GROUP
START GROUP
LOAD c:/program files (x86)/atollic/truestudio for stm32 9.0.0/armtools/bin/../lib/gcc/arm-atollic-eabi/6.3.1/armv7e-m/fpu\libgcc.a
LOAD c:/program files (x86)/atollic/truestudio for stm32 9.0.0/armtools/bin/../lib/gcc/arm-atollic-eabi/6.3.1/../../../../arm-atollic-eabi/lib/armv7e-m/fpu\libc_nano.a
LOAD c:/program files (x86)/atollic/truestudio for stm32 9.0.0/armtools/bin/../lib/gcc/arm-atollic-eabi/6.3.1/../../../../arm-atollic-eabi/lib/armv7e-m/fpu\libnosys.a
END GROUP
LOAD c:/program files (x86)/atollic/truestudio for stm32 9.0.0/armtools/bin/../lib/gcc/arm-atollic-eabi/6.3.1/armv7e-m/fpu/crtend.o
LOAD c:/program files (x86)/atollic/truestudio for stm32 9.0.0/armtools/bin/../lib/gcc/arm-atollic-eabi/6.3.1/armv7e-m/fpu/crtn.o
                0x20020000                _estack = 0x20020000
                0x00000200                _Min_Heap_Size = 0x200
                0x00000400                _Min_Stack_Size = 0x400

.isr_vector     0x08000000      0x198
                0x08000000                . = ALIGN (0x4)
 *(.isr_vector)
 .isr_vector    0x08000000      0x198 startup\startup_stm32f411xe.o
                0x08000000                g_pfnVectors
                0x08000198                . = ALIGN (0x4)

.text           0x080001a0    0x10bf4
                0x080001a0                . = ALIGN (0x4)
 *(.text)
 .text          0x080001a0       0x40 c:/program files (x86)/atollic/truestudio for stm32 9.0.0/armtools/bin/../lib/gcc/arm-atollic-eabi/6.3.1/armv7e-m/fpu/crtbegin.o
 .text          0x080001e0       0x10 c:/program files (x86)/atollic/truestudio for stm32 9.0.0/armtools/bin/../lib/gcc/arm-atollic-eabi/6.3.1/../../../../arm-atollic-eabi/lib/armv7e-m/fpu\libc_nano.a(lib_a-strlen.o)
                0x080001e0                strlen
 .text          0x080001f0       0x30 c:/program files (x86)/atollic/truestudio for stm32 9.0.0/armtools/bin/../lib/gcc/arm-atollic-eabi/6.3.1/armv7e-m/fpu\libgcc.a(_aeabi_uldivmod.o)
                0x080001f0                __aeabi_uldivmod
 .text          0x08000220      0x2dc c:/program files (x86)/atollic/truestudio for stm32 9.0.0/armtools/bin/../lib/gcc/arm-atollic-eabi/6.3.1/armv7e-m/fpu\libgcc.a(_udivmoddi4.o)
                0x08000220                __udivmoddi4
 .text          0x080004fc        0x4 c:/program files (x86)/atollic/truestudio for stm32 9.0.0/armtools/bin/../lib/gcc/arm-atollic-eabi/6.3.1/armv7e-m/fpu\libgcc.a(_dvmd_tls.o)
                0x080004fc                __aeabi_idiv0
                0x080004fc                __aeabi_ldiv0
 *(.text*)
 .text.HAL_Init
                0x08000500       0x44 Drivers\STM32F4xx_HAL_Driver\Src\stm32f4xx_hal.o
                0x08000500                HAL_Init
 .text.HAL_IncTick
                0x08000544       0x28 Drivers\STM32F4xx_HAL_Driver\Src\stm32f4xx_hal.o
                0x08000544                HAL_IncTick
 .text.HAL_GetTick
                0x0800056c       0x18 Drivers\STM32F4xx_HAL_Driver\Src\stm32f4xx_hal.o
                0x0800056c                HAL_GetTick
 .text.HAL_Delay
                0x08000584       0x44 Drivers\STM32F4xx_HAL_Driver\Src\stm32f4xx_hal.o
                0x08000584                HAL_Delay
 .text.NVIC_SetPriorityGrouping
                0x080005c8       0x48 Drivers\STM32F4xx_HAL_Driver\Src\stm32f4xx_hal_cortex.o
 .text.NVIC_GetPriorityGrouping
                0x08000610       0x1c Drivers\STM32F4xx_HAL_Driver\Src\stm32f4xx_hal_cortex.o
 .text.NVIC_EnableIRQ
                0x0800062c       0x34 Drivers\STM32F4xx_HAL_Driver\Src\stm32f4xx_hal_cortex.o
 .text.NVIC_SetPriority
                0x08000660       0x54 Drivers\STM32F4xx_HAL_Driver\Src\stm32f4xx_hal_cortex.o
 .text.NVIC_EncodePriority
                0x080006b4       0x62 Drivers\STM32F4xx_HAL_Driver\Src\stm32f4xx_hal_cortex.o
 *fill*         0x08000716        0x2 
 .text.SysTick_Config
                0x08000718       0x44 Drivers\STM32F4xx_HAL_Driver\Src\stm32f4xx_hal_cortex.o
 .text.HAL_NVIC_SetPriorityGrouping
                0x0800075c       0x16 Drivers\STM32F4xx_HAL_Driver\Src\stm32f4xx_hal_cortex.o
                0x0800075c                HAL_NVIC_SetPriorityGrouping
 .text.HAL_NVIC_SetPriority
                0x08000772       0x38 Drivers\STM32F4xx_HAL_Driver\Src\stm32f4xx_hal_cortex.o
                0x08000772                HAL_NVIC_SetPriority
 .text.HAL_NVIC_EnableIRQ
                0x080007aa       0x1c Drivers\STM32F4xx_HAL_Driver\Src\stm32f4xx_hal_cortex.o
                0x080007aa                HAL_NVIC_EnableIRQ
 .text.HAL_SYSTICK_Config
                0x080007c6       0x18 Drivers\STM32F4xx_HAL_Driver\Src\stm32f4xx_hal_cortex.o
                0x080007c6                HAL_SYSTICK_Config
 *fill*         0x080007de        0x2 
 .text.HAL_SYSTICK_CLKSourceConfig
                0x080007e0       0x38 Drivers\STM32F4xx_HAL_Driver\Src\stm32f4xx_hal_cortex.o
                0x080007e0                HAL_SYSTICK_CLKSourceConfig
 .text.HAL_GPIO_Init
                0x08000818      0x304 Drivers\STM32F4xx_HAL_Driver\Src\stm32f4xx_hal_gpio.o
                0x08000818                HAL_GPIO_Init
 .text.HAL_GPIO_WritePin
                0x08000b1c       0x32 Drivers\STM32F4xx_HAL_Driver\Src\stm32f4xx_hal_gpio.o
                0x08000b1c                HAL_GPIO_WritePin
 .text.HAL_GPIO_TogglePin
                0x08000b4e       0x24 Drivers\STM32F4xx_HAL_Driver\Src\stm32f4xx_hal_gpio.o
                0x08000b4e                HAL_GPIO_TogglePin
 .text.HAL_PCD_Init
                0x08000b72      0x20e Drivers\STM32F4xx_HAL_Driver\Src\stm32f4xx_hal_pcd.o
                0x08000b72                HAL_PCD_Init
 .text.HAL_PCD_Start
                0x08000d80       0x44 Drivers\STM32F4xx_HAL_Driver\Src\stm32f4xx_hal_pcd.o
                0x08000d80                HAL_PCD_Start
 .text.HAL_PCD_IRQHandler
                0x08000dc4      0x914 Drivers\STM32F4xx_HAL_Driver\Src\stm32f4xx_hal_pcd.o
                0x08000dc4                HAL_PCD_IRQHandler
 .text.HAL_PCD_SetAddress
                0x080016d8       0x42 Drivers\STM32F4xx_HAL_Driver\Src\stm32f4xx_hal_pcd.o
                0x080016d8                HAL_PCD_SetAddress
 .text.HAL_PCD_EP_Open
                0x0800171a       0xd0 Drivers\STM32F4xx_HAL_Driver\Src\stm32f4xx_hal_pcd.o
                0x0800171a                HAL_PCD_EP_Open
 .text.HAL_PCD_EP_Close
                0x080017ea       0x94 Drivers\STM32F4xx_HAL_Driver\Src\stm32f4xx_hal_pcd.o
                0x080017ea                HAL_PCD_EP_Close
 .text.HAL_PCD_EP_Receive
                0x0800187e       0x94 Drivers\STM32F4xx_HAL_Driver\Src\stm32f4xx_hal_pcd.o
                0x0800187e                HAL_PCD_EP_Receive
 .text.HAL_PCD_EP_GetRxCount
                0x08001912       0x32 Drivers\STM32F4xx_HAL_Driver\Src\stm32f4xx_hal_pcd.o
                0x08001912                HAL_PCD_EP_GetRxCount
 .text.HAL_PCD_EP_Transmit
                0x08001944       0x92 Drivers\STM32F4xx_HAL_Driver\Src\stm32f4xx_hal_pcd.o
                0x08001944                HAL_PCD_EP_Transmit
 .text.HAL_PCD_EP_SetStall
                0x080019d6       0xb6 Drivers\STM32F4xx_HAL_Driver\Src\stm32f4xx_hal_pcd.o
                0x080019d6                HAL_PCD_EP_SetStall
 .text.HAL_PCD_EP_ClrStall
                0x08001a8c       0x96 Drivers\STM32F4xx_HAL_Driver\Src\stm32f4xx_hal_pcd.o
                0x08001a8c                HAL_PCD_EP_ClrStall
 .text.PCD_WriteEmptyTxFifo
                0x08001b22      0x104 Drivers\STM32F4xx_HAL_Driver\Src\stm32f4xx_hal_pcd.o
 .text.HAL_PCDEx_SetTxFiFo
                0x08001c26       0x96 Drivers\STM32F4xx_HAL_Driver\Src\stm32f4xx_hal_pcd_ex.o
                0x08001c26                HAL_PCDEx_SetTxFiFo
 .text.HAL_PCDEx_SetRxFiFo
                0x08001cbc       0x22 Drivers\STM32F4xx_HAL_Driver\Src\stm32f4xx_hal_pcd_ex.o
                0x08001cbc                HAL_PCDEx_SetRxFiFo
 *fill*         0x08001cde        0x2 
 .text.HAL_RCC_OscConfig
                0x08001ce0      0x484 Drivers\STM32F4xx_HAL_Driver\Src\stm32f4xx_hal_rcc.o
                0x08001ce0                HAL_RCC_OscConfig
 .text.HAL_RCC_ClockConfig
                0x08002164      0x1c4 Drivers\STM32F4xx_HAL_Driver\Src\stm32f4xx_hal_rcc.o
                0x08002164                HAL_RCC_ClockConfig
 .text.HAL_RCC_GetSysClockFreq
                0x08002328      0x1b0 Drivers\STM32F4xx_HAL_Driver\Src\stm32f4xx_hal_rcc.o
                0x08002328                HAL_RCC_GetSysClockFreq
 .text.HAL_RCC_GetHCLKFreq
                0x080024d8       0x18 Drivers\STM32F4xx_HAL_Driver\Src\stm32f4xx_hal_rcc.o
                0x080024d8                HAL_RCC_GetHCLKFreq
 .text.HAL_RCC_GetPCLK2Freq
                0x080024f0       0x28 Drivers\STM32F4xx_HAL_Driver\Src\stm32f4xx_hal_rcc.o
                0x080024f0                HAL_RCC_GetPCLK2Freq
 .text.HAL_RCC_GetClockConfig
                0x08002518       0x64 Drivers\STM32F4xx_HAL_Driver\Src\stm32f4xx_hal_rcc.o
                0x08002518                HAL_RCC_GetClockConfig
 .text.HAL_TIM_Base_Init
                0x0800257c       0x56 Drivers\STM32F4xx_HAL_Driver\Src\stm32f4xx_hal_tim.o
                0x0800257c                HAL_TIM_Base_Init
 .text.HAL_TIM_Base_MspInit
                0x080025d2       0x14 Drivers\STM32F4xx_HAL_Driver\Src\stm32f4xx_hal_tim.o
                0x080025d2                HAL_TIM_Base_MspInit
 .text.HAL_TIM_Base_Start_IT
                0x080025e6       0x36 Drivers\STM32F4xx_HAL_Driver\Src\stm32f4xx_hal_tim.o
                0x080025e6                HAL_TIM_Base_Start_IT
 .text.HAL_TIM_IRQHandler
                0x0800261c      0x210 Drivers\STM32F4xx_HAL_Driver\Src\stm32f4xx_hal_tim.o
                0x0800261c                HAL_TIM_IRQHandler
 .text.HAL_TIM_OC_DelayElapsedCallback
                0x0800282c       0x14 Drivers\STM32F4xx_HAL_Driver\Src\stm32f4xx_hal_tim.o
                0x0800282c                HAL_TIM_OC_DelayElapsedCallback
 .text.HAL_TIM_IC_CaptureCallback
                0x08002840       0x14 Drivers\STM32F4xx_HAL_Driver\Src\stm32f4xx_hal_tim.o
                0x08002840                HAL_TIM_IC_CaptureCallback
 .text.HAL_TIM_PWM_PulseFinishedCallback
                0x08002854       0x14 Drivers\STM32F4xx_HAL_Driver\Src\stm32f4xx_hal_tim.o
                0x08002854                HAL_TIM_PWM_PulseFinishedCallback
 .text.HAL_TIM_TriggerCallback
                0x08002868       0x14 Drivers\STM32F4xx_HAL_Driver\Src\stm32f4xx_hal_tim.o
                0x08002868                HAL_TIM_TriggerCallback
 .text.TIM_Base_SetConfig
                0x0800287c      0x108 Drivers\STM32F4xx_HAL_Driver\Src\stm32f4xx_hal_tim.o
                0x0800287c                TIM_Base_SetConfig
 .text.HAL_TIMEx_CommutationCallback
                0x08002984       0x14 Drivers\STM32F4xx_HAL_Driver\Src\stm32f4xx_hal_tim_ex.o
                0x08002984                HAL_TIMEx_CommutationCallback
 .text.HAL_TIMEx_BreakCallback
                0x08002998       0x14 Drivers\STM32F4xx_HAL_Driver\Src\stm32f4xx_hal_tim_ex.o
                0x08002998                HAL_TIMEx_BreakCallback
 .text.USB_CoreInit
                0x080029ac       0xa2 Drivers\STM32F4xx_HAL_Driver\Src\stm32f4xx_ll_usb.o
                0x080029ac                USB_CoreInit
 .text.USB_EnableGlobalInt
                0x08002a4e       0x22 Drivers\STM32F4xx_HAL_Driver\Src\stm32f4xx_ll_usb.o
                0x08002a4e                USB_EnableGlobalInt
 .text.USB_DisableGlobalInt
                0x08002a70       0x22 Drivers\STM32F4xx_HAL_Driver\Src\stm32f4xx_ll_usb.o
                0x08002a70                USB_DisableGlobalInt
 .text.USB_SetCurrentMode
                0x08002a92       0x4e Drivers\STM32F4xx_HAL_Driver\Src\stm32f4xx_ll_usb.o
                0x08002a92                USB_SetCurrentMode
 .text.USB_DevInit
                0x08002ae0      0x264 Drivers\STM32F4xx_HAL_Driver\Src\stm32f4xx_ll_usb.o
                0x08002ae0                USB_DevInit
 .text.USB_FlushTxFifo
                0x08002d44       0x4c Drivers\STM32F4xx_HAL_Driver\Src\stm32f4xx_ll_usb.o
                0x08002d44                USB_FlushTxFifo
 .text.USB_FlushRxFifo
                0x08002d90       0x44 Drivers\STM32F4xx_HAL_Driver\Src\stm32f4xx_ll_usb.o
                0x08002d90                USB_FlushRxFifo
 .text.USB_SetDevSpeed
                0x08002dd4       0x30 Drivers\STM32F4xx_HAL_Driver\Src\stm32f4xx_ll_usb.o
                0x08002dd4                USB_SetDevSpeed
 .text.USB_GetDevSpeed
                0x08002e04       0x6a Drivers\STM32F4xx_HAL_Driver\Src\stm32f4xx_ll_usb.o
                0x08002e04                USB_GetDevSpeed
 .text.USB_ActivateEndpoint
                0x08002e6e      0x112 Drivers\STM32F4xx_HAL_Driver\Src\stm32f4xx_ll_usb.o
                0x08002e6e                USB_ActivateEndpoint
 .text.USB_DeactivateEndpoint
                0x08002f80      0x184 Drivers\STM32F4xx_HAL_Driver\Src\stm32f4xx_ll_usb.o
                0x08002f80                USB_DeactivateEndpoint
 .text.USB_EPStartXfer
                0x08003104      0x484 Drivers\STM32F4xx_HAL_Driver\Src\stm32f4xx_ll_usb.o
                0x08003104                USB_EPStartXfer
 .text.USB_EP0StartXfer
                0x08003588      0x2be Drivers\STM32F4xx_HAL_Driver\Src\stm32f4xx_ll_usb.o
                0x08003588                USB_EP0StartXfer
 .text.USB_WritePacket
                0x08003846       0x6a Drivers\STM32F4xx_HAL_Driver\Src\stm32f4xx_ll_usb.o
                0x08003846                USB_WritePacket
 .text.USB_ReadPacket
                0x080038b0       0x4e Drivers\STM32F4xx_HAL_Driver\Src\stm32f4xx_ll_usb.o
                0x080038b0                USB_ReadPacket
 .text.USB_EPSetStall
                0x080038fe       0xe2 Drivers\STM32F4xx_HAL_Driver\Src\stm32f4xx_ll_usb.o
                0x080038fe                USB_EPSetStall
 .text.USB_EPClearStall
                0x080039e0       0xda Drivers\STM32F4xx_HAL_Driver\Src\stm32f4xx_ll_usb.o
                0x080039e0                USB_EPClearStall
 .text.USB_SetDevAddress
                0x08003aba       0x4c Drivers\STM32F4xx_HAL_Driver\Src\stm32f4xx_ll_usb.o
                0x08003aba                USB_SetDevAddress
 .text.USB_DevConnect
                0x08003b06       0x2e Drivers\STM32F4xx_HAL_Driver\Src\stm32f4xx_ll_usb.o
                0x08003b06                USB_DevConnect
 .text.USB_DevDisconnect
                0x08003b34       0x2e Drivers\STM32F4xx_HAL_Driver\Src\stm32f4xx_ll_usb.o
                0x08003b34                USB_DevDisconnect
 .text.USB_ReadInterrupts
                0x08003b62       0x2a Drivers\STM32F4xx_HAL_Driver\Src\stm32f4xx_ll_usb.o
                0x08003b62                USB_ReadInterrupts
 .text.USB_ReadDevAllOutEpInterrupt
                0x08003b8c       0x30 Drivers\STM32F4xx_HAL_Driver\Src\stm32f4xx_ll_usb.o
                0x08003b8c                USB_ReadDevAllOutEpInterrupt
 .text.USB_ReadDevAllInEpInterrupt
                0x08003bbc       0x30 Drivers\STM32F4xx_HAL_Driver\Src\stm32f4xx_ll_usb.o
                0x08003bbc                USB_ReadDevAllInEpInterrupt
 .text.USB_ReadDevOutEPInterrupt
                0x08003bec       0x38 Drivers\STM32F4xx_HAL_Driver\Src\stm32f4xx_ll_usb.o
                0x08003bec                USB_ReadDevOutEPInterrupt
 .text.USB_ReadDevInEPInterrupt
                0x08003c24       0x54 Drivers\STM32F4xx_HAL_Driver\Src\stm32f4xx_ll_usb.o
                0x08003c24                USB_ReadDevInEPInterrupt
 .text.USB_GetMode
                0x08003c78       0x1c Drivers\STM32F4xx_HAL_Driver\Src\stm32f4xx_ll_usb.o
                0x08003c78                USB_GetMode
 .text.USB_ActivateSetup
                0x08003c94       0x6c Drivers\STM32F4xx_HAL_Driver\Src\stm32f4xx_ll_usb.o
                0x08003c94                USB_ActivateSetup
 .text.USB_EP0_OutStart
                0x08003d00       0x8a Drivers\STM32F4xx_HAL_Driver\Src\stm32f4xx_ll_usb.o
                0x08003d00                USB_EP0_OutStart
 *fill*         0x08003d8a        0x2 
 .text.USB_CoreReset
                0x08003d8c       0x68 Drivers\STM32F4xx_HAL_Driver\Src\stm32f4xx_ll_usb.o
 .text.USBD_CDC_Init
                0x08003df4       0x90 Middlewares\ST\STM32_USB_Device_Library\Class\CDC\Src\usbd_cdc.o
 .text.USBD_CDC_DeInit
                0x08003e84       0x2e Middlewares\ST\STM32_USB_Device_Library\Class\CDC\Src\usbd_cdc.o
 *fill*         0x08003eb2        0x2 
 .text.USBD_CDC_Setup
                0x08003eb4       0x5c Middlewares\ST\STM32_USB_Device_Library\Class\CDC\Src\usbd_cdc.o
 .text.USBD_CDC_DataIn
                0x08003f10       0x44 Middlewares\ST\STM32_USB_Device_Library\Class\CDC\Src\usbd_cdc.o
 .text.USBD_CDC_DataOut
                0x08003f54       0x50 Middlewares\ST\STM32_USB_Device_Library\Class\CDC\Src\usbd_cdc.o
 .text.USBD_CDC_EP0_RxReady
                0x08003fa4      0x120 Middlewares\ST\STM32_USB_Device_Library\Class\CDC\Src\usbd_cdc.o
 .text.USBD_CDC_GetFSCfgDesc
                0x080040c4       0x2c Middlewares\ST\STM32_USB_Device_Library\Class\CDC\Src\usbd_cdc.o
 .text.usbd_rndis_sof
                0x080040f0       0x16 Middlewares\ST\STM32_USB_Device_Library\Class\CDC\Src\usbd_cdc.o
 .text.rndis_iso_in_incomplete
                0x08004106       0x1a Middlewares\ST\STM32_USB_Device_Library\Class\CDC\Src\usbd_cdc.o
 .text.rndis_iso_out_incomplete
                0x08004120       0x1a Middlewares\ST\STM32_USB_Device_Library\Class\CDC\Src\usbd_cdc.o
 *fill*         0x0800413a        0x2 
 .text.usbd_rndis_GetDeviceQualifierDesc
                0x0800413c       0x20 Middlewares\ST\STM32_USB_Device_Library\Class\CDC\Src\usbd_cdc.o
 .text.usbd_cdc_transfer
                0x0800415c       0xc4 Middlewares\ST\STM32_USB_Device_Library\Class\CDC\Src\usbd_cdc.o
 .text.handle_packet
                0x08004220       0x88 Middlewares\ST\STM32_USB_Device_Library\Class\CDC\Src\usbd_cdc.o
 .text.rndis_query
                0x080042a8      0x35c Middlewares\ST\STM32_USB_Device_Library\Class\CDC\Src\usbd_cdc.o
                0x080042a8                rndis_query
 .text.rndis_query_cmplt
                0x08004604       0x64 Middlewares\ST\STM32_USB_Device_Library\Class\CDC\Src\usbd_cdc.o
                0x08004604                rndis_query_cmplt
 .text.rndis_query_cmplt32
                0x08004668       0x58 Middlewares\ST\STM32_USB_Device_Library\Class\CDC\Src\usbd_cdc.o
                0x08004668                rndis_query_cmplt32
 .text.rndis_handle_set_msg
                0x080046c0       0xe8 Middlewares\ST\STM32_USB_Device_Library\Class\CDC\Src\usbd_cdc.o
                0x080046c0                rndis_handle_set_msg
 .text.xNetworkInterfaceInitialise
                0x080047a8       0x30 Middlewares\ST\STM32_USB_Device_Library\Class\CDC\Src\usbd_cdc.o
                0x080047a8                xNetworkInterfaceInitialise
 .text.xNetworkInterfaceOutput
                0x080047d8       0x58 Middlewares\ST\STM32_USB_Device_Library\Class\CDC\Src\usbd_cdc.o
                0x080047d8                xNetworkInterfaceOutput
 .text.rndis_rxproc
                0x08004830       0x78 Middlewares\ST\STM32_USB_Device_Library\Class\CDC\Src\usbd_cdc.o
 .text.prvEMACHandlerTask
                0x080048a8       0x84 Middlewares\ST\STM32_USB_Device_Library\Class\CDC\Src\usbd_cdc.o
 .text.USBD_Init
                0x0800492c       0x56 Middlewares\ST\STM32_USB_Device_Library\Core\Src\usbd_core.o
                0x0800492c                USBD_Init
 .text.USBD_RegisterClass
                0x08004982       0x34 Middlewares\ST\STM32_USB_Device_Library\Core\Src\usbd_core.o
                0x08004982                USBD_RegisterClass
 .text.USBD_Start
                0x080049b6       0x18 Middlewares\ST\STM32_USB_Device_Library\Core\Src\usbd_core.o
                0x080049b6                USBD_Start
 .text.USBD_RunTestMode
                0x080049ce       0x16 Middlewares\ST\STM32_USB_Device_Library\Core\Src\usbd_core.o
                0x080049ce                USBD_RunTestMode
 .text.USBD_SetClassConfig
                0x080049e4       0x3e Middlewares\ST\STM32_USB_Device_Library\Core\Src\usbd_core.o
                0x080049e4                USBD_SetClassConfig
 .text.USBD_ClrClassConfig
                0x08004a22       0x26 Middlewares\ST\STM32_USB_Device_Library\Core\Src\usbd_core.o
                0x08004a22                USBD_ClrClassConfig
 .text.USBD_LL_SetupStage
                0x08004a48       0x94 Middlewares\ST\STM32_USB_Device_Library\Core\Src\usbd_core.o
                0x08004a48                USBD_LL_SetupStage
 .text.USBD_LL_DataOutStage
                0x08004adc       0xb6 Middlewares\ST\STM32_USB_Device_Library\Core\Src\usbd_core.o
                0x08004adc                USBD_LL_DataOutStage
 .text.USBD_LL_DataInStage
                0x08004b92      0x11e Middlewares\ST\STM32_USB_Device_Library\Core\Src\usbd_core.o
                0x08004b92                USBD_LL_DataInStage
 .text.USBD_LL_Reset
                0x08004cb0       0x5e Middlewares\ST\STM32_USB_Device_Library\Core\Src\usbd_core.o
                0x08004cb0                USBD_LL_Reset
 .text.USBD_LL_SetSpeed
                0x08004d0e       0x20 Middlewares\ST\STM32_USB_Device_Library\Core\Src\usbd_core.o
                0x08004d0e                USBD_LL_SetSpeed
 .text.USBD_LL_Suspend
                0x08004d2e       0x2a Middlewares\ST\STM32_USB_Device_Library\Core\Src\usbd_core.o
                0x08004d2e                USBD_LL_Suspend
 .text.USBD_LL_Resume
                0x08004d58       0x22 Middlewares\ST\STM32_USB_Device_Library\Core\Src\usbd_core.o
                0x08004d58                USBD_LL_Resume
 .text.USBD_LL_SOF
                0x08004d7a       0x34 Middlewares\ST\STM32_USB_Device_Library\Core\Src\usbd_core.o
                0x08004d7a                USBD_LL_SOF
 .text.USBD_LL_IsoINIncomplete
                0x08004dae       0x1a Middlewares\ST\STM32_USB_Device_Library\Core\Src\usbd_core.o
                0x08004dae                USBD_LL_IsoINIncomplete
 .text.USBD_LL_IsoOUTIncomplete
                0x08004dc8       0x1a Middlewares\ST\STM32_USB_Device_Library\Core\Src\usbd_core.o
                0x08004dc8                USBD_LL_IsoOUTIncomplete
 .text.USBD_LL_DevConnected
                0x08004de2       0x16 Middlewares\ST\STM32_USB_Device_Library\Core\Src\usbd_core.o
                0x08004de2                USBD_LL_DevConnected
 .text.USBD_LL_DevDisconnected
                0x08004df8       0x2e Middlewares\ST\STM32_USB_Device_Library\Core\Src\usbd_core.o
                0x08004df8                USBD_LL_DevDisconnected
 *fill*         0x08004e26        0x2 
 .text.USBD_StdDevReq
                0x08004e28       0xa0 Middlewares\ST\STM32_USB_Device_Library\Core\Src\usbd_ctlreq.o
                0x08004e28                USBD_StdDevReq
 .text.USBD_StdItfReq
                0x08004ec8       0x66 Middlewares\ST\STM32_USB_Device_Library\Core\Src\usbd_ctlreq.o
                0x08004ec8                USBD_StdItfReq
 .text.USBD_StdEPReq
                0x08004f2e      0x1b0 Middlewares\ST\STM32_USB_Device_Library\Core\Src\usbd_ctlreq.o
                0x08004f2e                USBD_StdEPReq
 *fill*         0x080050de        0x2 
 .text.USBD_GetDescriptor
                0x080050e0      0x1e8 Middlewares\ST\STM32_USB_Device_Library\Core\Src\usbd_ctlreq.o
 .text.USBD_SetAddress
                0x080052c8       0x7c Middlewares\ST\STM32_USB_Device_Library\Core\Src\usbd_ctlreq.o
 .text.USBD_SetConfig
                0x08005344      0x110 Middlewares\ST\STM32_USB_Device_Library\Core\Src\usbd_ctlreq.o
 .text.USBD_GetConfig
                0x08005454       0x64 Middlewares\ST\STM32_USB_Device_Library\Core\Src\usbd_ctlreq.o
 .text.USBD_GetStatus
                0x080054b8       0x54 Middlewares\ST\STM32_USB_Device_Library\Core\Src\usbd_ctlreq.o
 .text.USBD_SetFeature
                0x0800550c       0x36 Middlewares\ST\STM32_USB_Device_Library\Core\Src\usbd_ctlreq.o
 .text.USBD_ClrFeature
                0x08005542       0x50 Middlewares\ST\STM32_USB_Device_Library\Core\Src\usbd_ctlreq.o
 .text.USBD_ParseSetupRequest
                0x08005592       0x7a Middlewares\ST\STM32_USB_Device_Library\Core\Src\usbd_ctlreq.o
                0x08005592                USBD_ParseSetupRequest
 .text.USBD_CtlError
                0x0800560c       0x22 Middlewares\ST\STM32_USB_Device_Library\Core\Src\usbd_ctlreq.o
                0x0800560c                USBD_CtlError
 .text.USBD_GetString
                0x0800562e       0x86 Middlewares\ST\STM32_USB_Device_Library\Core\Src\usbd_ctlreq.o
                0x0800562e                USBD_GetString
 .text.USBD_GetLen
                0x080056b4       0x30 Middlewares\ST\STM32_USB_Device_Library\Core\Src\usbd_ctlreq.o
 .text.USBD_CtlSendData
                0x080056e4       0x38 Middlewares\ST\STM32_USB_Device_Library\Core\Src\usbd_ioreq.o
                0x080056e4                USBD_CtlSendData
 .text.USBD_CtlContinueSendData
                0x0800571c       0x24 Middlewares\ST\STM32_USB_Device_Library\Core\Src\usbd_ioreq.o
                0x0800571c                USBD_CtlContinueSendData
 .text.USBD_CtlPrepareRx
                0x08005740       0x3c Middlewares\ST\STM32_USB_Device_Library\Core\Src\usbd_ioreq.o
                0x08005740                USBD_CtlPrepareRx
 .text.USBD_CtlContinueRx
                0x0800577c       0x24 Middlewares\ST\STM32_USB_Device_Library\Core\Src\usbd_ioreq.o
                0x0800577c                USBD_CtlContinueRx
 .text.USBD_CtlSendStatus
                0x080057a0       0x26 Middlewares\ST\STM32_USB_Device_Library\Core\Src\usbd_ioreq.o
                0x080057a0                USBD_CtlSendStatus
 .text.USBD_CtlReceiveStatus
                0x080057c6       0x26 Middlewares\ST\STM32_USB_Device_Library\Core\Src\usbd_ioreq.o
                0x080057c6                USBD_CtlReceiveStatus
 .text.makeFreeRtosPriority
                0x080057ec       0x30 Middlewares\Third_Party\FreeRTOS\Source\CMSIS_RTOS\cmsis_os.o
 .text.osKernelStart
                0x0800581c        0xe Middlewares\Third_Party\FreeRTOS\Source\CMSIS_RTOS\cmsis_os.o
                0x0800581c                osKernelStart
 .text.osThreadCreate
                0x0800582a       0x4e Middlewares\Third_Party\FreeRTOS\Source\CMSIS_RTOS\cmsis_os.o
                0x0800582a                osThreadCreate
 .text.osDelay  0x08005878       0x28 Middlewares\Third_Party\FreeRTOS\Source\CMSIS_RTOS\cmsis_os.o
                0x08005878                osDelay
 .text.osSystickHandler
                0x080058a0       0x16 Middlewares\Third_Party\FreeRTOS\Source\CMSIS_RTOS\cmsis_os.o
                0x080058a0                osSystickHandler
 .text.xEventGroupCreate
                0x080058b6       0x2e Middlewares\Third_Party\FreeRTOS\Source\event_groups.o
                0x080058b6                xEventGroupCreate
 .text.xEventGroupWaitBits
                0x080058e4      0x194 Middlewares\Third_Party\FreeRTOS\Source\event_groups.o
                0x080058e4                xEventGroupWaitBits
 .text.xEventGroupClearBits
                0x08005a78       0x6c Middlewares\Third_Party\FreeRTOS\Source\event_groups.o
                0x08005a78                xEventGroupClearBits
 .text.xEventGroupSetBits
                0x08005ae4      0x112 Middlewares\Third_Party\FreeRTOS\Source\event_groups.o
                0x08005ae4                xEventGroupSetBits
 .text.vEventGroupDelete
                0x08005bf6       0x60 Middlewares\Third_Party\FreeRTOS\Source\event_groups.o
                0x08005bf6                vEventGroupDelete
 .text.prvTestWaitCondition
                0x08005c56       0x44 Middlewares\Third_Party\FreeRTOS\Source\event_groups.o
 .text.vListInitialise
                0x08005c9a       0x40 Middlewares\Third_Party\FreeRTOS\Source\list.o
                0x08005c9a                vListInitialise
 .text.vListInitialiseItem
                0x08005cda       0x1a Middlewares\Third_Party\FreeRTOS\Source\list.o
                0x08005cda                vListInitialiseItem
 .text.vListInsertEnd
                0x08005cf4       0x48 Middlewares\Third_Party\FreeRTOS\Source\list.o
                0x08005cf4                vListInsertEnd
 .text.vListInsert
                0x08005d3c       0x72 Middlewares\Third_Party\FreeRTOS\Source\list.o
                0x08005d3c                vListInsert
 .text.uxListRemove
                0x08005dae       0x54 Middlewares\Third_Party\FreeRTOS\Source\list.o
                0x08005dae                uxListRemove
 *fill*         0x08005e02        0x2 
 .text.pxPortInitialiseStack
                0x08005e04       0x68 Middlewares\Third_Party\FreeRTOS\Source\portable\GCC\ARM_CM4F\port.o
                0x08005e04                pxPortInitialiseStack
 .text.prvTaskExitError
                0x08005e6c       0x54 Middlewares\Third_Party\FreeRTOS\Source\portable\GCC\ARM_CM4F\port.o
 .text.SVC_Handler
                0x08005ec0       0x28 Middlewares\Third_Party\FreeRTOS\Source\portable\GCC\ARM_CM4F\port.o
                0x08005ec0                SVC_Handler
 .text.prvPortStartFirstTask
                0x08005ee8       0x28 Middlewares\Third_Party\FreeRTOS\Source\portable\GCC\ARM_CM4F\port.o
 .text.xPortStartScheduler
                0x08005f10      0x13c Middlewares\Third_Party\FreeRTOS\Source\portable\GCC\ARM_CM4F\port.o
                0x08005f10                xPortStartScheduler
 .text.vPortEnterCritical
                0x0800604c       0x5c Middlewares\Third_Party\FreeRTOS\Source\portable\GCC\ARM_CM4F\port.o
                0x0800604c                vPortEnterCritical
 .text.vPortExitCritical
                0x080060a8       0x50 Middlewares\Third_Party\FreeRTOS\Source\portable\GCC\ARM_CM4F\port.o
                0x080060a8                vPortExitCritical
 *fill*         0x080060f8        0x8 
 .text.PendSV_Handler
                0x08006100       0x68 Middlewares\Third_Party\FreeRTOS\Source\portable\GCC\ARM_CM4F\port.o
                0x08006100                PendSV_Handler
 .text.xPortSysTickHandler
                0x08006168       0x40 Middlewares\Third_Party\FreeRTOS\Source\portable\GCC\ARM_CM4F\port.o
                0x08006168                xPortSysTickHandler
 .text.vPortSetupTimerInterrupt
                0x080061a8       0x48 Middlewares\Third_Party\FreeRTOS\Source\portable\GCC\ARM_CM4F\port.o
                0x080061a8                vPortSetupTimerInterrupt
 .text.vPortEnableVFP
                0x080061f0       0x14 Middlewares\Third_Party\FreeRTOS\Source\portable\GCC\ARM_CM4F\port.o
 .text.vPortValidateInterruptPriority
                0x08006204       0x7c Middlewares\Third_Party\FreeRTOS\Source\portable\GCC\ARM_CM4F\port.o
                0x08006204                vPortValidateInterruptPriority
 .text.pvPortMalloc
                0x08006280      0x184 Middlewares\Third_Party\FreeRTOS\Source\portable\MemMang\heap_4.o
                0x08006280                pvPortMalloc
 .text.vPortFree
                0x08006404       0xb0 Middlewares\Third_Party\FreeRTOS\Source\portable\MemMang\heap_4.o
                0x08006404                vPortFree
 .text.prvHeapInit
                0x080064b4       0xc4 Middlewares\Third_Party\FreeRTOS\Source\portable\MemMang\heap_4.o
 .text.prvInsertBlockIntoFreeList
                0x08006578       0xb4 Middlewares\Third_Party\FreeRTOS\Source\portable\MemMang\heap_4.o
 .text.xQueueGenericReset
                0x0800662c       0xd0 Middlewares\Third_Party\FreeRTOS\Source\queue.o
                0x0800662c                xQueueGenericReset
 .text.xQueueGenericCreate
                0x080066fc       0x72 Middlewares\Third_Party\FreeRTOS\Source\queue.o
                0x080066fc                xQueueGenericCreate
 .text.prvInitialiseNewQueue
                0x0800676e       0x3e Middlewares\Third_Party\FreeRTOS\Source\queue.o
 .text.xQueueCreateCountingSemaphore
                0x080067ac       0x62 Middlewares\Third_Party\FreeRTOS\Source\queue.o
                0x080067ac                xQueueCreateCountingSemaphore
 *fill*         0x0800680e        0x2 
 .text.xQueueGenericSend
                0x08006810      0x1f4 Middlewares\Third_Party\FreeRTOS\Source\queue.o
                0x08006810                xQueueGenericSend
 .text.xQueueReceive
                0x08006a04      0x1b8 Middlewares\Third_Party\FreeRTOS\Source\queue.o
                0x08006a04                xQueueReceive
 .text.xQueueSemaphoreTake
                0x08006bbc      0x210 Middlewares\Third_Party\FreeRTOS\Source\queue.o
                0x08006bbc                xQueueSemaphoreTake
 .text.uxQueueMessagesWaiting
                0x08006dcc       0x3a Middlewares\Third_Party\FreeRTOS\Source\queue.o
                0x08006dcc                uxQueueMessagesWaiting
 .text.vQueueDelete
                0x08006e06       0x3a Middlewares\Third_Party\FreeRTOS\Source\queue.o
                0x08006e06                vQueueDelete
 .text.prvGetDisinheritPriorityAfterTimeout
                0x08006e40       0x30 Middlewares\Third_Party\FreeRTOS\Source\queue.o
 .text.prvCopyDataToQueue
                0x08006e70       0xd4 Middlewares\Third_Party\FreeRTOS\Source\queue.o
 .text.prvCopyDataFromQueue
                0x08006f44       0x4c Middlewares\Third_Party\FreeRTOS\Source\queue.o
 .text.prvUnlockQueue
                0x08006f90       0xa4 Middlewares\Third_Party\FreeRTOS\Source\queue.o
 .text.prvIsQueueEmpty
                0x08007034       0x2c Middlewares\Third_Party\FreeRTOS\Source\queue.o
 .text.prvIsQueueFull
                0x08007060       0x30 Middlewares\Third_Party\FreeRTOS\Source\queue.o
 .text.vQueueAddToRegistry
                0x08007090       0x50 Middlewares\Third_Party\FreeRTOS\Source\queue.o
                0x08007090                vQueueAddToRegistry
 .text.vQueueUnregisterQueue
                0x080070e0       0x54 Middlewares\Third_Party\FreeRTOS\Source\queue.o
                0x080070e0                vQueueUnregisterQueue
 .text.xTaskCreate
                0x08007134       0x82 Middlewares\Third_Party\FreeRTOS\Source\tasks.o
                0x08007134                xTaskCreate
 .text.prvInitialiseNewTask
                0x080071b6       0xfc Middlewares\Third_Party\FreeRTOS\Source\tasks.o
 *fill*         0x080072b2        0x2 
 .text.prvAddNewTaskToReadyList
                0x080072b4       0xd4 Middlewares\Third_Party\FreeRTOS\Source\tasks.o
 .text.vTaskDelete
                0x08007388      0x11c Middlewares\Third_Party\FreeRTOS\Source\tasks.o
                0x08007388                vTaskDelete
 .text.vTaskDelay
                0x080074a4       0x68 Middlewares\Third_Party\FreeRTOS\Source\tasks.o
                0x080074a4                vTaskDelay
 .text.vTaskStartScheduler
                0x0800750c       0x8c Middlewares\Third_Party\FreeRTOS\Source\tasks.o
                0x0800750c                vTaskStartScheduler
 .text.vTaskSuspendAll
                0x08007598       0x1c Middlewares\Third_Party\FreeRTOS\Source\tasks.o
                0x08007598                vTaskSuspendAll
 .text.xTaskResumeAll
                0x080075b4      0x138 Middlewares\Third_Party\FreeRTOS\Source\tasks.o
                0x080075b4                xTaskResumeAll
 .text.xTaskGetTickCount
                0x080076ec       0x20 Middlewares\Third_Party\FreeRTOS\Source\tasks.o
                0x080076ec                xTaskGetTickCount
 .text.xTaskIncrementTick
                0x0800770c      0x178 Middlewares\Third_Party\FreeRTOS\Source\tasks.o
                0x0800770c                xTaskIncrementTick
 .text.vTaskSwitchContext
                0x08007884       0xb4 Middlewares\Third_Party\FreeRTOS\Source\tasks.o
                0x08007884                vTaskSwitchContext
 .text.vTaskPlaceOnEventList
                0x08007938       0x48 Middlewares\Third_Party\FreeRTOS\Source\tasks.o
                0x08007938                vTaskPlaceOnEventList
 .text.vTaskPlaceOnUnorderedEventList
                0x08007980       0x74 Middlewares\Third_Party\FreeRTOS\Source\tasks.o
                0x08007980                vTaskPlaceOnUnorderedEventList
 .text.xTaskRemoveFromEventList
                0x080079f4       0xc4 Middlewares\Third_Party\FreeRTOS\Source\tasks.o
                0x080079f4                xTaskRemoveFromEventList
 .text.vTaskRemoveFromUnorderedEventList
                0x08007ab8       0xc0 Middlewares\Third_Party\FreeRTOS\Source\tasks.o
                0x08007ab8                vTaskRemoveFromUnorderedEventList
 .text.vTaskSetTimeOutState
                0x08007b78       0x4c Middlewares\Third_Party\FreeRTOS\Source\tasks.o
                0x08007b78                vTaskSetTimeOutState
 .text.vTaskInternalSetTimeOutState
                0x08007bc4       0x2c Middlewares\Third_Party\FreeRTOS\Source\tasks.o
                0x08007bc4                vTaskInternalSetTimeOutState
 .text.xTaskCheckForTimeOut
                0x08007bf0       0xc0 Middlewares\Third_Party\FreeRTOS\Source\tasks.o
                0x08007bf0                xTaskCheckForTimeOut
 .text.vTaskMissedYield
                0x08007cb0       0x18 Middlewares\Third_Party\FreeRTOS\Source\tasks.o
                0x08007cb0                vTaskMissedYield
 .text.prvIdleTask
                0x08007cc8       0x30 Middlewares\Third_Party\FreeRTOS\Source\tasks.o
 .text.prvInitialiseTaskLists
                0x08007cf8       0x80 Middlewares\Third_Party\FreeRTOS\Source\tasks.o
 .text.prvCheckTasksWaitingTermination
                0x08007d78       0x58 Middlewares\Third_Party\FreeRTOS\Source\tasks.o
 .text.prvDeleteTCB
                0x08007dd0       0x20 Middlewares\Third_Party\FreeRTOS\Source\tasks.o
 .text.prvResetNextTaskUnblockTime
                0x08007df0       0x4c Middlewares\Third_Party\FreeRTOS\Source\tasks.o
 .text.xTaskGetCurrentTaskHandle
                0x08007e3c       0x20 Middlewares\Third_Party\FreeRTOS\Source\tasks.o
                0x08007e3c                xTaskGetCurrentTaskHandle
 .text.xTaskGetSchedulerState
                0x08007e5c       0x3c Middlewares\Third_Party\FreeRTOS\Source\tasks.o
                0x08007e5c                xTaskGetSchedulerState
 .text.xTaskPriorityInherit
                0x08007e98      0x10c Middlewares\Third_Party\FreeRTOS\Source\tasks.o
                0x08007e98                xTaskPriorityInherit
 .text.xTaskPriorityDisinherit
                0x08007fa4      0x108 Middlewares\Third_Party\FreeRTOS\Source\tasks.o
                0x08007fa4                xTaskPriorityDisinherit
 .text.vTaskPriorityDisinheritAfterTimeout
                0x080080ac      0x13c Middlewares\Third_Party\FreeRTOS\Source\tasks.o
                0x080080ac                vTaskPriorityDisinheritAfterTimeout
 .text.uxTaskResetEventItemValue
                0x080081e8       0x30 Middlewares\Third_Party\FreeRTOS\Source\tasks.o
                0x080081e8                uxTaskResetEventItemValue
 .text.pvTaskIncrementMutexHeldCount
                0x08008218       0x28 Middlewares\Third_Party\FreeRTOS\Source\tasks.o
                0x08008218                pvTaskIncrementMutexHeldCount
 .text.ulTaskNotifyTake
                0x08008240       0x90 Middlewares\Third_Party\FreeRTOS\Source\tasks.o
                0x08008240                ulTaskNotifyTake
 .text.vTaskNotifyGiveFromISR
                0x080082d0      0x120 Middlewares\Third_Party\FreeRTOS\Source\tasks.o
                0x080082d0                vTaskNotifyGiveFromISR
 .text.prvAddCurrentTaskToDelayedList
                0x080083f0       0xcc Middlewares\Third_Party\FreeRTOS\Source\tasks.o
 .text.eARPProcessPacket
                0x080084bc      0x100 Middlewares\Third_Party\FreeRTOS-Plus\FreeRTOS-Plus-TCP\FreeRTOS_ARP.o
                0x080084bc                eARPProcessPacket
 .text.vARPRefreshCacheEntry
                0x080085bc      0x1f0 Middlewares\Third_Party\FreeRTOS-Plus\FreeRTOS-Plus-TCP\FreeRTOS_ARP.o
                0x080085bc                vARPRefreshCacheEntry
 .text.eARPGetCacheEntry
                0x080087ac       0xcc Middlewares\Third_Party\FreeRTOS-Plus\FreeRTOS-Plus-TCP\FreeRTOS_ARP.o
                0x080087ac                eARPGetCacheEntry
 .text.prvCacheLookup
                0x08008878       0x80 Middlewares\Third_Party\FreeRTOS-Plus\FreeRTOS-Plus-TCP\FreeRTOS_ARP.o
 .text.vARPAgeCache
                0x080088f8      0x11c Middlewares\Third_Party\FreeRTOS-Plus\FreeRTOS-Plus-TCP\FreeRTOS_ARP.o
                0x080088f8                vARPAgeCache
 .text.vARPSendGratuitous
                0x08008a14       0x18 Middlewares\Third_Party\FreeRTOS-Plus\FreeRTOS-Plus-TCP\FreeRTOS_ARP.o
                0x08008a14                vARPSendGratuitous
 .text.FreeRTOS_OutputARPRequest
                0x08008a2c       0x34 Middlewares\Third_Party\FreeRTOS-Plus\FreeRTOS-Plus-TCP\FreeRTOS_ARP.o
                0x08008a2c                FreeRTOS_OutputARPRequest
 .text.vARPGenerateRequestPacket
                0x08008a60       0x84 Middlewares\Third_Party\FreeRTOS-Plus\FreeRTOS-Plus-TCP\FreeRTOS_ARP.o
                0x08008a60                vARPGenerateRequestPacket
 .text.xIsDHCPSocket
                0x08008ae4       0x30 Middlewares\Third_Party\FreeRTOS-Plus\FreeRTOS-Plus-TCP\FreeRTOS_DHCP.o
                0x08008ae4                xIsDHCPSocket
 .text.vDHCPProcess
                0x08008b14      0x258 Middlewares\Third_Party\FreeRTOS-Plus\FreeRTOS-Plus-TCP\FreeRTOS_DHCP.o
                0x08008b14                vDHCPProcess
 .text.prvCreateDHCPSocket
                0x08008d6c       0x94 Middlewares\Third_Party\FreeRTOS-Plus\FreeRTOS-Plus-TCP\FreeRTOS_DHCP.o
 .text.prvInitialiseDHCP
                0x08008e00       0x50 Middlewares\Third_Party\FreeRTOS-Plus\FreeRTOS-Plus-TCP\FreeRTOS_DHCP.o
 .text.prvProcessDHCPReplies
                0x08008e50      0x30c Middlewares\Third_Party\FreeRTOS-Plus\FreeRTOS-Plus-TCP\FreeRTOS_DHCP.o
 .text.prvCreatePartDHCPMessage
                0x0800915c      0x16c Middlewares\Third_Party\FreeRTOS-Plus\FreeRTOS-Plus-TCP\FreeRTOS_DHCP.o
 .text.prvSendDHCPRequest
                0x080092c8       0x64 Middlewares\Third_Party\FreeRTOS-Plus\FreeRTOS-Plus-TCP\FreeRTOS_DHCP.o
 .text.prvSendDHCPDiscover
                0x0800932c       0x50 Middlewares\Third_Party\FreeRTOS-Plus\FreeRTOS-Plus-TCP\FreeRTOS_DHCP.o
 .text.usChar2u16
                0x0800937c       0x2a Middlewares\Third_Party\FreeRTOS-Plus\FreeRTOS-Plus-TCP\FreeRTOS_DNS.o
 *fill*         0x080093a6        0x2 
 .text.vDNSInitialise
                0x080093a8       0x14 Middlewares\Third_Party\FreeRTOS-Plus\FreeRTOS-Plus-TCP\FreeRTOS_DNS.o
                0x080093a8                vDNSInitialise
 .text.vDNSCheckCallBack
                0x080093bc       0xa8 Middlewares\Third_Party\FreeRTOS-Plus\FreeRTOS-Plus-TCP\FreeRTOS_DNS.o
                0x080093bc                vDNSCheckCallBack
 .text.vDNSDoCallback
                0x08009464       0x80 Middlewares\Third_Party\FreeRTOS-Plus\FreeRTOS-Plus-TCP\FreeRTOS_DNS.o
 .text.prvReadNameField
                0x080094e4       0x98 Middlewares\Third_Party\FreeRTOS-Plus\FreeRTOS-Plus-TCP\FreeRTOS_DNS.o
 .text.prvSkipNameField
                0x0800957c       0x44 Middlewares\Third_Party\FreeRTOS-Plus\FreeRTOS-Plus-TCP\FreeRTOS_DNS.o
 .text.ulDNSHandlePacket
                0x080095c0       0x2c Middlewares\Third_Party\FreeRTOS-Plus\FreeRTOS-Plus-TCP\FreeRTOS_DNS.o
                0x080095c0                ulDNSHandlePacket
 .text.prvParseDNSReply
                0x080095ec      0x4a4 Middlewares\Third_Party\FreeRTOS-Plus\FreeRTOS-Plus-TCP\FreeRTOS_DNS.o
 .text.prvReplyDNSMessage
                0x08009a90       0xd4 Middlewares\Third_Party\FreeRTOS-Plus\FreeRTOS-Plus-TCP\FreeRTOS_DNS.o
 .text.prvProcessDNSCache
                0x08009b64      0x104 Middlewares\Third_Party\FreeRTOS-Plus\FreeRTOS-Plus-TCP\FreeRTOS_DNS.o
 .text.prvIPTask
                0x08009c68      0x168 Middlewares\Third_Party\FreeRTOS-Plus\FreeRTOS-Plus-TCP\FreeRTOS_IP.o
 .text.xIsCallingFromIPTask
                0x08009dd0       0x2c Middlewares\Third_Party\FreeRTOS-Plus\FreeRTOS-Plus-TCP\FreeRTOS_IP.o
                0x08009dd0                xIsCallingFromIPTask
 .text.prvHandleEthernetPacket
                0x08009dfc       0x16 Middlewares\Third_Party\FreeRTOS-Plus\FreeRTOS-Plus-TCP\FreeRTOS_IP.o
 *fill*         0x08009e12        0x2 
 .text.prvCalculateSleepTime
                0x08009e14       0x94 Middlewares\Third_Party\FreeRTOS-Plus\FreeRTOS-Plus-TCP\FreeRTOS_IP.o
 .text.prvCheckNetworkTimers
                0x08009ea8       0xdc Middlewares\Third_Party\FreeRTOS-Plus\FreeRTOS-Plus-TCP\FreeRTOS_IP.o
 .text.prvIPTimerStart
                0x08009f84       0x48 Middlewares\Third_Party\FreeRTOS-Plus\FreeRTOS-Plus-TCP\FreeRTOS_IP.o
 .text.prvIPTimerReload
                0x08009fcc       0x20 Middlewares\Third_Party\FreeRTOS-Plus\FreeRTOS-Plus-TCP\FreeRTOS_IP.o
 .text.prvIPTimerCheck
                0x08009fec       0x60 Middlewares\Third_Party\FreeRTOS-Plus\FreeRTOS-Plus-TCP\FreeRTOS_IP.o
 .text.FreeRTOS_NetworkDown
                0x0800a04c       0x38 Middlewares\Third_Party\FreeRTOS-Plus\FreeRTOS-Plus-TCP\FreeRTOS_IP.o
                0x0800a04c                FreeRTOS_NetworkDown
 .text.FreeRTOS_GetUDPPayloadBuffer
                0x0800a084       0x46 Middlewares\Third_Party\FreeRTOS-Plus\FreeRTOS-Plus-TCP\FreeRTOS_IP.o
                0x0800a084                FreeRTOS_GetUDPPayloadBuffer
 .text.pxDuplicateNetworkBufferWithDescriptor
                0x0800a0ca       0x50 Middlewares\Third_Party\FreeRTOS-Plus\FreeRTOS-Plus-TCP\FreeRTOS_IP.o
                0x0800a0ca                pxDuplicateNetworkBufferWithDescriptor
 .text.pxUDPPayloadBuffer_to_NetworkBuffer
                0x0800a11a       0x42 Middlewares\Third_Party\FreeRTOS-Plus\FreeRTOS-Plus-TCP\FreeRTOS_IP.o
                0x0800a11a                pxUDPPayloadBuffer_to_NetworkBuffer
 .text.FreeRTOS_ReleaseUDPPayloadBuffer
                0x0800a15c       0x1e Middlewares\Third_Party\FreeRTOS-Plus\FreeRTOS-Plus-TCP\FreeRTOS_IP.o
                0x0800a15c                FreeRTOS_ReleaseUDPPayloadBuffer
 *fill*         0x0800a17a        0x2 
 .text.FreeRTOS_IPInit
                0x0800a17c      0x1d4 Middlewares\Third_Party\FreeRTOS-Plus\FreeRTOS-Plus-TCP\FreeRTOS_IP.o
                0x0800a17c                FreeRTOS_IPInit
 .text.xSendEventToIPTask
                0x0800a350       0x2c Middlewares\Third_Party\FreeRTOS-Plus\FreeRTOS-Plus-TCP\FreeRTOS_IP.o
                0x0800a350                xSendEventToIPTask
 .text.xSendEventStructToIPTask
                0x0800a37c       0x94 Middlewares\Third_Party\FreeRTOS-Plus\FreeRTOS-Plus-TCP\FreeRTOS_IP.o
                0x0800a37c                xSendEventStructToIPTask
 .text.eConsiderFrameForProcessing
                0x0800a410       0xa0 Middlewares\Third_Party\FreeRTOS-Plus\FreeRTOS-Plus-TCP\FreeRTOS_IP.o
                0x0800a410                eConsiderFrameForProcessing
 .text.prvProcessNetworkDownEvent
                0x0800a4b0       0x54 Middlewares\Third_Party\FreeRTOS-Plus\FreeRTOS-Plus-TCP\FreeRTOS_IP.o
 .text.vIPNetworkUpCalls
                0x0800a504       0x2c Middlewares\Third_Party\FreeRTOS-Plus\FreeRTOS-Plus-TCP\FreeRTOS_IP.o
                0x0800a504                vIPNetworkUpCalls
 .text.prvProcessEthernetPacket
                0x0800a530       0x96 Middlewares\Third_Party\FreeRTOS-Plus\FreeRTOS-Plus-TCP\FreeRTOS_IP.o
 *fill*         0x0800a5c6        0x2 
 .text.prvAllowIPPacket
                0x0800a5c8       0x94 Middlewares\Third_Party\FreeRTOS-Plus\FreeRTOS-Plus-TCP\FreeRTOS_IP.o
 .text.prvProcessIPPacket
                0x0800a65c      0x158 Middlewares\Third_Party\FreeRTOS-Plus\FreeRTOS-Plus-TCP\FreeRTOS_IP.o
 .text.prvProcessICMPEchoReply
                0x0800a7b4       0x82 Middlewares\Third_Party\FreeRTOS-Plus\FreeRTOS-Plus-TCP\FreeRTOS_IP.o
 *fill*         0x0800a836        0x2 
 .text.prvProcessICMPEchoRequest
                0x0800a838       0xb0 Middlewares\Third_Party\FreeRTOS-Plus\FreeRTOS-Plus-TCP\FreeRTOS_IP.o
 .text.prvProcessICMPPacket
                0x0800a8e8       0x3a Middlewares\Third_Party\FreeRTOS-Plus\FreeRTOS-Plus-TCP\FreeRTOS_IP.o
 *fill*         0x0800a922        0x2 
 .text.vReturnEthernetFrame
                0x0800a924       0x40 Middlewares\Third_Party\FreeRTOS-Plus\FreeRTOS-Plus-TCP\FreeRTOS_IP.o
                0x0800a924                vReturnEthernetFrame
 .text.vIPSetDHCPTimerEnableState
                0x0800a964       0x34 Middlewares\Third_Party\FreeRTOS-Plus\FreeRTOS-Plus-TCP\FreeRTOS_IP.o
                0x0800a964                vIPSetDHCPTimerEnableState
 .text.vIPReloadDHCPTimer
                0x0800a998       0x1c Middlewares\Third_Party\FreeRTOS-Plus\FreeRTOS-Plus-TCP\FreeRTOS_IP.o
                0x0800a998                vIPReloadDHCPTimer
 .text.vIPSetDnsTimerEnableState
                0x0800a9b4       0x34 Middlewares\Third_Party\FreeRTOS-Plus\FreeRTOS-Plus-TCP\FreeRTOS_IP.o
                0x0800a9b4                vIPSetDnsTimerEnableState
 .text.xIPIsNetworkTaskReady
                0x0800a9e8       0x18 Middlewares\Third_Party\FreeRTOS-Plus\FreeRTOS-Plus-TCP\FreeRTOS_IP.o
                0x0800a9e8                xIPIsNetworkTaskReady
 .text.FreeRTOS_max_uint32
                0x0800aa00       0x20 Middlewares\Third_Party\FreeRTOS-Plus\FreeRTOS-Plus-TCP\FreeRTOS_Sockets.o
 .text.FreeRTOS_round_up
                0x0800aa20       0x2a Middlewares\Third_Party\FreeRTOS-Plus\FreeRTOS-Plus-TCP\FreeRTOS_Sockets.o
 .text.uxStreamBufferSpace
                0x0800aa4a       0x3e Middlewares\Third_Party\FreeRTOS-Plus\FreeRTOS-Plus-TCP\FreeRTOS_Sockets.o
 .text.uxStreamBufferDistance
                0x0800aa88       0x3c Middlewares\Third_Party\FreeRTOS-Plus\FreeRTOS-Plus-TCP\FreeRTOS_Sockets.o
 .text.uxStreamBufferGetSpace
                0x0800aac4       0x28 Middlewares\Third_Party\FreeRTOS-Plus\FreeRTOS-Plus-TCP\FreeRTOS_Sockets.o
 .text.uxStreamBufferFrontSpace
                0x0800aaec       0x28 Middlewares\Third_Party\FreeRTOS-Plus\FreeRTOS-Plus-TCP\FreeRTOS_Sockets.o
 .text.uxStreamBufferGetSize
                0x0800ab14       0x28 Middlewares\Third_Party\FreeRTOS-Plus\FreeRTOS-Plus-TCP\FreeRTOS_Sockets.o
 .text.prvValidSocket
                0x0800ab3c       0x58 Middlewares\Third_Party\FreeRTOS-Plus\FreeRTOS-Plus-TCP\FreeRTOS_Sockets.o
 .text.vNetworkSocketsInit
                0x0800ab94       0x8c Middlewares\Third_Party\FreeRTOS-Plus\FreeRTOS-Plus-TCP\FreeRTOS_Sockets.o
                0x0800ab94                vNetworkSocketsInit
 .text.prvDetermineSocketSize
                0x0800ac20       0xc0 Middlewares\Third_Party\FreeRTOS-Plus\FreeRTOS-Plus-TCP\FreeRTOS_Sockets.o
 .text.FreeRTOS_socket
                0x0800ace0      0x134 Middlewares\Third_Party\FreeRTOS-Plus\FreeRTOS-Plus-TCP\FreeRTOS_Sockets.o
                0x0800ace0                FreeRTOS_socket
 .text.FreeRTOS_recvfrom
                0x0800ae14      0x19a Middlewares\Third_Party\FreeRTOS-Plus\FreeRTOS-Plus-TCP\FreeRTOS_Sockets.o
                0x0800ae14                FreeRTOS_recvfrom
 .text.FreeRTOS_sendto
                0x0800afae      0x138 Middlewares\Third_Party\FreeRTOS-Plus\FreeRTOS-Plus-TCP\FreeRTOS_Sockets.o
                0x0800afae                FreeRTOS_sendto
 .text.FreeRTOS_bind
                0x0800b0e6       0xbe Middlewares\Third_Party\FreeRTOS-Plus\FreeRTOS-Plus-TCP\FreeRTOS_Sockets.o
                0x0800b0e6                FreeRTOS_bind
 .text.vSocketBind
                0x0800b1a4      0x120 Middlewares\Third_Party\FreeRTOS-Plus\FreeRTOS-Plus-TCP\FreeRTOS_Sockets.o
                0x0800b1a4                vSocketBind
 .text.FreeRTOS_closesocket
                0x0800b2c4       0x4c Middlewares\Third_Party\FreeRTOS-Plus\FreeRTOS-Plus-TCP\FreeRTOS_Sockets.o
                0x0800b2c4                FreeRTOS_closesocket
 .text.vSocketClose
                0x0800b310       0xc0 Middlewares\Third_Party\FreeRTOS-Plus\FreeRTOS-Plus-TCP\FreeRTOS_Sockets.o
                0x0800b310                vSocketClose
 .text.prvTCPSetSocketCount
                0x0800b3d0       0x70 Middlewares\Third_Party\FreeRTOS-Plus\FreeRTOS-Plus-TCP\FreeRTOS_Sockets.o
 .text.FreeRTOS_setsockopt
                0x0800b440      0x344 Middlewares\Third_Party\FreeRTOS-Plus\FreeRTOS-Plus-TCP\FreeRTOS_Sockets.o
                0x0800b440                FreeRTOS_setsockopt
 .text.prvGetPrivatePortNumber
                0x0800b784       0x98 Middlewares\Third_Party\FreeRTOS-Plus\FreeRTOS-Plus-TCP\FreeRTOS_Sockets.o
 .text.pxListFindListItemWithValue
                0x0800b81c       0x54 Middlewares\Third_Party\FreeRTOS-Plus\FreeRTOS-Plus-TCP\FreeRTOS_Sockets.o
 .text.pxUDPSocketLookup
                0x0800b870       0x4c Middlewares\Third_Party\FreeRTOS-Plus\FreeRTOS-Plus-TCP\FreeRTOS_Sockets.o
                0x0800b870                pxUDPSocketLookup
 .text.vSocketWakeUpUser
                0x0800b8bc       0x76 Middlewares\Third_Party\FreeRTOS-Plus\FreeRTOS-Plus-TCP\FreeRTOS_Sockets.o
                0x0800b8bc                vSocketWakeUpUser
 *fill*         0x0800b932        0x2 
 .text.xTCPTimerCheck
                0x0800b934       0xe4 Middlewares\Third_Party\FreeRTOS-Plus\FreeRTOS-Plus-TCP\FreeRTOS_Sockets.o
                0x0800b934                xTCPTimerCheck
 .text.pxTCPSocketLookup
                0x0800ba18       0x8c Middlewares\Third_Party\FreeRTOS-Plus\FreeRTOS-Plus-TCP\FreeRTOS_Sockets.o
                0x0800ba18                pxTCPSocketLookup
 .text.prvTCPCreateStream
                0x0800baa4       0xbc Middlewares\Third_Party\FreeRTOS-Plus\FreeRTOS-Plus-TCP\FreeRTOS_Sockets.o
 .text.lTCPAddRxdata
                0x0800bb60       0xc4 Middlewares\Third_Party\FreeRTOS-Plus\FreeRTOS-Plus-TCP\FreeRTOS_Sockets.o
                0x0800bb60                lTCPAddRxdata
 .text.FreeRTOS_tx_space
                0x0800bc24       0x46 Middlewares\Third_Party\FreeRTOS-Plus\FreeRTOS-Plus-TCP\FreeRTOS_Sockets.o
                0x0800bc24                FreeRTOS_tx_space
 .text.FreeRTOS_tx_size
                0x0800bc6a       0x44 Middlewares\Third_Party\FreeRTOS-Plus\FreeRTOS-Plus-TCP\FreeRTOS_Sockets.o
                0x0800bc6a                FreeRTOS_tx_size
 .text.FreeRTOS_rx_size
                0x0800bcae       0x44 Middlewares\Third_Party\FreeRTOS-Plus\FreeRTOS-Plus-TCP\FreeRTOS_Sockets.o
                0x0800bcae                FreeRTOS_rx_size
 *fill*         0x0800bcf2        0x2 
 .text.vSocketSelect
                0x0800bcf4      0x218 Middlewares\Third_Party\FreeRTOS-Plus\FreeRTOS-Plus-TCP\FreeRTOS_Sockets.o
                0x0800bcf4                vSocketSelect
 .text.FreeRTOS_SignalSocket
                0x0800bf0c       0x6a Middlewares\Third_Party\FreeRTOS-Plus\FreeRTOS-Plus-TCP\FreeRTOS_Sockets.o
                0x0800bf0c                FreeRTOS_SignalSocket
 .text.FreeRTOS_min_uint32
                0x0800bf76       0x20 Middlewares\Third_Party\FreeRTOS-Plus\FreeRTOS-Plus-TCP\FreeRTOS_Stream_Buffer.o
 .text.uxStreamBufferSpace
                0x0800bf96       0x3e Middlewares\Third_Party\FreeRTOS-Plus\FreeRTOS-Plus-TCP\FreeRTOS_Stream_Buffer.o
 .text.uxStreamBufferDistance
                0x0800bfd4       0x3c Middlewares\Third_Party\FreeRTOS-Plus\FreeRTOS-Plus-TCP\FreeRTOS_Stream_Buffer.o
 .text.uxStreamBufferGetSpace
                0x0800c010       0x28 Middlewares\Third_Party\FreeRTOS-Plus\FreeRTOS-Plus-TCP\FreeRTOS_Stream_Buffer.o
 .text.uxStreamBufferGetSize
                0x0800c038       0x28 Middlewares\Third_Party\FreeRTOS-Plus\FreeRTOS-Plus-TCP\FreeRTOS_Stream_Buffer.o
 .text.xStreamBufferLessThenEqual
                0x0800c060       0x6a Middlewares\Third_Party\FreeRTOS-Plus\FreeRTOS-Plus-TCP\FreeRTOS_Stream_Buffer.o
 .text.uxStreamBufferAdd
                0x0800c0ca       0xfc Middlewares\Third_Party\FreeRTOS-Plus\FreeRTOS-Plus-TCP\FreeRTOS_Stream_Buffer.o
                0x0800c0ca                uxStreamBufferAdd
 .text.uxStreamBufferGet
                0x0800c1c6       0xe8 Middlewares\Third_Party\FreeRTOS-Plus\FreeRTOS-Plus-TCP\FreeRTOS_Stream_Buffer.o
                0x0800c1c6                uxStreamBufferGet
 .text.FreeRTOS_max_int32
                0x0800c2ae       0x20 Middlewares\Third_Party\FreeRTOS-Plus\FreeRTOS-Plus-TCP\FreeRTOS_TCP_IP.o
 .text.FreeRTOS_min_int32
                0x0800c2ce       0x20 Middlewares\Third_Party\FreeRTOS-Plus\FreeRTOS-Plus-TCP\FreeRTOS_TCP_IP.o
 .text.FreeRTOS_min_uint32
                0x0800c2ee       0x20 Middlewares\Third_Party\FreeRTOS-Plus\FreeRTOS-Plus-TCP\FreeRTOS_TCP_IP.o
 .text.uxStreamBufferSpace
                0x0800c30e       0x3e Middlewares\Third_Party\FreeRTOS-Plus\FreeRTOS-Plus-TCP\FreeRTOS_TCP_IP.o
 .text.uxStreamBufferDistance
                0x0800c34c       0x3c Middlewares\Third_Party\FreeRTOS-Plus\FreeRTOS-Plus-TCP\FreeRTOS_TCP_IP.o
 .text.uxStreamBufferGetSpace
                0x0800c388       0x28 Middlewares\Third_Party\FreeRTOS-Plus\FreeRTOS-Plus-TCP\FreeRTOS_TCP_IP.o
 .text.uxStreamBufferFrontSpace
                0x0800c3b0       0x28 Middlewares\Third_Party\FreeRTOS-Plus\FreeRTOS-Plus-TCP\FreeRTOS_TCP_IP.o
 .text.uxStreamBufferMidSpace
                0x0800c3d8       0x28 Middlewares\Third_Party\FreeRTOS-Plus\FreeRTOS-Plus-TCP\FreeRTOS_TCP_IP.o
 .text.vStreamBufferMoveMid
                0x0800c400       0x4c Middlewares\Third_Party\FreeRTOS-Plus\FreeRTOS-Plus-TCP\FreeRTOS_TCP_IP.o
 .text.ulChar2u32
                0x0800c44c       0x36 Middlewares\Third_Party\FreeRTOS-Plus\FreeRTOS-Plus-TCP\FreeRTOS_TCP_IP.o
 .text.usChar2u16
                0x0800c482       0x2a Middlewares\Third_Party\FreeRTOS-Plus\FreeRTOS-Plus-TCP\FreeRTOS_TCP_IP.o
 .text.prvTCPSocketIsActive
                0x0800c4ac       0x58 Middlewares\Third_Party\FreeRTOS-Plus\FreeRTOS-Plus-TCP\FreeRTOS_TCP_IP.o
 .text.prvTCPStatusAgeCheck
                0x0800c504       0xac Middlewares\Third_Party\FreeRTOS-Plus\FreeRTOS-Plus-TCP\FreeRTOS_TCP_IP.o
 .text.xTCPSocketCheck
                0x0800c5b0       0xc4 Middlewares\Third_Party\FreeRTOS-Plus\FreeRTOS-Plus-TCP\FreeRTOS_TCP_IP.o
                0x0800c5b0                xTCPSocketCheck
 .text.prvTCPSendPacket
                0x0800c674       0xb6 Middlewares\Third_Party\FreeRTOS-Plus\FreeRTOS-Plus-TCP\FreeRTOS_TCP_IP.o
 .text.prvTCPSendRepeated
                0x0800c72a       0x5a Middlewares\Third_Party\FreeRTOS-Plus\FreeRTOS-Plus-TCP\FreeRTOS_TCP_IP.o
 .text.prvTCPReturnPacket
                0x0800c784      0x354 Middlewares\Third_Party\FreeRTOS-Plus\FreeRTOS-Plus-TCP\FreeRTOS_TCP_IP.o
 .text.prvTCPCreateWindow
                0x0800cad8       0x50 Middlewares\Third_Party\FreeRTOS-Plus\FreeRTOS-Plus-TCP\FreeRTOS_TCP_IP.o
 .text.prvTCPPrepareConnect
                0x0800cb28      0x1b0 Middlewares\Third_Party\FreeRTOS-Plus\FreeRTOS-Plus-TCP\FreeRTOS_TCP_IP.o
 .text.prvCheckOptions
                0x0800ccd8      0x1e0 Middlewares\Third_Party\FreeRTOS-Plus\FreeRTOS-Plus-TCP\FreeRTOS_TCP_IP.o
 .text.prvWinScaleFactor
                0x0800ceb8       0x42 Middlewares\Third_Party\FreeRTOS-Plus\FreeRTOS-Plus-TCP\FreeRTOS_TCP_IP.o
 .text.prvSetSynAckOptions
                0x0800cefa       0xa8 Middlewares\Third_Party\FreeRTOS-Plus\FreeRTOS-Plus-TCP\FreeRTOS_TCP_IP.o
 .text.prvTCPTouchSocket
                0x0800cfa2       0x48 Middlewares\Third_Party\FreeRTOS-Plus\FreeRTOS-Plus-TCP\FreeRTOS_TCP_IP.o
 .text.vTCPStateChange
                0x0800cfea      0x1b6 Middlewares\Third_Party\FreeRTOS-Plus\FreeRTOS-Plus-TCP\FreeRTOS_TCP_IP.o
                0x0800cfea                vTCPStateChange
 .text.prvTCPBufferResize
                0x0800d1a0       0xc0 Middlewares\Third_Party\FreeRTOS-Plus\FreeRTOS-Plus-TCP\FreeRTOS_TCP_IP.o
 .text.prvTCPPrepareSend
                0x0800d260      0x2ce Middlewares\Third_Party\FreeRTOS-Plus\FreeRTOS-Plus-TCP\FreeRTOS_TCP_IP.o
 *fill*         0x0800d52e        0x2 
 .text.prvTCPNextTimeout
                0x0800d530       0xfc Middlewares\Third_Party\FreeRTOS-Plus\FreeRTOS-Plus-TCP\FreeRTOS_TCP_IP.o
 .text.prvTCPAddTxData
                0x0800d62c       0x54 Middlewares\Third_Party\FreeRTOS-Plus\FreeRTOS-Plus-TCP\FreeRTOS_TCP_IP.o
 .text.prvTCPHandleFin
                0x0800d680      0x14a Middlewares\Third_Party\FreeRTOS-Plus\FreeRTOS-Plus-TCP\FreeRTOS_TCP_IP.o
 .text.prvCheckRxData
                0x0800d7ca       0xce Middlewares\Third_Party\FreeRTOS-Plus\FreeRTOS-Plus-TCP\FreeRTOS_TCP_IP.o
 .text.prvStoreRxData
                0x0800d898       0xe8 Middlewares\Third_Party\FreeRTOS-Plus\FreeRTOS-Plus-TCP\FreeRTOS_TCP_IP.o
 .text.prvSetOptions
                0x0800d980       0xbc Middlewares\Third_Party\FreeRTOS-Plus\FreeRTOS-Plus-TCP\FreeRTOS_TCP_IP.o
 .text.prvHandleSynReceived
                0x0800da3c      0x182 Middlewares\Third_Party\FreeRTOS-Plus\FreeRTOS-Plus-TCP\FreeRTOS_TCP_IP.o
 .text.prvHandleEstablished
                0x0800dbbe      0x22c Middlewares\Third_Party\FreeRTOS-Plus\FreeRTOS-Plus-TCP\FreeRTOS_TCP_IP.o
 *fill*         0x0800ddea        0x2 
 .text.prvSendData
                0x0800ddec      0x17c Middlewares\Third_Party\FreeRTOS-Plus\FreeRTOS-Plus-TCP\FreeRTOS_TCP_IP.o
 .text.prvTCPHandleState
                0x0800df68      0x220 Middlewares\Third_Party\FreeRTOS-Plus\FreeRTOS-Plus-TCP\FreeRTOS_TCP_IP.o
 .text.prvTCPSendReset
                0x0800e188       0x38 Middlewares\Third_Party\FreeRTOS-Plus\FreeRTOS-Plus-TCP\FreeRTOS_TCP_IP.o
 .text.prvSocketSetMSS
                0x0800e1c0       0x78 Middlewares\Third_Party\FreeRTOS-Plus\FreeRTOS-Plus-TCP\FreeRTOS_TCP_IP.o
 .text.xProcessReceivedTCPPacket
                0x0800e238      0x234 Middlewares\Third_Party\FreeRTOS-Plus\FreeRTOS-Plus-TCP\FreeRTOS_TCP_IP.o
                0x0800e238                xProcessReceivedTCPPacket
 .text.prvHandleListen
                0x0800e46c      0x160 Middlewares\Third_Party\FreeRTOS-Plus\FreeRTOS-Plus-TCP\FreeRTOS_TCP_IP.o
 .text.prvTCPSocketCopy
                0x0800e5cc       0xec Middlewares\Third_Party\FreeRTOS-Plus\FreeRTOS-Plus-TCP\FreeRTOS_TCP_IP.o
 .text.xTCPCheckNewClient
                0x0800e6b8       0x88 Middlewares\Third_Party\FreeRTOS-Plus\FreeRTOS-Plus-TCP\FreeRTOS_TCP_IP.o
                0x0800e6b8                xTCPCheckNewClient
 .text.FreeRTOS_min_int32
                0x0800e740       0x20 Middlewares\Third_Party\FreeRTOS-Plus\FreeRTOS-Plus-TCP\FreeRTOS_TCP_WIN.o
 .text.FreeRTOS_min_uint32
                0x0800e760       0x20 Middlewares\Third_Party\FreeRTOS-Plus\FreeRTOS-Plus-TCP\FreeRTOS_TCP_WIN.o
 .text.xSequenceLessThanOrEqual
                0x0800e780       0x22 Middlewares\Third_Party\FreeRTOS-Plus\FreeRTOS-Plus-TCP\FreeRTOS_TCP_WIN.o
 .text.xSequenceLessThan
                0x0800e7a2       0x24 Middlewares\Third_Party\FreeRTOS-Plus\FreeRTOS-Plus-TCP\FreeRTOS_TCP_WIN.o
 .text.xSequenceGreaterThan
                0x0800e7c6       0x24 Middlewares\Third_Party\FreeRTOS-Plus\FreeRTOS-Plus-TCP\FreeRTOS_TCP_WIN.o
 .text.xSequenceGreaterThanOrEqual
                0x0800e7ea       0x22 Middlewares\Third_Party\FreeRTOS-Plus\FreeRTOS-Plus-TCP\FreeRTOS_TCP_WIN.o
 .text.vListInsertFifo
                0x0800e80c       0x20 Middlewares\Third_Party\FreeRTOS-Plus\FreeRTOS-Plus-TCP\FreeRTOS_TCP_WIN.o
 .text.vTCPTimerSet
                0x0800e82c       0x1a Middlewares\Third_Party\FreeRTOS-Plus\FreeRTOS-Plus-TCP\FreeRTOS_TCP_WIN.o
 .text.ulTimerGetAge
                0x0800e846       0x1c Middlewares\Third_Party\FreeRTOS-Plus\FreeRTOS-Plus-TCP\FreeRTOS_TCP_WIN.o
 .text.vListInsertGeneric
                0x0800e862       0x44 Middlewares\Third_Party\FreeRTOS-Plus\FreeRTOS-Plus-TCP\FreeRTOS_TCP_WIN.o
                0x0800e862                vListInsertGeneric
 *fill*         0x0800e8a6        0x2 
 .text.prvCreateSectors
                0x0800e8a8       0xa0 Middlewares\Third_Party\FreeRTOS-Plus\FreeRTOS-Plus-TCP\FreeRTOS_TCP_WIN.o
 .text.xTCPWindowRxFind
                0x0800e948       0x4e Middlewares\Third_Party\FreeRTOS-Plus\FreeRTOS-Plus-TCP\FreeRTOS_TCP_WIN.o
 *fill*         0x0800e996        0x2 
 .text.xTCPWindowNew
                0x0800e998       0xcc Middlewares\Third_Party\FreeRTOS-Plus\FreeRTOS-Plus-TCP\FreeRTOS_TCP_WIN.o
 .text.xTCPWindowRxEmpty
                0x0800ea64       0x42 Middlewares\Third_Party\FreeRTOS-Plus\FreeRTOS-Plus-TCP\FreeRTOS_TCP_WIN.o
                0x0800ea64                xTCPWindowRxEmpty
 .text.xTCPWindowGetHead
                0x0800eaa6       0x3c Middlewares\Third_Party\FreeRTOS-Plus\FreeRTOS-Plus-TCP\FreeRTOS_TCP_WIN.o
 .text.xTCPWindowPeekHead
                0x0800eae2       0x3a Middlewares\Third_Party\FreeRTOS-Plus\FreeRTOS-Plus-TCP\FreeRTOS_TCP_WIN.o
 .text.vTCPWindowFree
                0x0800eb1c       0x58 Middlewares\Third_Party\FreeRTOS-Plus\FreeRTOS-Plus-TCP\FreeRTOS_TCP_WIN.o
 .text.vTCPWindowDestroy
                0x0800eb74       0x62 Middlewares\Third_Party\FreeRTOS-Plus\FreeRTOS-Plus-TCP\FreeRTOS_TCP_WIN.o
                0x0800eb74                vTCPWindowDestroy
 *fill*         0x0800ebd6        0x2 
 .text.vTCPWindowCreate
                0x0800ebd8       0x70 Middlewares\Third_Party\FreeRTOS-Plus\FreeRTOS-Plus-TCP\FreeRTOS_TCP_WIN.o
                0x0800ebd8                vTCPWindowCreate
 .text.vTCPWindowInit
                0x0800ec48       0xb6 Middlewares\Third_Party\FreeRTOS-Plus\FreeRTOS-Plus-TCP\FreeRTOS_TCP_WIN.o
                0x0800ec48                vTCPWindowInit
 .text.xTCPWindowRxConfirm
                0x0800ecfe       0x96 Middlewares\Third_Party\FreeRTOS-Plus\FreeRTOS-Plus-TCP\FreeRTOS_TCP_WIN.o
 .text.lTCPWindowRxCheck
                0x0800ed94      0x1bc Middlewares\Third_Party\FreeRTOS-Plus\FreeRTOS-Plus-TCP\FreeRTOS_TCP_WIN.o
                0x0800ed94                lTCPWindowRxCheck
 .text.lTCPIncrementTxPosition
                0x0800ef50       0x32 Middlewares\Third_Party\FreeRTOS-Plus\FreeRTOS-Plus-TCP\FreeRTOS_TCP_WIN.o
 *fill*         0x0800ef82        0x2 
 .text.lTCPWindowTxAdd
                0x0800ef84      0x168 Middlewares\Third_Party\FreeRTOS-Plus\FreeRTOS-Plus-TCP\FreeRTOS_TCP_WIN.o
                0x0800ef84                lTCPWindowTxAdd
 .text.xTCPWindowTxDone
                0x0800f0ec       0x24 Middlewares\Third_Party\FreeRTOS-Plus\FreeRTOS-Plus-TCP\FreeRTOS_TCP_WIN.o
                0x0800f0ec                xTCPWindowTxDone
 .text.prvTCPWindowTxHasSpace
                0x0800f110       0x8c Middlewares\Third_Party\FreeRTOS-Plus\FreeRTOS-Plus-TCP\FreeRTOS_TCP_WIN.o
 .text.xTCPWindowTxHasData
                0x0800f19c       0xc0 Middlewares\Third_Party\FreeRTOS-Plus\FreeRTOS-Plus-TCP\FreeRTOS_TCP_WIN.o
                0x0800f19c                xTCPWindowTxHasData
 .text.ulTCPWindowTxGet
                0x0800f25c      0x1a8 Middlewares\Third_Party\FreeRTOS-Plus\FreeRTOS-Plus-TCP\FreeRTOS_TCP_WIN.o
                0x0800f25c                ulTCPWindowTxGet
 .text.prvTCPWindowTxCheckAck
                0x0800f404      0x188 Middlewares\Third_Party\FreeRTOS-Plus\FreeRTOS-Plus-TCP\FreeRTOS_TCP_WIN.o
 .text.prvTCPWindowFastRetransmit
                0x0800f58c       0xac Middlewares\Third_Party\FreeRTOS-Plus\FreeRTOS-Plus-TCP\FreeRTOS_TCP_WIN.o
 .text.ulTCPWindowTxAck
                0x0800f638       0x3a Middlewares\Third_Party\FreeRTOS-Plus\FreeRTOS-Plus-TCP\FreeRTOS_TCP_WIN.o
                0x0800f638                ulTCPWindowTxAck
 *fill*         0x0800f672        0x2 
 .text.ulTCPWindowTxSack
                0x0800f674       0x48 Middlewares\Third_Party\FreeRTOS-Plus\FreeRTOS-Plus-TCP\FreeRTOS_TCP_WIN.o
                0x0800f674                ulTCPWindowTxSack
 .text.vProcessGeneratedUDPPacket
                0x0800f6bc      0x168 Middlewares\Third_Party\FreeRTOS-Plus\FreeRTOS-Plus-TCP\FreeRTOS_UDP_IP.o
                0x0800f6bc                vProcessGeneratedUDPPacket
 .text.xProcessReceivedUDPPacket
                0x0800f824      0x12c Middlewares\Third_Party\FreeRTOS-Plus\FreeRTOS-Plus-TCP\FreeRTOS_UDP_IP.o
                0x0800f824                xProcessReceivedUDPPacket
 .text.xNetworkBuffersInitialise
                0x0800f950       0xf8 Middlewares\Third_Party\FreeRTOS-Plus\FreeRTOS-Plus-TCP\portable\BufferManagement\BufferAllocation_2.o
                0x0800f950                xNetworkBuffersInitialise
 .text.vReleaseNetworkBuffer
                0x0800fa48       0x22 Middlewares\Third_Party\FreeRTOS-Plus\FreeRTOS-Plus-TCP\portable\BufferManagement\BufferAllocation_2.o
                0x0800fa48                vReleaseNetworkBuffer
 *fill*         0x0800fa6a        0x2 
 .text.pxGetNetworkBufferWithDescriptor
                0x0800fa6c       0xf0 Middlewares\Third_Party\FreeRTOS-Plus\FreeRTOS-Plus-TCP\portable\BufferManagement\BufferAllocation_2.o
                0x0800fa6c                pxGetNetworkBufferWithDescriptor
 .text.vReleaseNetworkBufferAndDescriptor
                0x0800fb5c       0x68 Middlewares\Third_Party\FreeRTOS-Plus\FreeRTOS-Plus-TCP\portable\BufferManagement\BufferAllocation_2.o
                0x0800fb5c                vReleaseNetworkBufferAndDescriptor
 .text.main     0x0800fbc4       0x60 Src\main.o
                0x0800fbc4                main
 .text.ipInitHandlerTask
                0x0800fc24       0x54 Src\main.o
                0x0800fc24                ipInitHandlerTask
 .text.vApplicationPingReplyHook
                0x0800fc78       0x1c Src\main.o
                0x0800fc78                vApplicationPingReplyHook
 .text.vApplicationIPNetworkEventHook
                0x0800fc94       0x16 Src\main.o
                0x0800fc94                vApplicationIPNetworkEventHook
 *fill*         0x0800fcaa        0x2 
 .text.pcApplicationHostnameHook
                0x0800fcac       0x14 Src\main.o
                0x0800fcac                pcApplicationHostnameHook
 .text.uxRand   0x0800fcc0       0x14 Src\main.o
                0x0800fcc0                uxRand
 .text.xApplicationDNSQueryHook
                0x0800fcd4       0x48 Src\main.o
                0x0800fcd4                xApplicationDNSQueryHook
 .text.SystemClock_Config
                0x0800fd1c       0xe8 Src\main.o
                0x0800fd1c                SystemClock_Config
 .text.MX_GPIO_Init
                0x0800fe04       0xc0 Src\main.o
 .text.StartDefaultTask
                0x0800fec4       0x2c Src\main.o
                0x0800fec4                StartDefaultTask
 .text.HAL_TIM_PeriodElapsedCallback
                0x0800fef0       0x24 Src\main.o
                0x0800fef0                HAL_TIM_PeriodElapsedCallback
 .text._Error_Handler
                0x0800ff14        0xc Src\main.o
                0x0800ff14                _Error_Handler
 .text.HAL_MspInit
                0x0800ff20       0xa4 Src\stm32f4xx_hal_msp.o
                0x0800ff20                HAL_MspInit
 .text.HAL_InitTick
                0x0800ffc4       0xb0 Src\stm32f4xx_hal_timebase_TIM.o
                0x0800ffc4                HAL_InitTick
 .text.NMI_Handler
                0x08010074        0xe Src\stm32f4xx_it.o
                0x08010074                NMI_Handler
 .text.HardFault_Handler
                0x08010082        0x6 Src\stm32f4xx_it.o
                0x08010082                HardFault_Handler
 .text.MemManage_Handler
                0x08010088        0x6 Src\stm32f4xx_it.o
                0x08010088                MemManage_Handler
 .text.BusFault_Handler
                0x0801008e        0x6 Src\stm32f4xx_it.o
                0x0801008e                BusFault_Handler
 .text.UsageFault_Handler
                0x08010094        0x6 Src\stm32f4xx_it.o
                0x08010094                UsageFault_Handler
 .text.DebugMon_Handler
                0x0801009a        0xe Src\stm32f4xx_it.o
                0x0801009a                DebugMon_Handler
 .text.SysTick_Handler
                0x080100a8        0xc Src\stm32f4xx_it.o
                0x080100a8                SysTick_Handler
 .text.TIM1_UP_TIM10_IRQHandler
                0x080100b4       0x14 Src\stm32f4xx_it.o
                0x080100b4                TIM1_UP_TIM10_IRQHandler
 .text.OTG_FS_IRQHandler
                0x080100c8       0x14 Src\stm32f4xx_it.o
                0x080100c8                OTG_FS_IRQHandler
 .text.SystemInit
                0x080100dc       0x6c Src\system_stm32f4xx.o
                0x080100dc                SystemInit
 .text.MX_USB_DEVICE_Init
                0x08010148       0x2c Src\usb_device.o
                0x08010148                MX_USB_DEVICE_Init
 .text.HAL_PCD_MspInit
                0x08010174       0x98 Src\usbd_conf.o
                0x08010174                HAL_PCD_MspInit
 .text.HAL_PCD_SetupStageCallback
                0x0801020c       0x24 Src\usbd_conf.o
                0x0801020c                HAL_PCD_SetupStageCallback
 .text.HAL_PCD_DataOutStageCallback
                0x08010230       0x36 Src\usbd_conf.o
                0x08010230                HAL_PCD_DataOutStageCallback
 .text.HAL_PCD_DataInStageCallback
                0x08010266       0x34 Src\usbd_conf.o
                0x08010266                HAL_PCD_DataInStageCallback
 .text.HAL_PCD_SOFCallback
                0x0801029a       0x1c Src\usbd_conf.o
                0x0801029a                HAL_PCD_SOFCallback
 .text.HAL_PCD_ResetCallback
                0x080102b6       0x50 Src\usbd_conf.o
                0x080102b6                HAL_PCD_ResetCallback
 *fill*         0x08010306        0x2 
 .text.HAL_PCD_SuspendCallback
                0x08010308       0x50 Src\usbd_conf.o
                0x08010308                HAL_PCD_SuspendCallback
 .text.HAL_PCD_ResumeCallback
                0x08010358       0x1c Src\usbd_conf.o
                0x08010358                HAL_PCD_ResumeCallback
 .text.HAL_PCD_ISOOUTIncompleteCallback
                0x08010374       0x24 Src\usbd_conf.o
                0x08010374                HAL_PCD_ISOOUTIncompleteCallback
 .text.HAL_PCD_ISOINIncompleteCallback
                0x08010398       0x24 Src\usbd_conf.o
                0x08010398                HAL_PCD_ISOINIncompleteCallback
 .text.HAL_PCD_ConnectCallback
                0x080103bc       0x1c Src\usbd_conf.o
                0x080103bc                HAL_PCD_ConnectCallback
 .text.HAL_PCD_DisconnectCallback
                0x080103d8       0x1c Src\usbd_conf.o
                0x080103d8                HAL_PCD_DisconnectCallback
 .text.USBD_LL_Init
                0x080103f4       0xb4 Src\usbd_conf.o
                0x080103f4                USBD_LL_Init
 .text.USBD_LL_Start
                0x080104a8       0x64 Src\usbd_conf.o
                0x080104a8                USBD_LL_Start
 .text.USBD_LL_OpenEP
                0x0801050c       0x7c Src\usbd_conf.o
                0x0801050c                USBD_LL_OpenEP
 .text.USBD_LL_CloseEP
                0x08010588       0x6c Src\usbd_conf.o
                0x08010588                USBD_LL_CloseEP
 .text.USBD_LL_StallEP
                0x080105f4       0x6c Src\usbd_conf.o
                0x080105f4                USBD_LL_StallEP
 .text.USBD_LL_ClearStallEP
                0x08010660       0x6c Src\usbd_conf.o
                0x08010660                USBD_LL_ClearStallEP
 .text.USBD_LL_IsStallEP
                0x080106cc       0x58 Src\usbd_conf.o
                0x080106cc                USBD_LL_IsStallEP
 .text.USBD_LL_SetUSBAddress
                0x08010724       0x6c Src\usbd_conf.o
                0x08010724                USBD_LL_SetUSBAddress
 .text.USBD_LL_Transmit
                0x08010790       0x74 Src\usbd_conf.o
                0x08010790                USBD_LL_Transmit
 .text.USBD_LL_PrepareReceive
                0x08010804       0x74 Src\usbd_conf.o
                0x08010804                USBD_LL_PrepareReceive
 .text.USBD_LL_GetRxDataSize
                0x08010878       0x26 Src\usbd_conf.o
                0x08010878                USBD_LL_GetRxDataSize
 *fill*         0x0801089e        0x2 
 .text.USBD_FS_DeviceDescriptor
                0x080108a0       0x24 Src\usbd_desc.o
                0x080108a0                USBD_FS_DeviceDescriptor
 .text.USBD_FS_LangIDStrDescriptor
                0x080108c4       0x24 Src\usbd_desc.o
                0x080108c4                USBD_FS_LangIDStrDescriptor
 .text.USBD_FS_ProductStrDescriptor
                0x080108e8       0x3c Src\usbd_desc.o
                0x080108e8                USBD_FS_ProductStrDescriptor
 .text.USBD_FS_ManufacturerStrDescriptor
                0x08010924       0x28 Src\usbd_desc.o
                0x08010924                USBD_FS_ManufacturerStrDescriptor
 .text.USBD_FS_SerialStrDescriptor
                0x0801094c       0x3c Src\usbd_desc.o
                0x0801094c                USBD_FS_SerialStrDescriptor
 .text.USBD_FS_ConfigStrDescriptor
                0x08010988       0x3c Src\usbd_desc.o
                0x08010988                USBD_FS_ConfigStrDescriptor
 .text.USBD_FS_InterfaceStrDescriptor
                0x080109c4       0x3c Src\usbd_desc.o
                0x080109c4                USBD_FS_InterfaceStrDescriptor
 .text.Reset_Handler
                0x08010a00       0x50 startup\startup_stm32f411xe.o
                0x08010a00                Reset_Handler
 .text.Default_Handler
                0x08010a50        0x2 startup\startup_stm32f411xe.o
                0x08010a50                RTC_Alarm_IRQHandler
                0x08010a50                EXTI2_IRQHandler
                0x08010a50                SPI4_IRQHandler
                0x08010a50                TIM1_CC_IRQHandler
                0x08010a50                DMA2_Stream5_IRQHandler
                0x08010a50                DMA1_Stream5_IRQHandler
                0x08010a50                PVD_IRQHandler
                0x08010a50                SDIO_IRQHandler
                0x08010a50                TAMP_STAMP_IRQHandler
                0x08010a50                EXTI3_IRQHandler
                0x08010a50                I2C3_ER_IRQHandler
                0x08010a50                EXTI0_IRQHandler
                0x08010a50                I2C2_EV_IRQHandler
                0x08010a50                DMA1_Stream2_IRQHandler
                0x08010a50                FPU_IRQHandler
                0x08010a50                DMA2_Stream2_IRQHandler
                0x08010a50                SPI1_IRQHandler
                0x08010a50                TIM1_BRK_TIM9_IRQHandler
                0x08010a50                DMA2_Stream3_IRQHandler
                0x08010a50                USART6_IRQHandler
                0x08010a50                DMA2_Stream0_IRQHandler
                0x08010a50                TIM4_IRQHandler
                0x08010a50                I2C1_EV_IRQHandler
                0x08010a50                DMA1_Stream6_IRQHandler
                0x08010a50                DMA1_Stream1_IRQHandler
                0x08010a50                TIM3_IRQHandler
                0x08010a50                RCC_IRQHandler
                0x08010a50                Default_Handler
                0x08010a50                EXTI15_10_IRQHandler
                0x08010a50                ADC_IRQHandler
                0x08010a50                DMA1_Stream7_IRQHandler
                0x08010a50                SPI5_IRQHandler
                0x08010a50                TIM5_IRQHandler
                0x08010a50                DMA2_Stream7_IRQHandler
                0x08010a50                I2C3_EV_IRQHandler
                0x08010a50                EXTI9_5_IRQHandler
                0x08010a50                RTC_WKUP_IRQHandler
                0x08010a50                SPI2_IRQHandler
                0x08010a50                DMA1_Stream0_IRQHandler
                0x08010a50                EXTI4_IRQHandler
                0x08010a50                WWDG_IRQHandler
                0x08010a50                TIM2_IRQHandler
                0x08010a50                OTG_FS_WKUP_IRQHandler
                0x08010a50                TIM1_TRG_COM_TIM11_IRQHandler
                0x08010a50                EXTI1_IRQHandler
                0x08010a50                USART2_IRQHandler
                0x08010a50                I2C2_ER_IRQHandler
                0x08010a50                DMA2_Stream1_IRQHandler
                0x08010a50                FLASH_IRQHandler
                0x08010a50                DMA2_Stream4_IRQHandler
                0x08010a50                USART1_IRQHandler
                0x08010a50                SPI3_IRQHandler
                0x08010a50                DMA1_Stream4_IRQHandler
                0x08010a50                I2C1_ER_IRQHandler
                0x08010a50                DMA2_Stream6_IRQHandler
                0x08010a50                DMA1_Stream3_IRQHandler
 *fill*         0x08010a52        0x2 
 .text.__libc_init_array
                0x08010a54       0x48 c:/program files (x86)/atollic/truestudio for stm32 9.0.0/armtools/bin/../lib/gcc/arm-atollic-eabi/6.3.1/../../../../arm-atollic-eabi/lib/armv7e-m/fpu\libc_nano.a(lib_a-init.o)
                0x08010a54                __libc_init_array
 .text.memcmp   0x08010a9c       0x1e c:/program files (x86)/atollic/truestudio for stm32 9.0.0/armtools/bin/../lib/gcc/arm-atollic-eabi/6.3.1/../../../../arm-atollic-eabi/lib/armv7e-m/fpu\libc_nano.a(lib_a-memcmp.o)
                0x08010a9c                memcmp
 .text.memcpy   0x08010aba       0x16 c:/program files (x86)/atollic/truestudio for stm32 9.0.0/armtools/bin/../lib/gcc/arm-atollic-eabi/6.3.1/../../../../arm-atollic-eabi/lib/armv7e-m/fpu\libc_nano.a(lib_a-memcpy-stub.o)
                0x08010aba                memcpy
 .text.memmove  0x08010ad0       0x34 c:/program files (x86)/atollic/truestudio for stm32 9.0.0/armtools/bin/../lib/gcc/arm-atollic-eabi/6.3.1/../../../../arm-atollic-eabi/lib/armv7e-m/fpu\libc_nano.a(lib_a-memmove.o)
                0x08010ad0                memmove
 .text.memset   0x08010b04       0x10 c:/program files (x86)/atollic/truestudio for stm32 9.0.0/armtools/bin/../lib/gcc/arm-atollic-eabi/6.3.1/../../../../arm-atollic-eabi/lib/armv7e-m/fpu\libc_nano.a(lib_a-memset.o)
                0x08010b04                memset
 .text.rand     0x08010b14       0x74 c:/program files (x86)/atollic/truestudio for stm32 9.0.0/armtools/bin/../lib/gcc/arm-atollic-eabi/6.3.1/../../../../arm-atollic-eabi/lib/armv7e-m/fpu\libc_nano.a(lib_a-rand.o)
                0x08010b14                rand
 .text.strcasecmp
                0x08010b88       0x3c c:/program files (x86)/atollic/truestudio for stm32 9.0.0/armtools/bin/../lib/gcc/arm-atollic-eabi/6.3.1/../../../../arm-atollic-eabi/lib/armv7e-m/fpu\libc_nano.a(lib_a-strcasecmp.o)
                0x08010b88                strcasecmp
 .text.strncmp  0x08010bc4       0x24 c:/program files (x86)/atollic/truestudio for stm32 9.0.0/armtools/bin/../lib/gcc/arm-atollic-eabi/6.3.1/../../../../arm-atollic-eabi/lib/armv7e-m/fpu\libc_nano.a(lib_a-strncmp.o)
                0x08010bc4                strncmp
 .text.strncpy  0x08010be8       0x2a c:/program files (x86)/atollic/truestudio for stm32 9.0.0/armtools/bin/../lib/gcc/arm-atollic-eabi/6.3.1/../../../../arm-atollic-eabi/lib/armv7e-m/fpu\libc_nano.a(lib_a-strncpy.o)
                0x08010be8                strncpy
 *fill*         0x08010c12        0x2 
 .text.__locale_ctype_ptr
                0x08010c14       0x1c c:/program files (x86)/atollic/truestudio for stm32 9.0.0/armtools/bin/../lib/gcc/arm-atollic-eabi/6.3.1/../../../../arm-atollic-eabi/lib/armv7e-m/fpu\libc_nano.a(lib_a-locale.o)
                0x08010c14                __locale_ctype_ptr
 .text.malloc   0x08010c30       0x10 c:/program files (x86)/atollic/truestudio for stm32 9.0.0/armtools/bin/../lib/gcc/arm-atollic-eabi/6.3.1/../../../../arm-atollic-eabi/lib/armv7e-m/fpu\libc_nano.a(lib_a-malloc.o)
                0x08010c30                malloc
 .text.__ascii_mbtowc
                0x08010c40       0x24 c:/program files (x86)/atollic/truestudio for stm32 9.0.0/armtools/bin/../lib/gcc/arm-atollic-eabi/6.3.1/../../../../arm-atollic-eabi/lib/armv7e-m/fpu\libc_nano.a(lib_a-mbtowc_r.o)
                0x08010c40                __ascii_mbtowc
 .text._malloc_r
                0x08010c64       0xbc c:/program files (x86)/atollic/truestudio for stm32 9.0.0/armtools/bin/../lib/gcc/arm-atollic-eabi/6.3.1/../../../../arm-atollic-eabi/lib/armv7e-m/fpu\libc_nano.a(lib_a-nano-mallocr.o)
                0x08010c64                _malloc_r
 .text._sbrk_r  0x08010d20       0x20 c:/program files (x86)/atollic/truestudio for stm32 9.0.0/armtools/bin/../lib/gcc/arm-atollic-eabi/6.3.1/../../../../arm-atollic-eabi/lib/armv7e-m/fpu\libc_nano.a(lib_a-sbrkr.o)
                0x08010d20                _sbrk_r
 .text.__ascii_wctomb
                0x08010d40       0x1a c:/program files (x86)/atollic/truestudio for stm32 9.0.0/armtools/bin/../lib/gcc/arm-atollic-eabi/6.3.1/../../../../arm-atollic-eabi/lib/armv7e-m/fpu\libc_nano.a(lib_a-wctomb_r.o)
                0x08010d40                __ascii_wctomb
 .text.__malloc_lock
                0x08010d5a        0x2 c:/program files (x86)/atollic/truestudio for stm32 9.0.0/armtools/bin/../lib/gcc/arm-atollic-eabi/6.3.1/../../../../arm-atollic-eabi/lib/armv7e-m/fpu\libc_nano.a(lib_a-mlock.o)
                0x08010d5a                __malloc_lock
 .text.__malloc_unlock
                0x08010d5c        0x2 c:/program files (x86)/atollic/truestudio for stm32 9.0.0/armtools/bin/../lib/gcc/arm-atollic-eabi/6.3.1/../../../../arm-atollic-eabi/lib/armv7e-m/fpu\libc_nano.a(lib_a-mlock.o)
                0x08010d5c                __malloc_unlock
 *fill*         0x08010d5e        0x2 
 .text._sbrk    0x08010d60       0x1c c:/program files (x86)/atollic/truestudio for stm32 9.0.0/armtools/bin/../lib/gcc/arm-atollic-eabi/6.3.1/../../../../arm-atollic-eabi/lib/armv7e-m/fpu\libnosys.a(sbrk.o)
                0x08010d60                _sbrk
 *(.glue_7)
 .glue_7        0x08010d7c        0x0 linker stubs
 *(.glue_7t)
 .glue_7t       0x08010d7c        0x0 linker stubs
 *(.eh_frame)
 .eh_frame      0x08010d7c        0x0 c:/program files (x86)/atollic/truestudio for stm32 9.0.0/armtools/bin/../lib/gcc/arm-atollic-eabi/6.3.1/armv7e-m/fpu/crtbegin.o
 *(.init)
 .init          0x08010d7c        0x4 c:/program files (x86)/atollic/truestudio for stm32 9.0.0/armtools/bin/../lib/gcc/arm-atollic-eabi/6.3.1/armv7e-m/fpu/crti.o
                0x08010d7c                _init
 .init          0x08010d80        0x8 c:/program files (x86)/atollic/truestudio for stm32 9.0.0/armtools/bin/../lib/gcc/arm-atollic-eabi/6.3.1/armv7e-m/fpu/crtn.o
 *(.fini)
 .fini          0x08010d88        0x4 c:/program files (x86)/atollic/truestudio for stm32 9.0.0/armtools/bin/../lib/gcc/arm-atollic-eabi/6.3.1/armv7e-m/fpu/crti.o
                0x08010d88                _fini
 .fini          0x08010d8c        0x8 c:/program files (x86)/atollic/truestudio for stm32 9.0.0/armtools/bin/../lib/gcc/arm-atollic-eabi/6.3.1/armv7e-m/fpu/crtn.o
                0x08010d94                . = ALIGN (0x4)
                0x08010d94                _etext = .

.vfp11_veneer   0x08010d94        0x0
 .vfp11_veneer  0x08010d94        0x0 linker stubs

.v4_bx          0x08010d94        0x0
 .v4_bx         0x08010d94        0x0 linker stubs

.iplt           0x08010d94        0x0
 .iplt          0x08010d94        0x0 c:/program files (x86)/atollic/truestudio for stm32 9.0.0/armtools/bin/../lib/gcc/arm-atollic-eabi/6.3.1/armv7e-m/fpu/crtbegin.o

.rodata         0x08010d94      0x2fc
                0x08010d94                . = ALIGN (0x4)
 *(.rodata)
 .rodata        0x08010d94       0x19 Middlewares\ST\STM32_USB_Device_Library\Class\CDC\Src\usbd_cdc.o
 *fill*         0x08010dad        0x3 
 .rodata        0x08010db0        0x5 Middlewares\Third_Party\FreeRTOS\Source\tasks.o
 *fill*         0x08010db5        0x3 
 .rodata        0x08010db8       0x10 Middlewares\Third_Party\FreeRTOS-Plus\FreeRTOS-Plus-TCP\FreeRTOS_IP.o
 .rodata        0x08010dc8        0xa Middlewares\Third_Party\FreeRTOS-Plus\FreeRTOS-Plus-TCP\portable\BufferManagement\BufferAllocation_2.o
 *fill*         0x08010dd2        0x2 
 .rodata        0x08010dd4       0x4a Src\main.o
 *fill*         0x08010e1e        0x2 
 .rodata        0x08010e20       0x13 Src\usbd_conf.o
 *fill*         0x08010e33        0x1 
 .rodata        0x08010e34       0x50 Src\usbd_desc.o
 *(.rodata*)
 .rodata.OIDSupportedList
                0x08010e84       0x58 Middlewares\ST\STM32_USB_Device_Library\Class\CDC\Src\usbd_cdc.o
                0x08010e84                OIDSupportedList
 .rodata.station_hwaddr
                0x08010edc        0x6 Middlewares\ST\STM32_USB_Device_Library\Class\CDC\Src\usbd_cdc.o
 *fill*         0x08010ee2        0x2 
 .rodata.permanent_hwaddr
                0x08010ee4        0x6 Middlewares\ST\STM32_USB_Device_Library\Class\CDC\Src\usbd_cdc.o
 *fill*         0x08010eea        0x2 
 .rodata.xDefaultPartARPPacketHeader
                0x08010eec       0x26 Middlewares\Third_Party\FreeRTOS-Plus\FreeRTOS-Plus-TCP\FreeRTOS_ARP.o
 *fill*         0x08010f12        0x2 
 .rodata.ucDHCPRequestOptions.7287
                0x08010f14       0x18 Middlewares\Third_Party\FreeRTOS-Plus\FreeRTOS-Plus-TCP\FreeRTOS_DHCP.o
 .rodata.ucDHCPDiscoverOptions.7294
                0x08010f2c       0x11 Middlewares\Third_Party\FreeRTOS-Plus\FreeRTOS-Plus-TCP\FreeRTOS_DHCP.o
 *fill*         0x08010f3d        0x3 
 .rodata.xLLMNR_MacAdress
                0x08010f40        0x6 Middlewares\Third_Party\FreeRTOS-Plus\FreeRTOS-Plus-TCP\FreeRTOS_DNS.o
                0x08010f40                xLLMNR_MacAdress
 *fill*         0x08010f46        0x2 
 .rodata.xBroadcastMACAddress
                0x08010f48        0x6 Middlewares\Third_Party\FreeRTOS-Plus\FreeRTOS-Plus-TCP\FreeRTOS_IP.o
                0x08010f48                xBroadcastMACAddress
 *fill*         0x08010f4e        0x2 
 .rodata.xNetworkDownEvent.8091
                0x08010f50        0x8 Middlewares\Third_Party\FreeRTOS-Plus\FreeRTOS-Plus-TCP\FreeRTOS_IP.o
 .rodata.xBufferAllocFixedSize