Archive member included to satisfy reference by file (symbol)

c:/program files (x86)/atollic/truestudio for stm32 9.0.0/armtools/bin/../lib/gcc/arm-atollic-eabi/6.3.1/../../../../arm-atollic-eabi/lib/armv7e-m/fpu\libc_nano.a(lib_a-init.o)
                              startup\startup_stm32f411xe.o (__libc_init_array)
c:/program files (x86)/atollic/truestudio for stm32 9.0.0/armtools/bin/../lib/gcc/arm-atollic-eabi/6.3.1/../../../../arm-atollic-eabi/lib/armv7e-m/fpu\libc_nano.a(lib_a-malloc.o)
                              Middlewares\ST\STM32_USB_Device_Library\Class\CDC\Src\usbd_cdc.o (malloc)
c:/program files (x86)/atollic/truestudio for stm32 9.0.0/armtools/bin/../lib/gcc/arm-atollic-eabi/6.3.1/../../../../arm-atollic-eabi/lib/armv7e-m/fpu\libc_nano.a(lib_a-memcpy-stub.o)
                              Middlewares\Third_Party\FreeRTOS\Source\queue.o (memcpy)
c:/program files (x86)/atollic/truestudio for stm32 9.0.0/armtools/bin/../lib/gcc/arm-atollic-eabi/6.3.1/../../../../arm-atollic-eabi/lib/armv7e-m/fpu\libc_nano.a(lib_a-memset.o)
                              Middlewares\Third_Party\FreeRTOS\Source\CMSIS_RTOS\cmsis_os.o (memset)
c:/program files (x86)/atollic/truestudio for stm32 9.0.0/armtools/bin/../lib/gcc/arm-atollic-eabi/6.3.1/../../../../arm-atollic-eabi/lib/armv7e-m/fpu\libc_nano.a(lib_a-nano-freer.o)
                              c:/program files (x86)/atollic/truestudio for stm32 9.0.0/armtools/bin/../lib/gcc/arm-atollic-eabi/6.3.1/../../../../arm-atollic-eabi/lib/armv7e-m/fpu\libc_nano.a(lib_a-malloc.o) (_free_r)
c:/program files (x86)/atollic/truestudio for stm32 9.0.0/armtools/bin/../lib/gcc/arm-atollic-eabi/6.3.1/../../../../arm-atollic-eabi/lib/armv7e-m/fpu\libc_nano.a(lib_a-nano-mallocr.o)
                              c:/program files (x86)/atollic/truestudio for stm32 9.0.0/armtools/bin/../lib/gcc/arm-atollic-eabi/6.3.1/../../../../arm-atollic-eabi/lib/armv7e-m/fpu\libc_nano.a(lib_a-malloc.o) (_malloc_r)
c:/program files (x86)/atollic/truestudio for stm32 9.0.0/armtools/bin/../lib/gcc/arm-atollic-eabi/6.3.1/../../../../arm-atollic-eabi/lib/armv7e-m/fpu\libc_nano.a(lib_a-sbrkr.o)
                              c:/program files (x86)/atollic/truestudio for stm32 9.0.0/armtools/bin/../lib/gcc/arm-atollic-eabi/6.3.1/../../../../arm-atollic-eabi/lib/armv7e-m/fpu\libc_nano.a(lib_a-nano-mallocr.o) (_sbrk_r)
c:/program files (x86)/atollic/truestudio for stm32 9.0.0/armtools/bin/../lib/gcc/arm-atollic-eabi/6.3.1/../../../../arm-atollic-eabi/lib/armv7e-m/fpu\libc_nano.a(lib_a-impure.o)
                              c:/program files (x86)/atollic/truestudio for stm32 9.0.0/armtools/bin/../lib/gcc/arm-atollic-eabi/6.3.1/../../../../arm-atollic-eabi/lib/armv7e-m/fpu\libc_nano.a(lib_a-malloc.o) (_impure_ptr)
c:/program files (x86)/atollic/truestudio for stm32 9.0.0/armtools/bin/../lib/gcc/arm-atollic-eabi/6.3.1/../../../../arm-atollic-eabi/lib/armv7e-m/fpu\libc_nano.a(lib_a-mlock.o)
                              c:/program files (x86)/atollic/truestudio for stm32 9.0.0/armtools/bin/../lib/gcc/arm-atollic-eabi/6.3.1/../../../../arm-atollic-eabi/lib/armv7e-m/fpu\libc_nano.a(lib_a-nano-freer.o) (__malloc_lock)
c:/program files (x86)/atollic/truestudio for stm32 9.0.0/armtools/bin/../lib/gcc/arm-atollic-eabi/6.3.1/../../../../arm-atollic-eabi/lib/armv7e-m/fpu\libc_nano.a(lib_a-reent.o)
                              c:/program files (x86)/atollic/truestudio for stm32 9.0.0/armtools/bin/../lib/gcc/arm-atollic-eabi/6.3.1/../../../../arm-atollic-eabi/lib/armv7e-m/fpu\libc_nano.a(lib_a-sbrkr.o) (errno)
c:/program files (x86)/atollic/truestudio for stm32 9.0.0/armtools/bin/../lib/gcc/arm-atollic-eabi/6.3.1/armv7e-m/fpu\libgcc.a(_aeabi_uldivmod.o)
                              Drivers\STM32F4xx_HAL_Driver\Src\stm32f4xx_hal_rcc.o (__aeabi_uldivmod)
c:/program files (x86)/atollic/truestudio for stm32 9.0.0/armtools/bin/../lib/gcc/arm-atollic-eabi/6.3.1/armv7e-m/fpu\libgcc.a(_udivmoddi4.o)
                              c:/program files (x86)/atollic/truestudio for stm32 9.0.0/armtools/bin/../lib/gcc/arm-atollic-eabi/6.3.1/armv7e-m/fpu\libgcc.a(_aeabi_uldivmod.o) (__udivmoddi4)
c:/program files (x86)/atollic/truestudio for stm32 9.0.0/armtools/bin/../lib/gcc/arm-atollic-eabi/6.3.1/armv7e-m/fpu\libgcc.a(_dvmd_tls.o)
                              c:/program files (x86)/atollic/truestudio for stm32 9.0.0/armtools/bin/../lib/gcc/arm-atollic-eabi/6.3.1/armv7e-m/fpu\libgcc.a(_aeabi_uldivmod.o) (__aeabi_ldiv0)
c:/program files (x86)/atollic/truestudio for stm32 9.0.0/armtools/bin/../lib/gcc/arm-atollic-eabi/6.3.1/../../../../arm-atollic-eabi/lib/armv7e-m/fpu\libnosys.a(sbrk.o)
                              c:/program files (x86)/atollic/truestudio for stm32 9.0.0/armtools/bin/../lib/gcc/arm-atollic-eabi/6.3.1/../../../../arm-atollic-eabi/lib/armv7e-m/fpu\libc_nano.a(lib_a-sbrkr.o) (_sbrk)

Allocating common symbols
Common symbol       size              file

hUsbDeviceFS        0x224             Src\usb_device.o
[...]
Memory Configuration

Name             Origin             Length             Attributes
RAM              0x20000000         0x00020000         xrw
FLASH            0x08000000         0x00080000         xr
*default*        0x00000000         0xffffffff

Linker script and memory map

LOAD c:/program files (x86)/atollic/truestudio for stm32 9.0.0/armtools/bin/../lib/gcc/arm-atollic-eabi/6.3.1/armv7e-m/fpu/crti.o
LOAD c:/program files (x86)/atollic/truestudio for stm32 9.0.0/armtools/bin/../lib/gcc/arm-atollic-eabi/6.3.1/armv7e-m/fpu/crtbegin.o
LOAD Drivers\STM32F4xx_HAL_Driver\Src\stm32f4xx_hal.o
LOAD Drivers\STM32F4xx_HAL_Driver\Src\stm32f4xx_hal_cortex.o
LOAD Drivers\STM32F4xx_HAL_Driver\Src\stm32f4xx_hal_dma.o
LOAD Drivers\STM32F4xx_HAL_Driver\Src\stm32f4xx_hal_dma_ex.o
LOAD Drivers\STM32F4xx_HAL_Driver\Src\stm32f4xx_hal_flash.o
LOAD Drivers\STM32F4xx_HAL_Driver\Src\stm32f4xx_hal_flash_ex.o
LOAD Drivers\STM32F4xx_HAL_Driver\Src\stm32f4xx_hal_flash_ramfunc.o
LOAD Drivers\STM32F4xx_HAL_Driver\Src\stm32f4xx_hal_gpio.o
LOAD Drivers\STM32F4xx_HAL_Driver\Src\stm32f4xx_hal_pcd.o
LOAD Drivers\STM32F4xx_HAL_Driver\Src\stm32f4xx_hal_pcd_ex.o
LOAD Drivers\STM32F4xx_HAL_Driver\Src\stm32f4xx_hal_pwr.o
LOAD Drivers\STM32F4xx_HAL_Driver\Src\stm32f4xx_hal_pwr_ex.o
LOAD Drivers\STM32F4xx_HAL_Driver\Src\stm32f4xx_hal_rcc.o
LOAD Drivers\STM32F4xx_HAL_Driver\Src\stm32f4xx_hal_rcc_ex.o
LOAD Drivers\STM32F4xx_HAL_Driver\Src\stm32f4xx_hal_tim.o
LOAD Drivers\STM32F4xx_HAL_Driver\Src\stm32f4xx_hal_tim_ex.o
LOAD Drivers\STM32F4xx_HAL_Driver\Src\stm32f4xx_ll_usb.o
LOAD Middlewares\ST\STM32_USB_Device_Library\Class\CDC\Src\usbd_cdc.o
LOAD Middlewares\ST\STM32_USB_Device_Library\Core\Src\usbd_core.o
LOAD Middlewares\ST\STM32_USB_Device_Library\Core\Src\usbd_ctlreq.o
LOAD Middlewares\ST\STM32_USB_Device_Library\Core\Src\usbd_ioreq.o
LOAD Middlewares\Third_Party\FreeRTOS\Source\CMSIS_RTOS\cmsis_os.o
LOAD Middlewares\Third_Party\FreeRTOS\Source\croutine.o
LOAD Middlewares\Third_Party\FreeRTOS\Source\event_groups.o
LOAD Middlewares\Third_Party\FreeRTOS\Source\list.o
LOAD Middlewares\Third_Party\FreeRTOS\Source\portable\GCC\ARM_CM4F\port.o
LOAD Middlewares\Third_Party\FreeRTOS\Source\portable\MemMang\heap_4.o
LOAD Middlewares\Third_Party\FreeRTOS\Source\queue.o
LOAD Middlewares\Third_Party\FreeRTOS\Source\stream_buffer.o
LOAD Middlewares\Third_Party\FreeRTOS\Source\tasks.o
LOAD Middlewares\Third_Party\FreeRTOS\Source\timers.o
LOAD Src\freertos.o
LOAD Src\main.o
LOAD Src\stm32f4xx_hal_msp.o
LOAD Src\stm32f4xx_hal_timebase_TIM.o
LOAD Src\stm32f4xx_it.o
LOAD Src\system_stm32f4xx.o
LOAD Src\usb_device.o
LOAD Src\usbd_cdc_if.o
LOAD Src\usbd_conf.o
LOAD Src\usbd_desc.o
LOAD startup\startup_stm32f411xe.o
                0x00000080                malloc_getpagesize_P = 0x80
START GROUP
LOAD c:/program files (x86)/atollic/truestudio for stm32 9.0.0/armtools/bin/../lib/gcc/arm-atollic-eabi/6.3.1/../../../../arm-atollic-eabi/lib/armv7e-m/fpu\libc_nano.a
LOAD c:/program files (x86)/atollic/truestudio for stm32 9.0.0/armtools/bin/../lib/gcc/arm-atollic-eabi/6.3.1/../../../../arm-atollic-eabi/lib/armv7e-m/fpu\libm.a
END GROUP
START GROUP
LOAD c:/program files (x86)/atollic/truestudio for stm32 9.0.0/armtools/bin/../lib/gcc/arm-atollic-eabi/6.3.1/armv7e-m/fpu\libgcc.a
LOAD c:/program files (x86)/atollic/truestudio for stm32 9.0.0/armtools/bin/../lib/gcc/arm-atollic-eabi/6.3.1/../../../../arm-atollic-eabi/lib/armv7e-m/fpu\libc_nano.a
END GROUP
START GROUP
LOAD c:/program files (x86)/atollic/truestudio for stm32 9.0.0/armtools/bin/../lib/gcc/arm-atollic-eabi/6.3.1/armv7e-m/fpu\libgcc.a
LOAD c:/program files (x86)/atollic/truestudio for stm32 9.0.0/armtools/bin/../lib/gcc/arm-atollic-eabi/6.3.1/../../../../arm-atollic-eabi/lib/armv7e-m/fpu\libc_nano.a
LOAD c:/program files (x86)/atollic/truestudio for stm32 9.0.0/armtools/bin/../lib/gcc/arm-atollic-eabi/6.3.1/../../../../arm-atollic-eabi/lib/armv7e-m/fpu\libnosys.a
END GROUP
START GROUP
LOAD c:/program files (x86)/atollic/truestudio for stm32 9.0.0/armtools/bin/../lib/gcc/arm-atollic-eabi/6.3.1/armv7e-m/fpu\libgcc.a
LOAD c:/program files (x86)/atollic/truestudio for stm32 9.0.0/armtools/bin/../lib/gcc/arm-atollic-eabi/6.3.1/../../../../arm-atollic-eabi/lib/armv7e-m/fpu\libc_nano.a
LOAD c:/program files (x86)/atollic/truestudio for stm32 9.0.0/armtools/bin/../lib/gcc/arm-atollic-eabi/6.3.1/../../../../arm-atollic-eabi/lib/armv7e-m/fpu\libnosys.a
END GROUP
LOAD c:/program files (x86)/atollic/truestudio for stm32 9.0.0/armtools/bin/../lib/gcc/arm-atollic-eabi/6.3.1/armv7e-m/fpu/crtend.o
LOAD c:/program files (x86)/atollic/truestudio for stm32 9.0.0/armtools/bin/../lib/gcc/arm-atollic-eabi/6.3.1/armv7e-m/fpu/crtn.o
                0x20020000                _estack = 0x20020000
                0x00000200                _Min_Heap_Size = 0x200
                0x00000400                _Min_Stack_Size = 0x400

.isr_vector     0x08000000      0x198
                0x08000000                . = ALIGN (0x4)
 *(.isr_vector)
 .isr_vector    0x08000000      0x198 startup\startup_stm32f411xe.o
                0x08000000                g_pfnVectors
                0x08000198                . = ALIGN (0x4)

.text           0x080001a0     0x7228
                0x080001a0                . = ALIGN (0x4)
 *(.text)
 .text          0x080001a0       0x40 c:/program files (x86)/atollic/truestudio for stm32 9.0.0/armtools/bin/../lib/gcc/arm-atollic-eabi/6.3.1/armv7e-m/fpu/crtbegin.o
 .text          0x080001e0       0x30 c:/program files (x86)/atollic/truestudio for stm32 9.0.0/armtools/bin/../lib/gcc/arm-atollic-eabi/6.3.1/armv7e-m/fpu\libgcc.a(_aeabi_uldivmod.o)
                0x080001e0                __aeabi_uldivmod
 .text          0x08000210      0x2dc c:/program files (x86)/atollic/truestudio for stm32 9.0.0/armtools/bin/../lib/gcc/arm-atollic-eabi/6.3.1/armv7e-m/fpu\libgcc.a(_udivmoddi4.o)
                0x08000210                __udivmoddi4
 .text          0x080004ec        0x4 c:/program files (x86)/atollic/truestudio for stm32 9.0.0/armtools/bin/../lib/gcc/arm-atollic-eabi/6.3.1/armv7e-m/fpu\libgcc.a(_dvmd_tls.o)
                0x080004ec                __aeabi_idiv0
                0x080004ec                __aeabi_ldiv0
 *(.text*)
 .text.HAL_Init
                0x080004f0       0x44 Drivers\STM32F4xx_HAL_Driver\Src\stm32f4xx_hal.o
                0x080004f0                HAL_Init
 .text.HAL_IncTick
                0x08000534       0x28 Drivers\STM32F4xx_HAL_Driver\Src\stm32f4xx_hal.o
                0x08000534                HAL_IncTick
 .text.HAL_GetTick
                0x0800055c       0x18 Drivers\STM32F4xx_HAL_Driver\Src\stm32f4xx_hal.o
                0x0800055c                HAL_GetTick
 .text.HAL_Delay
                0x08000574       0x44 Drivers\STM32F4xx_HAL_Driver\Src\stm32f4xx_hal.o
                0x08000574                HAL_Delay
 .text.NVIC_SetPriorityGrouping
                0x080005b8       0x48 Drivers\STM32F4xx_HAL_Driver\Src\stm32f4xx_hal_cortex.o
 .text.NVIC_GetPriorityGrouping
                0x08000600       0x1c Drivers\STM32F4xx_HAL_Driver\Src\stm32f4xx_hal_cortex.o
 .text.NVIC_EnableIRQ
                0x0800061c       0x34 Drivers\STM32F4xx_HAL_Driver\Src\stm32f4xx_hal_cortex.o
 .text.NVIC_SetPriority
                0x08000650       0x54 Drivers\STM32F4xx_HAL_Driver\Src\stm32f4xx_hal_cortex.o
 .text.NVIC_EncodePriority
                0x080006a4       0x62 Drivers\STM32F4xx_HAL_Driver\Src\stm32f4xx_hal_cortex.o
 *fill*         0x08000706        0x2 
 .text.SysTick_Config
                0x08000708       0x44 Drivers\STM32F4xx_HAL_Driver\Src\stm32f4xx_hal_cortex.o
 .text.HAL_NVIC_SetPriorityGrouping
                0x0800074c       0x16 Drivers\STM32F4xx_HAL_Driver\Src\stm32f4xx_hal_cortex.o
                0x0800074c                HAL_NVIC_SetPriorityGrouping
 .text.HAL_NVIC_SetPriority
                0x08000762       0x38 Drivers\STM32F4xx_HAL_Driver\Src\stm32f4xx_hal_cortex.o
                0x08000762                HAL_NVIC_SetPriority
 .text.HAL_NVIC_EnableIRQ
                0x0800079a       0x1c Drivers\STM32F4xx_HAL_Driver\Src\stm32f4xx_hal_cortex.o
                0x0800079a                HAL_NVIC_EnableIRQ
 .text.HAL_SYSTICK_Config
                0x080007b6       0x18 Drivers\STM32F4xx_HAL_Driver\Src\stm32f4xx_hal_cortex.o
                0x080007b6                HAL_SYSTICK_Config
 *fill*         0x080007ce        0x2 
 .text.HAL_SYSTICK_CLKSourceConfig
                0x080007d0       0x38 Drivers\STM32F4xx_HAL_Driver\Src\stm32f4xx_hal_cortex.o
                0x080007d0                HAL_SYSTICK_CLKSourceConfig
 .text.HAL_GPIO_Init
                0x08000808      0x304 Drivers\STM32F4xx_HAL_Driver\Src\stm32f4xx_hal_gpio.o
                0x08000808                HAL_GPIO_Init
 .text.HAL_PCD_Init
                0x08000b0c      0x20e Drivers\STM32F4xx_HAL_Driver\Src\stm32f4xx_hal_pcd.o
                0x08000b0c                HAL_PCD_Init
 .text.HAL_PCD_Start
                0x08000d1a       0x44 Drivers\STM32F4xx_HAL_Driver\Src\stm32f4xx_hal_pcd.o
                0x08000d1a                HAL_PCD_Start
 *fill*         0x08000d5e        0x2 
 .text.HAL_PCD_IRQHandler
                0x08000d60      0x914 Drivers\STM32F4xx_HAL_Driver\Src\stm32f4xx_hal_pcd.o
                0x08000d60                HAL_PCD_IRQHandler
 .text.HAL_PCD_SetAddress
                0x08001674       0x42 Drivers\STM32F4xx_HAL_Driver\Src\stm32f4xx_hal_pcd.o
                0x08001674                HAL_PCD_SetAddress
 .text.HAL_PCD_EP_Open
                0x080016b6       0xd0 Drivers\STM32F4xx_HAL_Driver\Src\stm32f4xx_hal_pcd.o
                0x080016b6                HAL_PCD_EP_Open
 .text.HAL_PCD_EP_Close
                0x08001786       0x94 Drivers\STM32F4xx_HAL_Driver\Src\stm32f4xx_hal_pcd.o
                0x08001786                HAL_PCD_EP_Close
 .text.HAL_PCD_EP_Receive
                0x0800181a       0x94 Drivers\STM32F4xx_HAL_Driver\Src\stm32f4xx_hal_pcd.o
                0x0800181a                HAL_PCD_EP_Receive
 .text.HAL_PCD_EP_GetRxCount
                0x080018ae       0x32 Drivers\STM32F4xx_HAL_Driver\Src\stm32f4xx_hal_pcd.o
                0x080018ae                HAL_PCD_EP_GetRxCount
 .text.HAL_PCD_EP_Transmit
                0x080018e0       0x92 Drivers\STM32F4xx_HAL_Driver\Src\stm32f4xx_hal_pcd.o
                0x080018e0                HAL_PCD_EP_Transmit
 .text.HAL_PCD_EP_SetStall
                0x08001972       0xb6 Drivers\STM32F4xx_HAL_Driver\Src\stm32f4xx_hal_pcd.o
                0x08001972                HAL_PCD_EP_SetStall
 .text.HAL_PCD_EP_ClrStall
                0x08001a28       0x96 Drivers\STM32F4xx_HAL_Driver\Src\stm32f4xx_hal_pcd.o
                0x08001a28                HAL_PCD_EP_ClrStall
 .text.PCD_WriteEmptyTxFifo
                0x08001abe      0x104 Drivers\STM32F4xx_HAL_Driver\Src\stm32f4xx_hal_pcd.o
 .text.HAL_PCDEx_SetTxFiFo
                0x08001bc2       0x96 Drivers\STM32F4xx_HAL_Driver\Src\stm32f4xx_hal_pcd_ex.o
                0x08001bc2                HAL_PCDEx_SetTxFiFo
 .text.HAL_PCDEx_SetRxFiFo
                0x08001c58       0x22 Drivers\STM32F4xx_HAL_Driver\Src\stm32f4xx_hal_pcd_ex.o
                0x08001c58                HAL_PCDEx_SetRxFiFo
 *fill*         0x08001c7a        0x2 
 .text.HAL_RCC_OscConfig
                0x08001c7c      0x484 Drivers\STM32F4xx_HAL_Driver\Src\stm32f4xx_hal_rcc.o
                0x08001c7c                HAL_RCC_OscConfig
 .text.HAL_RCC_ClockConfig
                0x08002100      0x1c4 Drivers\STM32F4xx_HAL_Driver\Src\stm32f4xx_hal_rcc.o
                0x08002100                HAL_RCC_ClockConfig
 .text.HAL_RCC_GetSysClockFreq
                0x080022c4      0x1b0 Drivers\STM32F4xx_HAL_Driver\Src\stm32f4xx_hal_rcc.o
                0x080022c4                HAL_RCC_GetSysClockFreq
 .text.HAL_RCC_GetHCLKFreq
                0x08002474       0x18 Drivers\STM32F4xx_HAL_Driver\Src\stm32f4xx_hal_rcc.o
                0x08002474                HAL_RCC_GetHCLKFreq
 .text.HAL_RCC_GetPCLK2Freq
                0x0800248c       0x28 Drivers\STM32F4xx_HAL_Driver\Src\stm32f4xx_hal_rcc.o
                0x0800248c                HAL_RCC_GetPCLK2Freq
 .text.HAL_RCC_GetClockConfig
                0x080024b4       0x64 Drivers\STM32F4xx_HAL_Driver\Src\stm32f4xx_hal_rcc.o
                0x080024b4                HAL_RCC_GetClockConfig
 .text.HAL_TIM_Base_Init
                0x08002518       0x56 Drivers\STM32F4xx_HAL_Driver\Src\stm32f4xx_hal_tim.o
                0x08002518                HAL_TIM_Base_Init
 .text.HAL_TIM_Base_MspInit
                0x0800256e       0x14 Drivers\STM32F4xx_HAL_Driver\Src\stm32f4xx_hal_tim.o
                0x0800256e                HAL_TIM_Base_MspInit
 .text.HAL_TIM_Base_Start_IT
                0x08002582       0x36 Drivers\STM32F4xx_HAL_Driver\Src\stm32f4xx_hal_tim.o
                0x08002582                HAL_TIM_Base_Start_IT
 .text.HAL_TIM_IRQHandler
                0x080025b8      0x210 Drivers\STM32F4xx_HAL_Driver\Src\stm32f4xx_hal_tim.o
                0x080025b8                HAL_TIM_IRQHandler
 .text.HAL_TIM_OC_DelayElapsedCallback
                0x080027c8       0x14 Drivers\STM32F4xx_HAL_Driver\Src\stm32f4xx_hal_tim.o
                0x080027c8                HAL_TIM_OC_DelayElapsedCallback
 .text.HAL_TIM_IC_CaptureCallback
                0x080027dc       0x14 Drivers\STM32F4xx_HAL_Driver\Src\stm32f4xx_hal_tim.o
                0x080027dc                HAL_TIM_IC_CaptureCallback
 .text.HAL_TIM_PWM_PulseFinishedCallback
                0x080027f0       0x14 Drivers\STM32F4xx_HAL_Driver\Src\stm32f4xx_hal_tim.o
                0x080027f0                HAL_TIM_PWM_PulseFinishedCallback
 .text.HAL_TIM_TriggerCallback
                0x08002804       0x14 Drivers\STM32F4xx_HAL_Driver\Src\stm32f4xx_hal_tim.o
                0x08002804                HAL_TIM_TriggerCallback
 .text.TIM_Base_SetConfig
                0x08002818      0x108 Drivers\STM32F4xx_HAL_Driver\Src\stm32f4xx_hal_tim.o
                0x08002818                TIM_Base_SetConfig
 .text.HAL_TIMEx_CommutationCallback
                0x08002920       0x14 Drivers\STM32F4xx_HAL_Driver\Src\stm32f4xx_hal_tim_ex.o
                0x08002920                HAL_TIMEx_CommutationCallback
 .text.HAL_TIMEx_BreakCallback
                0x08002934       0x14 Drivers\STM32F4xx_HAL_Driver\Src\stm32f4xx_hal_tim_ex.o
                0x08002934                HAL_TIMEx_BreakCallback
 .text.USB_CoreInit
                0x08002948       0xa2 Drivers\STM32F4xx_HAL_Driver\Src\stm32f4xx_ll_usb.o
                0x08002948                USB_CoreInit
 .text.USB_EnableGlobalInt
                0x080029ea       0x22 Drivers\STM32F4xx_HAL_Driver\Src\stm32f4xx_ll_usb.o
                0x080029ea                USB_EnableGlobalInt
 .text.USB_DisableGlobalInt
                0x08002a0c       0x22 Drivers\STM32F4xx_HAL_Driver\Src\stm32f4xx_ll_usb.o
                0x08002a0c                USB_DisableGlobalInt
 .text.USB_SetCurrentMode
                0x08002a2e       0x4e Drivers\STM32F4xx_HAL_Driver\Src\stm32f4xx_ll_usb.o
                0x08002a2e                USB_SetCurrentMode
 .text.USB_DevInit
                0x08002a7c      0x264 Drivers\STM32F4xx_HAL_Driver\Src\stm32f4xx_ll_usb.o
                0x08002a7c                USB_DevInit
 .text.USB_FlushTxFifo
                0x08002ce0       0x4c Drivers\STM32F4xx_HAL_Driver\Src\stm32f4xx_ll_usb.o
                0x08002ce0                USB_FlushTxFifo
 .text.USB_FlushRxFifo
                0x08002d2c       0x44 Drivers\STM32F4xx_HAL_Driver\Src\stm32f4xx_ll_usb.o
                0x08002d2c                USB_FlushRxFifo
 .text.USB_SetDevSpeed
                0x08002d70       0x30 Drivers\STM32F4xx_HAL_Driver\Src\stm32f4xx_ll_usb.o
                0x08002d70                USB_SetDevSpeed
 .text.USB_GetDevSpeed
                0x08002da0       0x6a Drivers\STM32F4xx_HAL_Driver\Src\stm32f4xx_ll_usb.o
                0x08002da0                USB_GetDevSpeed
 .text.USB_ActivateEndpoint
                0x08002e0a      0x112 Drivers\STM32F4xx_HAL_Driver\Src\stm32f4xx_ll_usb.o
                0x08002e0a                USB_ActivateEndpoint
 .text.USB_DeactivateEndpoint
                0x08002f1c      0x184 Drivers\STM32F4xx_HAL_Driver\Src\stm32f4xx_ll_usb.o
                0x08002f1c                USB_DeactivateEndpoint
 .text.USB_EPStartXfer
                0x080030a0      0x484 Drivers\STM32F4xx_HAL_Driver\Src\stm32f4xx_ll_usb.o
                0x080030a0                USB_EPStartXfer
 .text.USB_EP0StartXfer
                0x08003524      0x2be Drivers\STM32F4xx_HAL_Driver\Src\stm32f4xx_ll_usb.o
                0x08003524                USB_EP0StartXfer
 .text.USB_WritePacket
                0x080037e2       0x6a Drivers\STM32F4xx_HAL_Driver\Src\stm32f4xx_ll_usb.o
                0x080037e2                USB_WritePacket
 .text.USB_ReadPacket
                0x0800384c       0x4e Drivers\STM32F4xx_HAL_Driver\Src\stm32f4xx_ll_usb.o
                0x0800384c                USB_ReadPacket
 .text.USB_EPSetStall
                0x0800389a       0xe2 Drivers\STM32F4xx_HAL_Driver\Src\stm32f4xx_ll_usb.o
                0x0800389a                USB_EPSetStall
 .text.USB_EPClearStall
                0x0800397c       0xda Drivers\STM32F4xx_HAL_Driver\Src\stm32f4xx_ll_usb.o
                0x0800397c                USB_EPClearStall
 .text.USB_SetDevAddress
                0x08003a56       0x4c Drivers\STM32F4xx_HAL_Driver\Src\stm32f4xx_ll_usb.o
                0x08003a56                USB_SetDevAddress
 .text.USB_DevConnect
                0x08003aa2       0x2e Drivers\STM32F4xx_HAL_Driver\Src\stm32f4xx_ll_usb.o
                0x08003aa2                USB_DevConnect
 .text.USB_DevDisconnect
                0x08003ad0       0x2e Drivers\STM32F4xx_HAL_Driver\Src\stm32f4xx_ll_usb.o
                0x08003ad0                USB_DevDisconnect
 .text.USB_ReadInterrupts
                0x08003afe       0x2a Drivers\STM32F4xx_HAL_Driver\Src\stm32f4xx_ll_usb.o
                0x08003afe                USB_ReadInterrupts
 .text.USB_ReadDevAllOutEpInterrupt
                0x08003b28       0x30 Drivers\STM32F4xx_HAL_Driver\Src\stm32f4xx_ll_usb.o
                0x08003b28                USB_ReadDevAllOutEpInterrupt
 .text.USB_ReadDevAllInEpInterrupt
                0x08003b58       0x30 Drivers\STM32F4xx_HAL_Driver\Src\stm32f4xx_ll_usb.o
                0x08003b58                USB_ReadDevAllInEpInterrupt
 .text.USB_ReadDevOutEPInterrupt
                0x08003b88       0x38 Drivers\STM32F4xx_HAL_Driver\Src\stm32f4xx_ll_usb.o
                0x08003b88                USB_ReadDevOutEPInterrupt
 .text.USB_ReadDevInEPInterrupt
                0x08003bc0       0x54 Drivers\STM32F4xx_HAL_Driver\Src\stm32f4xx_ll_usb.o
                0x08003bc0                USB_ReadDevInEPInterrupt
 .text.USB_GetMode
                0x08003c14       0x1c Drivers\STM32F4xx_HAL_Driver\Src\stm32f4xx_ll_usb.o
                0x08003c14                USB_GetMode
 .text.USB_ActivateSetup
                0x08003c30       0x6c Drivers\STM32F4xx_HAL_Driver\Src\stm32f4xx_ll_usb.o
                0x08003c30                USB_ActivateSetup
 .text.USB_EP0_OutStart
                0x08003c9c       0x8a Drivers\STM32F4xx_HAL_Driver\Src\stm32f4xx_ll_usb.o
                0x08003c9c                USB_EP0_OutStart
 *fill*         0x08003d26        0x2 
 .text.USB_CoreReset
                0x08003d28       0x68 Drivers\STM32F4xx_HAL_Driver\Src\stm32f4xx_ll_usb.o
 .text.USBD_CDC_Init
                0x08003d90       0xd4 Middlewares\ST\STM32_USB_Device_Library\Class\CDC\Src\usbd_cdc.o
 .text.USBD_CDC_DeInit
                0x08003e64       0x5a Middlewares\ST\STM32_USB_Device_Library\Class\CDC\Src\usbd_cdc.o
 *fill*         0x08003ebe        0x2 
 .text.USBD_CDC_Setup
                0x08003ec0       0xbc Middlewares\ST\STM32_USB_Device_Library\Class\CDC\Src\usbd_cdc.o
 .text.USBD_CDC_DataIn
                0x08003f7c       0x38 Middlewares\ST\STM32_USB_Device_Library\Class\CDC\Src\usbd_cdc.o
 .text.USBD_CDC_DataOut
                0x08003fb4       0x56 Middlewares\ST\STM32_USB_Device_Library\Class\CDC\Src\usbd_cdc.o
 .text.USBD_CDC_EP0_RxReady
                0x0800400a       0x50 Middlewares\ST\STM32_USB_Device_Library\Class\CDC\Src\usbd_cdc.o
 *fill*         0x0800405a        0x2 
 .text.USBD_CDC_GetFSCfgDesc
                0x0800405c       0x20 Middlewares\ST\STM32_USB_Device_Library\Class\CDC\Src\usbd_cdc.o
 .text.USBD_CDC_GetHSCfgDesc
                0x0800407c       0x20 Middlewares\ST\STM32_USB_Device_Library\Class\CDC\Src\usbd_cdc.o
 .text.USBD_CDC_GetOtherSpeedCfgDesc
                0x0800409c       0x20 Middlewares\ST\STM32_USB_Device_Library\Class\CDC\Src\usbd_cdc.o
 .text.USBD_CDC_GetDeviceQualifierDescriptor
                0x080040bc       0x20 Middlewares\ST\STM32_USB_Device_Library\Class\CDC\Src\usbd_cdc.o
                0x080040bc                USBD_CDC_GetDeviceQualifierDescriptor
 .text.USBD_CDC_RegisterInterface
                0x080040dc       0x2e Middlewares\ST\STM32_USB_Device_Library\Class\CDC\Src\usbd_cdc.o
                0x080040dc                USBD_CDC_RegisterInterface
 .text.USBD_CDC_SetTxBuffer
                0x0800410a       0x34 Middlewares\ST\STM32_USB_Device_Library\Class\CDC\Src\usbd_cdc.o
                0x0800410a                USBD_CDC_SetTxBuffer
 .text.USBD_CDC_SetRxBuffer
                0x0800413e       0x28 Middlewares\ST\STM32_USB_Device_Library\Class\CDC\Src\usbd_cdc.o
                0x0800413e                USBD_CDC_SetRxBuffer
 .text.USBD_CDC_ReceivePacket
                0x08004166       0x54 Middlewares\ST\STM32_USB_Device_Library\Class\CDC\Src\usbd_cdc.o
                0x08004166                USBD_CDC_ReceivePacket
 .text.USBD_Init
                0x080041ba       0x56 Middlewares\ST\STM32_USB_Device_Library\Core\Src\usbd_core.o
                0x080041ba                USBD_Init
 .text.USBD_RegisterClass
                0x08004210       0x34 Middlewares\ST\STM32_USB_Device_Library\Core\Src\usbd_core.o
                0x08004210                USBD_RegisterClass
 .text.USBD_Start
                0x08004244       0x18 Middlewares\ST\STM32_USB_Device_Library\Core\Src\usbd_core.o
                0x08004244                USBD_Start
 .text.USBD_RunTestMode
                0x0800425c       0x16 Middlewares\ST\STM32_USB_Device_Library\Core\Src\usbd_core.o
                0x0800425c                USBD_RunTestMode
 .text.USBD_SetClassConfig
                0x08004272       0x3e Middlewares\ST\STM32_USB_Device_Library\Core\Src\usbd_core.o
                0x08004272                USBD_SetClassConfig
 .text.USBD_ClrClassConfig
                0x080042b0       0x26 Middlewares\ST\STM32_USB_Device_Library\Core\Src\usbd_core.o
                0x080042b0                USBD_ClrClassConfig
 .text.USBD_LL_SetupStage
                0x080042d6       0x94 Middlewares\ST\STM32_USB_Device_Library\Core\Src\usbd_core.o
                0x080042d6                USBD_LL_SetupStage
 .text.USBD_LL_DataOutStage
                0x0800436a       0xb6 Middlewares\ST\STM32_USB_Device_Library\Core\Src\usbd_core.o
                0x0800436a                USBD_LL_DataOutStage
 .text.USBD_LL_DataInStage
                0x08004420      0x11e Middlewares\ST\STM32_USB_Device_Library\Core\Src\usbd_core.o
                0x08004420                USBD_LL_DataInStage
 .text.USBD_LL_Reset
                0x0800453e       0x5e Middlewares\ST\STM32_USB_Device_Library\Core\Src\usbd_core.o
                0x0800453e                USBD_LL_Reset
 .text.USBD_LL_SetSpeed
                0x0800459c       0x20 Middlewares\ST\STM32_USB_Device_Library\Core\Src\usbd_core.o
                0x0800459c                USBD_LL_SetSpeed
 .text.USBD_LL_Suspend
                0x080045bc       0x2a Middlewares\ST\STM32_USB_Device_Library\Core\Src\usbd_core.o
                0x080045bc                USBD_LL_Suspend
 .text.USBD_LL_Resume
                0x080045e6       0x22 Middlewares\ST\STM32_USB_Device_Library\Core\Src\usbd_core.o
                0x080045e6                USBD_LL_Resume
 .text.USBD_LL_SOF
                0x08004608       0x34 Middlewares\ST\STM32_USB_Device_Library\Core\Src\usbd_core.o
                0x08004608                USBD_LL_SOF
 .text.USBD_LL_IsoINIncomplete
                0x0800463c       0x1a Middlewares\ST\STM32_USB_Device_Library\Core\Src\usbd_core.o
                0x0800463c                USBD_LL_IsoINIncomplete
 .text.USBD_LL_IsoOUTIncomplete
                0x08004656       0x1a Middlewares\ST\STM32_USB_Device_Library\Core\Src\usbd_core.o
                0x08004656                USBD_LL_IsoOUTIncomplete
 .text.USBD_LL_DevConnected
                0x08004670       0x16 Middlewares\ST\STM32_USB_Device_Library\Core\Src\usbd_core.o
                0x08004670                USBD_LL_DevConnected
 .text.USBD_LL_DevDisconnected
                0x08004686       0x2e Middlewares\ST\STM32_USB_Device_Library\Core\Src\usbd_core.o
                0x08004686                USBD_LL_DevDisconnected
 .text.USBD_StdDevReq
                0x080046b4       0xa0 Middlewares\ST\STM32_USB_Device_Library\Core\Src\usbd_ctlreq.o
                0x080046b4                USBD_StdDevReq
 .text.USBD_StdItfReq
                0x08004754       0x66 Middlewares\ST\STM32_USB_Device_Library\Core\Src\usbd_ctlreq.o
                0x08004754                USBD_StdItfReq
 .text.USBD_StdEPReq
                0x080047ba      0x1b0 Middlewares\ST\STM32_USB_Device_Library\Core\Src\usbd_ctlreq.o
                0x080047ba                USBD_StdEPReq
 *fill*         0x0800496a        0x2 
 .text.USBD_GetDescriptor
                0x0800496c      0x1e8 Middlewares\ST\STM32_USB_Device_Library\Core\Src\usbd_ctlreq.o
 .text.USBD_SetAddress
                0x08004b54       0x7c Middlewares\ST\STM32_USB_Device_Library\Core\Src\usbd_ctlreq.o
 .text.USBD_SetConfig
                0x08004bd0      0x110 Middlewares\ST\STM32_USB_Device_Library\Core\Src\usbd_ctlreq.o
 .text.USBD_GetConfig
                0x08004ce0       0x64 Middlewares\ST\STM32_USB_Device_Library\Core\Src\usbd_ctlreq.o
 .text.USBD_GetStatus
                0x08004d44       0x54 Middlewares\ST\STM32_USB_Device_Library\Core\Src\usbd_ctlreq.o
 .text.USBD_SetFeature
                0x08004d98       0x36 Middlewares\ST\STM32_USB_Device_Library\Core\Src\usbd_ctlreq.o
 .text.USBD_ClrFeature
                0x08004dce       0x50 Middlewares\ST\STM32_USB_Device_Library\Core\Src\usbd_ctlreq.o
 .text.USBD_ParseSetupRequest
                0x08004e1e       0x7a Middlewares\ST\STM32_USB_Device_Library\Core\Src\usbd_ctlreq.o
                0x08004e1e                USBD_ParseSetupRequest
 .text.USBD_CtlError
                0x08004e98       0x22 Middlewares\ST\STM32_USB_Device_Library\Core\Src\usbd_ctlreq.o
                0x08004e98                USBD_CtlError
 .text.USBD_GetString
                0x08004eba       0x86 Middlewares\ST\STM32_USB_Device_Library\Core\Src\usbd_ctlreq.o
                0x08004eba                USBD_GetString
 .text.USBD_GetLen
                0x08004f40       0x30 Middlewares\ST\STM32_USB_Device_Library\Core\Src\usbd_ctlreq.o
 .text.USBD_CtlSendData
                0x08004f70       0x38 Middlewares\ST\STM32_USB_Device_Library\Core\Src\usbd_ioreq.o
                0x08004f70                USBD_CtlSendData
 .text.USBD_CtlContinueSendData
                0x08004fa8       0x24 Middlewares\ST\STM32_USB_Device_Library\Core\Src\usbd_ioreq.o
                0x08004fa8                USBD_CtlContinueSendData
 .text.USBD_CtlPrepareRx
                0x08004fcc       0x3c Middlewares\ST\STM32_USB_Device_Library\Core\Src\usbd_ioreq.o
                0x08004fcc                USBD_CtlPrepareRx
 .text.USBD_CtlContinueRx
                0x08005008       0x24 Middlewares\ST\STM32_USB_Device_Library\Core\Src\usbd_ioreq.o
                0x08005008                USBD_CtlContinueRx
 .text.USBD_CtlSendStatus
                0x0800502c       0x26 Middlewares\ST\STM32_USB_Device_Library\Core\Src\usbd_ioreq.o
                0x0800502c                USBD_CtlSendStatus
 .text.USBD_CtlReceiveStatus
                0x08005052       0x26 Middlewares\ST\STM32_USB_Device_Library\Core\Src\usbd_ioreq.o
                0x08005052                USBD_CtlReceiveStatus
 .text.makeFreeRtosPriority
                0x08005078       0x30 Middlewares\Third_Party\FreeRTOS\Source\CMSIS_RTOS\cmsis_os.o
 .text.osKernelStart
                0x080050a8        0xe Middlewares\Third_Party\FreeRTOS\Source\CMSIS_RTOS\cmsis_os.o
                0x080050a8                osKernelStart
 .text.osThreadCreate
                0x080050b6       0x4e Middlewares\Third_Party\FreeRTOS\Source\CMSIS_RTOS\cmsis_os.o
                0x080050b6                osThreadCreate
 .text.osDelay  0x08005104       0x28 Middlewares\Third_Party\FreeRTOS\Source\CMSIS_RTOS\cmsis_os.o
                0x08005104                osDelay
 .text.osSystickHandler
                0x0800512c       0x16 Middlewares\Third_Party\FreeRTOS\Source\CMSIS_RTOS\cmsis_os.o
                0x0800512c                osSystickHandler
 .text.vListInitialise
                0x08005142       0x40 Middlewares\Third_Party\FreeRTOS\Source\list.o
                0x08005142                vListInitialise
 .text.vListInitialiseItem
                0x08005182       0x1a Middlewares\Third_Party\FreeRTOS\Source\list.o
                0x08005182                vListInitialiseItem
 .text.vListInsertEnd
                0x0800519c       0x48 Middlewares\Third_Party\FreeRTOS\Source\list.o
                0x0800519c                vListInsertEnd
 .text.vListInsert
                0x080051e4       0x72 Middlewares\Third_Party\FreeRTOS\Source\list.o
                0x080051e4                vListInsert
 .text.uxListRemove
                0x08005256       0x54 Middlewares\Third_Party\FreeRTOS\Source\list.o
                0x08005256                uxListRemove
 *fill*         0x080052aa        0x2 
 .text.pxPortInitialiseStack
                0x080052ac       0x68 Middlewares\Third_Party\FreeRTOS\Source\portable\GCC\ARM_CM4F\port.o
                0x080052ac                pxPortInitialiseStack
 .text.prvTaskExitError
                0x08005314       0x54 Middlewares\Third_Party\FreeRTOS\Source\portable\GCC\ARM_CM4F\port.o
 *fill*         0x08005368        0x8 
 .text.SVC_Handler
                0x08005370       0x28 Middlewares\Third_Party\FreeRTOS\Source\portable\GCC\ARM_CM4F\port.o
                0x08005370                SVC_Handler
 .text.prvPortStartFirstTask
                0x08005398       0x28 Middlewares\Third_Party\FreeRTOS\Source\portable\GCC\ARM_CM4F\port.o
 .text.xPortStartScheduler
                0x080053c0      0x13c Middlewares\Third_Party\FreeRTOS\Source\portable\GCC\ARM_CM4F\port.o
                0x080053c0                xPortStartScheduler
 .text.vPortEnterCritical
                0x080054fc       0x5c Middlewares\Third_Party\FreeRTOS\Source\portable\GCC\ARM_CM4F\port.o
                0x080054fc                vPortEnterCritical
 .text.vPortExitCritical
                0x08005558       0x50 Middlewares\Third_Party\FreeRTOS\Source\portable\GCC\ARM_CM4F\port.o
                0x08005558                vPortExitCritical
 *fill*         0x080055a8        0x8 
 .text.PendSV_Handler
                0x080055b0       0x68 Middlewares\Third_Party\FreeRTOS\Source\portable\GCC\ARM_CM4F\port.o
                0x080055b0                PendSV_Handler
 .text.xPortSysTickHandler
                0x08005618       0x40 Middlewares\Third_Party\FreeRTOS\Source\portable\GCC\ARM_CM4F\port.o
                0x08005618                xPortSysTickHandler
 .text.vPortSetupTimerInterrupt
                0x08005658       0x48 Middlewares\Third_Party\FreeRTOS\Source\portable\GCC\ARM_CM4F\port.o
                0x08005658                vPortSetupTimerInterrupt
 .text.vPortEnableVFP
                0x080056a0       0x14 Middlewares\Third_Party\FreeRTOS\Source\portable\GCC\ARM_CM4F\port.o
 .text.pvPortMalloc
                0x080056b4      0x184 Middlewares\Third_Party\FreeRTOS\Source\portable\MemMang\heap_4.o
                0x080056b4                pvPortMalloc
 .text.vPortFree
                0x08005838       0xb0 Middlewares\Third_Party\FreeRTOS\Source\portable\MemMang\heap_4.o
                0x08005838                vPortFree
 .text.prvHeapInit
                0x080058e8       0xc4 Middlewares\Third_Party\FreeRTOS\Source\portable\MemMang\heap_4.o
 .text.prvInsertBlockIntoFreeList
                0x080059ac       0xb4 Middlewares\Third_Party\FreeRTOS\Source\portable\MemMang\heap_4.o
 .text.xTaskCreate
                0x08005a60       0x82 Middlewares\Third_Party\FreeRTOS\Source\tasks.o
                0x08005a60                xTaskCreate
 .text.prvInitialiseNewTask
                0x08005ae2       0xfc Middlewares\Third_Party\FreeRTOS\Source\tasks.o
 *fill*         0x08005bde        0x2 
 .text.prvAddNewTaskToReadyList
                0x08005be0       0xd4 Middlewares\Third_Party\FreeRTOS\Source\tasks.o
 .text.vTaskDelay
                0x08005cb4       0x68 Middlewares\Third_Party\FreeRTOS\Source\tasks.o
                0x08005cb4                vTaskDelay
 .text.vTaskStartScheduler
                0x08005d1c       0x8c Middlewares\Third_Party\FreeRTOS\Source\tasks.o
                0x08005d1c                vTaskStartScheduler
 .text.vTaskSuspendAll
                0x08005da8       0x1c Middlewares\Third_Party\FreeRTOS\Source\tasks.o
                0x08005da8                vTaskSuspendAll
 .text.xTaskResumeAll
                0x08005dc4      0x138 Middlewares\Third_Party\FreeRTOS\Source\tasks.o
                0x08005dc4                xTaskResumeAll
 .text.xTaskIncrementTick
                0x08005efc      0x178 Middlewares\Third_Party\FreeRTOS\Source\tasks.o
                0x08005efc                xTaskIncrementTick
 .text.vTaskSwitchContext
                0x08006074       0xb4 Middlewares\Third_Party\FreeRTOS\Source\tasks.o
                0x08006074                vTaskSwitchContext
 .text.prvIdleTask
                0x08006128       0x30 Middlewares\Third_Party\FreeRTOS\Source\tasks.o
 .text.prvInitialiseTaskLists
                0x08006158       0x80 Middlewares\Third_Party\FreeRTOS\Source\tasks.o
 .text.prvCheckTasksWaitingTermination
                0x080061d8       0x58 Middlewares\Third_Party\FreeRTOS\Source\tasks.o
 .text.prvDeleteTCB
                0x08006230       0x20 Middlewares\Third_Party\FreeRTOS\Source\tasks.o
 .text.prvResetNextTaskUnblockTime
                0x08006250       0x4c Middlewares\Third_Party\FreeRTOS\Source\tasks.o
 .text.xTaskGetSchedulerState
                0x0800629c       0x3c Middlewares\Third_Party\FreeRTOS\Source\tasks.o
                0x0800629c                xTaskGetSchedulerState
 .text.prvAddCurrentTaskToDelayedList
                0x080062d8       0xcc Middlewares\Third_Party\FreeRTOS\Source\tasks.o
 .text.main     0x080063a4       0x40 Src\main.o
                0x080063a4                main
 .text.SystemClock_Config
                0x080063e4       0xe8 Src\main.o
                0x080063e4                SystemClock_Config
 .text.MX_GPIO_Init
                0x080064cc       0x50 Src\main.o
 .text.StartDefaultTask
                0x0800651c       0x14 Src\main.o
                0x0800651c                StartDefaultTask
 .text.HAL_TIM_PeriodElapsedCallback
                0x08006530       0x24 Src\main.o
                0x08006530                HAL_TIM_PeriodElapsedCallback
 .text._Error_Handler
                0x08006554        0xc Src\main.o
                0x08006554                _Error_Handler
 .text.HAL_MspInit
                0x08006560       0xa4 Src\stm32f4xx_hal_msp.o
                0x08006560                HAL_MspInit
 .text.HAL_InitTick
                0x08006604       0xb0 Src\stm32f4xx_hal_timebase_TIM.o
                0x08006604                HAL_InitTick
 .text.NMI_Handler
                0x080066b4        0xe Src\stm32f4xx_it.o
                0x080066b4                NMI_Handler
 .text.HardFault_Handler
                0x080066c2        0x6 Src\stm32f4xx_it.o
                0x080066c2                HardFault_Handler
 .text.MemManage_Handler
                0x080066c8        0x6 Src\stm32f4xx_it.o
                0x080066c8                MemManage_Handler
 .text.BusFault_Handler
                0x080066ce        0x6 Src\stm32f4xx_it.o
                0x080066ce                BusFault_Handler
 .text.UsageFault_Handler
                0x080066d4        0x6 Src\stm32f4xx_it.o
                0x080066d4                UsageFault_Handler
 .text.DebugMon_Handler
                0x080066da        0xe Src\stm32f4xx_it.o
                0x080066da                DebugMon_Handler
 .text.SysTick_Handler
                0x080066e8        0xc Src\stm32f4xx_it.o
                0x080066e8                SysTick_Handler
 .text.TIM1_UP_TIM10_IRQHandler
                0x080066f4       0x14 Src\stm32f4xx_it.o
                0x080066f4                TIM1_UP_TIM10_IRQHandler
 .text.OTG_FS_IRQHandler
                0x08006708       0x14 Src\stm32f4xx_it.o
                0x08006708                OTG_FS_IRQHandler
 .text.SystemInit
                0x0800671c       0x6c Src\system_stm32f4xx.o
                0x0800671c                SystemInit
 .text.MX_USB_DEVICE_Init
                0x08006788       0x38 Src\usb_device.o
                0x08006788                MX_USB_DEVICE_Init
 .text.CDC_Init_FS
                0x080067c0       0x28 Src\usbd_cdc_if.o
 .text.CDC_DeInit_FS
                0x080067e8       0x10 Src\usbd_cdc_if.o
 .text.CDC_Control_FS
                0x080067f8       0xbc Src\usbd_cdc_if.o
 .text.CDC_Receive_FS
                0x080068b4       0x28 Src\usbd_cdc_if.o
 .text.HAL_PCD_MspInit
                0x080068dc       0x98 Src\usbd_conf.o
                0x080068dc                HAL_PCD_MspInit
 .text.HAL_PCD_SetupStageCallback
                0x08006974       0x24 Src\usbd_conf.o
                0x08006974                HAL_PCD_SetupStageCallback
 .text.HAL_PCD_DataOutStageCallback
                0x08006998       0x36 Src\usbd_conf.o
                0x08006998                HAL_PCD_DataOutStageCallback
 .text.HAL_PCD_DataInStageCallback
                0x080069ce       0x34 Src\usbd_conf.o
                0x080069ce                HAL_PCD_DataInStageCallback
 .text.HAL_PCD_SOFCallback
                0x08006a02       0x1c Src\usbd_conf.o
                0x08006a02                HAL_PCD_SOFCallback
 .text.HAL_PCD_ResetCallback
                0x08006a1e       0x50 Src\usbd_conf.o
                0x08006a1e                HAL_PCD_ResetCallback
 *fill*         0x08006a6e        0x2 
 .text.HAL_PCD_SuspendCallback
                0x08006a70       0x50 Src\usbd_conf.o
                0x08006a70                HAL_PCD_SuspendCallback
 .text.HAL_PCD_ResumeCallback
                0x08006ac0       0x1c Src\usbd_conf.o
                0x08006ac0                HAL_PCD_ResumeCallback
 .text.HAL_PCD_ISOOUTIncompleteCallback
                0x08006adc       0x24 Src\usbd_conf.o
                0x08006adc                HAL_PCD_ISOOUTIncompleteCallback
 .text.HAL_PCD_ISOINIncompleteCallback
                0x08006b00       0x24 Src\usbd_conf.o
                0x08006b00                HAL_PCD_ISOINIncompleteCallback
 .text.HAL_PCD_ConnectCallback
                0x08006b24       0x1c Src\usbd_conf.o
                0x08006b24                HAL_PCD_ConnectCallback
 .text.HAL_PCD_DisconnectCallback
                0x08006b40       0x1c Src\usbd_conf.o
                0x08006b40                HAL_PCD_DisconnectCallback
 .text.USBD_LL_Init
                0x08006b5c       0xa8 Src\usbd_conf.o
                0x08006b5c                USBD_LL_Init
 .text.USBD_LL_Start
                0x08006c04       0x64 Src\usbd_conf.o
                0x08006c04                USBD_LL_Start
 .text.USBD_LL_OpenEP
                0x08006c68       0x7c Src\usbd_conf.o
                0x08006c68                USBD_LL_OpenEP
 .text.USBD_LL_CloseEP
                0x08006ce4       0x6c Src\usbd_conf.o
                0x08006ce4                USBD_LL_CloseEP
 .text.USBD_LL_StallEP
                0x08006d50       0x6c Src\usbd_conf.o
                0x08006d50                USBD_LL_StallEP
 .text.USBD_LL_ClearStallEP
                0x08006dbc       0x6c Src\usbd_conf.o
                0x08006dbc                USBD_LL_ClearStallEP
 .text.USBD_LL_IsStallEP
                0x08006e28       0x58 Src\usbd_conf.o
                0x08006e28                USBD_LL_IsStallEP
 .text.USBD_LL_SetUSBAddress
                0x08006e80       0x6c Src\usbd_conf.o
                0x08006e80                USBD_LL_SetUSBAddress
 .text.USBD_LL_Transmit
                0x08006eec       0x74 Src\usbd_conf.o
                0x08006eec                USBD_LL_Transmit
 .text.USBD_LL_PrepareReceive
                0x08006f60       0x74 Src\usbd_conf.o
                0x08006f60                USBD_LL_PrepareReceive
 .text.USBD_LL_GetRxDataSize
                0x08006fd4       0x26 Src\usbd_conf.o
                0x08006fd4                USBD_LL_GetRxDataSize
 *fill*         0x08006ffa        0x2 
 .text.USBD_FS_DeviceDescriptor
                0x08006ffc       0x24 Src\usbd_desc.o
                0x08006ffc                USBD_FS_DeviceDescriptor
 .text.USBD_FS_LangIDStrDescriptor
                0x08007020       0x24 Src\usbd_desc.o
                0x08007020                USBD_FS_LangIDStrDescriptor
 .text.USBD_FS_ProductStrDescriptor
                0x08007044       0x3c Src\usbd_desc.o
                0x08007044                USBD_FS_ProductStrDescriptor
 .text.USBD_FS_ManufacturerStrDescriptor
                0x08007080       0x28 Src\usbd_desc.o
                0x08007080                USBD_FS_ManufacturerStrDescriptor
 .text.USBD_FS_SerialStrDescriptor
                0x080070a8       0x3c Src\usbd_desc.o
                0x080070a8                USBD_FS_SerialStrDescriptor
 .text.USBD_FS_ConfigStrDescriptor
                0x080070e4       0x3c Src\usbd_desc.o
                0x080070e4                USBD_FS_ConfigStrDescriptor
 .text.USBD_FS_InterfaceStrDescriptor
                0x08007120       0x3c Src\usbd_desc.o
                0x08007120                USBD_FS_InterfaceStrDescriptor
 .text.Reset_Handler
                0x0800715c       0x50 startup\startup_stm32f411xe.o
                0x0800715c                Reset_Handler
 .text.Default_Handler
                0x080071ac        0x2 startup\startup_stm32f411xe.o
                0x080071ac                RTC_Alarm_IRQHandler
                0x080071ac                EXTI2_IRQHandler
                0x080071ac                SPI4_IRQHandler
                0x080071ac                TIM1_CC_IRQHandler
                0x080071ac                DMA2_Stream5_IRQHandler
                0x080071ac                DMA1_Stream5_IRQHandler
                0x080071ac                PVD_IRQHandler
                0x080071ac                SDIO_IRQHandler
                0x080071ac                TAMP_STAMP_IRQHandler
                0x080071ac                EXTI3_IRQHandler
                0x080071ac                I2C3_ER_IRQHandler
                0x080071ac                EXTI0_IRQHandler
                0x080071ac                I2C2_EV_IRQHandler
                0x080071ac                DMA1_Stream2_IRQHandler
                0x080071ac                FPU_IRQHandler
                0x080071ac                DMA2_Stream2_IRQHandler
                0x080071ac                SPI1_IRQHandler
                0x080071ac                TIM1_BRK_TIM9_IRQHandler
                0x080071ac                DMA2_Stream3_IRQHandler
                0x080071ac                USART6_IRQHandler
                0x080071ac                DMA2_Stream0_IRQHandler
                0x080071ac                TIM4_IRQHandler
                0x080071ac                I2C1_EV_IRQHandler
                0x080071ac                DMA1_Stream6_IRQHandler
                0x080071ac                DMA1_Stream1_IRQHandler
                0x080071ac                TIM3_IRQHandler
                0x080071ac                RCC_IRQHandler
                0x080071ac                Default_Handler
                0x080071ac                EXTI15_10_IRQHandler
                0x080071ac                ADC_IRQHandler
                0x080071ac                DMA1_Stream7_IRQHandler
                0x080071ac                SPI5_IRQHandler
                0x080071ac                TIM5_IRQHandler
                0x080071ac                DMA2_Stream7_IRQHandler
                0x080071ac                I2C3_EV_IRQHandler
                0x080071ac                EXTI9_5_IRQHandler
                0x080071ac                RTC_WKUP_IRQHandler
                0x080071ac                SPI2_IRQHandler
                0x080071ac                DMA1_Stream0_IRQHandler
                0x080071ac                EXTI4_IRQHandler
                0x080071ac                WWDG_IRQHandler
                0x080071ac                TIM2_IRQHandler
                0x080071ac                OTG_FS_WKUP_IRQHandler
                0x080071ac                TIM1_TRG_COM_TIM11_IRQHandler
                0x080071ac                EXTI1_IRQHandler
                0x080071ac                USART2_IRQHandler
                0x080071ac                I2C2_ER_IRQHandler
                0x080071ac                DMA2_Stream1_IRQHandler
                0x080071ac                FLASH_IRQHandler
                0x080071ac                DMA2_Stream4_IRQHandler
                0x080071ac                USART1_IRQHandler
                0x080071ac                SPI3_IRQHandler
                0x080071ac                DMA1_Stream4_IRQHandler
                0x080071ac                I2C1_ER_IRQHandler
                0x080071ac                DMA2_Stream6_IRQHandler
                0x080071ac                DMA1_Stream3_IRQHandler
 *fill*         0x080071ae        0x2 
 .text.__libc_init_array
                0x080071b0       0x48 c:/program files (x86)/atollic/truestudio for stm32 9.0.0/armtools/bin/../lib/gcc/arm-atollic-eabi/6.3.1/../../../../arm-atollic-eabi/lib/armv7e-m/fpu\libc_nano.a(lib_a-init.o)
                0x080071b0                __libc_init_array
 .text.malloc   0x080071f8       0x10 c:/program files (x86)/atollic/truestudio for stm32 9.0.0/armtools/bin/../lib/gcc/arm-atollic-eabi/6.3.1/../../../../arm-atollic-eabi/lib/armv7e-m/fpu\libc_nano.a(lib_a-malloc.o)
                0x080071f8                malloc
 .text.free     0x08007208       0x10 c:/program files (x86)/atollic/truestudio for stm32 9.0.0/armtools/bin/../lib/gcc/arm-atollic-eabi/6.3.1/../../../../arm-atollic-eabi/lib/armv7e-m/fpu\libc_nano.a(lib_a-malloc.o)
                0x08007208                free
 .text._free_r  0x08007218       0x9c c:/program files (x86)/atollic/truestudio for stm32 9.0.0/armtools/bin/../lib/gcc/arm-atollic-eabi/6.3.1/../../../../arm-atollic-eabi/lib/armv7e-m/fpu\libc_nano.a(lib_a-nano-freer.o)
                0x08007218                _free_r
 .text._malloc_r
                0x080072b4       0xbc c:/program files (x86)/atollic/truestudio for stm32 9.0.0/armtools/bin/../lib/gcc/arm-atollic-eabi/6.3.1/../../../../arm-atollic-eabi/lib/armv7e-m/fpu\libc_nano.a(lib_a-nano-mallocr.o)
                0x080072b4                _malloc_r
 .text._sbrk_r  0x08007370       0x20 c:/program files (x86)/atollic/truestudio for stm32 9.0.0/armtools/bin/../lib/gcc/arm-atollic-eabi/6.3.1/../../../../arm-atollic-eabi/lib/armv7e-m/fpu\libc_nano.a(lib_a-sbrkr.o)
                0x08007370                _sbrk_r
 .text.__malloc_lock
                0x08007390        0x2 c:/program files (x86)/atollic/truestudio for stm32 9.0.0/armtools/bin/../lib/gcc/arm-atollic-eabi/6.3.1/../../../../arm-atollic-eabi/lib/armv7e-m/fpu\libc_nano.a(lib_a-mlock.o)
                0x08007390                __malloc_lock
 .text.__malloc_unlock
                0x08007392        0x2 c:/program files (x86)/atollic/truestudio for stm32 9.0.0/armtools/bin/../lib/gcc/arm-atollic-eabi/6.3.1/../../../../arm-atollic-eabi/lib/armv7e-m/fpu\libc_nano.a(lib_a-mlock.o)
                0x08007392                __malloc_unlock
 .text._sbrk    0x08007394       0x1c c:/program files (x86)/atollic/truestudio for stm32 9.0.0/armtools/bin/../lib/gcc/arm-atollic-eabi/6.3.1/../../../../arm-atollic-eabi/lib/armv7e-m/fpu\libnosys.a(sbrk.o)
                0x08007394                _sbrk
 *(.glue_7)
 .glue_7        0x080073b0        0x0 linker stubs
 *(.glue_7t)
 .glue_7t       0x080073b0        0x0 linker stubs
 *(.eh_frame)
 .eh_frame      0x080073b0        0x0 c:/program files (x86)/atollic/truestudio for stm32 9.0.0/armtools/bin/../lib/gcc/arm-atollic-eabi/6.3.1/armv7e-m/fpu/crtbegin.o
 *(.init)
 .init          0x080073b0        0x4 c:/program files (x86)/atollic/truestudio for stm32 9.0.0/armtools/bin/../lib/gcc/arm-atollic-eabi/6.3.1/armv7e-m/fpu/crti.o
                0x080073b0                _init
 .init          0x080073b4        0x8 c:/program files (x86)/atollic/truestudio for stm32 9.0.0/armtools/bin/../lib/gcc/arm-atollic-eabi/6.3.1/armv7e-m/fpu/crtn.o
 *(.fini)
 .fini          0x080073bc        0x4 c:/program files (x86)/atollic/truestudio for stm32 9.0.0/armtools/bin/../lib/gcc/arm-atollic-eabi/6.3.1/armv7e-m/fpu/crti.o
                0x080073bc                _fini
 .fini          0x080073c0        0x8 c:/program files (x86)/atollic/truestudio for stm32 9.0.0/armtools/bin/../lib/gcc/arm-atollic-eabi/6.3.1/armv7e-m/fpu/crtn.o
                0x080073c8                . = ALIGN (0x4)
                0x080073c8                _etext = .

.vfp11_veneer   0x080073c8        0x0
 .vfp11_veneer  0x080073c8        0x0 linker stubs

.v4_bx          0x080073c8        0x0
 .v4_bx         0x080073c8        0x0 linker stubs

.iplt           0x080073c8        0x0
 .iplt          0x080073c8        0x0 c:/program files (x86)/atollic/truestudio for stm32 9.0.0/armtools/bin/../lib/gcc/arm-atollic-eabi/6.3.1/armv7e-m/fpu/crtbegin.o

.rodata         0x080073c8       0xbc
                0x080073c8                . = ALIGN (0x4)
 *(.rodata)
 .rodata        0x080073c8        0x5 Middlewares\Third_Party\FreeRTOS\Source\tasks.o
 *fill*         0x080073cd        0x3 
 .rodata        0x080073d0       0x2e Src\main.o
 *fill*         0x080073fe        0x2 
 .rodata        0x08007400       0x13 Src\usbd_conf.o
 *fill*         0x08007413        0x1 
 .rodata        0x08007414       0x56 Src\usbd_desc.o
 *(.rodata*)
 *fill*         0x0800746a        0x2 
 .rodata.AHBPrescTable
                0x0800746c       0x10 Src\system_stm32f4xx.o
                0x0800746c                AHBPrescTable
 .rodata.APBPrescTable
                0x0800747c        0x8 Src\system_stm32f4xx.o
                0x0800747c                APBPrescTable
                0x08007484                . = ALIGN (0x4)

.ARM.extab
 *(.ARM.extab* .gnu.linkonce.armextab.*)

.ARM            0x08007484        0x8
                0x08007484                __exidx_start = .
 *(.ARM.exidx*)
 .ARM.exidx     0x08007484        0x8 c:/program files (x86)/atollic/truestudio for stm32 9.0.0/armtools/bin/../lib/gcc/arm-atollic-eabi/6.3.1/armv7e-m/fpu\libgcc.a(_udivmoddi4.o)
                0x0800748c                __exidx_end = .

.rel.dyn        0x0800748c        0x0
 .rel.iplt      0x0800748c        0x0 c:/program files (x86)/atollic/truestudio for stm32 9.0.0/armtools/bin/../lib/gcc/arm-atollic-eabi/6.3.1/armv7e-m/fpu/crtbegin.o

.preinit_array  0x0800748c        0x0
                0x0800748c                PROVIDE (__preinit_array_start, .)
 *(.preinit_array*)
                0x0800748c                PROVIDE (__preinit_array_end, .)

.init_array     0x0800748c        0x4
                0x0800748c                PROVIDE (__init_array_start, .)
 *(SORT(.init_array.*))
 *(.init_array*)
 .init_array    0x0800748c        0x4 c:/program files (x86)/atollic/truestudio for stm32 9.0.0/armtools/bin/../lib/gcc/arm-atollic-eabi/6.3.1/armv7e-m/fpu/crtbegin.o
                0x08007490                PROVIDE (__init_array_end, .)

.fini_array     0x08007490        0x4
                [!provide]                PROVIDE (__fini_array_start, .)
 *(SORT(.fini_array.*))
 *(.fini_array*)
 .fini_array    0x08007490        0x4 c:/program files (x86)/atollic/truestudio for stm32 9.0.0/armtools/bin/../lib/gcc/arm-atollic-eabi/6.3.1/armv7e-m/fpu/crtbegin.o
                [!provide]                PROVIDE (__fini_array_end, .)
                0x08007494                _sidata = LOADADDR (.data)

.data           0x20000000      0x1c4 load address 0x08007494
                0x20000000                . = ALIGN (0x4)
                0x20000000                _sdata = .
 *(.data)
 *(.data*)
 .data.uwTickFreq
                0x20000000        0x1 Drivers\STM32F4xx_HAL_Driver\Src\stm32f4xx_hal.o
                0x20000000                uwTickFreq
 *fill*         0x20000001        0x3 
 .data.USBD_CDC_DeviceQualifierDesc
                0x20000004        0xa Middlewares\ST\STM32_USB_Device_Library\Class\CDC\Src\usbd_cdc.o
 *fill*         0x2000000e        0x2 
 .data.USBD_CDC
                0x20000010       0x38 Middlewares\ST\STM32_USB_Device_Library\Class\CDC\Src\usbd_cdc.o
                0x20000010                USBD_CDC
 .data.USBD_CDC_CfgHSDesc
                0x20000048       0x43 Middlewares\ST\STM32_USB_Device_Library\Class\CDC\Src\usbd_cdc.o
                0x20000048                USBD_CDC_CfgHSDesc
 *fill*         0x2000008b        0x1 
 .data.USBD_CDC_CfgFSDesc
                0x2000008c       0x43 Middlewares\ST\STM32_USB_Device_Library\Class\CDC\Src\usbd_cdc.o
                0x2000008c                USBD_CDC_CfgFSDesc
 *fill*         0x200000cf        0x1 
 .data.USBD_CDC_OtherSpeedCfgDesc
                0x200000d0       0x43 Middlewares\ST\STM32_USB_Device_Library\Class\CDC\Src\usbd_cdc.o
                0x200000d0                USBD_CDC_OtherSpeedCfgDesc
 *fill*         0x20000113        0x1 
 .data.uxCriticalNesting
                0x20000114        0x4 Middlewares\Third_Party\FreeRTOS\Source\portable\GCC\ARM_CM4F\port.o
 .data.SystemCoreClock
                0x20000118        0x4 Src\system_stm32f4xx.o
                0x20000118                SystemCoreClock
 .data.USBD_Interface_fops_FS
                0x2000011c       0x10 Src\usbd_cdc_if.o
                0x2000011c                USBD_Interface_fops_FS
 .data.FS_Desc  0x2000012c       0x1c Src\usbd_desc.o
                0x2000012c                FS_Desc
 .data.USBD_FS_DeviceDesc
                0x20000148       0x12 Src\usbd_desc.o
                0x20000148                USBD_FS_DeviceDesc
 *fill*         0x2000015a        0x2 
 .data.USBD_LangIDDesc
                0x2000015c        0x4 Src\usbd_desc.o
                0x2000015c                USBD_LangIDDesc
 .data._impure_ptr
                0x20000160        0x4 c:/program files (x86)/atollic/truestudio for stm32 9.0.0/armtools/bin/../lib/gcc/arm-atollic-eabi/6.3.1/../../../../arm-atollic-eabi/lib/armv7e-m/fpu\libc_nano.a(lib_a-impure.o)
                0x20000160                _impure_ptr
 .data.impure_data
                0x20000164       0x60 c:/program files (x86)/atollic/truestudio for stm32 9.0.0/armtools/bin/../lib/gcc/arm-atollic-eabi/6.3.1/../../../../arm-atollic-eabi/lib/armv7e-m/fpu\libc_nano.a(lib_a-impure.o)
                0x200001c4                . = ALIGN (0x4)
                0x200001c4                _edata = .

.igot.plt       0x200001c4        0x0 load address 0x08007658
 .igot.plt      0x200001c4        0x0 c:/program files (x86)/atollic/truestudio for stm32 9.0.0/armtools/bin/../lib/gcc/arm-atollic-eabi/6.3.1/armv7e-m/fpu/crtbegin.o
                0x200001c4                . = ALIGN (0x4)

.bss            0x200001c4     0x55d0 load address 0x08007658
                0x200001c4                _sbss = .
                0x200001c4                __bss_start__ = _sbss
 *(.bss)
 .bss           0x200001c4       0x1c c:/program files (x86)/atollic/truestudio for stm32 9.0.0/armtools/bin/../lib/gcc/arm-atollic-eabi/6.3.1/armv7e-m/fpu/crtbegin.o
 *(.bss*)
 .bss.ifalt.9660
                0x200001e0        0x1 Middlewares\ST\STM32_USB_Device_Library\Class\CDC\Src\usbd_cdc.o
 .bss.cfgidx.9665
                0x200001e1        0x1 Middlewares\ST\STM32_USB_Device_Library\Core\Src\usbd_ctlreq.o
 .bss.ucMaxSysCallPriority
                0x200001e2        0x1 Middlewares\Third_Party\FreeRTOS\Source\portable\GCC\ARM_CM4F\port.o
 *fill*         0x200001e3        0x1 
 .bss.ulMaxPRIGROUPValue
                0x200001e4        0x4 Middlewares\Third_Party\FreeRTOS\Source\portable\GCC\ARM_CM4F\port.o
 .bss.ucHeap    0x200001e8     0x3c00 Middlewares\Third_Party\FreeRTOS\Source\portable\MemMang\heap_4.o
 .bss.xStart    0x20003de8        0x8 Middlewares\Third_Party\FreeRTOS\Source\portable\MemMang\heap_4.o
 .bss.pxEnd     0x20003df0        0x4 Middlewares\Third_Party\FreeRTOS\Source\portable\MemMang\heap_4.o
 .bss.xFreeBytesRemaining
                0x20003df4        0x4 Middlewares\Third_Party\FreeRTOS\Source\portable\MemMang\heap_4.o
 .bss.xMinimumEverFreeBytesRemaining
                0x20003df8        0x4 Middlewares\Third_Party\FreeRTOS\Source\portable\MemMang\heap_4.o
 .bss.xBlockAllocatedBit
                0x20003dfc        0x4 Middlewares\Third_Party\FreeRTOS\Source\portable\MemMang\heap_4.o
 .bss.pxCurrentTCB
                0x20003e00        0x4 Middlewares\Third_Party\FreeRTOS\Source\tasks.o
                0x20003e00                pxCurrentTCB
 .bss.pxReadyTasksLists
                0x20003e04       0x8c Middlewares\Third_Party\FreeRTOS\Source\tasks.o
 .bss.xDelayedTaskList1
                0x20003e90       0x14 Middlewares\Third_Party\FreeRTOS\Source\tasks.o
 .bss.xDelayedTaskList2
                0x20003ea4       0x14 Middlewares\Third_Party\FreeRTOS\Source\tasks.o
 .bss.pxDelayedTaskList
                0x20003eb8        0x4 Middlewares\Third_Party\FreeRTOS\Source\tasks.o
 .bss.pxOverflowDelayedTaskList
                0x20003ebc        0x4 Middlewares\Third_Party\FreeRTOS\Source\tasks.o
 .bss.xPendingReadyList
                0x20003ec0       0x14 Middlewares\Third_Party\FreeRTOS\Source\tasks.o
 .bss.xTasksWaitingTermination
                0x20003ed4       0x14 Middlewares\Third_Party\FreeRTOS\Source\tasks.o
 .bss.uxDeletedTasksWaitingCleanUp
                0x20003ee8        0x4 Middlewares\Third_Party\FreeRTOS\Source\tasks.o
 .bss.xSuspendedTaskList
                0x20003eec       0x14 Middlewares\Third_Party\FreeRTOS\Source\tasks.o
 .bss.uxCurrentNumberOfTasks
                0x20003f00        0x4 Middlewares\Third_Party\FreeRTOS\Source\tasks.o
 .bss.xTickCount
                0x20003f04        0x4 Middlewares\Third_Party\FreeRTOS\Source\tasks.o
 .bss.uxTopReadyPriority
                0x20003f08        0x4 Middlewares\Third_Party\FreeRTOS\Source\tasks.o
 .bss.xSchedulerRunning
                0x20003f0c        0x4 Middlewares\Third_Party\FreeRTOS\Source\tasks.o
 .bss.uxPendedTicks
                0x20003f10        0x4 Middlewares\Third_Party\FreeRTOS\Source\tasks.o
 .bss.xYieldPending
                0x20003f14        0x4 Middlewares\Third_Party\FreeRTOS\Source\tasks.o
 .bss.xNumOfOverflows
                0x20003f18        0x4 Middlewares\Third_Party\FreeRTOS\Source\tasks.o
 .bss.uxTaskNumber
                0x20003f1c        0x4 Middlewares\Third_Party\FreeRTOS\Source\tasks.o
 .bss.xNextTaskUnblockTime
                0x20003f20        0x4 Middlewares\Third_Party\FreeRTOS\Source\tasks.o
 .bss.xIdleTaskHandle
                0x20003f24        0x4 Middlewares\Third_Party\FreeRTOS\Source\tasks.o
 .bss.uxSchedulerSuspended
                0x20003f28        0x4 Middlewares\Third_Party\FreeRTOS\Source\tasks.o
 .bss.__malloc_free_list
                0x20003f2c        0x4 c:/program files (x86)/atollic/truestudio for stm32 9.0.0/armtools/bin/../lib/gcc/arm-atollic-eabi/6.3.1/../../../../arm-atollic-eabi/lib/armv7e-m/fpu\libc_nano.a(lib_a-nano-mallocr.o)
                0x20003f2c                __malloc_free_list
 .bss.__malloc_sbrk_start
                0x20003f30        0x4 c:/program files (x86)/atollic/truestudio for stm32 9.0.0/armtools/bin/../lib/gcc/arm-atollic-eabi/6.3.1/../../../../arm-atollic-eabi/lib/armv7e-m/fpu\libc_nano.a(lib_a-nano-mallocr.o)
                0x20003f30                __malloc_sbrk_start
 .bss.heap_end.5239
                0x20003f34        0x4 c:/program files (x86)/atollic/truestudio for stm32 9.0.0/armtools/bin/../lib/gcc/arm-atollic-eabi/6.3.1/../../../../arm-atollic-eabi/lib/armv7e-m/fpu\libnosys.a(sbrk.o)
 *(COMMON)
 COMMON         0x20003f38        0x4 Drivers\STM32F4xx_HAL_Driver\Src\stm32f4xx_hal.o
                0x20003f38                uwTick
 COMMON         0x20003f3c        0x4 Src\main.o
                0x20003f3c                defaultTaskHandle
 COMMON         0x20003f40       0x3c Src\stm32f4xx_hal_timebase_TIM.o
                0x20003f40                htim1
 COMMON         0x20003f7c      0x224 Src\usb_device.o
                0x20003f7c                hUsbDeviceFS
 COMMON         0x200041a0     0x1000 Src\usbd_cdc_if.o
                0x200041a0                UserRxBufferFS
                0x200049a0                UserTxBufferFS
 COMMON         0x200051a0      0x3f0 Src\usbd_conf.o
                0x200051a0                hpcd_USB_OTG_FS
 COMMON         0x20005590      0x200 Src\usbd_desc.o
                0x20005590                USBD_StrDesc
 COMMON         0x20005790        0x4 c:/program files (x86)/atollic/truestudio for stm32 9.0.0/armtools/bin/../lib/gcc/arm-atollic-eabi/6.3.1/../../../../arm-atollic-eabi/lib/armv7e-m/fpu\libc_nano.a(lib_a-reent.o)
                0x20005790                errno
                0x20005794                . = ALIGN (0x4)
                0x20005794                _ebss = .
                0x20005794                __bss_end__ = _ebss

._user_heap_stack
                0x20005794      0x600 load address 0x08007658
                0x20005794                . = ALIGN (0x4)
                0x20005794                PROVIDE (end, .)
                [!provide]                PROVIDE (_end, .)
                0x20005994                . = (. + _Min_Heap_Size)
 *fill*         0x20005794      0x200 
                0x20005d94                . = (. + _Min_Stack_Size)
 *fill*         0x20005994      0x400 
                0x20005d94                . = ALIGN (0x4)

/DISCARD/
 libc.a(*)
 libm.a(*)
 libgcc.a(*)

.ARM.attributes
                0x00000000       0x30
 *(.ARM.attributes)
 .ARM.attributes
                0x00000000       0x22 c:/program files (x86)/atollic/truestudio for stm32 9.0.0/armtools/bin/../lib/gcc/arm-atollic-eabi/6.3.1/armv7e-m/fpu/crti.o
 .ARM.attributes
                0x00000022       0x34 c:/program files (x86)/atollic/truestudio for stm32 9.0.0/armtools/bin/../lib/gcc/arm-atollic-eabi/6.3.1/armv7e-m/fpu/crtbegin.o
 .ARM.attributes
                0x00000056       0x39 Drivers\STM32F4xx_HAL_Driver\Src\stm32f4xx_hal.o
 .ARM.attributes
                0x0000008f       0x39 Drivers\STM32F4xx_HAL_Driver\Src\stm32f4xx_hal_cortex.o
 .ARM.attributes
                0x000000c8       0x39 Drivers\STM32F4xx_HAL_Driver\Src\stm32f4xx_hal_gpio.o
 .ARM.attributes
                0x00000101       0x39 Drivers\STM32F4xx_HAL_Driver\Src\stm32f4xx_hal_pcd.o
 .ARM.attributes
                0x0000013a       0x39 Drivers\STM32F4xx_HAL_Driver\Src\stm32f4xx_hal_pcd_ex.o
 .ARM.attributes
                0x00000173       0x39 Drivers\STM32F4xx_HAL_Driver\Src\stm32f4xx_hal_rcc.o
 .ARM.attributes
                0x000001ac       0x39 Drivers\STM32F4xx_HAL_Driver\Src\stm32f4xx_hal_tim.o
 .ARM.attributes
                0x000001e5       0x39 Drivers\STM32F4xx_HAL_Driver\Src\stm32f4xx_hal_tim_ex.o
 .ARM.attributes
                0x0000021e       0x39 Drivers\STM32F4xx_HAL_Driver\Src\stm32f4xx_ll_usb.o
 .ARM.attributes
                0x00000257       0x39 Middlewares\ST\STM32_USB_Device_Library\Class\CDC\Src\usbd_cdc.o
 .ARM.attributes
                0x00000290       0x39 Middlewares\ST\STM32_USB_Device_Library\Core\Src\usbd_core.o
 .ARM.attributes
                0x000002c9       0x39 Middlewares\ST\STM32_USB_Device_Library\Core\Src\usbd_ctlreq.o
 .ARM.attributes
                0x00000302       0x39 Middlewares\ST\STM32_USB_Device_Library\Core\Src\usbd_ioreq.o
 .ARM.attributes
                0x0000033b       0x39 Middlewares\Third_Party\FreeRTOS\Source\CMSIS_RTOS\cmsis_os.o
 .ARM.attributes
                0x00000374       0x39 Middlewares\Third_Party\FreeRTOS\Source\list.o
 .ARM.attributes
                0x000003ad       0x39 Middlewares\Third_Party\FreeRTOS\Source\portable\GCC\ARM_CM4F\port.o
 .ARM.attributes
                0x000003e6       0x39 Middlewares\Third_Party\FreeRTOS\Source\portable\MemMang\heap_4.o
 .ARM.attributes
                0x0000041f       0x39 Middlewares\Third_Party\FreeRTOS\Source\tasks.o
 .ARM.attributes
                0x00000458       0x39 Src\main.o
 .ARM.attributes
                0x00000491       0x39 Src\stm32f4xx_hal_msp.o
 .ARM.attributes
                0x000004ca       0x39 Src\stm32f4xx_hal_timebase_TIM.o
 .ARM.attributes
                0x00000503       0x39 Src\stm32f4xx_it.o
 .ARM.attributes
                0x0000053c       0x39 Src\system_stm32f4xx.o
 .ARM.attributes
                0x00000575       0x39 Src\usb_device.o
 .ARM.attributes
                0x000005ae       0x39 Src\usbd_cdc_if.o
 .ARM.attributes
                0x000005e7       0x39 Src\usbd_conf.o
 .ARM.attributes
                0x00000620       0x39 Src\usbd_desc.o
 .ARM.attributes
                0x00000659       0x21 startup\startup_stm32f411xe.o
 .ARM.attributes
                0x0000067a       0x34 c:/program files (x86)/atollic/truestudio for stm32 9.0.0/armtools/bin/../lib/gcc/arm-atollic-eabi/6.3.1/../../../../arm-atollic-eabi/lib/armv7e-m/fpu\libc_nano.a(lib_a-init.o)
 .ARM.attributes
                0x000006ae       0x34 c:/program files (x86)/atollic/truestudio for stm32 9.0.0/armtools/bin/../lib/gcc/arm-atollic-eabi/6.3.1/../../../../arm-atollic-eabi/lib/armv7e-m/fpu\libc_nano.a(lib_a-malloc.o)
 .ARM.attributes
                0x000006e2       0x34 c:/program files (x86)/atollic/truestudio for stm32 9.0.0/armtools/bin/../lib/gcc/arm-atollic-eabi/6.3.1/../../../../arm-atollic-eabi/lib/armv7e-m/fpu\libc_nano.a(lib_a-nano-freer.o)
 .ARM.attributes
                0x00000716       0x34 c:/program files (x86)/atollic/truestudio for stm32 9.0.0/armtools/bin/../lib/gcc/arm-atollic-eabi/6.3.1/../../../../arm-atollic-eabi/lib/armv7e-m/fpu\libc_nano.a(lib_a-nano-mallocr.o)
 .ARM.attributes
                0x0000074a       0x34 c:/program files (x86)/atollic/truestudio for stm32 9.0.0/armtools/bin/../lib/gcc/arm-atollic-eabi/6.3.1/../../../../arm-atollic-eabi/lib/armv7e-m/fpu\libc_nano.a(lib_a-sbrkr.o)
 .ARM.attributes
                0x0000077e       0x34 c:/program files (x86)/atollic/truestudio for stm32 9.0.0/armtools/bin/../lib/gcc/arm-atollic-eabi/6.3.1/../../../../arm-atollic-eabi/lib/armv7e-m/fpu\libc_nano.a(lib_a-impure.o)
 .ARM.attributes
                0x000007b2       0x34 c:/program files (x86)/atollic/truestudio for stm32 9.0.0/armtools/bin/../lib/gcc/arm-atollic-eabi/6.3.1/../../../../arm-atollic-eabi/lib/armv7e-m/fpu\libc_nano.a(lib_a-mlock.o)
 .ARM.attributes
                0x000007e6       0x34 c:/program files (x86)/atollic/truestudio for stm32 9.0.0/armtools/bin/../lib/gcc/arm-atollic-eabi/6.3.1/../../../../arm-atollic-eabi/lib/armv7e-m/fpu\libc_nano.a(lib_a-reent.o)
 .ARM.attributes
                0x0000081a       0x22 c:/program files (x86)/atollic/truestudio for stm32 9.0.0/armtools/bin/../lib/gcc/arm-atollic-eabi/6.3.1/armv7e-m/fpu\libgcc.a(_aeabi_uldivmod.o)
 .ARM.attributes
                0x0000083c       0x34 c:/program files (x86)/atollic/truestudio for stm32 9.0.0/armtools/bin/../lib/gcc/arm-atollic-eabi/6.3.1/armv7e-m/fpu\libgcc.a(_udivmoddi4.o)
 .ARM.attributes
                0x00000870       0x22 c:/program files (x86)/atollic/truestudio for stm32 9.0.0/armtools/bin/../lib/gcc/arm-atollic-eabi/6.3.1/armv7e-m/fpu\libgcc.a(_dvmd_tls.o)
 .ARM.attributes
                0x00000892       0x34 c:/program files (x86)/atollic/truestudio for stm32 9.0.0/armtools/bin/../lib/gcc/arm-atollic-eabi/6.3.1/../../../../arm-atollic-eabi/lib/armv7e-m/fpu\libnosys.a(sbrk.o)
 .ARM.attributes
                0x000008c6       0x22 c:/program files (x86)/atollic/truestudio for stm32 9.0.0/armtools/bin/../lib/gcc/arm-atollic-eabi/6.3.1/armv7e-m/fpu/crtn.o
OUTPUT(ADHOC.elf elf32-littlearm)

.debug_info     0x00000000    0x2061d
 .debug_info    0x00000000     0x10b2 Drivers\STM32F4xx_HAL_Driver\Src\stm32f4xx_hal.o
 .debug_info    0x000010b2     0x1552 Drivers\STM32F4xx_HAL_Driver\Src\stm32f4xx_hal_cortex.o
 .debug_info    0x00002604      0xf9e Drivers\STM32F4xx_HAL_Driver\Src\stm32f4xx_hal_gpio.o
 .debug_info    0x000035a2     0x1725 Drivers\STM32F4xx_HAL_Driver\Src\stm32f4xx_hal_pcd.o
 .debug_info    0x00004cc7      0xdc2 Drivers\STM32F4xx_HAL_Driver\Src\stm32f4xx_hal_pcd_ex.o
 .debug_info    0x00005a89     0x10e0 Drivers\STM32F4xx_HAL_Driver\Src\stm32f4xx_hal_rcc.o
 .debug_info    0x00006b69     0x29f0 Drivers\STM32F4xx_HAL_Driver\Src\stm32f4xx_hal_tim.o
 .debug_info    0x00009559     0x17ca Drivers\STM32F4xx_HAL_Driver\Src\stm32f4xx_hal_tim_ex.o
 .debug_info    0x0000ad23     0x1c82 Drivers\STM32F4xx_HAL_Driver\Src\stm32f4xx_ll_usb.o
 .debug_info    0x0000c9a5     0x12c8 Middlewares\ST\STM32_USB_Device_Library\Class\CDC\Src\usbd_cdc.o
 .debug_info    0x0000dc6d     0x116a Middlewares\ST\STM32_USB_Device_Library\Core\Src\usbd_core.o
 .debug_info    0x0000edd7     0x10cb Middlewares\ST\STM32_USB_Device_Library\Core\Src\usbd_ctlreq.o
 .debug_info    0x0000fea2      0xecb Middlewares\ST\STM32_USB_Device_Library\Core\Src\usbd_ioreq.o
 .debug_info    0x00010d6d     0x1aef Middlewares\Third_Party\FreeRTOS\Source\CMSIS_RTOS\cmsis_os.o
 .debug_info    0x0001285c      0xac8 Middlewares\Third_Party\FreeRTOS\Source\list.o
 .debug_info    0x00013324      0x536 Middlewares\Third_Party\FreeRTOS\Source\portable\GCC\ARM_CM4F\port.o
 .debug_info    0x0001385a      0xbed Middlewares\Third_Party\FreeRTOS\Source\portable\MemMang\heap_4.o
 .debug_info    0x00014447     0x218f Middlewares\Third_Party\FreeRTOS\Source\tasks.o
 .debug_info    0x000165d6     0x18e4 Src\main.o
 .debug_info    0x00017eba      0xce2 Src\stm32f4xx_hal_msp.o
 .debug_info    0x00018b9c     0x127f Src\stm32f4xx_hal_timebase_TIM.o
 .debug_info    0x00019e1b     0x1232 Src\stm32f4xx_it.o
 .debug_info    0x0001b04d      0xd41 Src\system_stm32f4xx.o
 .debug_info    0x0001bd8e      0xdfb Src\usb_device.o
 .debug_info    0x0001cb89      0xfd3 Src\usbd_cdc_if.o
 .debug_info    0x0001db5c     0x1e39 Src\usbd_conf.o
 .debug_info    0x0001f995      0xc10 Src\usbd_desc.o
 .debug_info    0x000205a5       0x78 startup\startup_stm32f411xe.o

.debug_abbrev   0x00000000     0x4112
 .debug_abbrev  0x00000000      0x280 Drivers\STM32F4xx_HAL_Driver\Src\stm32f4xx_hal.o
 .debug_abbrev  0x00000280      0x371 Drivers\STM32F4xx_HAL_Driver\Src\stm32f4xx_hal_cortex.o
 .debug_abbrev  0x000005f1      0x24c Drivers\STM32F4xx_HAL_Driver\Src\stm32f4xx_hal_gpio.o
 .debug_abbrev  0x0000083d      0x2de Drivers\STM32F4xx_HAL_Driver\Src\stm32f4xx_hal_pcd.o
 .debug_abbrev  0x00000b1b      0x204 Drivers\STM32F4xx_HAL_Driver\Src\stm32f4xx_hal_pcd_ex.o
 .debug_abbrev  0x00000d1f      0x2c8 Drivers\STM32F4xx_HAL_Driver\Src\stm32f4xx_hal_rcc.o
 .debug_abbrev  0x00000fe7      0x2ab Drivers\STM32F4xx_HAL_Driver\Src\stm32f4xx_hal_tim.o
 .debug_abbrev  0x00001292      0x288 Drivers\STM32F4xx_HAL_Driver\Src\stm32f4xx_hal_tim_ex.o
 .debug_abbrev  0x0000151a      0x2c8 Drivers\STM32F4xx_HAL_Driver\Src\stm32f4xx_ll_usb.o
 .debug_abbrev  0x000017e2      0x28c Middlewares\ST\STM32_USB_Device_Library\Class\CDC\Src\usbd_cdc.o
 .debug_abbrev  0x00001a6e      0x25c Middlewares\ST\STM32_USB_Device_Library\Core\Src\usbd_core.o
 .debug_abbrev  0x00001cca      0x28c Middlewares\ST\STM32_USB_Device_Library\Core\Src\usbd_ctlreq.o
 .debug_abbrev  0x00001f56      0x1cc Middlewares\ST\STM32_USB_Device_Library\Core\Src\usbd_ioreq.o
 .debug_abbrev  0x00002122      0x383 Middlewares\Third_Party\FreeRTOS\Source\CMSIS_RTOS\cmsis_os.o
 .debug_abbrev  0x000024a5      0x1cc Middlewares\Third_Party\FreeRTOS\Source\list.o
 .debug_abbrev  0x00002671      0x20d Middlewares\Third_Party\FreeRTOS\Source\portable\GCC\ARM_CM4F\port.o
 .debug_abbrev  0x0000287e      0x29b Middlewares\Third_Party\FreeRTOS\Source\portable\MemMang\heap_4.o
 .debug_abbrev  0x00002b19      0x333 Middlewares\Third_Party\FreeRTOS\Source\tasks.o
 .debug_abbrev  0x00002e4c      0x274 Src\main.o
 .debug_abbrev  0x000030c0      0x1c9 Src\stm32f4xx_hal_msp.o
 .debug_abbrev  0x00003289      0x207 Src\stm32f4xx_hal_timebase_TIM.o
 .debug_abbrev  0x00003490      0x1ed Src\stm32f4xx_it.o
 .debug_abbrev  0x0000367d      0x1ca Src\system_stm32f4xx.o
 .debug_abbrev  0x00003847      0x1a6 Src\usb_device.o
 .debug_abbrev  0x000039ed      0x271 Src\usbd_cdc_if.o
 .debug_abbrev  0x00003c5e      0x291 Src\usbd_conf.o
 .debug_abbrev  0x00003eef      0x211 Src\usbd_desc.o
 .debug_abbrev  0x00004100       0x12 startup\startup_stm32f411xe.o

.debug_aranges  0x00000000     0x13e0
 .debug_aranges
                0x00000000       0xe0 Drivers\STM32F4xx_HAL_Driver\Src\stm32f4xx_hal.o
 .debug_aranges
                0x000000e0      0x118 Drivers\STM32F4xx_HAL_Driver\Src\stm32f4xx_hal_cortex.o
 .debug_aranges
                0x000001f8       0x58 Drivers\STM32F4xx_HAL_Driver\Src\stm32f4xx_hal_gpio.o
 .debug_aranges
                0x00000250      0x120 Drivers\STM32F4xx_HAL_Driver\Src\stm32f4xx_hal_pcd.o
 .debug_aranges
                0x00000370       0x28 Drivers\STM32F4xx_HAL_Driver\Src\stm32f4xx_hal_pcd_ex.o
 .debug_aranges
                0x00000398       0x88 Drivers\STM32F4xx_HAL_Driver\Src\stm32f4xx_hal_rcc.o
 .debug_aranges
                0x00000420      0x368 Drivers\STM32F4xx_HAL_Driver\Src\stm32f4xx_hal_tim.o
 .debug_aranges
                0x00000788      0x140 Drivers\STM32F4xx_HAL_Driver\Src\stm32f4xx_hal_tim_ex.o
 .debug_aranges
                0x000008c8      0x180 Drivers\STM32F4xx_HAL_Driver\Src\stm32f4xx_ll_usb.o
 .debug_aranges
                0x00000a48       0x90 Middlewares\ST\STM32_USB_Device_Library\Class\CDC\Src\usbd_cdc.o
 .debug_aranges
                0x00000ad8       0xb8 Middlewares\ST\STM32_USB_Device_Library\Core\Src\usbd_core.o
 .debug_aranges
                0x00000b90       0x88 Middlewares\ST\STM32_USB_Device_Library\Core\Src\usbd_ctlreq.o
 .debug_aranges
                0x00000c18       0x50 Middlewares\ST\STM32_USB_Device_Library\Core\Src\usbd_ioreq.o
 .debug_aranges
                0x00000c68      0x1d8 Middlewares\Third_Party\FreeRTOS\Source\CMSIS_RTOS\cmsis_os.o
 .debug_aranges
                0x00000e40       0x40 Middlewares\Third_Party\FreeRTOS\Source\list.o
 .debug_aranges
                0x00000e80       0x80 Middlewares\Third_Party\FreeRTOS\Source\portable\GCC\ARM_CM4F\port.o
 .debug_aranges
                0x00000f00       0x50 Middlewares\Third_Party\FreeRTOS\Source\portable\MemMang\heap_4.o
 .debug_aranges
                0x00000f50      0x1a0 Middlewares\Third_Party\FreeRTOS\Source\tasks.o
 .debug_aranges
                0x000010f0       0x48 Src\main.o
 .debug_aranges
                0x00001138       0x20 Src\stm32f4xx_hal_msp.o
 .debug_aranges
                0x00001158       0x30 Src\stm32f4xx_hal_timebase_TIM.o
 .debug_aranges
                0x00001188       0x60 Src\stm32f4xx_it.o
 .debug_aranges
                0x000011e8       0x28 Src\system_stm32f4xx.o
 .debug_aranges
                0x00001210       0x20 Src\usb_device.o
 .debug_aranges
                0x00001230       0x40 Src\usbd_cdc_if.o
 .debug_aranges
                0x00001270       0xf8 Src\usbd_conf.o
 .debug_aranges
                0x00001368       0x50 Src\usbd_desc.o
 .debug_aranges
                0x000013b8       0x28 startup\startup_stm32f411xe.o

.debug_ranges   0x00000000     0x1228
 .debug_ranges  0x00000000       0xd0 Drivers\STM32F4xx_HAL_Driver\Src\stm32f4xx_hal.o
 .debug_ranges  0x000000d0      0x108 Drivers\STM32F4xx_HAL_Driver\Src\stm32f4xx_hal_cortex.o
 .debug_ranges  0x000001d8       0x48 Drivers\STM32F4xx_HAL_Driver\Src\stm32f4xx_hal_gpio.o
 .debug_ranges  0x00000220      0x110 Drivers\STM32F4xx_HAL_Driver\Src\stm32f4xx_hal_pcd.o
 .debug_ranges  0x00000330       0x18 Drivers\STM32F4xx_HAL_Driver\Src\stm32f4xx_hal_pcd_ex.o
 .debug_ranges  0x00000348       0x78 Drivers\STM32F4xx_HAL_Driver\Src\stm32f4xx_hal_rcc.o
 .debug_ranges  0x000003c0      0x358 Drivers\STM32F4xx_HAL_Driver\Src\stm32f4xx_hal_tim.o
 .debug_ranges  0x00000718      0x130 Drivers\STM32F4xx_HAL_Driver\Src\stm32f4xx_hal_tim_ex.o
 .debug_ranges  0x00000848      0x170 Drivers\STM32F4xx_HAL_Driver\Src\stm32f4xx_ll_usb.o
 .debug_ranges  0x000009b8       0x80 Middlewares\ST\STM32_USB_Device_Library\Class\CDC\Src\usbd_cdc.o
 .debug_ranges  0x00000a38       0xa8 Middlewares\ST\STM32_USB_Device_Library\Core\Src\usbd_core.o
 .debug_ranges  0x00000ae0       0x78 Middlewares\ST\STM32_USB_Device_Library\Core\Src\usbd_ctlreq.o
 .debug_ranges  0x00000b58       0x40 Middlewares\ST\STM32_USB_Device_Library\Core\Src\usbd_ioreq.o
 .debug_ranges  0x00000b98      0x1c8 Middlewares\Third_Party\FreeRTOS\Source\CMSIS_RTOS\cmsis_os.o
 .debug_ranges  0x00000d60       0x30 Middlewares\Third_Party\FreeRTOS\Source\list.o
 .debug_ranges  0x00000d90       0x70 Middlewares\Third_Party\FreeRTOS\Source\portable\GCC\ARM_CM4F\port.o
 .debug_ranges  0x00000e00       0x40 Middlewares\Third_Party\FreeRTOS\Source\portable\MemMang\heap_4.o
 .debug_ranges  0x00000e40      0x190 Middlewares\Third_Party\FreeRTOS\Source\tasks.o
 .debug_ranges  0x00000fd0       0x38 Src\main.o
 .debug_ranges  0x00001008       0x10 Src\stm32f4xx_hal_msp.o
 .debug_ranges  0x00001018       0x20 Src\stm32f4xx_hal_timebase_TIM.o
 .debug_ranges  0x00001038       0x50 Src\stm32f4xx_it.o
 .debug_ranges  0x00001088       0x18 Src\system_stm32f4xx.o
 .debug_ranges  0x000010a0       0x10 Src\usb_device.o
 .debug_ranges  0x000010b0       0x30 Src\usbd_cdc_if.o
 .debug_ranges  0x000010e0       0xe8 Src\usbd_conf.o
 .debug_ranges  0x000011c8       0x40 Src\usbd_desc.o
 .debug_ranges  0x00001208       0x20 startup\startup_stm32f411xe.o

.debug_line     0x00000000     0x981c
 .debug_line    0x00000000      0x491 Drivers\STM32F4xx_HAL_Driver\Src\stm32f4xx_hal.o
 .debug_line    0x00000491      0x5c9 Drivers\STM32F4xx_HAL_Driver\Src\stm32f4xx_hal_cortex.o
 .debug_line    0x00000a5a      0x45b Drivers\STM32F4xx_HAL_Driver\Src\stm32f4xx_hal_gpio.o
 .debug_line    0x00000eb5      0x7f9 Drivers\STM32F4xx_HAL_Driver\Src\stm32f4xx_hal_pcd.o
 .debug_line    0x000016ae      0x2fa Drivers\STM32F4xx_HAL_Driver\Src\stm32f4xx_hal_pcd_ex.o
 .debug_line    0x000019a8      0x530 Drivers\STM32F4xx_HAL_Driver\Src\stm32f4xx_hal_rcc.o
 .debug_line    0x00001ed8     0x1272 Drivers\STM32F4xx_HAL_Driver\Src\stm32f4xx_hal_tim.o
 .debug_line    0x0000314a      0x885 Drivers\STM32F4xx_HAL_Driver\Src\stm32f4xx_hal_tim_ex.o
 .debug_line    0x000039cf      0x927 Drivers\STM32F4xx_HAL_Driver\Src\stm32f4xx_ll_usb.o
 .debug_line    0x000042f6      0x4d2 Middlewares\ST\STM32_USB_Device_Library\Class\CDC\Src\usbd_cdc.o
 .debug_line    0x000047c8      0x4e2 Middlewares\ST\STM32_USB_Device_Library\Core\Src\usbd_core.o
 .debug_line    0x00004caa      0x53c Middlewares\ST\STM32_USB_Device_Library\Core\Src\usbd_ctlreq.o
 .debug_line    0x000051e6      0x37d Middlewares\ST\STM32_USB_Device_Library\Core\Src\usbd_ioreq.o
 .debug_line    0x00005563      0x91c Middlewares\Third_Party\FreeRTOS\Source\CMSIS_RTOS\cmsis_os.o
 .debug_line    0x00005e7f      0x362 Middlewares\Third_Party\FreeRTOS\Source\list.o
 .debug_line    0x000061e1      0x3da Middlewares\Third_Party\FreeRTOS\Source\portable\GCC\ARM_CM4F\port.o
 .debug_line    0x000065bb      0x401 Middlewares\Third_Party\FreeRTOS\Source\portable\MemMang\heap_4.o
 .debug_line    0x000069bc      0xda5 Middlewares\Third_Party\FreeRTOS\Source\tasks.o
 .debug_line    0x00007761      0x498 Src\main.o
 .debug_line    0x00007bf9      0x24c Src\stm32f4xx_hal_msp.o
 .debug_line    0x00007e45      0x304 Src\stm32f4xx_hal_timebase_TIM.o
 .debug_line    0x00008149      0x36e Src\stm32f4xx_it.o
 .debug_line    0x000084b7      0x270 Src\system_stm32f4xx.o
 .debug_line    0x00008727      0x357 Src\usb_device.o
 .debug_line    0x00008a7e      0x38e Src\usbd_cdc_if.o
 .debug_line    0x00008e0c      0x62b Src\usbd_conf.o
 .debug_line    0x00009437      0x366 Src\usbd_desc.o
 .debug_line    0x0000979d       0x7f startup\startup_stm32f411xe.o

.debug_str      0x00000000     0x60de
 .debug_str     0x00000000      0xd85 Drivers\STM32F4xx_HAL_Driver\Src\stm32f4xx_hal.o
                                0xe2b (size before relaxing)
 .debug_str     0x00000d85      0x3ff Drivers\STM32F4xx_HAL_Driver\Src\stm32f4xx_hal_cortex.o
                                0xf35 (size before relaxing)
 .debug_str     0x00001184      0x1d8 Drivers\STM32F4xx_HAL_Driver\Src\stm32f4xx_hal_gpio.o
                                0x975 (size before relaxing)
 .debug_str     0x0000135c      0x7ba Drivers\STM32F4xx_HAL_Driver\Src\stm32f4xx_hal_pcd.o
                                0xe56 (size before relaxing)
 .debug_str     0x00001b16       0x72 Drivers\STM32F4xx_HAL_Driver\Src\stm32f4xx_hal_pcd_ex.o
                                0x9ef (size before relaxing)
 .debug_str     0x00001b88      0x2e9 Drivers\STM32F4xx_HAL_Driver\Src\stm32f4xx_hal_rcc.o
                                0xb21 (size before relaxing)
 .debug_str     0x00001e71     0x109b Drivers\STM32F4xx_HAL_Driver\Src\stm32f4xx_hal_tim.o
                               0x17d3 (size before relaxing)
 .debug_str     0x00002f0c      0x543 Drivers\STM32F4xx_HAL_Driver\Src\stm32f4xx_hal_tim_ex.o
                               0x108e (size before relaxing)
 .debug_str     0x0000344f      0x5c5 Drivers\STM32F4xx_HAL_Driver\Src\stm32f4xx_ll_usb.o
                               0x1009 (size before relaxing)
 .debug_str     0x00003a14      0x597 Middlewares\ST\STM32_USB_Device_Library\Class\CDC\Src\usbd_cdc.o
                                0xca8 (size before relaxing)
 .debug_str     0x00003fab      0x1c1 Middlewares\ST\STM32_USB_Device_Library\Core\Src\usbd_core.o
                                0xbb9 (size before relaxing)
 .debug_str     0x0000416c      0x12b Middlewares\ST\STM32_USB_Device_Library\Core\Src\usbd_ctlreq.o
                                0xb3f (size before relaxing)
 .debug_str     0x00004297       0xc9 Middlewares\ST\STM32_USB_Device_Library\Core\Src\usbd_ioreq.o
                                0xac7 (size before relaxing)
 .debug_str     0x00004360      0x8b3 Middlewares\Third_Party\FreeRTOS\Source\CMSIS_RTOS\cmsis_os.o
                                0xf75 (size before relaxing)
 .debug_str     0x00004c13      0x14f Middlewares\Third_Party\FreeRTOS\Source\list.o
                                0x74f (size before relaxing)
 .debug_str     0x00004d62      0x24c Middlewares\Third_Party\FreeRTOS\Source\portable\GCC\ARM_CM4F\port.o
                                0x473 (size before relaxing)
 .debug_str     0x00004fae      0x1ff Middlewares\Third_Party\FreeRTOS\Source\portable\MemMang\heap_4.o
                                0x819 (size before relaxing)
 .debug_str     0x000051ad      0xa20 Middlewares\Third_Party\FreeRTOS\Source\tasks.o
                               0x11f9 (size before relaxing)
 .debug_str     0x00005bcd       0x91 Src\main.o
                               0x1573 (size before relaxing)
 .debug_str     0x00005c5e       0x1b Src\stm32f4xx_hal_msp.o
                                0xaf3 (size before relaxing)
 .debug_str     0x00005c79       0x61 Src\stm32f4xx_hal_timebase_TIM.o
                               0x100b (size before relaxing)
 .debug_str     0x00005cda       0xc6 Src\stm32f4xx_it.o
                                0xdd3 (size before relaxing)
 .debug_str     0x00005da0       0x45 Src\system_stm32f4xx.o
                                0x7d9 (size before relaxing)
 .debug_str     0x00005de5       0x3e Src\usb_device.o
                                0xa5b (size before relaxing)
 .debug_str     0x00005e23       0x7b Src\usbd_cdc_if.o
                                0xb3f (size before relaxing)
 .debug_str     0x00005e9e      0x132 Src\usbd_conf.o
                               0x154f (size before relaxing)
 .debug_str     0x00005fd0      0x10e Src\usbd_desc.o
                                0x86a (size before relaxing)

.comment        0x00000000       0x7c
 .comment       0x00000000       0x7c Drivers\STM32F4xx_HAL_Driver\Src\stm32f4xx_hal.o
                                 0x7d (size before relaxing)
 .comment       0x0000007c       0x7d Drivers\STM32F4xx_HAL_Driver\Src\stm32f4xx_hal_cortex.o
 .comment       0x0000007c       0x7d Drivers\STM32F4xx_HAL_Driver\Src\stm32f4xx_hal_gpio.o
 .comment       0x0000007c       0x7d Drivers\STM32F4xx_HAL_Driver\Src\stm32f4xx_hal_pcd.o
 .comment       0x0000007c       0x7d Drivers\STM32F4xx_HAL_Driver\Src\stm32f4xx_hal_pcd_ex.o
 .comment       0x0000007c       0x7d Drivers\STM32F4xx_HAL_Driver\Src\stm32f4xx_hal_rcc.o
 .comment       0x0000007c       0x7d Drivers\STM32F4xx_HAL_Driver\Src\stm32f4xx_hal_tim.o
 .comment       0x0000007c       0x7d Drivers\STM32F4xx_HAL_Driver\Src\stm32f4xx_hal_tim_ex.o
 .comment       0x0000007c       0x7d Drivers\STM32F4xx_HAL_Driver\Src\stm32f4xx_ll_usb.o
 .comment       0x0000007c       0x7d Middlewares\ST\STM32_USB_Device_Library\Class\CDC\Src\usbd_cdc.o
 .comment       0x0000007c       0x7d Middlewares\ST\STM32_USB_Device_Library\Core\Src\usbd_core.o
 .comment       0x0000007c       0x7d Middlewares\ST\STM32_USB_Device_Library\Core\Src\usbd_ctlreq.o
 .comment       0x0000007c       0x7d Middlewares\ST\STM32_USB_Device_Library\Core\Src\usbd_ioreq.o
 .comment       0x0000007c       0x7d Middlewares\Third_Party\FreeRTOS\Source\CMSIS_RTOS\cmsis_os.o
 .comment       0x0000007c       0x7d Middlewares\Third_Party\FreeRTOS\Source\list.o
 .comment       0x0000007c       0x7d Middlewares\Third_Party\FreeRTOS\Source\portable\GCC\ARM_CM4F\port.o
 .comment       0x0000007c       0x7d Middlewares\Third_Party\FreeRTOS\Source\portable\MemMang\heap_4.o
 .comment       0x0000007c       0x7d Middlewares\Third_Party\FreeRTOS\Source\tasks.o
 .comment       0x0000007c       0x7d Src\main.o
 .comment       0x0000007c       0x7d Src\stm32f4xx_hal_msp.o
 .comment       0x0000007c       0x7d Src\stm32f4xx_hal_timebase_TIM.o
 .comment       0x0000007c       0x7d Src\stm32f4xx_it.o
 .comment       0x0000007c       0x7d Src\system_stm32f4xx.o
 .comment       0x0000007c       0x7d Src\usb_device.o
 .comment       0x0000007c       0x7d Src\usbd_cdc_if.o
 .comment       0x0000007c       0x7d Src\usbd_conf.o
 .comment       0x0000007c       0x7d Src\usbd_desc.o

.debug_frame    0x00000000     0x5290
 .debug_frame   0x00000000      0x33c Drivers\STM32F4xx_HAL_Driver\Src\stm32f4xx_hal.o
 .debug_frame   0x0000033c      0x498 Drivers\STM32F4xx_HAL_Driver\Src\stm32f4xx_hal_cortex.o
 .debug_frame   0x000007d4      0x14c Drivers\STM32F4xx_HAL_Driver\Src\stm32f4xx_hal_gpio.o
 .debug_frame   0x00000920      0x508 Drivers\STM32F4xx_HAL_Driver\Src\stm32f4xx_hal_pcd.o
 .debug_frame   0x00000e28       0x60 Drivers\STM32F4xx_HAL_Driver\Src\stm32f4xx_hal_pcd_ex.o
 .debug_frame   0x00000e88      0x1f8 Drivers\STM32F4xx_HAL_Driver\Src\stm32f4xx_hal_rcc.o
 .debug_frame   0x00001080      0xfb4 Drivers\STM32F4xx_HAL_Driver\Src\stm32f4xx_hal_tim.o
 .debug_frame   0x00002034      0x574 Drivers\STM32F4xx_HAL_Driver\Src\stm32f4xx_hal_tim_ex.o
 .debug_frame   0x000025a8      0x710 Drivers\STM32F4xx_HAL_Driver\Src\stm32f4xx_ll_usb.o
 .debug_frame   0x00002cb8      0x24c Middlewares\ST\STM32_USB_Device_Library\Class\CDC\Src\usbd_cdc.o
 .debug_frame   0x00002f04      0x300 Middlewares\ST\STM32_USB_Device_Library\Core\Src\usbd_core.o
 .debug_frame   0x00003204      0x210 Middlewares\ST\STM32_USB_Device_Library\Core\Src\usbd_ctlreq.o
 .debug_frame   0x00003414      0x10c Middlewares\ST\STM32_USB_Device_Library\Core\Src\usbd_ioreq.o
 .debug_frame   0x00003520      0x808 Middlewares\Third_Party\FreeRTOS\Source\CMSIS_RTOS\cmsis_os.o
 .debug_frame   0x00003d28       0xd8 Middlewares\Third_Party\FreeRTOS\Source\list.o
 .debug_frame   0x00003e00      0x1a8 Middlewares\Third_Party\FreeRTOS\Source\portable\GCC\ARM_CM4F\port.o
 .debug_frame   0x00003fa8      0x108 Middlewares\Third_Party\FreeRTOS\Source\portable\MemMang\heap_4.o
 .debug_frame   0x000040b0      0x704 Middlewares\Third_Party\FreeRTOS\Source\tasks.o
 .debug_frame   0x000047b4       0xe0 Src\main.o
 .debug_frame   0x00004894       0x34 Src\stm32f4xx_hal_msp.o
 .debug_frame   0x000048c8       0x74 Src\stm32f4xx_hal_timebase_TIM.o
 .debug_frame   0x0000493c      0x104 Src\stm32f4xx_it.o
 .debug_frame   0x00004a40       0x58 Src\system_stm32f4xx.o
 .debug_frame   0x00004a98       0x2c Src\usb_device.o
 .debug_frame   0x00004ac4       0xbc Src\usbd_cdc_if.o
 .debug_frame   0x00004b80      0x404 Src\usbd_conf.o
 .debug_frame   0x00004f84      0x114 Src\usbd_desc.o
 .debug_frame   0x00005098       0x2c c:/program files (x86)/atollic/truestudio for stm32 9.0.0/armtools/bin/../lib/gcc/arm-atollic-eabi/6.3.1/../../../../arm-atollic-eabi/lib/armv7e-m/fpu\libc_nano.a(lib_a-init.o)
 .debug_frame   0x000050c4       0x30 c:/program files (x86)/atollic/truestudio for stm32 9.0.0/armtools/bin/../lib/gcc/arm-atollic-eabi/6.3.1/../../../../arm-atollic-eabi/lib/armv7e-m/fpu\libc_nano.a(lib_a-malloc.o)
 .debug_frame   0x000050f4       0x38 c:/program files (x86)/atollic/truestudio for stm32 9.0.0/armtools/bin/../lib/gcc/arm-atollic-eabi/6.3.1/../../../../arm-atollic-eabi/lib/armv7e-m/fpu\libc_nano.a(lib_a-nano-freer.o)
 .debug_frame   0x0000512c       0x2c c:/program files (x86)/atollic/truestudio for stm32 9.0.0/armtools/bin/../lib/gcc/arm-atollic-eabi/6.3.1/../../../../arm-atollic-eabi/lib/armv7e-m/fpu\libc_nano.a(lib_a-nano-mallocr.o)
 .debug_frame   0x00005158       0x2c c:/program files (x86)/atollic/truestudio for stm32 9.0.0/armtools/bin/../lib/gcc/arm-atollic-eabi/6.3.1/../../../../arm-atollic-eabi/lib/armv7e-m/fpu\libc_nano.a(lib_a-sbrkr.o)
 .debug_frame   0x00005184       0x30 c:/program files (x86)/atollic/truestudio for stm32 9.0.0/armtools/bin/../lib/gcc/arm-atollic-eabi/6.3.1/../../../../arm-atollic-eabi/lib/armv7e-m/fpu\libc_nano.a(lib_a-mlock.o)
 .debug_frame   0x000051b4       0x5c c:/program files (x86)/atollic/truestudio for stm32 9.0.0/armtools/bin/../lib/gcc/arm-atollic-eabi/6.3.1/../../../../arm-atollic-eabi/lib/armv7e-m/fpu\libc_nano.a(lib_a-reent.o)
 .debug_frame   0x00005210       0x2c c:/program files (x86)/atollic/truestudio for stm32 9.0.0/armtools/bin/../lib/gcc/arm-atollic-eabi/6.3.1/armv7e-m/fpu\libgcc.a(_aeabi_uldivmod.o)
 .debug_frame   0x0000523c       0x34 c:/program files (x86)/atollic/truestudio for stm32 9.0.0/armtools/bin/../lib/gcc/arm-atollic-eabi/6.3.1/armv7e-m/fpu\libgcc.a(_udivmoddi4.o)
 .debug_frame   0x00005270       0x20 c:/program files (x86)/atollic/truestudio for stm32 9.0.0/armtools/bin/../lib/gcc/arm-atollic-eabi/6.3.1/../../../../arm-atollic-eabi/lib/armv7e-m/fpu\libnosys.a(sbrk.o)
