Archive member included to satisfy reference by file (symbol)

c:/program files (x86)/atollic/truestudio for stm32 9.0.0/armtools/bin/../lib/gcc/arm-atollic-eabi/6.3.1/../../../../arm-atollic-eabi/lib/armv7e-m/fpu\libc_nano.a(lib_a-init.o)
                              startup\startup_stm32f411xe.o (__libc_init_array)
c:/program files (x86)/atollic/truestudio for stm32 9.0.0/armtools/bin/../lib/gcc/arm-atollic-eabi/6.3.1/../../../../arm-atollic-eabi/lib/armv7e-m/fpu\libc_nano.a(lib_a-memcmp.o)
                              Middlewares\Third_Party\FreeRTOS-Plus\FreeRTOS-Plus-TCP\FreeRTOS_ARP.o (memcmp)
c:/program files (x86)/atollic/truestudio for stm32 9.0.0/armtools/bin/../lib/gcc/arm-atollic-eabi/6.3.1/../../../../arm-atollic-eabi/lib/armv7e-m/fpu\libc_nano.a(lib_a-memcpy-stub.o)
                              Middlewares\ST\STM32_USB_Device_Library\Class\CDC\Src\usbd_cdc.o (memcpy)
c:/program files (x86)/atollic/truestudio for stm32 9.0.0/armtools/bin/../lib/gcc/arm-atollic-eabi/6.3.1/../../../../arm-atollic-eabi/lib/armv7e-m/fpu\libc_nano.a(lib_a-memmove.o)
                              Middlewares\Third_Party\FreeRTOS-Plus\FreeRTOS-Plus-TCP\FreeRTOS_IP.o (memmove)
c:/program files (x86)/atollic/truestudio for stm32 9.0.0/armtools/bin/../lib/gcc/arm-atollic-eabi/6.3.1/../../../../arm-atollic-eabi/lib/armv7e-m/fpu\libc_nano.a(lib_a-memset.o)
                              Middlewares\ST\STM32_USB_Device_Library\Class\CDC\Src\usbd_cdc.o (memset)
c:/program files (x86)/atollic/truestudio for stm32 9.0.0/armtools/bin/../lib/gcc/arm-atollic-eabi/6.3.1/../../../../arm-atollic-eabi/lib/armv7e-m/fpu\libc_nano.a(lib_a-rand.o)
                              Src\main.o (rand)
c:/program files (x86)/atollic/truestudio for stm32 9.0.0/armtools/bin/../lib/gcc/arm-atollic-eabi/6.3.1/../../../../arm-atollic-eabi/lib/armv7e-m/fpu\libc_nano.a(lib_a-strcasecmp.o)
                              Src\main.o (strcasecmp)
c:/program files (x86)/atollic/truestudio for stm32 9.0.0/armtools/bin/../lib/gcc/arm-atollic-eabi/6.3.1/../../../../arm-atollic-eabi/lib/armv7e-m/fpu\libc_nano.a(lib_a-strcpy.o)
                              Middlewares\Third_Party\FreeRTOS-Plus\FreeRTOS-Plus-TCP\FreeRTOS_DNS.o (strcpy)
c:/program files (x86)/atollic/truestudio for stm32 9.0.0/armtools/bin/../lib/gcc/arm-atollic-eabi/6.3.1/../../../../arm-atollic-eabi/lib/armv7e-m/fpu\libc_nano.a(lib_a-strlen.o)
                              Middlewares\ST\STM32_USB_Device_Library\Class\CDC\Src\usbd_cdc.o (strlen)
c:/program files (x86)/atollic/truestudio for stm32 9.0.0/armtools/bin/../lib/gcc/arm-atollic-eabi/6.3.1/../../../../arm-atollic-eabi/lib/armv7e-m/fpu\libc_nano.a(lib_a-strncmp.o)
                              Middlewares\Third_Party\FreeRTOS-Plus\FreeRTOS-Plus-TCP\FreeRTOS_DNS.o (strncmp)
c:/program files (x86)/atollic/truestudio for stm32 9.0.0/armtools/bin/../lib/gcc/arm-atollic-eabi/6.3.1/../../../../arm-atollic-eabi/lib/armv7e-m/fpu\libc_nano.a(lib_a-strncpy.o)
                              Middlewares\Third_Party\FreeRTOS-Plus\FreeRTOS-Plus-TCP\FreeRTOS_DNS.o (strncpy)
c:/program files (x86)/atollic/truestudio for stm32 9.0.0/armtools/bin/../lib/gcc/arm-atollic-eabi/6.3.1/../../../../arm-atollic-eabi/lib/armv7e-m/fpu\libc_nano.a(lib_a-impure.o)
                              c:/program files (x86)/atollic/truestudio for stm32 9.0.0/armtools/bin/../lib/gcc/arm-atollic-eabi/6.3.1/../../../../arm-atollic-eabi/lib/armv7e-m/fpu\libc_nano.a(lib_a-rand.o) (_impure_ptr)
c:/program files (x86)/atollic/truestudio for stm32 9.0.0/armtools/bin/../lib/gcc/arm-atollic-eabi/6.3.1/../../../../arm-atollic-eabi/lib/armv7e-m/fpu\libc_nano.a(lib_a-locale.o)
                              c:/program files (x86)/atollic/truestudio for stm32 9.0.0/armtools/bin/../lib/gcc/arm-atollic-eabi/6.3.1/../../../../arm-atollic-eabi/lib/armv7e-m/fpu\libc_nano.a(lib_a-strcasecmp.o) (__locale_ctype_ptr)
c:/program files (x86)/atollic/truestudio for stm32 9.0.0/armtools/bin/../lib/gcc/arm-atollic-eabi/6.3.1/../../../../arm-atollic-eabi/lib/armv7e-m/fpu\libc_nano.a(lib_a-malloc.o)
                              c:/program files (x86)/atollic/truestudio for stm32 9.0.0/armtools/bin/../lib/gcc/arm-atollic-eabi/6.3.1/../../../../arm-atollic-eabi/lib/armv7e-m/fpu\libc_nano.a(lib_a-rand.o) (malloc)
c:/program files (x86)/atollic/truestudio for stm32 9.0.0/armtools/bin/../lib/gcc/arm-atollic-eabi/6.3.1/../../../../arm-atollic-eabi/lib/armv7e-m/fpu\libc_nano.a(lib_a-mbtowc_r.o)
                              c:/program files (x86)/atollic/truestudio for stm32 9.0.0/armtools/bin/../lib/gcc/arm-atollic-eabi/6.3.1/../../../../arm-atollic-eabi/lib/armv7e-m/fpu\libc_nano.a(lib_a-locale.o) (__ascii_mbtowc)
c:/program files (x86)/atollic/truestudio for stm32 9.0.0/armtools/bin/../lib/gcc/arm-atollic-eabi/6.3.1/../../../../arm-atollic-eabi/lib/armv7e-m/fpu\libc_nano.a(lib_a-nano-freer.o)
[...]
Memory Configuration

Name             Origin             Length             Attributes
RAM              0x20000000         0x00020000         xrw
FLASH            0x08000000         0x00080000         xr
*default*        0x00000000         0xffffffff

Linker script and memory map

LOAD c:/program files (x86)/atollic/truestudio for stm32 9.0.0/armtools/bin/../lib/gcc/arm-atollic-eabi/6.3.1/armv7e-m/fpu/crti.o
LOAD c:/program files (x86)/atollic/truestudio for stm32 9.0.0/armtools/bin/../lib/gcc/arm-atollic-eabi/6.3.1/armv7e-m/fpu/crtbegin.o
LOAD Drivers\STM32F4xx_HAL_Driver\Src\stm32f4xx_hal.o
LOAD Drivers\STM32F4xx_HAL_Driver\Src\stm32f4xx_hal_cortex.o
LOAD Drivers\STM32F4xx_HAL_Driver\Src\stm32f4xx_hal_dma.o
LOAD Drivers\STM32F4xx_HAL_Driver\Src\stm32f4xx_hal_dma_ex.o
LOAD Drivers\STM32F4xx_HAL_Driver\Src\stm32f4xx_hal_flash.o
LOAD Drivers\STM32F4xx_HAL_Driver\Src\stm32f4xx_hal_flash_ex.o
LOAD Drivers\STM32F4xx_HAL_Driver\Src\stm32f4xx_hal_flash_ramfunc.o
LOAD Drivers\STM32F4xx_HAL_Driver\Src\stm32f4xx_hal_gpio.o
LOAD Drivers\STM32F4xx_HAL_Driver\Src\stm32f4xx_hal_pcd.o
LOAD Drivers\STM32F4xx_HAL_Driver\Src\stm32f4xx_hal_pcd_ex.o
LOAD Drivers\STM32F4xx_HAL_Driver\Src\stm32f4xx_hal_pwr.o
LOAD Drivers\STM32F4xx_HAL_Driver\Src\stm32f4xx_hal_pwr_ex.o
LOAD Drivers\STM32F4xx_HAL_Driver\Src\stm32f4xx_hal_rcc.o
LOAD Drivers\STM32F4xx_HAL_Driver\Src\stm32f4xx_hal_rcc_ex.o
LOAD Drivers\STM32F4xx_HAL_Driver\Src\stm32f4xx_hal_tim.o
LOAD Drivers\STM32F4xx_HAL_Driver\Src\stm32f4xx_hal_tim_ex.o
LOAD Drivers\STM32F4xx_HAL_Driver\Src\stm32f4xx_ll_usb.o
LOAD Middlewares\ST\STM32_USB_Device_Library\Class\CDC\Src\usbd_cdc.o
LOAD Middlewares\ST\STM32_USB_Device_Library\Core\Src\usbd_core.o
LOAD Middlewares\ST\STM32_USB_Device_Library\Core\Src\usbd_ctlreq.o
LOAD Middlewares\ST\STM32_USB_Device_Library\Core\Src\usbd_ioreq.o
LOAD Middlewares\Third_Party\FreeRTOS\Source\CMSIS_RTOS\cmsis_os.o
LOAD Middlewares\Third_Party\FreeRTOS\Source\croutine.o
LOAD Middlewares\Third_Party\FreeRTOS\Source\event_groups.o
LOAD Middlewares\Third_Party\FreeRTOS\Source\list.o
LOAD Middlewares\Third_Party\FreeRTOS\Source\portable\GCC\ARM_CM4F\port.o
LOAD Middlewares\Third_Party\FreeRTOS\Source\portable\MemMang\heap_4.o
LOAD Middlewares\Third_Party\FreeRTOS\Source\queue.o
LOAD Middlewares\Third_Party\FreeRTOS\Source\stream_buffer.o
LOAD Middlewares\Third_Party\FreeRTOS\Source\tasks.o
LOAD Middlewares\Third_Party\FreeRTOS\Source\timers.o
LOAD Middlewares\Third_Party\FreeRTOS-Plus\FreeRTOS-Plus-TCP\FreeRTOS_ARP.o
LOAD Middlewares\Third_Party\FreeRTOS-Plus\FreeRTOS-Plus-TCP\FreeRTOS_DHCP.o
LOAD Middlewares\Third_Party\FreeRTOS-Plus\FreeRTOS-Plus-TCP\FreeRTOS_DNS.o
LOAD Middlewares\Third_Party\FreeRTOS-Plus\FreeRTOS-Plus-TCP\FreeRTOS_IP.o
LOAD Middlewares\Third_Party\FreeRTOS-Plus\FreeRTOS-Plus-TCP\FreeRTOS_Sockets.o
LOAD Middlewares\Third_Party\FreeRTOS-Plus\FreeRTOS-Plus-TCP\FreeRTOS_Stream_Buffer.o
LOAD Middlewares\Third_Party\FreeRTOS-Plus\FreeRTOS-Plus-TCP\FreeRTOS_TCP_IP.o
LOAD Middlewares\Third_Party\FreeRTOS-Plus\FreeRTOS-Plus-TCP\FreeRTOS_TCP_WIN.o
LOAD Middlewares\Third_Party\FreeRTOS-Plus\FreeRTOS-Plus-TCP\FreeRTOS_UDP_IP.o
LOAD Middlewares\Third_Party\FreeRTOS-Plus\FreeRTOS-Plus-TCP\portable\BufferManagement\BufferAllocation_2.o
LOAD Src\freertos.o
LOAD Src\main.o
LOAD Src\stm32f4xx_hal_msp.o
LOAD Src\stm32f4xx_hal_timebase_TIM.o
LOAD Src\stm32f4xx_it.o
LOAD Src\system_stm32f4xx.o
LOAD Src\usb_device.o
LOAD Src\usbd_cdc_if.o
LOAD Src\usbd_conf.o
LOAD Src\usbd_desc.o
LOAD startup\startup_stm32f411xe.o
                0x00000080                malloc_getpagesize_P = 0x80
START GROUP
LOAD c:/program files (x86)/atollic/truestudio for stm32 9.0.0/armtools/bin/../lib/gcc/arm-atollic-eabi/6.3.1/../../../../arm-atollic-eabi/lib/armv7e-m/fpu\libc_nano.a
LOAD c:/program files (x86)/atollic/truestudio for stm32 9.0.0/armtools/bin/../lib/gcc/arm-atollic-eabi/6.3.1/../../../../arm-atollic-eabi/lib/armv7e-m/fpu\libm.a
END GROUP
START GROUP
LOAD c:/program files (x86)/atollic/truestudio for stm32 9.0.0/armtools/bin/../lib/gcc/arm-atollic-eabi/6.3.1/armv7e-m/fpu\libgcc.a
LOAD c:/program files (x86)/atollic/truestudio for stm32 9.0.0/armtools/bin/../lib/gcc/arm-atollic-eabi/6.3.1/../../../../arm-atollic-eabi/lib/armv7e-m/fpu\libc_nano.a
END GROUP
START GROUP
LOAD c:/program files (x86)/atollic/truestudio for stm32 9.0.0/armtools/bin/../lib/gcc/arm-atollic-eabi/6.3.1/armv7e-m/fpu\libgcc.a
LOAD c:/program files (x86)/atollic/truestudio for stm32 9.0.0/armtools/bin/../lib/gcc/arm-atollic-eabi/6.3.1/../../../../arm-atollic-eabi/lib/armv7e-m/fpu\libc_nano.a
LOAD c:/program files (x86)/atollic/truestudio for stm32 9.0.0/armtools/bin/../lib/gcc/arm-atollic-eabi/6.3.1/../../../../arm-atollic-eabi/lib/armv7e-m/fpu\libnosys.a
END GROUP
START GROUP
LOAD c:/program files (x86)/atollic/truestudio for stm32 9.0.0/armtools/bin/../lib/gcc/arm-atollic-eabi/6.3.1/armv7e-m/fpu\libgcc.a
LOAD c:/program files (x86)/atollic/truestudio for stm32 9.0.0/armtools/bin/../lib/gcc/arm-atollic-eabi/6.3.1/../../../../arm-atollic-eabi/lib/armv7e-m/fpu\libc_nano.a
LOAD c:/program files (x86)/atollic/truestudio for stm32 9.0.0/armtools/bin/../lib/gcc/arm-atollic-eabi/6.3.1/../../../../arm-atollic-eabi/lib/armv7e-m/fpu\libnosys.a
END GROUP
LOAD c:/program files (x86)/atollic/truestudio for stm32 9.0.0/armtools/bin/../lib/gcc/arm-atollic-eabi/6.3.1/armv7e-m/fpu/crtend.o
LOAD c:/program files (x86)/atollic/truestudio for stm32 9.0.0/armtools/bin/../lib/gcc/arm-atollic-eabi/6.3.1/armv7e-m/fpu/crtn.o
                0x20020000                _estack = 0x20020000
                0x00000200                _Min_Heap_Size = 0x200
                0x00000400                _Min_Stack_Size = 0x400

.isr_vector     0x08000000      0x198
                0x08000000                . = ALIGN (0x4)
 *(.isr_vector)
 .isr_vector    0x08000000      0x198 startup\startup_stm32f411xe.o
                0x08000000                g_pfnVectors
                0x08000198                . = ALIGN (0x4)

.text           0x080001a0    0x10658
                0x080001a0                . = ALIGN (0x4)
 *(.text)
 .text          0x080001a0       0x40 c:/program files (x86)/atollic/truestudio for stm32 9.0.0/armtools/bin/../lib/gcc/arm-atollic-eabi/6.3.1/armv7e-m/fpu/crtbegin.o
 .text          0x080001e0       0x10 c:/program files (x86)/atollic/truestudio for stm32 9.0.0/armtools/bin/../lib/gcc/arm-atollic-eabi/6.3.1/../../../../arm-atollic-eabi/lib/armv7e-m/fpu\libc_nano.a(lib_a-strlen.o)
                0x080001e0                strlen
 .text          0x080001f0       0x30 c:/program files (x86)/atollic/truestudio for stm32 9.0.0/armtools/bin/../lib/gcc/arm-atollic-eabi/6.3.1/armv7e-m/fpu\libgcc.a(_aeabi_uldivmod.o)
                0x080001f0                __aeabi_uldivmod
 .text          0x08000220      0x2dc c:/program files (x86)/atollic/truestudio for stm32 9.0.0/armtools/bin/../lib/gcc/arm-atollic-eabi/6.3.1/armv7e-m/fpu\libgcc.a(_udivmoddi4.o)
                0x08000220                __udivmoddi4
 .text          0x080004fc        0x4 c:/program files (x86)/atollic/truestudio for stm32 9.0.0/armtools/bin/../lib/gcc/arm-atollic-eabi/6.3.1/armv7e-m/fpu\libgcc.a(_dvmd_tls.o)
                0x080004fc                __aeabi_idiv0
                0x080004fc                __aeabi_ldiv0
 *(.text*)
 .text.HAL_Init
                0x08000500       0x44 Drivers\STM32F4xx_HAL_Driver\Src\stm32f4xx_hal.o
                0x08000500                HAL_Init
 .text.HAL_IncTick
                0x08000544       0x28 Drivers\STM32F4xx_HAL_Driver\Src\stm32f4xx_hal.o
                0x08000544                HAL_IncTick
 .text.HAL_GetTick
                0x0800056c       0x18 Drivers\STM32F4xx_HAL_Driver\Src\stm32f4xx_hal.o
                0x0800056c                HAL_GetTick
 .text.HAL_Delay
                0x08000584       0x44 Drivers\STM32F4xx_HAL_Driver\Src\stm32f4xx_hal.o
                0x08000584                HAL_Delay
 .text.NVIC_SetPriorityGrouping
                0x080005c8       0x48 Drivers\STM32F4xx_HAL_Driver\Src\stm32f4xx_hal_cortex.o
 .text.NVIC_GetPriorityGrouping
                0x08000610       0x1c Drivers\STM32F4xx_HAL_Driver\Src\stm32f4xx_hal_cortex.o
 .text.NVIC_EnableIRQ
                0x0800062c       0x34 Drivers\STM32F4xx_HAL_Driver\Src\stm32f4xx_hal_cortex.o
 .text.NVIC_SetPriority
                0x08000660       0x54 Drivers\STM32F4xx_HAL_Driver\Src\stm32f4xx_hal_cortex.o
 .text.NVIC_EncodePriority
                0x080006b4       0x62 Drivers\STM32F4xx_HAL_Driver\Src\stm32f4xx_hal_cortex.o
 *fill*         0x08000716        0x2 
 .text.SysTick_Config
                0x08000718       0x44 Drivers\STM32F4xx_HAL_Driver\Src\stm32f4xx_hal_cortex.o
 .text.HAL_NVIC_SetPriorityGrouping
                0x0800075c       0x16 Drivers\STM32F4xx_HAL_Driver\Src\stm32f4xx_hal_cortex.o
                0x0800075c                HAL_NVIC_SetPriorityGrouping
 .text.HAL_NVIC_SetPriority
                0x08000772       0x38 Drivers\STM32F4xx_HAL_Driver\Src\stm32f4xx_hal_cortex.o
                0x08000772                HAL_NVIC_SetPriority
 .text.HAL_NVIC_EnableIRQ
                0x080007aa       0x1c Drivers\STM32F4xx_HAL_Driver\Src\stm32f4xx_hal_cortex.o
                0x080007aa                HAL_NVIC_EnableIRQ
 .text.HAL_SYSTICK_Config
                0x080007c6       0x18 Drivers\STM32F4xx_HAL_Driver\Src\stm32f4xx_hal_cortex.o
                0x080007c6                HAL_SYSTICK_Config
 *fill*         0x080007de        0x2 
 .text.HAL_SYSTICK_CLKSourceConfig
                0x080007e0       0x38 Drivers\STM32F4xx_HAL_Driver\Src\stm32f4xx_hal_cortex.o
                0x080007e0                HAL_SYSTICK_CLKSourceConfig
 .text.HAL_GPIO_Init
                0x08000818      0x304 Drivers\STM32F4xx_HAL_Driver\Src\stm32f4xx_hal_gpio.o
                0x08000818                HAL_GPIO_Init
 .text.HAL_PCD_Init
                0x08000b1c      0x20e Drivers\STM32F4xx_HAL_Driver\Src\stm32f4xx_hal_pcd.o
                0x08000b1c                HAL_PCD_Init
 .text.HAL_PCD_Start
                0x08000d2a       0x44 Drivers\STM32F4xx_HAL_Driver\Src\stm32f4xx_hal_pcd.o
                0x08000d2a                HAL_PCD_Start
 *fill*         0x08000d6e        0x2 
 .text.HAL_PCD_IRQHandler
                0x08000d70      0x914 Drivers\STM32F4xx_HAL_Driver\Src\stm32f4xx_hal_pcd.o
                0x08000d70                HAL_PCD_IRQHandler
 .text.HAL_PCD_SetAddress
                0x08001684       0x42 Drivers\STM32F4xx_HAL_Driver\Src\stm32f4xx_hal_pcd.o
                0x08001684                HAL_PCD_SetAddress
 .text.HAL_PCD_EP_Open
                0x080016c6       0xd0 Drivers\STM32F4xx_HAL_Driver\Src\stm32f4xx_hal_pcd.o
                0x080016c6                HAL_PCD_EP_Open
 .text.HAL_PCD_EP_Close
                0x08001796       0x94 Drivers\STM32F4xx_HAL_Driver\Src\stm32f4xx_hal_pcd.o
                0x08001796                HAL_PCD_EP_Close
 .text.HAL_PCD_EP_Receive
                0x0800182a       0x94 Drivers\STM32F4xx_HAL_Driver\Src\stm32f4xx_hal_pcd.o
                0x0800182a                HAL_PCD_EP_Receive
 .text.HAL_PCD_EP_GetRxCount
                0x080018be       0x32 Drivers\STM32F4xx_HAL_Driver\Src\stm32f4xx_hal_pcd.o
                0x080018be                HAL_PCD_EP_GetRxCount
 .text.HAL_PCD_EP_Transmit
                0x080018f0       0x92 Drivers\STM32F4xx_HAL_Driver\Src\stm32f4xx_hal_pcd.o
                0x080018f0                HAL_PCD_EP_Transmit
 .text.HAL_PCD_EP_SetStall
                0x08001982       0xb6 Drivers\STM32F4xx_HAL_Driver\Src\stm32f4xx_hal_pcd.o
                0x08001982                HAL_PCD_EP_SetStall
 .text.HAL_PCD_EP_ClrStall
                0x08001a38       0x96 Drivers\STM32F4xx_HAL_Driver\Src\stm32f4xx_hal_pcd.o
                0x08001a38                HAL_PCD_EP_ClrStall
 .text.PCD_WriteEmptyTxFifo
                0x08001ace      0x104 Drivers\STM32F4xx_HAL_Driver\Src\stm32f4xx_hal_pcd.o
 .text.HAL_PCDEx_SetTxFiFo
                0x08001bd2       0x96 Drivers\STM32F4xx_HAL_Driver\Src\stm32f4xx_hal_pcd_ex.o
                0x08001bd2                HAL_PCDEx_SetTxFiFo
 .text.HAL_PCDEx_SetRxFiFo
                0x08001c68       0x22 Drivers\STM32F4xx_HAL_Driver\Src\stm32f4xx_hal_pcd_ex.o
                0x08001c68                HAL_PCDEx_SetRxFiFo
 *fill*         0x08001c8a        0x2 
 .text.HAL_RCC_OscConfig
                0x08001c8c      0x484 Drivers\STM32F4xx_HAL_Driver\Src\stm32f4xx_hal_rcc.o
                0x08001c8c                HAL_RCC_OscConfig
 .text.HAL_RCC_ClockConfig
                0x08002110      0x1c4 Drivers\STM32F4xx_HAL_Driver\Src\stm32f4xx_hal_rcc.o
                0x08002110                HAL_RCC_ClockConfig
 .text.HAL_RCC_GetSysClockFreq
                0x080022d4      0x1b0 Drivers\STM32F4xx_HAL_Driver\Src\stm32f4xx_hal_rcc.o
                0x080022d4                HAL_RCC_GetSysClockFreq
 .text.HAL_RCC_GetHCLKFreq
                0x08002484       0x18 Drivers\STM32F4xx_HAL_Driver\Src\stm32f4xx_hal_rcc.o
                0x08002484                HAL_RCC_GetHCLKFreq
 .text.HAL_RCC_GetPCLK2Freq
                0x0800249c       0x28 Drivers\STM32F4xx_HAL_Driver\Src\stm32f4xx_hal_rcc.o
                0x0800249c                HAL_RCC_GetPCLK2Freq
 .text.HAL_RCC_GetClockConfig
                0x080024c4       0x64 Drivers\STM32F4xx_HAL_Driver\Src\stm32f4xx_hal_rcc.o
                0x080024c4                HAL_RCC_GetClockConfig
 .text.HAL_TIM_Base_Init
                0x08002528       0x56 Drivers\STM32F4xx_HAL_Driver\Src\stm32f4xx_hal_tim.o
                0x08002528                HAL_TIM_Base_Init
 .text.HAL_TIM_Base_MspInit
                0x0800257e       0x14 Drivers\STM32F4xx_HAL_Driver\Src\stm32f4xx_hal_tim.o
                0x0800257e                HAL_TIM_Base_MspInit
 .text.HAL_TIM_Base_Start_IT
                0x08002592       0x36 Drivers\STM32F4xx_HAL_Driver\Src\stm32f4xx_hal_tim.o
                0x08002592                HAL_TIM_Base_Start_IT
 .text.HAL_TIM_IRQHandler
                0x080025c8      0x210 Drivers\STM32F4xx_HAL_Driver\Src\stm32f4xx_hal_tim.o
                0x080025c8                HAL_TIM_IRQHandler
 .text.HAL_TIM_OC_DelayElapsedCallback
                0x080027d8       0x14 Drivers\STM32F4xx_HAL_Driver\Src\stm32f4xx_hal_tim.o
                0x080027d8                HAL_TIM_OC_DelayElapsedCallback
 .text.HAL_TIM_IC_CaptureCallback
                0x080027ec       0x14 Drivers\STM32F4xx_HAL_Driver\Src\stm32f4xx_hal_tim.o
                0x080027ec                HAL_TIM_IC_CaptureCallback
 .text.HAL_TIM_PWM_PulseFinishedCallback
                0x08002800       0x14 Drivers\STM32F4xx_HAL_Driver\Src\stm32f4xx_hal_tim.o
                0x08002800                HAL_TIM_PWM_PulseFinishedCallback
 .text.HAL_TIM_TriggerCallback
                0x08002814       0x14 Drivers\STM32F4xx_HAL_Driver\Src\stm32f4xx_hal_tim.o
                0x08002814                HAL_TIM_TriggerCallback
 .text.TIM_Base_SetConfig
                0x08002828      0x108 Drivers\STM32F4xx_HAL_Driver\Src\stm32f4xx_hal_tim.o
                0x08002828                TIM_Base_SetConfig
 .text.HAL_TIMEx_CommutationCallback
                0x08002930       0x14 Drivers\STM32F4xx_HAL_Driver\Src\stm32f4xx_hal_tim_ex.o
                0x08002930                HAL_TIMEx_CommutationCallback
 .text.HAL_TIMEx_BreakCallback
                0x08002944       0x14 Drivers\STM32F4xx_HAL_Driver\Src\stm32f4xx_hal_tim_ex.o
                0x08002944                HAL_TIMEx_BreakCallback
 .text.USB_CoreInit
                0x08002958       0xa2 Drivers\STM32F4xx_HAL_Driver\Src\stm32f4xx_ll_usb.o
                0x08002958                USB_CoreInit
 .text.USB_EnableGlobalInt
                0x080029fa       0x22 Drivers\STM32F4xx_HAL_Driver\Src\stm32f4xx_ll_usb.o
                0x080029fa                USB_EnableGlobalInt
 .text.USB_DisableGlobalInt
                0x08002a1c       0x22 Drivers\STM32F4xx_HAL_Driver\Src\stm32f4xx_ll_usb.o
                0x08002a1c                USB_DisableGlobalInt
 .text.USB_SetCurrentMode
                0x08002a3e       0x4e Drivers\STM32F4xx_HAL_Driver\Src\stm32f4xx_ll_usb.o
                0x08002a3e                USB_SetCurrentMode
 .text.USB_DevInit
                0x08002a8c      0x264 Drivers\STM32F4xx_HAL_Driver\Src\stm32f4xx_ll_usb.o
                0x08002a8c                USB_DevInit
 .text.USB_FlushTxFifo
                0x08002cf0       0x4c Drivers\STM32F4xx_HAL_Driver\Src\stm32f4xx_ll_usb.o
                0x08002cf0                USB_FlushTxFifo
 .text.USB_FlushRxFifo
                0x08002d3c       0x44 Drivers\STM32F4xx_HAL_Driver\Src\stm32f4xx_ll_usb.o
                0x08002d3c                USB_FlushRxFifo
 .text.USB_SetDevSpeed
                0x08002d80       0x30 Drivers\STM32F4xx_HAL_Driver\Src\stm32f4xx_ll_usb.o
                0x08002d80                USB_SetDevSpeed
 .text.USB_GetDevSpeed
                0x08002db0       0x6a Drivers\STM32F4xx_HAL_Driver\Src\stm32f4xx_ll_usb.o
                0x08002db0                USB_GetDevSpeed
 .text.USB_ActivateEndpoint
                0x08002e1a      0x112 Drivers\STM32F4xx_HAL_Driver\Src\stm32f4xx_ll_usb.o
                0x08002e1a                USB_ActivateEndpoint
 .text.USB_DeactivateEndpoint
                0x08002f2c      0x184 Drivers\STM32F4xx_HAL_Driver\Src\stm32f4xx_ll_usb.o
                0x08002f2c                USB_DeactivateEndpoint
 .text.USB_EPStartXfer
                0x080030b0      0x484 Drivers\STM32F4xx_HAL_Driver\Src\stm32f4xx_ll_usb.o
                0x080030b0                USB_EPStartXfer
 .text.USB_EP0StartXfer
                0x08003534      0x2be Drivers\STM32F4xx_HAL_Driver\Src\stm32f4xx_ll_usb.o
                0x08003534                USB_EP0StartXfer
 .text.USB_WritePacket
                0x080037f2       0x6a Drivers\STM32F4xx_HAL_Driver\Src\stm32f4xx_ll_usb.o
                0x080037f2                USB_WritePacket
 .text.USB_ReadPacket
                0x0800385c       0x4e Drivers\STM32F4xx_HAL_Driver\Src\stm32f4xx_ll_usb.o
                0x0800385c                USB_ReadPacket
 .text.USB_EPSetStall
                0x080038aa       0xe2 Drivers\STM32F4xx_HAL_Driver\Src\stm32f4xx_ll_usb.o
                0x080038aa                USB_EPSetStall
 .text.USB_EPClearStall
                0x0800398c       0xda Drivers\STM32F4xx_HAL_Driver\Src\stm32f4xx_ll_usb.o
                0x0800398c                USB_EPClearStall
 .text.USB_SetDevAddress
                0x08003a66       0x4c Drivers\STM32F4xx_HAL_Driver\Src\stm32f4xx_ll_usb.o
                0x08003a66                USB_SetDevAddress
 .text.USB_DevConnect
                0x08003ab2       0x2e Drivers\STM32F4xx_HAL_Driver\Src\stm32f4xx_ll_usb.o
                0x08003ab2                USB_DevConnect
 .text.USB_DevDisconnect
                0x08003ae0       0x2e Drivers\STM32F4xx_HAL_Driver\Src\stm32f4xx_ll_usb.o
                0x08003ae0                USB_DevDisconnect
 .text.USB_ReadInterrupts
                0x08003b0e       0x2a Drivers\STM32F4xx_HAL_Driver\Src\stm32f4xx_ll_usb.o
                0x08003b0e                USB_ReadInterrupts
 .text.USB_ReadDevAllOutEpInterrupt
                0x08003b38       0x30 Drivers\STM32F4xx_HAL_Driver\Src\stm32f4xx_ll_usb.o
                0x08003b38                USB_ReadDevAllOutEpInterrupt
 .text.USB_ReadDevAllInEpInterrupt
                0x08003b68       0x30 Drivers\STM32F4xx_HAL_Driver\Src\stm32f4xx_ll_usb.o
                0x08003b68                USB_ReadDevAllInEpInterrupt
 .text.USB_ReadDevOutEPInterrupt
                0x08003b98       0x38 Drivers\STM32F4xx_HAL_Driver\Src\stm32f4xx_ll_usb.o
                0x08003b98                USB_ReadDevOutEPInterrupt
 .text.USB_ReadDevInEPInterrupt
                0x08003bd0       0x54 Drivers\STM32F4xx_HAL_Driver\Src\stm32f4xx_ll_usb.o
                0x08003bd0                USB_ReadDevInEPInterrupt
 .text.USB_GetMode
                0x08003c24       0x1c Drivers\STM32F4xx_HAL_Driver\Src\stm32f4xx_ll_usb.o
                0x08003c24                USB_GetMode
 .text.USB_ActivateSetup
                0x08003c40       0x6c Drivers\STM32F4xx_HAL_Driver\Src\stm32f4xx_ll_usb.o
                0x08003c40                USB_ActivateSetup
 .text.USB_EP0_OutStart
                0x08003cac       0x8a Drivers\STM32F4xx_HAL_Driver\Src\stm32f4xx_ll_usb.o
                0x08003cac                USB_EP0_OutStart
 *fill*         0x08003d36        0x2 
 .text.USB_CoreReset
                0x08003d38       0x68 Drivers\STM32F4xx_HAL_Driver\Src\stm32f4xx_ll_usb.o
 .text.USBD_CDC_Init
                0x08003da0       0x54 Middlewares\ST\STM32_USB_Device_Library\Class\CDC\Src\usbd_cdc.o
 .text.USBD_CDC_DeInit
                0x08003df4       0x2e Middlewares\ST\STM32_USB_Device_Library\Class\CDC\Src\usbd_cdc.o
 *fill*         0x08003e22        0x2 
 .text.USBD_CDC_Setup
                0x08003e24       0x5c Middlewares\ST\STM32_USB_Device_Library\Class\CDC\Src\usbd_cdc.o
 .text.USBD_CDC_DataIn
                0x08003e80       0x74 Middlewares\ST\STM32_USB_Device_Library\Class\CDC\Src\usbd_cdc.o
 .text.USBD_CDC_DataOut
                0x08003ef4       0xc8 Middlewares\ST\STM32_USB_Device_Library\Class\CDC\Src\usbd_cdc.o
 .text.USBD_CDC_EP0_RxReady
                0x08003fbc      0x120 Middlewares\ST\STM32_USB_Device_Library\Class\CDC\Src\usbd_cdc.o
 .text.USBD_CDC_GetFSCfgDesc
                0x080040dc       0x2c Middlewares\ST\STM32_USB_Device_Library\Class\CDC\Src\usbd_cdc.o
 .text.usbd_rndis_sof
                0x08004108       0x18 Middlewares\ST\STM32_USB_Device_Library\Class\CDC\Src\usbd_cdc.o
 .text.rndis_iso_in_incomplete
                0x08004120       0x1c Middlewares\ST\STM32_USB_Device_Library\Class\CDC\Src\usbd_cdc.o
 .text.rndis_iso_out_incomplete
                0x0800413c       0x1c Middlewares\ST\STM32_USB_Device_Library\Class\CDC\Src\usbd_cdc.o
 .text.usbd_rndis_GetDeviceQualifierDesc
                0x08004158       0x20 Middlewares\ST\STM32_USB_Device_Library\Class\CDC\Src\usbd_cdc.o
 .text.usbd_cdc_transfer
                0x08004178       0xe4 Middlewares\ST\STM32_USB_Device_Library\Class\CDC\Src\usbd_cdc.o
 .text.handle_packet
                0x0800425c       0x68 Middlewares\ST\STM32_USB_Device_Library\Class\CDC\Src\usbd_cdc.o
 .text.rndis_query
                0x080042c4      0x35c Middlewares\ST\STM32_USB_Device_Library\Class\CDC\Src\usbd_cdc.o
                0x080042c4                rndis_query
 .text.rndis_query_cmplt
                0x08004620       0x64 Middlewares\ST\STM32_USB_Device_Library\Class\CDC\Src\usbd_cdc.o
                0x08004620                rndis_query_cmplt
 .text.rndis_query_cmplt32
                0x08004684       0x58 Middlewares\ST\STM32_USB_Device_Library\Class\CDC\Src\usbd_cdc.o
                0x08004684                rndis_query_cmplt32
 .text.rndis_handle_set_msg
                0x080046dc       0xe8 Middlewares\ST\STM32_USB_Device_Library\Class\CDC\Src\usbd_cdc.o
                0x080046dc                rndis_handle_set_msg
 .text.xNetworkInterfaceInitialise
                0x080047c4       0x10 Middlewares\ST\STM32_USB_Device_Library\Class\CDC\Src\usbd_cdc.o
                0x080047c4                xNetworkInterfaceInitialise
 .text.xNetworkInterfaceOutput
                0x080047d4       0x84 Middlewares\ST\STM32_USB_Device_Library\Class\CDC\Src\usbd_cdc.o
                0x080047d4                xNetworkInterfaceOutput
 .text.USBD_Init
                0x08004858       0x56 Middlewares\ST\STM32_USB_Device_Library\Core\Src\usbd_core.o
                0x08004858                USBD_Init
 .text.USBD_RegisterClass
                0x080048ae       0x34 Middlewares\ST\STM32_USB_Device_Library\Core\Src\usbd_core.o
                0x080048ae                USBD_RegisterClass
 .text.USBD_Start
                0x080048e2       0x18 Middlewares\ST\STM32_USB_Device_Library\Core\Src\usbd_core.o
                0x080048e2                USBD_Start
 .text.USBD_RunTestMode
                0x080048fa       0x16 Middlewares\ST\STM32_USB_Device_Library\Core\Src\usbd_core.o
                0x080048fa                USBD_RunTestMode
 .text.USBD_SetClassConfig
                0x08004910       0x3e Middlewares\ST\STM32_USB_Device_Library\Core\Src\usbd_core.o
                0x08004910                USBD_SetClassConfig
 .text.USBD_ClrClassConfig
                0x0800494e       0x26 Middlewares\ST\STM32_USB_Device_Library\Core\Src\usbd_core.o
                0x0800494e                USBD_ClrClassConfig
 .text.USBD_LL_SetupStage
                0x08004974       0x94 Middlewares\ST\STM32_USB_Device_Library\Core\Src\usbd_core.o
                0x08004974                USBD_LL_SetupStage
 .text.USBD_LL_DataOutStage
                0x08004a08       0xb6 Middlewares\ST\STM32_USB_Device_Library\Core\Src\usbd_core.o
                0x08004a08                USBD_LL_DataOutStage
 .text.USBD_LL_DataInStage
                0x08004abe      0x11e Middlewares\ST\STM32_USB_Device_Library\Core\Src\usbd_core.o
                0x08004abe                USBD_LL_DataInStage
 .text.USBD_LL_Reset
                0x08004bdc       0x5e Middlewares\ST\STM32_USB_Device_Library\Core\Src\usbd_core.o
                0x08004bdc                USBD_LL_Reset
 .text.USBD_LL_SetSpeed
                0x08004c3a       0x20 Middlewares\ST\STM32_USB_Device_Library\Core\Src\usbd_core.o
                0x08004c3a                USBD_LL_SetSpeed
 .text.USBD_LL_Suspend
                0x08004c5a       0x2a Middlewares\ST\STM32_USB_Device_Library\Core\Src\usbd_core.o
                0x08004c5a                USBD_LL_Suspend
 .text.USBD_LL_Resume
                0x08004c84       0x22 Middlewares\ST\STM32_USB_Device_Library\Core\Src\usbd_core.o
                0x08004c84                USBD_LL_Resume
 .text.USBD_LL_SOF
                0x08004ca6       0x34 Middlewares\ST\STM32_USB_Device_Library\Core\Src\usbd_core.o
                0x08004ca6                USBD_LL_SOF
 .text.USBD_LL_IsoINIncomplete
                0x08004cda       0x1a Middlewares\ST\STM32_USB_Device_Library\Core\Src\usbd_core.o
                0x08004cda                USBD_LL_IsoINIncomplete
 .text.USBD_LL_IsoOUTIncomplete
                0x08004cf4       0x1a Middlewares\ST\STM32_USB_Device_Library\Core\Src\usbd_core.o
                0x08004cf4                USBD_LL_IsoOUTIncomplete
 .text.USBD_LL_DevConnected
                0x08004d0e       0x16 Middlewares\ST\STM32_USB_Device_Library\Core\Src\usbd_core.o
                0x08004d0e                USBD_LL_DevConnected
 .text.USBD_LL_DevDisconnected
                0x08004d24       0x2e Middlewares\ST\STM32_USB_Device_Library\Core\Src\usbd_core.o
                0x08004d24                USBD_LL_DevDisconnected
 *fill*         0x08004d52        0x2 
 .text.USBD_StdDevReq
                0x08004d54       0xa0 Middlewares\ST\STM32_USB_Device_Library\Core\Src\usbd_ctlreq.o
                0x08004d54                USBD_StdDevReq
 .text.USBD_StdItfReq
                0x08004df4       0x66 Middlewares\ST\STM32_USB_Device_Library\Core\Src\usbd_ctlreq.o
                0x08004df4                USBD_StdItfReq
 .text.USBD_StdEPReq
                0x08004e5a      0x1b0 Middlewares\ST\STM32_USB_Device_Library\Core\Src\usbd_ctlreq.o
                0x08004e5a                USBD_StdEPReq
 *fill*         0x0800500a        0x2 
 .text.USBD_GetDescriptor
                0x0800500c      0x1e8 Middlewares\ST\STM32_USB_Device_Library\Core\Src\usbd_ctlreq.o
 .text.USBD_SetAddress
                0x080051f4       0x7c Middlewares\ST\STM32_USB_Device_Library\Core\Src\usbd_ctlreq.o
 .text.USBD_SetConfig
                0x08005270      0x110 Middlewares\ST\STM32_USB_Device_Library\Core\Src\usbd_ctlreq.o
 .text.USBD_GetConfig
                0x08005380       0x64 Middlewares\ST\STM32_USB_Device_Library\Core\Src\usbd_ctlreq.o
 .text.USBD_GetStatus
                0x080053e4       0x54 Middlewares\ST\STM32_USB_Device_Library\Core\Src\usbd_ctlreq.o
 .text.USBD_SetFeature
                0x08005438       0x36 Middlewares\ST\STM32_USB_Device_Library\Core\Src\usbd_ctlreq.o
 .text.USBD_ClrFeature
                0x0800546e       0x50 Middlewares\ST\STM32_USB_Device_Library\Core\Src\usbd_ctlreq.o
 .text.USBD_ParseSetupRequest
                0x080054be       0x7a Middlewares\ST\STM32_USB_Device_Library\Core\Src\usbd_ctlreq.o
                0x080054be                USBD_ParseSetupRequest
 .text.USBD_CtlError
                0x08005538       0x22 Middlewares\ST\STM32_USB_Device_Library\Core\Src\usbd_ctlreq.o
                0x08005538                USBD_CtlError
 .text.USBD_GetString
                0x0800555a       0x86 Middlewares\ST\STM32_USB_Device_Library\Core\Src\usbd_ctlreq.o
                0x0800555a                USBD_GetString
 .text.USBD_GetLen
                0x080055e0       0x30 Middlewares\ST\STM32_USB_Device_Library\Core\Src\usbd_ctlreq.o
 .text.USBD_CtlSendData
                0x08005610       0x38 Middlewares\ST\STM32_USB_Device_Library\Core\Src\usbd_ioreq.o
                0x08005610                USBD_CtlSendData
 .text.USBD_CtlContinueSendData
                0x08005648       0x24 Middlewares\ST\STM32_USB_Device_Library\Core\Src\usbd_ioreq.o
                0x08005648                USBD_CtlContinueSendData
 .text.USBD_CtlPrepareRx
                0x0800566c       0x3c Middlewares\ST\STM32_USB_Device_Library\Core\Src\usbd_ioreq.o
                0x0800566c                USBD_CtlPrepareRx
 .text.USBD_CtlContinueRx
                0x080056a8       0x24 Middlewares\ST\STM32_USB_Device_Library\Core\Src\usbd_ioreq.o
                0x080056a8                USBD_CtlContinueRx
 .text.USBD_CtlSendStatus
                0x080056cc       0x26 Middlewares\ST\STM32_USB_Device_Library\Core\Src\usbd_ioreq.o
                0x080056cc                USBD_CtlSendStatus
 .text.USBD_CtlReceiveStatus
                0x080056f2       0x26 Middlewares\ST\STM32_USB_Device_Library\Core\Src\usbd_ioreq.o
                0x080056f2                USBD_CtlReceiveStatus
 .text.makeFreeRtosPriority
                0x08005718       0x30 Middlewares\Third_Party\FreeRTOS\Source\CMSIS_RTOS\cmsis_os.o
 .text.osKernelStart
                0x08005748        0xe Middlewares\Third_Party\FreeRTOS\Source\CMSIS_RTOS\cmsis_os.o
                0x08005748                osKernelStart
 .text.osThreadCreate
                0x08005756       0x4e Middlewares\Third_Party\FreeRTOS\Source\CMSIS_RTOS\cmsis_os.o
                0x08005756                osThreadCreate
 .text.osDelay  0x080057a4       0x28 Middlewares\Third_Party\FreeRTOS\Source\CMSIS_RTOS\cmsis_os.o
                0x080057a4                osDelay
 .text.osSystickHandler
                0x080057cc       0x16 Middlewares\Third_Party\FreeRTOS\Source\CMSIS_RTOS\cmsis_os.o
                0x080057cc                osSystickHandler
 .text.xEventGroupCreate
                0x080057e2       0x2e Middlewares\Third_Party\FreeRTOS\Source\event_groups.o
                0x080057e2                xEventGroupCreate
 .text.xEventGroupWaitBits
                0x08005810      0x194 Middlewares\Third_Party\FreeRTOS\Source\event_groups.o
                0x08005810                xEventGroupWaitBits
 .text.xEventGroupClearBits
                0x080059a4       0x6c Middlewares\Third_Party\FreeRTOS\Source\event_groups.o
                0x080059a4                xEventGroupClearBits
 .text.xEventGroupSetBits
                0x08005a10      0x112 Middlewares\Third_Party\FreeRTOS\Source\event_groups.o
                0x08005a10                xEventGroupSetBits
 .text.vEventGroupDelete
                0x08005b22       0x60 Middlewares\Third_Party\FreeRTOS\Source\event_groups.o
                0x08005b22                vEventGroupDelete
 .text.prvTestWaitCondition
                0x08005b82       0x44 Middlewares\Third_Party\FreeRTOS\Source\event_groups.o
 .text.vListInitialise
                0x08005bc6       0x40 Middlewares\Third_Party\FreeRTOS\Source\list.o
                0x08005bc6                vListInitialise
 .text.vListInitialiseItem
                0x08005c06       0x1a Middlewares\Third_Party\FreeRTOS\Source\list.o
                0x08005c06                vListInitialiseItem
 .text.vListInsertEnd
                0x08005c20       0x48 Middlewares\Third_Party\FreeRTOS\Source\list.o
                0x08005c20                vListInsertEnd
 .text.vListInsert
                0x08005c68       0x72 Middlewares\Third_Party\FreeRTOS\Source\list.o
                0x08005c68                vListInsert
 .text.uxListRemove
                0x08005cda       0x54 Middlewares\Third_Party\FreeRTOS\Source\list.o
                0x08005cda                uxListRemove
 *fill*         0x08005d2e        0x2 
 .text.pxPortInitialiseStack
                0x08005d30       0x68 Middlewares\Third_Party\FreeRTOS\Source\portable\GCC\ARM_CM4F\port.o
                0x08005d30                pxPortInitialiseStack
 .text.prvTaskExitError
                0x08005d98       0x54 Middlewares\Third_Party\FreeRTOS\Source\portable\GCC\ARM_CM4F\port.o
 *fill*         0x08005dec        0x4 
 .text.SVC_Handler
                0x08005df0       0x28 Middlewares\Third_Party\FreeRTOS\Source\portable\GCC\ARM_CM4F\port.o
                0x08005df0                SVC_Handler
 .text.prvPortStartFirstTask
                0x08005e18       0x28 Middlewares\Third_Party\FreeRTOS\Source\portable\GCC\ARM_CM4F\port.o
 .text.xPortStartScheduler
                0x08005e40      0x13c Middlewares\Third_Party\FreeRTOS\Source\portable\GCC\ARM_CM4F\port.o
                0x08005e40                xPortStartScheduler
 .text.vPortEnterCritical
                0x08005f7c       0x5c Middlewares\Third_Party\FreeRTOS\Source\portable\GCC\ARM_CM4F\port.o
                0x08005f7c                vPortEnterCritical
 .text.vPortExitCritical
                0x08005fd8       0x50 Middlewares\Third_Party\FreeRTOS\Source\portable\GCC\ARM_CM4F\port.o
                0x08005fd8                vPortExitCritical
 *fill*         0x08006028        0x8 
 .text.PendSV_Handler
                0x08006030       0x68 Middlewares\Third_Party\FreeRTOS\Source\portable\GCC\ARM_CM4F\port.o
                0x08006030                PendSV_Handler
 .text.xPortSysTickHandler
                0x08006098       0x40 Middlewares\Third_Party\FreeRTOS\Source\portable\GCC\ARM_CM4F\port.o
                0x08006098                xPortSysTickHandler
 .text.vPortSetupTimerInterrupt
                0x080060d8       0x48 Middlewares\Third_Party\FreeRTOS\Source\portable\GCC\ARM_CM4F\port.o
                0x080060d8                vPortSetupTimerInterrupt
 .text.vPortEnableVFP
                0x08006120       0x14 Middlewares\Third_Party\FreeRTOS\Source\portable\GCC\ARM_CM4F\port.o
 .text.pvPortMalloc
                0x08006134      0x184 Middlewares\Third_Party\FreeRTOS\Source\portable\MemMang\heap_4.o
                0x08006134                pvPortMalloc
 .text.vPortFree
                0x080062b8       0xb0 Middlewares\Third_Party\FreeRTOS\Source\portable\MemMang\heap_4.o
                0x080062b8                vPortFree
 .text.prvHeapInit
                0x08006368       0xc4 Middlewares\Third_Party\FreeRTOS\Source\portable\MemMang\heap_4.o
 .text.prvInsertBlockIntoFreeList
                0x0800642c       0xb4 Middlewares\Third_Party\FreeRTOS\Source\portable\MemMang\heap_4.o
 .text.xQueueGenericReset
                0x080064e0       0xd0 Middlewares\Third_Party\FreeRTOS\Source\queue.o
                0x080064e0                xQueueGenericReset
 .text.xQueueGenericCreate
                0x080065b0       0x72 Middlewares\Third_Party\FreeRTOS\Source\queue.o
                0x080065b0                xQueueGenericCreate
 .text.prvInitialiseNewQueue
                0x08006622       0x3e Middlewares\Third_Party\FreeRTOS\Source\queue.o
 .text.xQueueCreateCountingSemaphore
                0x08006660       0x62 Middlewares\Third_Party\FreeRTOS\Source\queue.o
                0x08006660                xQueueCreateCountingSemaphore
 *fill*         0x080066c2        0x2 
 .text.xQueueGenericSend
                0x080066c4      0x1f4 Middlewares\Third_Party\FreeRTOS\Source\queue.o
                0x080066c4                xQueueGenericSend
 .text.xQueueReceive
                0x080068b8      0x1b8 Middlewares\Third_Party\FreeRTOS\Source\queue.o
                0x080068b8                xQueueReceive
 .text.xQueueSemaphoreTake
                0x08006a70      0x210 Middlewares\Third_Party\FreeRTOS\Source\queue.o
                0x08006a70                xQueueSemaphoreTake
 .text.uxQueueMessagesWaiting
                0x08006c80       0x3a Middlewares\Third_Party\FreeRTOS\Source\queue.o
                0x08006c80                uxQueueMessagesWaiting
 .text.vQueueDelete
                0x08006cba       0x3a Middlewares\Third_Party\FreeRTOS\Source\queue.o
                0x08006cba                vQueueDelete
 .text.prvGetDisinheritPriorityAfterTimeout
                0x08006cf4       0x30 Middlewares\Third_Party\FreeRTOS\Source\queue.o
 .text.prvCopyDataToQueue
                0x08006d24       0xd4 Middlewares\Third_Party\FreeRTOS\Source\queue.o
 .text.prvCopyDataFromQueue
                0x08006df8       0x4c Middlewares\Third_Party\FreeRTOS\Source\queue.o
 .text.prvUnlockQueue
                0x08006e44       0xa4 Middlewares\Third_Party\FreeRTOS\Source\queue.o
 .text.prvIsQueueEmpty
                0x08006ee8       0x2c Middlewares\Third_Party\FreeRTOS\Source\queue.o
 .text.prvIsQueueFull
                0x08006f14       0x30 Middlewares\Third_Party\FreeRTOS\Source\queue.o
 .text.vQueueAddToRegistry
                0x08006f44       0x50 Middlewares\Third_Party\FreeRTOS\Source\queue.o
                0x08006f44                vQueueAddToRegistry
 .text.vQueueUnregisterQueue
                0x08006f94       0x54 Middlewares\Third_Party\FreeRTOS\Source\queue.o
                0x08006f94                vQueueUnregisterQueue
 .text.xTaskCreate
                0x08006fe8       0x82 Middlewares\Third_Party\FreeRTOS\Source\tasks.o
                0x08006fe8                xTaskCreate
 .text.prvInitialiseNewTask
                0x0800706a       0xfc Middlewares\Third_Party\FreeRTOS\Source\tasks.o
 *fill*         0x08007166        0x2 
 .text.prvAddNewTaskToReadyList
                0x08007168       0xd4 Middlewares\Third_Party\FreeRTOS\Source\tasks.o
 .text.vTaskDelay
                0x0800723c       0x68 Middlewares\Third_Party\FreeRTOS\Source\tasks.o
                0x0800723c                vTaskDelay
 .text.vTaskStartScheduler
                0x080072a4       0x8c Middlewares\Third_Party\FreeRTOS\Source\tasks.o
                0x080072a4                vTaskStartScheduler
 .text.vTaskSuspendAll
                0x08007330       0x1c Middlewares\Third_Party\FreeRTOS\Source\tasks.o
                0x08007330                vTaskSuspendAll
 .text.xTaskResumeAll
                0x0800734c      0x138 Middlewares\Third_Party\FreeRTOS\Source\tasks.o
                0x0800734c                xTaskResumeAll
 .text.xTaskGetTickCount
                0x08007484       0x20 Middlewares\Third_Party\FreeRTOS\Source\tasks.o
                0x08007484                xTaskGetTickCount
 .text.xTaskIncrementTick
                0x080074a4      0x178 Middlewares\Third_Party\FreeRTOS\Source\tasks.o
                0x080074a4                xTaskIncrementTick
 .text.vTaskSwitchContext
                0x0800761c       0xb4 Middlewares\Third_Party\FreeRTOS\Source\tasks.o
                0x0800761c                vTaskSwitchContext
 .text.vTaskPlaceOnEventList
                0x080076d0       0x48 Middlewares\Third_Party\FreeRTOS\Source\tasks.o
                0x080076d0                vTaskPlaceOnEventList
 .text.vTaskPlaceOnUnorderedEventList
                0x08007718       0x74 Middlewares\Third_Party\FreeRTOS\Source\tasks.o
                0x08007718                vTaskPlaceOnUnorderedEventList
 .text.xTaskRemoveFromEventList
                0x0800778c       0xc4 Middlewares\Third_Party\FreeRTOS\Source\tasks.o
                0x0800778c                xTaskRemoveFromEventList
 .text.vTaskRemoveFromUnorderedEventList
                0x08007850       0xc0 Middlewares\Third_Party\FreeRTOS\Source\tasks.o
                0x08007850                vTaskRemoveFromUnorderedEventList
 .text.vTaskSetTimeOutState
                0x08007910       0x4c Middlewares\Third_Party\FreeRTOS\Source\tasks.o
                0x08007910                vTaskSetTimeOutState
 .text.vTaskInternalSetTimeOutState
                0x0800795c       0x2c Middlewares\Third_Party\FreeRTOS\Source\tasks.o
                0x0800795c                vTaskInternalSetTimeOutState
 .text.xTaskCheckForTimeOut
                0x08007988       0xc0 Middlewares\Third_Party\FreeRTOS\Source\tasks.o
                0x08007988                xTaskCheckForTimeOut
 .text.vTaskMissedYield
                0x08007a48       0x18 Middlewares\Third_Party\FreeRTOS\Source\tasks.o
                0x08007a48                vTaskMissedYield
 .text.prvIdleTask
                0x08007a60       0x30 Middlewares\Third_Party\FreeRTOS\Source\tasks.o
 .text.prvInitialiseTaskLists
                0x08007a90       0x80 Middlewares\Third_Party\FreeRTOS\Source\tasks.o
 .text.prvCheckTasksWaitingTermination
                0x08007b10       0x58 Middlewares\Third_Party\FreeRTOS\Source\tasks.o
 .text.prvDeleteTCB
                0x08007b68       0x20 Middlewares\Third_Party\FreeRTOS\Source\tasks.o
 .text.prvResetNextTaskUnblockTime
                0x08007b88       0x4c Middlewares\Third_Party\FreeRTOS\Source\tasks.o
 .text.xTaskGetCurrentTaskHandle
                0x08007bd4       0x20 Middlewares\Third_Party\FreeRTOS\Source\tasks.o
                0x08007bd4                xTaskGetCurrentTaskHandle
 .text.xTaskGetSchedulerState
                0x08007bf4       0x3c Middlewares\Third_Party\FreeRTOS\Source\tasks.o
                0x08007bf4                xTaskGetSchedulerState
 .text.xTaskPriorityInherit
                0x08007c30      0x10c Middlewares\Third_Party\FreeRTOS\Source\tasks.o
                0x08007c30                xTaskPriorityInherit
 .text.xTaskPriorityDisinherit
                0x08007d3c      0x108 Middlewares\Third_Party\FreeRTOS\Source\tasks.o
                0x08007d3c                xTaskPriorityDisinherit
 .text.vTaskPriorityDisinheritAfterTimeout
                0x08007e44      0x13c Middlewares\Third_Party\FreeRTOS\Source\tasks.o
                0x08007e44                vTaskPriorityDisinheritAfterTimeout
 .text.uxTaskResetEventItemValue
                0x08007f80       0x30 Middlewares\Third_Party\FreeRTOS\Source\tasks.o
                0x08007f80                uxTaskResetEventItemValue
 .text.pvTaskIncrementMutexHeldCount
                0x08007fb0       0x28 Middlewares\Third_Party\FreeRTOS\Source\tasks.o
                0x08007fb0                pvTaskIncrementMutexHeldCount
 .text.prvAddCurrentTaskToDelayedList
                0x08007fd8       0xcc Middlewares\Third_Party\FreeRTOS\Source\tasks.o
 .text.eARPProcessPacket
                0x080080a4      0x100 Middlewares\Third_Party\FreeRTOS-Plus\FreeRTOS-Plus-TCP\FreeRTOS_ARP.o
                0x080080a4                eARPProcessPacket
 .text.vARPRefreshCacheEntry
                0x080081a4      0x1f0 Middlewares\Third_Party\FreeRTOS-Plus\FreeRTOS-Plus-TCP\FreeRTOS_ARP.o
                0x080081a4                vARPRefreshCacheEntry
 .text.eARPGetCacheEntry
                0x08008394       0xcc Middlewares\Third_Party\FreeRTOS-Plus\FreeRTOS-Plus-TCP\FreeRTOS_ARP.o
                0x08008394                eARPGetCacheEntry
 .text.prvCacheLookup
                0x08008460       0x80 Middlewares\Third_Party\FreeRTOS-Plus\FreeRTOS-Plus-TCP\FreeRTOS_ARP.o
 .text.vARPAgeCache
                0x080084e0      0x11c Middlewares\Third_Party\FreeRTOS-Plus\FreeRTOS-Plus-TCP\FreeRTOS_ARP.o
                0x080084e0                vARPAgeCache
 .text.vARPSendGratuitous
                0x080085fc       0x18 Middlewares\Third_Party\FreeRTOS-Plus\FreeRTOS-Plus-TCP\FreeRTOS_ARP.o
                0x080085fc                vARPSendGratuitous
 .text.FreeRTOS_OutputARPRequest
                0x08008614       0x34 Middlewares\Third_Party\FreeRTOS-Plus\FreeRTOS-Plus-TCP\FreeRTOS_ARP.o
                0x08008614                FreeRTOS_OutputARPRequest
 .text.vARPGenerateRequestPacket
                0x08008648       0x84 Middlewares\Third_Party\FreeRTOS-Plus\FreeRTOS-Plus-TCP\FreeRTOS_ARP.o
                0x08008648                vARPGenerateRequestPacket
 .text.xIsDHCPSocket
                0x080086cc       0x30 Middlewares\Third_Party\FreeRTOS-Plus\FreeRTOS-Plus-TCP\FreeRTOS_DHCP.o
                0x080086cc                xIsDHCPSocket
 .text.vDHCPProcess
                0x080086fc      0x258 Middlewares\Third_Party\FreeRTOS-Plus\FreeRTOS-Plus-TCP\FreeRTOS_DHCP.o
                0x080086fc                vDHCPProcess
 .text.prvCreateDHCPSocket
                0x08008954       0x94 Middlewares\Third_Party\FreeRTOS-Plus\FreeRTOS-Plus-TCP\FreeRTOS_DHCP.o
 .text.prvInitialiseDHCP
                0x080089e8       0x50 Middlewares\Third_Party\FreeRTOS-Plus\FreeRTOS-Plus-TCP\FreeRTOS_DHCP.o
 .text.prvProcessDHCPReplies
                0x08008a38      0x30c Middlewares\Third_Party\FreeRTOS-Plus\FreeRTOS-Plus-TCP\FreeRTOS_DHCP.o
 .text.prvCreatePartDHCPMessage
                0x08008d44      0x16c Middlewares\Third_Party\FreeRTOS-Plus\FreeRTOS-Plus-TCP\FreeRTOS_DHCP.o
 .text.prvSendDHCPRequest
                0x08008eb0       0x64 Middlewares\Third_Party\FreeRTOS-Plus\FreeRTOS-Plus-TCP\FreeRTOS_DHCP.o
 .text.prvSendDHCPDiscover
                0x08008f14       0x50 Middlewares\Third_Party\FreeRTOS-Plus\FreeRTOS-Plus-TCP\FreeRTOS_DHCP.o
 .text.usChar2u16
                0x08008f64       0x2a Middlewares\Third_Party\FreeRTOS-Plus\FreeRTOS-Plus-TCP\FreeRTOS_DNS.o
 *fill*         0x08008f8e        0x2 
 .text.vDNSInitialise
                0x08008f90       0x14 Middlewares\Third_Party\FreeRTOS-Plus\FreeRTOS-Plus-TCP\FreeRTOS_DNS.o
                0x08008f90                vDNSInitialise
 .text.vDNSCheckCallBack
                0x08008fa4       0xa8 Middlewares\Third_Party\FreeRTOS-Plus\FreeRTOS-Plus-TCP\FreeRTOS_DNS.o
                0x08008fa4                vDNSCheckCallBack
 .text.vDNSDoCallback
                0x0800904c       0x80 Middlewares\Third_Party\FreeRTOS-Plus\FreeRTOS-Plus-TCP\FreeRTOS_DNS.o
 .text.prvReadNameField
                0x080090cc       0x98 Middlewares\Third_Party\FreeRTOS-Plus\FreeRTOS-Plus-TCP\FreeRTOS_DNS.o
 .text.prvSkipNameField
                0x08009164       0x44 Middlewares\Third_Party\FreeRTOS-Plus\FreeRTOS-Plus-TCP\FreeRTOS_DNS.o
 .text.ulDNSHandlePacket
                0x080091a8       0x2c Middlewares\Third_Party\FreeRTOS-Plus\FreeRTOS-Plus-TCP\FreeRTOS_DNS.o
                0x080091a8                ulDNSHandlePacket
 .text.prvParseDNSReply
                0x080091d4      0x4a4 Middlewares\Third_Party\FreeRTOS-Plus\FreeRTOS-Plus-TCP\FreeRTOS_DNS.o
 .text.prvReplyDNSMessage
                0x08009678       0xd4 Middlewares\Third_Party\FreeRTOS-Plus\FreeRTOS-Plus-TCP\FreeRTOS_DNS.o
 .text.prvProcessDNSCache
                0x0800974c      0x104 Middlewares\Third_Party\FreeRTOS-Plus\FreeRTOS-Plus-TCP\FreeRTOS_DNS.o
 .text.prvIPTask
                0x08009850      0x168 Middlewares\Third_Party\FreeRTOS-Plus\FreeRTOS-Plus-TCP\FreeRTOS_IP.o
 .text.xIsCallingFromIPTask
                0x080099b8       0x2c Middlewares\Third_Party\FreeRTOS-Plus\FreeRTOS-Plus-TCP\FreeRTOS_IP.o
                0x080099b8                xIsCallingFromIPTask
 .text.prvHandleEthernetPacket
                0x080099e4       0x16 Middlewares\Third_Party\FreeRTOS-Plus\FreeRTOS-Plus-TCP\FreeRTOS_IP.o
 *fill*         0x080099fa        0x2 
 .text.prvCalculateSleepTime
                0x080099fc       0x94 Middlewares\Third_Party\FreeRTOS-Plus\FreeRTOS-Plus-TCP\FreeRTOS_IP.o
 .text.prvCheckNetworkTimers
                0x08009a90       0xdc Middlewares\Third_Party\FreeRTOS-Plus\FreeRTOS-Plus-TCP\FreeRTOS_IP.o
 .text.prvIPTimerStart
                0x08009b6c       0x48 Middlewares\Third_Party\FreeRTOS-Plus\FreeRTOS-Plus-TCP\FreeRTOS_IP.o
 .text.prvIPTimerReload
                0x08009bb4       0x20 Middlewares\Third_Party\FreeRTOS-Plus\FreeRTOS-Plus-TCP\FreeRTOS_IP.o
 .text.prvIPTimerCheck
                0x08009bd4       0x60 Middlewares\Third_Party\FreeRTOS-Plus\FreeRTOS-Plus-TCP\FreeRTOS_IP.o
 .text.FreeRTOS_NetworkDown
                0x08009c34       0x38 Middlewares\Third_Party\FreeRTOS-Plus\FreeRTOS-Plus-TCP\FreeRTOS_IP.o
                0x08009c34                FreeRTOS_NetworkDown
 .text.FreeRTOS_GetUDPPayloadBuffer
                0x08009c6c       0x46 Middlewares\Third_Party\FreeRTOS-Plus\FreeRTOS-Plus-TCP\FreeRTOS_IP.o
                0x08009c6c                FreeRTOS_GetUDPPayloadBuffer
 .text.pxDuplicateNetworkBufferWithDescriptor
                0x08009cb2       0x50 Middlewares\Third_Party\FreeRTOS-Plus\FreeRTOS-Plus-TCP\FreeRTOS_IP.o
                0x08009cb2                pxDuplicateNetworkBufferWithDescriptor
 .text.pxUDPPayloadBuffer_to_NetworkBuffer
                0x08009d02       0x42 Middlewares\Third_Party\FreeRTOS-Plus\FreeRTOS-Plus-TCP\FreeRTOS_IP.o
                0x08009d02                pxUDPPayloadBuffer_to_NetworkBuffer
 .text.FreeRTOS_ReleaseUDPPayloadBuffer
                0x08009d44       0x1e Middlewares\Third_Party\FreeRTOS-Plus\FreeRTOS-Plus-TCP\FreeRTOS_IP.o
                0x08009d44                FreeRTOS_ReleaseUDPPayloadBuffer
 *fill*         0x08009d62        0x2 
 .text.FreeRTOS_IPInit
                0x08009d64      0x1d4 Middlewares\Third_Party\FreeRTOS-Plus\FreeRTOS-Plus-TCP\FreeRTOS_IP.o
                0x08009d64                FreeRTOS_IPInit
 .text.xSendEventToIPTask
                0x08009f38       0x2c Middlewares\Third_Party\FreeRTOS-Plus\FreeRTOS-Plus-TCP\FreeRTOS_IP.o
                0x08009f38                xSendEventToIPTask
 .text.xSendEventStructToIPTask
                0x08009f64       0x94 Middlewares\Third_Party\FreeRTOS-Plus\FreeRTOS-Plus-TCP\FreeRTOS_IP.o
                0x08009f64                xSendEventStructToIPTask
 .text.prvProcessNetworkDownEvent
                0x08009ff8       0x54 Middlewares\Third_Party\FreeRTOS-Plus\FreeRTOS-Plus-TCP\FreeRTOS_IP.o
 .text.vIPNetworkUpCalls
                0x0800a04c       0x2c Middlewares\Third_Party\FreeRTOS-Plus\FreeRTOS-Plus-TCP\FreeRTOS_IP.o
                0x0800a04c                vIPNetworkUpCalls
 .text.prvProcessEthernetPacket
                0x0800a078       0x96 Middlewares\Third_Party\FreeRTOS-Plus\FreeRTOS-Plus-TCP\FreeRTOS_IP.o
 *fill*         0x0800a10e        0x2 
 .text.prvAllowIPPacket
                0x0800a110       0x94 Middlewares\Third_Party\FreeRTOS-Plus\FreeRTOS-Plus-TCP\FreeRTOS_IP.o
 .text.prvProcessIPPacket
                0x0800a1a4      0x158 Middlewares\Third_Party\FreeRTOS-Plus\FreeRTOS-Plus-TCP\FreeRTOS_IP.o
 .text.prvProcessICMPEchoReply
                0x0800a2fc       0x82 Middlewares\Third_Party\FreeRTOS-Plus\FreeRTOS-Plus-TCP\FreeRTOS_IP.o
 *fill*         0x0800a37e        0x2 
 .text.prvProcessICMPEchoRequest
                0x0800a380       0xb0 Middlewares\Third_Party\FreeRTOS-Plus\FreeRTOS-Plus-TCP\FreeRTOS_IP.o
 .text.prvProcessICMPPacket
                0x0800a430       0x3a Middlewares\Third_Party\FreeRTOS-Plus\FreeRTOS-Plus-TCP\FreeRTOS_IP.o
 *fill*         0x0800a46a        0x2 
 .text.vReturnEthernetFrame
                0x0800a46c       0x40 Middlewares\Third_Party\FreeRTOS-Plus\FreeRTOS-Plus-TCP\FreeRTOS_IP.o
                0x0800a46c                vReturnEthernetFrame
 .text.vIPSetDHCPTimerEnableState
                0x0800a4ac       0x34 Middlewares\Third_Party\FreeRTOS-Plus\FreeRTOS-Plus-TCP\FreeRTOS_IP.o
                0x0800a4ac                vIPSetDHCPTimerEnableState
 .text.vIPReloadDHCPTimer
                0x0800a4e0       0x1c Middlewares\Third_Party\FreeRTOS-Plus\FreeRTOS-Plus-TCP\FreeRTOS_IP.o
                0x0800a4e0                vIPReloadDHCPTimer
 .text.vIPSetDnsTimerEnableState
                0x0800a4fc       0x34 Middlewares\Third_Party\FreeRTOS-Plus\FreeRTOS-Plus-TCP\FreeRTOS_IP.o
                0x0800a4fc                vIPSetDnsTimerEnableState
 .text.xIPIsNetworkTaskReady
                0x0800a530       0x18 Middlewares\Third_Party\FreeRTOS-Plus\FreeRTOS-Plus-TCP\FreeRTOS_IP.o
                0x0800a530                xIPIsNetworkTaskReady
 .text.FreeRTOS_max_uint32
                0x0800a548       0x20 Middlewares\Third_Party\FreeRTOS-Plus\FreeRTOS-Plus-TCP\FreeRTOS_Sockets.o
 .text.FreeRTOS_round_up
                0x0800a568       0x2a Middlewares\Third_Party\FreeRTOS-Plus\FreeRTOS-Plus-TCP\FreeRTOS_Sockets.o
 .text.uxStreamBufferSpace
                0x0800a592       0x3e Middlewares\Third_Party\FreeRTOS-Plus\FreeRTOS-Plus-TCP\FreeRTOS_Sockets.o
 .text.uxStreamBufferDistance
                0x0800a5d0       0x3c Middlewares\Third_Party\FreeRTOS-Plus\FreeRTOS-Plus-TCP\FreeRTOS_Sockets.o
 .text.uxStreamBufferGetSpace
                0x0800a60c       0x28 Middlewares\Third_Party\FreeRTOS-Plus\FreeRTOS-Plus-TCP\FreeRTOS_Sockets.o
 .text.uxStreamBufferFrontSpace
                0x0800a634       0x28 Middlewares\Third_Party\FreeRTOS-Plus\FreeRTOS-Plus-TCP\FreeRTOS_Sockets.o
 .text.uxStreamBufferGetSize
                0x0800a65c       0x28 Middlewares\Third_Party\FreeRTOS-Plus\FreeRTOS-Plus-TCP\FreeRTOS_Sockets.o
 .text.prvValidSocket
                0x0800a684       0x58 Middlewares\Third_Party\FreeRTOS-Plus\FreeRTOS-Plus-TCP\FreeRTOS_Sockets.o
 .text.vNetworkSocketsInit
                0x0800a6dc       0x8c Middlewares\Third_Party\FreeRTOS-Plus\FreeRTOS-Plus-TCP\FreeRTOS_Sockets.o
                0x0800a6dc                vNetworkSocketsInit
 .text.prvDetermineSocketSize
                0x0800a768       0xc0 Middlewares\Third_Party\FreeRTOS-Plus\FreeRTOS-Plus-TCP\FreeRTOS_Sockets.o
 .text.FreeRTOS_socket
                0x0800a828      0x134 Middlewares\Third_Party\FreeRTOS-Plus\FreeRTOS-Plus-TCP\FreeRTOS_Sockets.o
                0x0800a828                FreeRTOS_socket
 .text.FreeRTOS_recvfrom
                0x0800a95c      0x19a Middlewares\Third_Party\FreeRTOS-Plus\FreeRTOS-Plus-TCP\FreeRTOS_Sockets.o
                0x0800a95c                FreeRTOS_recvfrom
 .text.FreeRTOS_sendto
                0x0800aaf6      0x138 Middlewares\Third_Party\FreeRTOS-Plus\FreeRTOS-Plus-TCP\FreeRTOS_Sockets.o
                0x0800aaf6                FreeRTOS_sendto
 .text.FreeRTOS_bind
                0x0800ac2e       0xbe Middlewares\Third_Party\FreeRTOS-Plus\FreeRTOS-Plus-TCP\FreeRTOS_Sockets.o
                0x0800ac2e                FreeRTOS_bind
 .text.vSocketBind
                0x0800acec      0x120 Middlewares\Third_Party\FreeRTOS-Plus\FreeRTOS-Plus-TCP\FreeRTOS_Sockets.o
                0x0800acec                vSocketBind
 .text.FreeRTOS_closesocket
                0x0800ae0c       0x4c Middlewares\Third_Party\FreeRTOS-Plus\FreeRTOS-Plus-TCP\FreeRTOS_Sockets.o
                0x0800ae0c                FreeRTOS_closesocket
 .text.vSocketClose
                0x0800ae58       0xc0 Middlewares\Third_Party\FreeRTOS-Plus\FreeRTOS-Plus-TCP\FreeRTOS_Sockets.o
                0x0800ae58                vSocketClose
 .text.prvTCPSetSocketCount
                0x0800af18       0x70 Middlewares\Third_Party\FreeRTOS-Plus\FreeRTOS-Plus-TCP\FreeRTOS_Sockets.o
 .text.FreeRTOS_setsockopt
                0x0800af88      0x344 Middlewares\Third_Party\FreeRTOS-Plus\FreeRTOS-Plus-TCP\FreeRTOS_Sockets.o
                0x0800af88                FreeRTOS_setsockopt
 .text.prvGetPrivatePortNumber
                0x0800b2cc       0x98 Middlewares\Third_Party\FreeRTOS-Plus\FreeRTOS-Plus-TCP\FreeRTOS_Sockets.o
 .text.pxListFindListItemWithValue
                0x0800b364       0x54 Middlewares\Third_Party\FreeRTOS-Plus\FreeRTOS-Plus-TCP\FreeRTOS_Sockets.o
 .text.pxUDPSocketLookup
                0x0800b3b8       0x4c Middlewares\Third_Party\FreeRTOS-Plus\FreeRTOS-Plus-TCP\FreeRTOS_Sockets.o
                0x0800b3b8                pxUDPSocketLookup
 .text.vSocketWakeUpUser
                0x0800b404       0x76 Middlewares\Third_Party\FreeRTOS-Plus\FreeRTOS-Plus-TCP\FreeRTOS_Sockets.o
                0x0800b404                vSocketWakeUpUser
 *fill*         0x0800b47a        0x2 
 .text.xTCPTimerCheck
                0x0800b47c       0xe4 Middlewares\Third_Party\FreeRTOS-Plus\FreeRTOS-Plus-TCP\FreeRTOS_Sockets.o
                0x0800b47c                xTCPTimerCheck
 .text.pxTCPSocketLookup
                0x0800b560       0x8c Middlewares\Third_Party\FreeRTOS-Plus\FreeRTOS-Plus-TCP\FreeRTOS_Sockets.o
                0x0800b560                pxTCPSocketLookup
 .text.prvTCPCreateStream
                0x0800b5ec       0xbc Middlewares\Third_Party\FreeRTOS-Plus\FreeRTOS-Plus-TCP\FreeRTOS_Sockets.o
 .text.lTCPAddRxdata
                0x0800b6a8       0xc4 Middlewares\Third_Party\FreeRTOS-Plus\FreeRTOS-Plus-TCP\FreeRTOS_Sockets.o
                0x0800b6a8                lTCPAddRxdata
 .text.FreeRTOS_tx_space
                0x0800b76c       0x46 Middlewares\Third_Party\FreeRTOS-Plus\FreeRTOS-Plus-TCP\FreeRTOS_Sockets.o
                0x0800b76c                FreeRTOS_tx_space
 .text.FreeRTOS_tx_size
                0x0800b7b2       0x44 Middlewares\Third_Party\FreeRTOS-Plus\FreeRTOS-Plus-TCP\FreeRTOS_Sockets.o
                0x0800b7b2                FreeRTOS_tx_size
 .text.FreeRTOS_rx_size
                0x0800b7f6       0x44 Middlewares\Third_Party\FreeRTOS-Plus\FreeRTOS-Plus-TCP\FreeRTOS_Sockets.o
                0x0800b7f6                FreeRTOS_rx_size
 *fill*         0x0800b83a        0x2 
 .text.vSocketSelect
                0x0800b83c      0x218 Middlewares\Third_Party\FreeRTOS-Plus\FreeRTOS-Plus-TCP\FreeRTOS_Sockets.o
                0x0800b83c                vSocketSelect
 .text.FreeRTOS_SignalSocket
                0x0800ba54       0x6a Middlewares\Third_Party\FreeRTOS-Plus\FreeRTOS-Plus-TCP\FreeRTOS_Sockets.o
                0x0800ba54                FreeRTOS_SignalSocket
 .text.FreeRTOS_min_uint32
                0x0800babe       0x20 Middlewares\Third_Party\FreeRTOS-Plus\FreeRTOS-Plus-TCP\FreeRTOS_Stream_Buffer.o
 .text.uxStreamBufferSpace
                0x0800bade       0x3e Middlewares\Third_Party\FreeRTOS-Plus\FreeRTOS-Plus-TCP\FreeRTOS_Stream_Buffer.o
 .text.uxStreamBufferDistance
                0x0800bb1c       0x3c Middlewares\Third_Party\FreeRTOS-Plus\FreeRTOS-Plus-TCP\FreeRTOS_Stream_Buffer.o
 .text.uxStreamBufferGetSpace
                0x0800bb58       0x28 Middlewares\Third_Party\FreeRTOS-Plus\FreeRTOS-Plus-TCP\FreeRTOS_Stream_Buffer.o
 .text.uxStreamBufferGetSize
                0x0800bb80       0x28 Middlewares\Third_Party\FreeRTOS-Plus\FreeRTOS-Plus-TCP\FreeRTOS_Stream_Buffer.o
 .text.xStreamBufferLessThenEqual
                0x0800bba8       0x6a Middlewares\Third_Party\FreeRTOS-Plus\FreeRTOS-Plus-TCP\FreeRTOS_Stream_Buffer.o
 .text.uxStreamBufferAdd
                0x0800bc12       0xfc Middlewares\Third_Party\FreeRTOS-Plus\FreeRTOS-Plus-TCP\FreeRTOS_Stream_Buffer.o
                0x0800bc12                uxStreamBufferAdd
 .text.uxStreamBufferGet
                0x0800bd0e       0xe8 Middlewares\Third_Party\FreeRTOS-Plus\FreeRTOS-Plus-TCP\FreeRTOS_Stream_Buffer.o
                0x0800bd0e                uxStreamBufferGet
 .text.FreeRTOS_max_int32
                0x0800bdf6       0x20 Middlewares\Third_Party\FreeRTOS-Plus\FreeRTOS-Plus-TCP\FreeRTOS_TCP_IP.o
 .text.FreeRTOS_min_int32
                0x0800be16       0x20 Middlewares\Third_Party\FreeRTOS-Plus\FreeRTOS-Plus-TCP\FreeRTOS_TCP_IP.o
 .text.FreeRTOS_min_uint32
                0x0800be36       0x20 Middlewares\Third_Party\FreeRTOS-Plus\FreeRTOS-Plus-TCP\FreeRTOS_TCP_IP.o
 .text.uxStreamBufferSpace
                0x0800be56       0x3e Middlewares\Third_Party\FreeRTOS-Plus\FreeRTOS-Plus-TCP\FreeRTOS_TCP_IP.o
 .text.uxStreamBufferDistance
                0x0800be94       0x3c Middlewares\Third_Party\FreeRTOS-Plus\FreeRTOS-Plus-TCP\FreeRTOS_TCP_IP.o
 .text.uxStreamBufferGetSpace
                0x0800bed0       0x28 Middlewares\Third_Party\FreeRTOS-Plus\FreeRTOS-Plus-TCP\FreeRTOS_TCP_IP.o
 .text.uxStreamBufferFrontSpace
                0x0800bef8       0x28 Middlewares\Third_Party\FreeRTOS-Plus\FreeRTOS-Plus-TCP\FreeRTOS_TCP_IP.o
 .text.uxStreamBufferMidSpace
                0x0800bf20       0x28 Middlewares\Third_Party\FreeRTOS-Plus\FreeRTOS-Plus-TCP\FreeRTOS_TCP_IP.o
 .text.vStreamBufferMoveMid
                0x0800bf48       0x4c Middlewares\Third_Party\FreeRTOS-Plus\FreeRTOS-Plus-TCP\FreeRTOS_TCP_IP.o
 .text.ulChar2u32
                0x0800bf94       0x36 Middlewares\Third_Party\FreeRTOS-Plus\FreeRTOS-Plus-TCP\FreeRTOS_TCP_IP.o
 .text.usChar2u16
                0x0800bfca       0x2a Middlewares\Third_Party\FreeRTOS-Plus\FreeRTOS-Plus-TCP\FreeRTOS_TCP_IP.o
 .text.prvTCPSocketIsActive
                0x0800bff4       0x58 Middlewares\Third_Party\FreeRTOS-Plus\FreeRTOS-Plus-TCP\FreeRTOS_TCP_IP.o
 .text.prvTCPStatusAgeCheck
                0x0800c04c       0xac Middlewares\Third_Party\FreeRTOS-Plus\FreeRTOS-Plus-TCP\FreeRTOS_TCP_IP.o
 .text.xTCPSocketCheck
                0x0800c0f8       0xc4 Middlewares\Third_Party\FreeRTOS-Plus\FreeRTOS-Plus-TCP\FreeRTOS_TCP_IP.o
                0x0800c0f8                xTCPSocketCheck
 .text.prvTCPSendPacket
                0x0800c1bc       0xb6 Middlewares\Third_Party\FreeRTOS-Plus\FreeRTOS-Plus-TCP\FreeRTOS_TCP_IP.o
 .text.prvTCPSendRepeated
                0x0800c272       0x5a Middlewares\Third_Party\FreeRTOS-Plus\FreeRTOS-Plus-TCP\FreeRTOS_TCP_IP.o
 .text.prvTCPReturnPacket
                0x0800c2cc      0x354 Middlewares\Third_Party\FreeRTOS-Plus\FreeRTOS-Plus-TCP\FreeRTOS_TCP_IP.o
 .text.prvTCPCreateWindow
                0x0800c620       0x50 Middlewares\Third_Party\FreeRTOS-Plus\FreeRTOS-Plus-TCP\FreeRTOS_TCP_IP.o
 .text.prvTCPPrepareConnect
                0x0800c670      0x1b0 Middlewares\Third_Party\FreeRTOS-Plus\FreeRTOS-Plus-TCP\FreeRTOS_TCP_IP.o
 .text.prvCheckOptions
                0x0800c820      0x1e0 Middlewares\Third_Party\FreeRTOS-Plus\FreeRTOS-Plus-TCP\FreeRTOS_TCP_IP.o
 .text.prvWinScaleFactor
                0x0800ca00       0x42 Middlewares\Third_Party\FreeRTOS-Plus\FreeRTOS-Plus-TCP\FreeRTOS_TCP_IP.o
 .text.prvSetSynAckOptions
                0x0800ca42       0xa8 Middlewares\Third_Party\FreeRTOS-Plus\FreeRTOS-Plus-TCP\FreeRTOS_TCP_IP.o
 .text.prvTCPTouchSocket
                0x0800caea       0x48 Middlewares\Third_Party\FreeRTOS-Plus\FreeRTOS-Plus-TCP\FreeRTOS_TCP_IP.o
 .text.vTCPStateChange
                0x0800cb32      0x1b6 Middlewares\Third_Party\FreeRTOS-Plus\FreeRTOS-Plus-TCP\FreeRTOS_TCP_IP.o
                0x0800cb32                vTCPStateChange
 .text.prvTCPBufferResize
                0x0800cce8       0xc0 Middlewares\Third_Party\FreeRTOS-Plus\FreeRTOS-Plus-TCP\FreeRTOS_TCP_IP.o
 .text.prvTCPPrepareSend
                0x0800cda8      0x2ce Middlewares\Third_Party\FreeRTOS-Plus\FreeRTOS-Plus-TCP\FreeRTOS_TCP_IP.o
 *fill*         0x0800d076        0x2 
 .text.prvTCPNextTimeout
                0x0800d078       0xfc Middlewares\Third_Party\FreeRTOS-Plus\FreeRTOS-Plus-TCP\FreeRTOS_TCP_IP.o
 .text.prvTCPAddTxData
                0x0800d174       0x54 Middlewares\Third_Party\FreeRTOS-Plus\FreeRTOS-Plus-TCP\FreeRTOS_TCP_IP.o
 .text.prvTCPHandleFin
                0x0800d1c8      0x14a Middlewares\Third_Party\FreeRTOS-Plus\FreeRTOS-Plus-TCP\FreeRTOS_TCP_IP.o
 .text.prvCheckRxData
                0x0800d312       0xce Middlewares\Third_Party\FreeRTOS-Plus\FreeRTOS-Plus-TCP\FreeRTOS_TCP_IP.o
 .text.prvStoreRxData
                0x0800d3e0       0xe8 Middlewares\Third_Party\FreeRTOS-Plus\FreeRTOS-Plus-TCP\FreeRTOS_TCP_IP.o
 .text.prvSetOptions
                0x0800d4c8       0xbc Middlewares\Third_Party\FreeRTOS-Plus\FreeRTOS-Plus-TCP\FreeRTOS_TCP_IP.o
 .text.prvHandleSynReceived
                0x0800d584      0x182 Middlewares\Third_Party\FreeRTOS-Plus\FreeRTOS-Plus-TCP\FreeRTOS_TCP_IP.o
 .text.prvHandleEstablished
                0x0800d706      0x22c Middlewares\Third_Party\FreeRTOS-Plus\FreeRTOS-Plus-TCP\FreeRTOS_TCP_IP.o
 *fill*         0x0800d932        0x2 
 .text.prvSendData
                0x0800d934      0x17c Middlewares\Third_Party\FreeRTOS-Plus\FreeRTOS-Plus-TCP\FreeRTOS_TCP_IP.o
 .text.prvTCPHandleState
                0x0800dab0      0x220 Middlewares\Third_Party\FreeRTOS-Plus\FreeRTOS-Plus-TCP\FreeRTOS_TCP_IP.o
 .text.prvTCPSendReset
                0x0800dcd0       0x38 Middlewares\Third_Party\FreeRTOS-Plus\FreeRTOS-Plus-TCP\FreeRTOS_TCP_IP.o
 .text.prvSocketSetMSS
                0x0800dd08       0x78 Middlewares\Third_Party\FreeRTOS-Plus\FreeRTOS-Plus-TCP\FreeRTOS_TCP_IP.o
 .text.xProcessReceivedTCPPacket
                0x0800dd80      0x234 Middlewares\Third_Party\FreeRTOS-Plus\FreeRTOS-Plus-TCP\FreeRTOS_TCP_IP.o
                0x0800dd80                xProcessReceivedTCPPacket
 .text.prvHandleListen
                0x0800dfb4      0x160 Middlewares\Third_Party\FreeRTOS-Plus\FreeRTOS-Plus-TCP\FreeRTOS_TCP_IP.o
 .text.prvTCPSocketCopy
                0x0800e114       0xec Middlewares\Third_Party\FreeRTOS-Plus\FreeRTOS-Plus-TCP\FreeRTOS_TCP_IP.o
 .text.xTCPCheckNewClient
                0x0800e200       0x88 Middlewares\Third_Party\FreeRTOS-Plus\FreeRTOS-Plus-TCP\FreeRTOS_TCP_IP.o
                0x0800e200                xTCPCheckNewClient
 .text.FreeRTOS_min_int32
                0x0800e288       0x20 Middlewares\Third_Party\FreeRTOS-Plus\FreeRTOS-Plus-TCP\FreeRTOS_TCP_WIN.o
 .text.FreeRTOS_min_uint32
                0x0800e2a8       0x20 Middlewares\Third_Party\FreeRTOS-Plus\FreeRTOS-Plus-TCP\FreeRTOS_TCP_WIN.o
 .text.xSequenceLessThanOrEqual
                0x0800e2c8       0x22 Middlewares\Third_Party\FreeRTOS-Plus\FreeRTOS-Plus-TCP\FreeRTOS_TCP_WIN.o
 .text.xSequenceLessThan
                0x0800e2ea       0x24 Middlewares\Third_Party\FreeRTOS-Plus\FreeRTOS-Plus-TCP\FreeRTOS_TCP_WIN.o
 .text.xSequenceGreaterThan
                0x0800e30e       0x24 Middlewares\Third_Party\FreeRTOS-Plus\FreeRTOS-Plus-TCP\FreeRTOS_TCP_WIN.o
 .text.xSequenceGreaterThanOrEqual
                0x0800e332       0x22 Middlewares\Third_Party\FreeRTOS-Plus\FreeRTOS-Plus-TCP\FreeRTOS_TCP_WIN.o
 .text.vListInsertFifo
                0x0800e354       0x20 Middlewares\Third_Party\FreeRTOS-Plus\FreeRTOS-Plus-TCP\FreeRTOS_TCP_WIN.o
 .text.vTCPTimerSet
                0x0800e374       0x1a Middlewares\Third_Party\FreeRTOS-Plus\FreeRTOS-Plus-TCP\FreeRTOS_TCP_WIN.o
 .text.ulTimerGetAge
                0x0800e38e       0x1c Middlewares\Third_Party\FreeRTOS-Plus\FreeRTOS-Plus-TCP\FreeRTOS_TCP_WIN.o
 .text.vListInsertGeneric
                0x0800e3aa       0x44 Middlewares\Third_Party\FreeRTOS-Plus\FreeRTOS-Plus-TCP\FreeRTOS_TCP_WIN.o
                0x0800e3aa                vListInsertGeneric
 *fill*         0x0800e3ee        0x2 
 .text.prvCreateSectors
                0x0800e3f0       0xa0 Middlewares\Third_Party\FreeRTOS-Plus\FreeRTOS-Plus-TCP\FreeRTOS_TCP_WIN.o
 .text.xTCPWindowRxFind
                0x0800e490       0x4e Middlewares\Third_Party\FreeRTOS-Plus\FreeRTOS-Plus-TCP\FreeRTOS_TCP_WIN.o
 *fill*         0x0800e4de        0x2 
 .text.xTCPWindowNew
                0x0800e4e0       0xcc Middlewares\Third_Party\FreeRTOS-Plus\FreeRTOS-Plus-TCP\FreeRTOS_TCP_WIN.o
 .text.xTCPWindowRxEmpty
                0x0800e5ac       0x42 Middlewares\Third_Party\FreeRTOS-Plus\FreeRTOS-Plus-TCP\FreeRTOS_TCP_WIN.o
                0x0800e5ac                xTCPWindowRxEmpty
 .text.xTCPWindowGetHead
                0x0800e5ee       0x3c Middlewares\Third_Party\FreeRTOS-Plus\FreeRTOS-Plus-TCP\FreeRTOS_TCP_WIN.o
 .text.xTCPWindowPeekHead
                0x0800e62a       0x3a Middlewares\Third_Party\FreeRTOS-Plus\FreeRTOS-Plus-TCP\FreeRTOS_TCP_WIN.o
 .text.vTCPWindowFree
                0x0800e664       0x58 Middlewares\Third_Party\FreeRTOS-Plus\FreeRTOS-Plus-TCP\FreeRTOS_TCP_WIN.o
 .text.vTCPWindowDestroy
                0x0800e6bc       0x62 Middlewares\Third_Party\FreeRTOS-Plus\FreeRTOS-Plus-TCP\FreeRTOS_TCP_WIN.o
                0x0800e6bc                vTCPWindowDestroy
 *fill*         0x0800e71e        0x2 
 .text.vTCPWindowCreate
                0x0800e720       0x70 Middlewares\Third_Party\FreeRTOS-Plus\FreeRTOS-Plus-TCP\FreeRTOS_TCP_WIN.o
                0x0800e720                vTCPWindowCreate
 .text.vTCPWindowInit
                0x0800e790       0xb6 Middlewares\Third_Party\FreeRTOS-Plus\FreeRTOS-Plus-TCP\FreeRTOS_TCP_WIN.o
                0x0800e790                vTCPWindowInit
 .text.xTCPWindowRxConfirm
                0x0800e846       0x96 Middlewares\Third_Party\FreeRTOS-Plus\FreeRTOS-Plus-TCP\FreeRTOS_TCP_WIN.o
 .text.lTCPWindowRxCheck
                0x0800e8dc      0x1bc Middlewares\Third_Party\FreeRTOS-Plus\FreeRTOS-Plus-TCP\FreeRTOS_TCP_WIN.o
                0x0800e8dc                lTCPWindowRxCheck
 .text.lTCPIncrementTxPosition
                0x0800ea98       0x32 Middlewares\Third_Party\FreeRTOS-Plus\FreeRTOS-Plus-TCP\FreeRTOS_TCP_WIN.o
 *fill*         0x0800eaca        0x2 
 .text.lTCPWindowTxAdd
                0x0800eacc      0x168 Middlewares\Third_Party\FreeRTOS-Plus\FreeRTOS-Plus-TCP\FreeRTOS_TCP_WIN.o
                0x0800eacc                lTCPWindowTxAdd
 .text.xTCPWindowTxDone
                0x0800ec34       0x24 Middlewares\Third_Party\FreeRTOS-Plus\FreeRTOS-Plus-TCP\FreeRTOS_TCP_WIN.o
                0x0800ec34                xTCPWindowTxDone
 .text.prvTCPWindowTxHasSpace
                0x0800ec58       0x8c Middlewares\Third_Party\FreeRTOS-Plus\FreeRTOS-Plus-TCP\FreeRTOS_TCP_WIN.o
 .text.xTCPWindowTxHasData
                0x0800ece4       0xc0 Middlewares\Third_Party\FreeRTOS-Plus\FreeRTOS-Plus-TCP\FreeRTOS_TCP_WIN.o
                0x0800ece4                xTCPWindowTxHasData
 .text.ulTCPWindowTxGet
                0x0800eda4      0x1a8 Middlewares\Third_Party\FreeRTOS-Plus\FreeRTOS-Plus-TCP\FreeRTOS_TCP_WIN.o
                0x0800eda4                ulTCPWindowTxGet
 .text.prvTCPWindowTxCheckAck
                0x0800ef4c      0x188 Middlewares\Third_Party\FreeRTOS-Plus\FreeRTOS-Plus-TCP\FreeRTOS_TCP_WIN.o
 .text.prvTCPWindowFastRetransmit
                0x0800f0d4       0xac Middlewares\Third_Party\FreeRTOS-Plus\FreeRTOS-Plus-TCP\FreeRTOS_TCP_WIN.o
 .text.ulTCPWindowTxAck
                0x0800f180       0x3a Middlewares\Third_Party\FreeRTOS-Plus\FreeRTOS-Plus-TCP\FreeRTOS_TCP_WIN.o
                0x0800f180                ulTCPWindowTxAck
 *fill*         0x0800f1ba        0x2 
 .text.ulTCPWindowTxSack
                0x0800f1bc       0x48 Middlewares\Third_Party\FreeRTOS-Plus\FreeRTOS-Plus-TCP\FreeRTOS_TCP_WIN.o
                0x0800f1bc                ulTCPWindowTxSack
 .text.vProcessGeneratedUDPPacket
                0x0800f204      0x168 Middlewares\Third_Party\FreeRTOS-Plus\FreeRTOS-Plus-TCP\FreeRTOS_UDP_IP.o
                0x0800f204                vProcessGeneratedUDPPacket
 .text.xProcessReceivedUDPPacket
                0x0800f36c      0x12c Middlewares\Third_Party\FreeRTOS-Plus\FreeRTOS-Plus-TCP\FreeRTOS_UDP_IP.o
                0x0800f36c                xProcessReceivedUDPPacket
 .text.xNetworkBuffersInitialise
                0x0800f498       0xf8 Middlewares\Third_Party\FreeRTOS-Plus\FreeRTOS-Plus-TCP\portable\BufferManagement\BufferAllocation_2.o
                0x0800f498                xNetworkBuffersInitialise
 .text.vReleaseNetworkBuffer
                0x0800f590       0x22 Middlewares\Third_Party\FreeRTOS-Plus\FreeRTOS-Plus-TCP\portable\BufferManagement\BufferAllocation_2.o
                0x0800f590                vReleaseNetworkBuffer
 *fill*         0x0800f5b2        0x2 
 .text.pxGetNetworkBufferWithDescriptor
                0x0800f5b4       0xf0 Middlewares\Third_Party\FreeRTOS-Plus\FreeRTOS-Plus-TCP\portable\BufferManagement\BufferAllocation_2.o
                0x0800f5b4                pxGetNetworkBufferWithDescriptor
 .text.vReleaseNetworkBufferAndDescriptor
                0x0800f6a4       0x68 Middlewares\Third_Party\FreeRTOS-Plus\FreeRTOS-Plus-TCP\portable\BufferManagement\BufferAllocation_2.o
                0x0800f6a4                vReleaseNetworkBufferAndDescriptor
 .text.main     0x0800f70c       0x64 Src\main.o
                0x0800f70c                main
 .text.vApplicationPingReplyHook
                0x0800f770       0x1c Src\main.o
                0x0800f770                vApplicationPingReplyHook
 .text.vApplicationIPNetworkEventHook
                0x0800f78c       0x16 Src\main.o
                0x0800f78c                vApplicationIPNetworkEventHook
 *fill*         0x0800f7a2        0x2 
 .text.pcApplicationHostnameHook
                0x0800f7a4       0x14 Src\main.o
                0x0800f7a4                pcApplicationHostnameHook
 .text.uxRand   0x0800f7b8       0x14 Src\main.o
                0x0800f7b8                uxRand
 .text.xApplicationDNSQueryHook
                0x0800f7cc       0x48 Src\main.o
                0x0800f7cc                xApplicationDNSQueryHook
 .text.SystemClock_Config
                0x0800f814       0xe8 Src\main.o
                0x0800f814                SystemClock_Config
 .text.MX_GPIO_Init
                0x0800f8fc       0x50 Src\main.o
 .text.StartDefaultTask
                0x0800f94c       0x14 Src\main.o
                0x0800f94c                StartDefaultTask
 .text.HAL_TIM_PeriodElapsedCallback
                0x0800f960       0x24 Src\main.o
                0x0800f960                HAL_TIM_PeriodElapsedCallback
 .text._Error_Handler
                0x0800f984        0xc Src\main.o
                0x0800f984                _Error_Handler
 .text.HAL_MspInit
                0x0800f990       0xa4 Src\stm32f4xx_hal_msp.o
                0x0800f990                HAL_MspInit
 .text.HAL_InitTick
                0x0800fa34       0xb0 Src\stm32f4xx_hal_timebase_TIM.o
                0x0800fa34                HAL_InitTick
 .text.NMI_Handler
                0x0800fae4        0xe Src\stm32f4xx_it.o
                0x0800fae4                NMI_Handler
 .text.HardFault_Handler
                0x0800faf2        0x6 Src\stm32f4xx_it.o
                0x0800faf2                HardFault_Handler
 .text.MemManage_Handler
                0x0800faf8        0x6 Src\stm32f4xx_it.o
                0x0800faf8                MemManage_Handler
 .text.BusFault_Handler
                0x0800fafe        0x6 Src\stm32f4xx_it.o
                0x0800fafe                BusFault_Handler
 .text.UsageFault_Handler
                0x0800fb04        0x6 Src\stm32f4xx_it.o
                0x0800fb04                UsageFault_Handler
 .text.DebugMon_Handler
                0x0800fb0a        0xe Src\stm32f4xx_it.o
                0x0800fb0a                DebugMon_Handler
 .text.SysTick_Handler
                0x0800fb18        0xc Src\stm32f4xx_it.o
                0x0800fb18                SysTick_Handler
 .text.TIM1_UP_TIM10_IRQHandler
                0x0800fb24       0x14 Src\stm32f4xx_it.o
                0x0800fb24                TIM1_UP_TIM10_IRQHandler
 .text.OTG_FS_IRQHandler
                0x0800fb38       0x14 Src\stm32f4xx_it.o
                0x0800fb38                OTG_FS_IRQHandler
 .text.SystemInit
                0x0800fb4c       0x6c Src\system_stm32f4xx.o
                0x0800fb4c                SystemInit
 .text.MX_USB_DEVICE_Init
                0x0800fbb8       0x2c Src\usb_device.o
                0x0800fbb8                MX_USB_DEVICE_Init
 .text.HAL_PCD_MspInit
                0x0800fbe4       0x98 Src\usbd_conf.o
                0x0800fbe4                HAL_PCD_MspInit
 .text.HAL_PCD_SetupStageCallback
                0x0800fc7c       0x24 Src\usbd_conf.o
                0x0800fc7c                HAL_PCD_SetupStageCallback
 .text.HAL_PCD_DataOutStageCallback
                0x0800fca0       0x36 Src\usbd_conf.o
                0x0800fca0                HAL_PCD_DataOutStageCallback
 .text.HAL_PCD_DataInStageCallback
                0x0800fcd6       0x34 Src\usbd_conf.o
                0x0800fcd6                HAL_PCD_DataInStageCallback
 .text.HAL_PCD_SOFCallback
                0x0800fd0a       0x1c Src\usbd_conf.o
                0x0800fd0a                HAL_PCD_SOFCallback
 .text.HAL_PCD_ResetCallback
                0x0800fd26       0x50 Src\usbd_conf.o
                0x0800fd26                HAL_PCD_ResetCallback
 *fill*         0x0800fd76        0x2 
 .text.HAL_PCD_SuspendCallback
                0x0800fd78       0x50 Src\usbd_conf.o
                0x0800fd78                HAL_PCD_SuspendCallback
 .text.HAL_PCD_ResumeCallback
                0x0800fdc8       0x1c Src\usbd_conf.o
                0x0800fdc8                HAL_PCD_ResumeCallback
 .text.HAL_PCD_ISOOUTIncompleteCallback
                0x0800fde4       0x24 Src\usbd_conf.o
                0x0800fde4                HAL_PCD_ISOOUTIncompleteCallback
 .text.HAL_PCD_ISOINIncompleteCallback
                0x0800fe08       0x24 Src\usbd_conf.o
                0x0800fe08                HAL_PCD_ISOINIncompleteCallback
 .text.HAL_PCD_ConnectCallback
                0x0800fe2c       0x1c Src\usbd_conf.o
                0x0800fe2c                HAL_PCD_ConnectCallback
 .text.HAL_PCD_DisconnectCallback
                0x0800fe48       0x1c Src\usbd_conf.o
                0x0800fe48                HAL_PCD_DisconnectCallback
 .text.USBD_LL_Init
                0x0800fe64       0xa8 Src\usbd_conf.o
                0x0800fe64                USBD_LL_Init
 .text.USBD_LL_Start
                0x0800ff0c       0x64 Src\usbd_conf.o
                0x0800ff0c                USBD_LL_Start
 .text.USBD_LL_OpenEP
                0x0800ff70       0x7c Src\usbd_conf.o
                0x0800ff70                USBD_LL_OpenEP
 .text.USBD_LL_CloseEP
                0x0800ffec       0x6c Src\usbd_conf.o
                0x0800ffec                USBD_LL_CloseEP
 .text.USBD_LL_StallEP
                0x08010058       0x6c Src\usbd_conf.o
                0x08010058                USBD_LL_StallEP
 .text.USBD_LL_ClearStallEP
                0x080100c4       0x6c Src\usbd_conf.o
                0x080100c4                USBD_LL_ClearStallEP
 .text.USBD_LL_IsStallEP
                0x08010130       0x58 Src\usbd_conf.o
                0x08010130                USBD_LL_IsStallEP
 .text.USBD_LL_SetUSBAddress
                0x08010188       0x6c Src\usbd_conf.o
                0x08010188                USBD_LL_SetUSBAddress
 .text.USBD_LL_Transmit
                0x080101f4       0x74 Src\usbd_conf.o
                0x080101f4                USBD_LL_Transmit
 .text.USBD_LL_PrepareReceive
                0x08010268       0x74 Src\usbd_conf.o
                0x08010268                USBD_LL_PrepareReceive
 .text.USBD_LL_GetRxDataSize
                0x080102dc       0x26 Src\usbd_conf.o
                0x080102dc                USBD_LL_GetRxDataSize
 *fill*         0x08010302        0x2 
 .text.USBD_FS_DeviceDescriptor
                0x08010304       0x24 Src\usbd_desc.o
                0x08010304                USBD_FS_DeviceDescriptor
 .text.USBD_FS_LangIDStrDescriptor
                0x08010328       0x24 Src\usbd_desc.o
                0x08010328                USBD_FS_LangIDStrDescriptor
 .text.USBD_FS_ProductStrDescriptor
                0x0801034c       0x3c Src\usbd_desc.o
                0x0801034c                USBD_FS_ProductStrDescriptor
 .text.USBD_FS_ManufacturerStrDescriptor
                0x08010388       0x28 Src\usbd_desc.o
                0x08010388                USBD_FS_ManufacturerStrDescriptor
 .text.USBD_FS_SerialStrDescriptor
                0x080103b0       0x3c Src\usbd_desc.o
                0x080103b0                USBD_FS_SerialStrDescriptor
 .text.USBD_FS_ConfigStrDescriptor
                0x080103ec       0x3c Src\usbd_desc.o
                0x080103ec                USBD_FS_ConfigStrDescriptor
 .text.USBD_FS_InterfaceStrDescriptor
                0x08010428       0x3c Src\usbd_desc.o
                0x08010428                USBD_FS_InterfaceStrDescriptor
 .text.Reset_Handler
                0x08010464       0x50 startup\startup_stm32f411xe.o
                0x08010464                Reset_Handler
 .text.Default_Handler
                0x080104b4        0x2 startup\startup_stm32f411xe.o
                0x080104b4                RTC_Alarm_IRQHandler
                0x080104b4                EXTI2_IRQHandler
                0x080104b4                SPI4_IRQHandler
                0x080104b4                TIM1_CC_IRQHandler
                0x080104b4                DMA2_Stream5_IRQHandler
                0x080104b4                DMA1_Stream5_IRQHandler
                0x080104b4                PVD_IRQHandler
                0x080104b4                SDIO_IRQHandler
                0x080104b4                TAMP_STAMP_IRQHandler
                0x080104b4                EXTI3_IRQHandler
                0x080104b4                I2C3_ER_IRQHandler
                0x080104b4                EXTI0_IRQHandler
                0x080104b4                I2C2_EV_IRQHandler
                0x080104b4                DMA1_Stream2_IRQHandler
                0x080104b4                FPU_IRQHandler
                0x080104b4                DMA2_Stream2_IRQHandler
                0x080104b4                SPI1_IRQHandler
                0x080104b4                TIM1_BRK_TIM9_IRQHandler
                0x080104b4                DMA2_Stream3_IRQHandler
                0x080104b4                USART6_IRQHandler
                0x080104b4                DMA2_Stream0_IRQHandler
                0x080104b4                TIM4_IRQHandler
                0x080104b4                I2C1_EV_IRQHandler
                0x080104b4                DMA1_Stream6_IRQHandler
                0x080104b4                DMA1_Stream1_IRQHandler
                0x080104b4                TIM3_IRQHandler
                0x080104b4                RCC_IRQHandler
                0x080104b4                Default_Handler
                0x080104b4                EXTI15_10_IRQHandler
                0x080104b4                ADC_IRQHandler
                0x080104b4                DMA1_Stream7_IRQHandler
                0x080104b4                SPI5_IRQHandler
                0x080104b4                TIM5_IRQHandler
                0x080104b4                DMA2_Stream7_IRQHandler
                0x080104b4                I2C3_EV_IRQHandler
                0x080104b4                EXTI9_5_IRQHandler
                0x080104b4                RTC_WKUP_IRQHandler
                0x080104b4                SPI2_IRQHandler
                0x080104b4                DMA1_Stream0_IRQHandler
                0x080104b4                EXTI4_IRQHandler
                0x080104b4                WWDG_IRQHandler
                0x080104b4                TIM2_IRQHandler
                0x080104b4                OTG_FS_WKUP_IRQHandler
                0x080104b4                TIM1_TRG_COM_TIM11_IRQHandler
                0x080104b4                EXTI1_IRQHandler
                0x080104b4                USART2_IRQHandler
                0x080104b4                I2C2_ER_IRQHandler
                0x080104b4                DMA2_Stream1_IRQHandler
                0x080104b4                FLASH_IRQHandler
                0x080104b4                DMA2_Stream4_IRQHandler
                0x080104b4                USART1_IRQHandler
                0x080104b4                SPI3_IRQHandler
                0x080104b4                DMA1_Stream4_IRQHandler
                0x080104b4                I2C1_ER_IRQHandler
                0x080104b4                DMA2_Stream6_IRQHandler
                0x080104b4                DMA1_Stream3_IRQHandler
 *fill*         0x080104b6        0x2 
 .text.__libc_init_array
                0x080104b8       0x48 c:/program files (x86)/atollic/truestudio for stm32 9.0.0/armtools/bin/../lib/gcc/arm-atollic-eabi/6.3.1/../../../../arm-atollic-eabi/lib/armv7e-m/fpu\libc_nano.a(lib_a-init.o)
                0x080104b8                __libc_init_array
 .text.memcmp   0x08010500       0x1e c:/program files (x86)/atollic/truestudio for stm32 9.0.0/armtools/bin/../lib/gcc/arm-atollic-eabi/6.3.1/../../../../arm-atollic-eabi/lib/armv7e-m/fpu\libc_nano.a(lib_a-memcmp.o)
                0x08010500                memcmp
 .text.memcpy   0x0801051e       0x16 c:/program files (x86)/atollic/truestudio for stm32 9.0.0/armtools/bin/../lib/gcc/arm-atollic-eabi/6.3.1/../../../../arm-atollic-eabi/lib/armv7e-m/fpu\libc_nano.a(lib_a-memcpy-stub.o)
                0x0801051e                memcpy
 .text.memmove  0x08010534       0x34 c:/program files (x86)/atollic/truestudio for stm32 9.0.0/armtools/bin/../lib/gcc/arm-atollic-eabi/6.3.1/../../../../arm-atollic-eabi/lib/armv7e-m/fpu\libc_nano.a(lib_a-memmove.o)
                0x08010534                memmove
 .text.memset   0x08010568       0x10 c:/program files (x86)/atollic/truestudio for stm32 9.0.0/armtools/bin/../lib/gcc/arm-atollic-eabi/6.3.1/../../../../arm-atollic-eabi/lib/armv7e-m/fpu\libc_nano.a(lib_a-memset.o)
                0x08010568                memset
 .text.rand     0x08010578       0x74 c:/program files (x86)/atollic/truestudio for stm32 9.0.0/armtools/bin/../lib/gcc/arm-atollic-eabi/6.3.1/../../../../arm-atollic-eabi/lib/armv7e-m/fpu\libc_nano.a(lib_a-rand.o)
                0x08010578                rand
 .text.strcasecmp
                0x080105ec       0x3c c:/program files (x86)/atollic/truestudio for stm32 9.0.0/armtools/bin/../lib/gcc/arm-atollic-eabi/6.3.1/../../../../arm-atollic-eabi/lib/armv7e-m/fpu\libc_nano.a(lib_a-strcasecmp.o)
                0x080105ec                strcasecmp
 .text.strncmp  0x08010628       0x24 c:/program files (x86)/atollic/truestudio for stm32 9.0.0/armtools/bin/../lib/gcc/arm-atollic-eabi/6.3.1/../../../../arm-atollic-eabi/lib/armv7e-m/fpu\libc_nano.a(lib_a-strncmp.o)
                0x08010628                strncmp
 .text.strncpy  0x0801064c       0x2a c:/program files (x86)/atollic/truestudio for stm32 9.0.0/armtools/bin/../lib/gcc/arm-atollic-eabi/6.3.1/../../../../arm-atollic-eabi/lib/armv7e-m/fpu\libc_nano.a(lib_a-strncpy.o)
                0x0801064c                strncpy
 *fill*         0x08010676        0x2 
 .text.__locale_ctype_ptr
                0x08010678       0x1c c:/program files (x86)/atollic/truestudio for stm32 9.0.0/armtools/bin/../lib/gcc/arm-atollic-eabi/6.3.1/../../../../arm-atollic-eabi/lib/armv7e-m/fpu\libc_nano.a(lib_a-locale.o)
                0x08010678                __locale_ctype_ptr
 .text.malloc   0x08010694       0x10 c:/program files (x86)/atollic/truestudio for stm32 9.0.0/armtools/bin/../lib/gcc/arm-atollic-eabi/6.3.1/../../../../arm-atollic-eabi/lib/armv7e-m/fpu\libc_nano.a(lib_a-malloc.o)
                0x08010694                malloc
 .text.__ascii_mbtowc
                0x080106a4       0x24 c:/program files (x86)/atollic/truestudio for stm32 9.0.0/armtools/bin/../lib/gcc/arm-atollic-eabi/6.3.1/../../../../arm-atollic-eabi/lib/armv7e-m/fpu\libc_nano.a(lib_a-mbtowc_r.o)
                0x080106a4                __ascii_mbtowc
 .text._malloc_r
                0x080106c8       0xbc c:/program files (x86)/atollic/truestudio for stm32 9.0.0/armtools/bin/../lib/gcc/arm-atollic-eabi/6.3.1/../../../../arm-atollic-eabi/lib/armv7e-m/fpu\libc_nano.a(lib_a-nano-mallocr.o)
                0x080106c8                _malloc_r
 .text._sbrk_r  0x08010784       0x20 c:/program files (x86)/atollic/truestudio for stm32 9.0.0/armtools/bin/../lib/gcc/arm-atollic-eabi/6.3.1/../../../../arm-atollic-eabi/lib/armv7e-m/fpu\libc_nano.a(lib_a-sbrkr.o)
                0x08010784                _sbrk_r
 .text.__ascii_wctomb
                0x080107a4       0x1a c:/program files (x86)/atollic/truestudio for stm32 9.0.0/armtools/bin/../lib/gcc/arm-atollic-eabi/6.3.1/../../../../arm-atollic-eabi/lib/armv7e-m/fpu\libc_nano.a(lib_a-wctomb_r.o)
                0x080107a4                __ascii_wctomb
 .text.__malloc_lock
                0x080107be        0x2 c:/program files (x86)/atollic/truestudio for stm32 9.0.0/armtools/bin/../lib/gcc/arm-atollic-eabi/6.3.1/../../../../arm-atollic-eabi/lib/armv7e-m/fpu\libc_nano.a(lib_a-mlock.o)
                0x080107be                __malloc_lock
 .text.__malloc_unlock
                0x080107c0        0x2 c:/program files (x86)/atollic/truestudio for stm32 9.0.0/armtools/bin/../lib/gcc/arm-atollic-eabi/6.3.1/../../../../arm-atollic-eabi/lib/armv7e-m/fpu\libc_nano.a(lib_a-mlock.o)
                0x080107c0                __malloc_unlock
 *fill*         0x080107c2        0x2 
 .text._sbrk    0x080107c4       0x1c c:/program files (x86)/atollic/truestudio for stm32 9.0.0/armtools/bin/../lib/gcc/arm-atollic-eabi/6.3.1/../../../../arm-atollic-eabi/lib/armv7e-m/fpu\libnosys.a(sbrk.o)
                0x080107c4                _sbrk
 *(.glue_7)
 .glue_7        0x080107e0        0x0 linker stubs
 *(.glue_7t)
 .glue_7t       0x080107e0        0x0 linker stubs
 *(.eh_frame)
 .eh_frame      0x080107e0        0x0 c:/program files (x86)/atollic/truestudio for stm32 9.0.0/armtools/bin/../lib/gcc/arm-atollic-eabi/6.3.1/armv7e-m/fpu/crtbegin.o
 *(.init)
 .init          0x080107e0        0x4 c:/program files (x86)/atollic/truestudio for stm32 9.0.0/armtools/bin/../lib/gcc/arm-atollic-eabi/6.3.1/armv7e-m/fpu/crti.o
                0x080107e0                _init
 .init          0x080107e4        0x8 c:/program files (x86)/atollic/truestudio for stm32 9.0.0/armtools/bin/../lib/gcc/arm-atollic-eabi/6.3.1/armv7e-m/fpu/crtn.o
 *(.fini)
 .fini          0x080107ec        0x4 c:/program files (x86)/atollic/truestudio for stm32 9.0.0/armtools/bin/../lib/gcc/arm-atollic-eabi/6.3.1/armv7e-m/fpu/crti.o
                0x080107ec                _fini
 .fini          0x080107f0        0x8 c:/program files (x86)/atollic/truestudio for stm32 9.0.0/armtools/bin/../lib/gcc/arm-atollic-eabi/6.3.1/armv7e-m/fpu/crtn.o
                0x080107f8                . = ALIGN (0x4)
                0x080107f8                _etext = .

.vfp11_veneer   0x080107f8        0x0
 .vfp11_veneer  0x080107f8        0x0 linker stubs

.v4_bx          0x080107f8        0x0
 .v4_bx         0x080107f8        0x0 linker stubs

.iplt           0x080107f8        0x0
 .iplt          0x080107f8        0x0 c:/program files (x86)/atollic/truestudio for stm32 9.0.0/armtools/bin/../lib/gcc/arm-atollic-eabi/6.3.1/armv7e-m/fpu/crtbegin.o

.rodata         0x080107f8      0x2f4
                0x080107f8                . = ALIGN (0x4)
 *(.rodata)
 .rodata        0x080107f8       0x14 Middlewares\ST\STM32_USB_Device_Library\Class\CDC\Src\usbd_cdc.o
 .rodata        0x0801080c        0x5 Middlewares\Third_Party\FreeRTOS\Source\tasks.o
 *fill*         0x08010811        0x3 
 .rodata        0x08010814       0x10 Middlewares\Third_Party\FreeRTOS-Plus\FreeRTOS-Plus-TCP\FreeRTOS_IP.o
 .rodata        0x08010824        0xa Middlewares\Third_Party\FreeRTOS-Plus\FreeRTOS-Plus-TCP\portable\BufferManagement\BufferAllocation_2.o
 *fill*         0x0801082e        0x2 
 .rodata        0x08010830       0x42 Src\main.o
 *fill*         0x08010872        0x2 
 .rodata        0x08010874       0x13 Src\usbd_conf.o
 *fill*         0x08010887        0x1 
 .rodata        0x08010888       0x56 Src\usbd_desc.o
 *(.rodata*)
 *fill*         0x080108de        0x2 
 .rodata.OIDSupportedList
                0x080108e0       0x58 Middlewares\ST\STM32_USB_Device_Library\Class\CDC\Src\usbd_cdc.o
                0x080108e0                OIDSupportedList
 .rodata.station_hwaddr
                0x08010938        0x6 Middlewares\ST\STM32_USB_Device_Library\Class\CDC\Src\usbd_cdc.o
 *fill*         0x0801093e        0x2 
 .rodata.permanent_hwaddr
                0x08010940        0x6 Middlewares\ST\STM32_USB_Device_Library\Class\CDC\Src\usbd_cdc.o
 *fill*         0x08010946        0x2 
 .rodata.xDefaultPartARPPacketHeader
                0x08010948       0x26 Middlewares\Third_Party\FreeRTOS-Plus\FreeRTOS-Plus-TCP\FreeRTOS_ARP.o
 *fill*         0x0801096e        0x2 
 .rodata.ucDHCPRequestOptions.7287
                0x08010970       0x18 Middlewares\Third_Party\FreeRTOS-Plus\FreeRTOS-Plus-TCP\FreeRTOS_DHCP.o
 .rodata.ucDHCPDiscoverOptions.7294
                0x08010988       0x11 Middlewares\Third_Party\FreeRTOS-Plus\FreeRTOS-Plus-TCP\FreeRTOS_DHCP.o
 *fill*         0x08010999        0x3 
 .rodata.xLLMNR_MacAdress
                0x0801099c        0x6 Middlewares\Third_Party\FreeRTOS-Plus\FreeRTOS-Plus-TCP\FreeRTOS_DNS.o
                0x0801099c                xLLMNR_MacAdress
 *fill*         0x080109a2        0x2 
 .rodata.xBroadcastMACAddress
                0x080109a4        0x6 Middlewares\Third_Party\FreeRTOS-Plus\FreeRTOS-Plus-TCP\FreeRTOS_IP.o
                0x080109a4                xBroadcastMACAddress
 *fill*         0x080109aa        0x2 
 .rodata.xNetworkDownEvent.8091
                0x080109ac        0x8 Middlewares\Third_Party\FreeRTOS-Plus\FreeRTOS-Plus-TCP\FreeRTOS_IP.o
 .rodata.xBufferAllocFixedSize
                0x080109b4        0x4 Middlewares\Third_Party\FreeRTOS-Plus\FreeRTOS-Plus-TCP\portable\BufferManagement\BufferAllocation_2.o
                0x080109b4                xBufferAllocFixedSize
 .rodata.ucIPAddress
                0x080109b8        0x4 Src\main.o
 .rodata.ucNetMask
                0x080109bc        0x4 Src\main.o
 .rodata.ucGatewayAddress
                0x080109c0        0x4 Src\main.o
 .rodata.ucDNSServerAddress
                0x080109c4        0x4 Src\main.o
 .rodata.AHBPrescTable
                0x080109c8       0x10 Src\system_stm32f4xx.o
                0x080109c8                AHBPrescTable
 .rodata.APBPrescTable
                0x080109d8        0x8 Src\system_stm32f4xx.o
                0x080109d8                APBPrescTable
 .rodata._setlocale_r.str1.1
                0x080109e0        0x8 c:/program files (x86)/atollic/truestudio for stm32 9.0.0/armtools/bin/../lib/gcc/arm-atollic-eabi/6.3.1/../../../../arm-atollic-eabi/lib/armv7e-m/fpu\libc_nano.a(lib_a-locale.o)
                                  0x9 (size before relaxing)
 .rodata.str1.1
                0x080109e8        0x2 c:/program files (x86)/atollic/truestudio for stm32 9.0.0/armtools/bin/../lib/gcc/arm-atollic-eabi/6.3.1/../../../../arm-atollic-eabi/lib/armv7e-m/fpu\libc_nano.a(lib_a-locale.o)
 .rodata._ctype_
                0x080109ea      0x101 c:/program files (x86)/atollic/truestudio for stm32 9.0.0/armtools/bin/../lib/gcc/arm-atollic-eabi/6.3.1/../../../../arm-atollic-eabi/lib/armv7e-m/fpu\libc_nano.a(lib_a-ctype_.o)
                0x080109ea                _ctype_
                0x08010aec                . = ALIGN (0x4)
 *fill*         0x08010aeb        0x1 
