Archive member included to satisfy reference by file (symbol)

c:/program files (x86)/atollic/truestudio for stm32 9.0.0/armtools/bin/../lib/gcc/arm-atollic-eabi/6.3.1/../../../../arm-atollic-eabi/lib/armv7e-m/fpu\libc_nano.a(lib_a-init.o)
                              startup\startup_stm32f411xe.o (__libc_init_array)
c:/program files (x86)/atollic/truestudio for stm32 9.0.0/armtools/bin/../lib/gcc/arm-atollic-eabi/6.3.1/../../../../arm-atollic-eabi/lib/armv7e-m/fpu\libc_nano.a(lib_a-memcmp.o)
                              Middlewares\Third_Party\FreeRTOS-Plus\FreeRTOS-Plus-TCP\FreeRTOS_ARP.o (memcmp)
c:/program files (x86)/atollic/truestudio for stm32 9.0.0/armtools/bin/../lib/gcc/arm-atollic-eabi/6.3.1/../../../../arm-atollic-eabi/lib/armv7e-m/fpu\libc_nano.a(lib_a-memcpy-stub.o)
                              Middlewares\ST\STM32_USB_Device_Library\Class\CDC\Src\usbd_cdc.o (memcpy)
c:/program files (x86)/atollic/truestudio for stm32 9.0.0/armtools/bin/../lib/gcc/arm-atollic-eabi/6.3.1/../../../../arm-atollic-eabi/lib/armv7e-m/fpu\libc_nano.a(lib_a-memmove.o)
                              Middlewares\Third_Party\FreeRTOS-Plus\FreeRTOS-Plus-TCP\FreeRTOS_IP.o (memmove)
c:/program files (x86)/atollic/truestudio for stm32 9.0.0/armtools/bin/../lib/gcc/arm-atollic-eabi/6.3.1/../../../../arm-atollic-eabi/lib/armv7e-m/fpu\libc_nano.a(lib_a-memset.o)
                              Middlewares\ST\STM32_USB_Device_Library\Class\CDC\Src\usbd_cdc.o (memset)
c:/program files (x86)/atollic/truestudio for stm32 9.0.0/armtools/bin/../lib/gcc/arm-atollic-eabi/6.3.1/../../../../arm-atollic-eabi/lib/armv7e-m/fpu\libc_nano.a(lib_a-rand.o)
                              Src\main.o (rand)
c:/program files (x86)/atollic/truestudio for stm32 9.0.0/armtools/bin/../lib/gcc/arm-atollic-eabi/6.3.1/../../../../arm-atollic-eabi/lib/armv7e-m/fpu\libc_nano.a(lib_a-strcasecmp.o)
                              Src\main.o (strcasecmp)
c:/program files (x86)/atollic/truestudio for stm32 9.0.0/armtools/bin/../lib/gcc/arm-atollic-eabi/6.3.1/../../../../arm-atollic-eabi/lib/armv7e-m/fpu\libc_nano.a(lib_a-strcpy.o)
                              Middlewares\Third_Party\FreeRTOS-Plus\FreeRTOS-Plus-TCP\FreeRTOS_DNS.o (strcpy)
c:/program files (x86)/atollic/truestudio for stm32 9.0.0/armtools/bin/../lib/gcc/arm-atollic-eabi/6.3.1/../../../../arm-atollic-eabi/lib/armv7e-m/fpu\libc_nano.a(lib_a-strlen.o)
                              Middlewares\ST\STM32_USB_Device_Library\Class\CDC\Src\usbd_cdc.o (strlen)
c:/program files (x86)/atollic/truestudio for stm32 9.0.0/armtools/bin/../lib/gcc/arm-atollic-eabi/6.3.1/../../../../arm-atollic-eabi/lib/armv7e-m/fpu\libc_nano.a(lib_a-strncmp.o)
                              Middlewares\Third_Party\FreeRTOS-Plus\FreeRTOS-Plus-TCP\FreeRTOS_DNS.o (strncmp)
c:/program files (x86)/atollic/truestudio for stm32 9.0.0/armtools/bin/../lib/gcc/arm-atollic-eabi/6.3.1/../../../../arm-atollic-eabi/lib/armv7e-m/fpu\libc_nano.a(lib_a-strncpy.o)
                              Middlewares\Third_Party\FreeRTOS-Plus\FreeRTOS-Plus-TCP\FreeRTOS_DNS.o (strncpy)
c:/program files (x86)/atollic/truestudio for stm32 9.0.0/armtools/bin/../lib/gcc/arm-atollic-eabi/6.3.1/../../../../arm-atollic-eabi/lib/armv7e-m/fpu\libc_nano.a(lib_a-impure.o)
                              c:/program files (x86)/atollic/truestudio for stm32 9.0.0/armtools/bin/../lib/gcc/arm-atollic-eabi/6.3.1/../../../../arm-atollic-eabi/lib/armv7e-m/fpu\libc_nano.a(lib_a-rand.o) (_impure_ptr)
c:/program files (x86)/atollic/truestudio for stm32 9.0.0/armtools/bin/../lib/gcc/arm-atollic-eabi/6.3.1/../../../../arm-atollic-eabi/lib/armv7e-m/fpu\libc_nano.a(lib_a-locale.o)
                              c:/program files (x86)/atollic/truestudio for stm32 9.0.0/armtools/bin/../lib/gcc/arm-atollic-eabi/6.3.1/../../../../arm-atollic-eabi/lib/armv7e-m/fpu\libc_nano.a(lib_a-strcasecmp.o) (__locale_ctype_ptr)
c:/program files (x86)/atollic/truestudio for stm32 9.0.0/armtools/bin/../lib/gcc/arm-atollic-eabi/6.3.1/../../../../arm-atollic-eabi/lib/armv7e-m/fpu\libc_nano.a(lib_a-malloc.o)
                              c:/program files (x86)/atollic/truestudio for stm32 9.0.0/armtools/bin/../lib/gcc/arm-atollic-eabi/6.3.1/../../../../arm-atollic-eabi/lib/armv7e-m/fpu\libc_nano.a(lib_a-rand.o) (malloc)
c:/program files (x86)/atollic/truestudio for stm32 9.0.0/armtools/bin/../lib/gcc/arm-atollic-eabi/6.3.1/../../../../arm-atollic-eabi/lib/armv7e-m/fpu\libc_nano.a(lib_a-mbtowc_r.o)
                              c:/program files (x86)/atollic/truestudio for stm32 9.0.0/armtools/bin/../lib/gcc/arm-atollic-eabi/6.3.1/../../../../arm-atollic-eabi/lib/armv7e-m/fpu\libc_nano.a(lib_a-locale.o) (__ascii_mbtowc)
c:/program files (x86)/atollic/truestudio for stm32 9.0.0/armtools/bin/../lib/gcc/arm-atollic-eabi/6.3.1/../../../../arm-atollic-eabi/lib/armv7e-m/fpu\libc_nano.a(lib_a-nano-freer.o)
[...]
Memory Configuration

Name             Origin             Length             Attributes
RAM              0x20000000         0x00020000         xrw
FLASH            0x08000000         0x00080000         xr
*default*        0x00000000         0xffffffff

Linker script and memory map

LOAD c:/program files (x86)/atollic/truestudio for stm32 9.0.0/armtools/bin/../lib/gcc/arm-atollic-eabi/6.3.1/armv7e-m/fpu/crti.o
LOAD c:/program files (x86)/atollic/truestudio for stm32 9.0.0/armtools/bin/../lib/gcc/arm-atollic-eabi/6.3.1/armv7e-m/fpu/crtbegin.o
LOAD Drivers\STM32F4xx_HAL_Driver\Src\stm32f4xx_hal.o
LOAD Drivers\STM32F4xx_HAL_Driver\Src\stm32f4xx_hal_cortex.o
LOAD Drivers\STM32F4xx_HAL_Driver\Src\stm32f4xx_hal_dma.o
LOAD Drivers\STM32F4xx_HAL_Driver\Src\stm32f4xx_hal_dma_ex.o
LOAD Drivers\STM32F4xx_HAL_Driver\Src\stm32f4xx_hal_flash.o
LOAD Drivers\STM32F4xx_HAL_Driver\Src\stm32f4xx_hal_flash_ex.o
LOAD Drivers\STM32F4xx_HAL_Driver\Src\stm32f4xx_hal_flash_ramfunc.o
LOAD Drivers\STM32F4xx_HAL_Driver\Src\stm32f4xx_hal_gpio.o
LOAD Drivers\STM32F4xx_HAL_Driver\Src\stm32f4xx_hal_pcd.o
LOAD Drivers\STM32F4xx_HAL_Driver\Src\stm32f4xx_hal_pcd_ex.o
LOAD Drivers\STM32F4xx_HAL_Driver\Src\stm32f4xx_hal_pwr.o
LOAD Drivers\STM32F4xx_HAL_Driver\Src\stm32f4xx_hal_pwr_ex.o
LOAD Drivers\STM32F4xx_HAL_Driver\Src\stm32f4xx_hal_rcc.o
LOAD Drivers\STM32F4xx_HAL_Driver\Src\stm32f4xx_hal_rcc_ex.o
LOAD Drivers\STM32F4xx_HAL_Driver\Src\stm32f4xx_hal_tim.o
LOAD Drivers\STM32F4xx_HAL_Driver\Src\stm32f4xx_hal_tim_ex.o
LOAD Drivers\STM32F4xx_HAL_Driver\Src\stm32f4xx_ll_usb.o
LOAD Middlewares\ST\STM32_USB_Device_Library\Class\CDC\Src\usbd_cdc.o
LOAD Middlewares\ST\STM32_USB_Device_Library\Core\Src\usbd_core.o
LOAD Middlewares\ST\STM32_USB_Device_Library\Core\Src\usbd_ctlreq.o
LOAD Middlewares\ST\STM32_USB_Device_Library\Core\Src\usbd_ioreq.o
LOAD Middlewares\Third_Party\FreeRTOS\Source\CMSIS_RTOS\cmsis_os.o
LOAD Middlewares\Third_Party\FreeRTOS\Source\croutine.o
LOAD Middlewares\Third_Party\FreeRTOS\Source\event_groups.o
LOAD Middlewares\Third_Party\FreeRTOS\Source\list.o
LOAD Middlewares\Third_Party\FreeRTOS\Source\portable\GCC\ARM_CM4F\port.o
LOAD Middlewares\Third_Party\FreeRTOS\Source\portable\MemMang\heap_4.o
LOAD Middlewares\Third_Party\FreeRTOS\Source\queue.o
LOAD Middlewares\Third_Party\FreeRTOS\Source\stream_buffer.o
LOAD Middlewares\Third_Party\FreeRTOS\Source\tasks.o
LOAD Middlewares\Third_Party\FreeRTOS\Source\timers.o
LOAD Middlewares\Third_Party\FreeRTOS-Plus\FreeRTOS-Plus-TCP\FreeRTOS_ARP.o
LOAD Middlewares\Third_Party\FreeRTOS-Plus\FreeRTOS-Plus-TCP\FreeRTOS_DHCP.o
LOAD Middlewares\Third_Party\FreeRTOS-Plus\FreeRTOS-Plus-TCP\FreeRTOS_DNS.o
LOAD Middlewares\Third_Party\FreeRTOS-Plus\FreeRTOS-Plus-TCP\FreeRTOS_IP.o
LOAD Middlewares\Third_Party\FreeRTOS-Plus\FreeRTOS-Plus-TCP\FreeRTOS_Sockets.o
LOAD Middlewares\Third_Party\FreeRTOS-Plus\FreeRTOS-Plus-TCP\FreeRTOS_Stream_Buffer.o
LOAD Middlewares\Third_Party\FreeRTOS-Plus\FreeRTOS-Plus-TCP\FreeRTOS_TCP_IP.o
LOAD Middlewares\Third_Party\FreeRTOS-Plus\FreeRTOS-Plus-TCP\FreeRTOS_TCP_WIN.o
LOAD Middlewares\Third_Party\FreeRTOS-Plus\FreeRTOS-Plus-TCP\FreeRTOS_UDP_IP.o
LOAD Middlewares\Third_Party\FreeRTOS-Plus\FreeRTOS-Plus-TCP\portable\BufferManagement\BufferAllocation_2.o
LOAD Src\freertos.o
LOAD Src\main.o
LOAD Src\stm32f4xx_hal_msp.o
LOAD Src\stm32f4xx_hal_timebase_TIM.o
LOAD Src\stm32f4xx_it.o
LOAD Src\system_stm32f4xx.o
LOAD Src\usb_device.o
LOAD Src\usbd_cdc_if.o
LOAD Src\usbd_conf.o
LOAD Src\usbd_desc.o
LOAD startup\startup_stm32f411xe.o
                0x00000080                malloc_getpagesize_P = 0x80
START GROUP
LOAD c:/program files (x86)/atollic/truestudio for stm32 9.0.0/armtools/bin/../lib/gcc/arm-atollic-eabi/6.3.1/../../../../arm-atollic-eabi/lib/armv7e-m/fpu\libc_nano.a
LOAD c:/program files (x86)/atollic/truestudio for stm32 9.0.0/armtools/bin/../lib/gcc/arm-atollic-eabi/6.3.1/../../../../arm-atollic-eabi/lib/armv7e-m/fpu\libm.a
END GROUP
START GROUP
LOAD c:/program files (x86)/atollic/truestudio for stm32 9.0.0/armtools/bin/../lib/gcc/arm-atollic-eabi/6.3.1/armv7e-m/fpu\libgcc.a
LOAD c:/program files (x86)/atollic/truestudio for stm32 9.0.0/armtools/bin/../lib/gcc/arm-atollic-eabi/6.3.1/../../../../arm-atollic-eabi/lib/armv7e-m/fpu\libc_nano.a
END GROUP
START GROUP
LOAD c:/program files (x86)/atollic/truestudio for stm32 9.0.0/armtools/bin/../lib/gcc/arm-atollic-eabi/6.3.1/armv7e-m/fpu\libgcc.a
LOAD c:/program files (x86)/atollic/truestudio for stm32 9.0.0/armtools/bin/../lib/gcc/arm-atollic-eabi/6.3.1/../../../../arm-atollic-eabi/lib/armv7e-m/fpu\libc_nano.a
LOAD c:/program files (x86)/atollic/truestudio for stm32 9.0.0/armtools/bin/../lib/gcc/arm-atollic-eabi/6.3.1/../../../../arm-atollic-eabi/lib/armv7e-m/fpu\libnosys.a
END GROUP
START GROUP
LOAD c:/program files (x86)/atollic/truestudio for stm32 9.0.0/armtools/bin/../lib/gcc/arm-atollic-eabi/6.3.1/armv7e-m/fpu\libgcc.a
LOAD c:/program files (x86)/atollic/truestudio for stm32 9.0.0/armtools/bin/../lib/gcc/arm-atollic-eabi/6.3.1/../../../../arm-atollic-eabi/lib/armv7e-m/fpu\libc_nano.a
LOAD c:/program files (x86)/atollic/truestudio for stm32 9.0.0/armtools/bin/../lib/gcc/arm-atollic-eabi/6.3.1/../../../../arm-atollic-eabi/lib/armv7e-m/fpu\libnosys.a
END GROUP
LOAD c:/program files (x86)/atollic/truestudio for stm32 9.0.0/armtools/bin/../lib/gcc/arm-atollic-eabi/6.3.1/armv7e-m/fpu/crtend.o
LOAD c:/program files (x86)/atollic/truestudio for stm32 9.0.0/armtools/bin/../lib/gcc/arm-atollic-eabi/6.3.1/armv7e-m/fpu/crtn.o
                0x20020000                _estack = 0x20020000
                0x00000200                _Min_Heap_Size = 0x200
                0x00000400                _Min_Stack_Size = 0x400

.isr_vector     0x08000000      0x198
                0x08000000                . = ALIGN (0x4)
 *(.isr_vector)
 .isr_vector    0x08000000      0x198 startup\startup_stm32f411xe.o
                0x08000000                g_pfnVectors
                0x08000198                . = ALIGN (0x4)

.text           0x080001a0    0x10c28
                0x080001a0                . = ALIGN (0x4)
 *(.text)
 .text          0x080001a0       0x40 c:/program files (x86)/atollic/truestudio for stm32 9.0.0/armtools/bin/../lib/gcc/arm-atollic-eabi/6.3.1/armv7e-m/fpu/crtbegin.o
 .text          0x080001e0       0x10 c:/program files (x86)/atollic/truestudio for stm32 9.0.0/armtools/bin/../lib/gcc/arm-atollic-eabi/6.3.1/../../../../arm-atollic-eabi/lib/armv7e-m/fpu\libc_nano.a(lib_a-strlen.o)
                0x080001e0                strlen
 .text          0x080001f0       0x30 c:/program files (x86)/atollic/truestudio for stm32 9.0.0/armtools/bin/../lib/gcc/arm-atollic-eabi/6.3.1/armv7e-m/fpu\libgcc.a(_aeabi_uldivmod.o)
                0x080001f0                __aeabi_uldivmod
 .text          0x08000220      0x2dc c:/program files (x86)/atollic/truestudio for stm32 9.0.0/armtools/bin/../lib/gcc/arm-atollic-eabi/6.3.1/armv7e-m/fpu\libgcc.a(_udivmoddi4.o)
                0x08000220                __udivmoddi4
 .text          0x080004fc        0x4 c:/program files (x86)/atollic/truestudio for stm32 9.0.0/armtools/bin/../lib/gcc/arm-atollic-eabi/6.3.1/armv7e-m/fpu\libgcc.a(_dvmd_tls.o)
                0x080004fc                __aeabi_idiv0
                0x080004fc                __aeabi_ldiv0
 *(.text*)
 .text.HAL_Init
                0x08000500       0x44 Drivers\STM32F4xx_HAL_Driver\Src\stm32f4xx_hal.o
                0x08000500                HAL_Init
 .text.HAL_IncTick
                0x08000544       0x28 Drivers\STM32F4xx_HAL_Driver\Src\stm32f4xx_hal.o
                0x08000544                HAL_IncTick
 .text.HAL_GetTick
                0x0800056c       0x18 Drivers\STM32F4xx_HAL_Driver\Src\stm32f4xx_hal.o
                0x0800056c                HAL_GetTick
 .text.HAL_Delay
                0x08000584       0x44 Drivers\STM32F4xx_HAL_Driver\Src\stm32f4xx_hal.o
                0x08000584                HAL_Delay
 .text.NVIC_SetPriorityGrouping
                0x080005c8       0x48 Drivers\STM32F4xx_HAL_Driver\Src\stm32f4xx_hal_cortex.o
 .text.NVIC_GetPriorityGrouping
                0x08000610       0x1c Drivers\STM32F4xx_HAL_Driver\Src\stm32f4xx_hal_cortex.o
 .text.NVIC_EnableIRQ
                0x0800062c       0x34 Drivers\STM32F4xx_HAL_Driver\Src\stm32f4xx_hal_cortex.o
 .text.NVIC_SetPriority
                0x08000660       0x54 Drivers\STM32F4xx_HAL_Driver\Src\stm32f4xx_hal_cortex.o
 .text.NVIC_EncodePriority
                0x080006b4       0x62 Drivers\STM32F4xx_HAL_Driver\Src\stm32f4xx_hal_cortex.o
 *fill*         0x08000716        0x2 
 .text.SysTick_Config
                0x08000718       0x44 Drivers\STM32F4xx_HAL_Driver\Src\stm32f4xx_hal_cortex.o
 .text.HAL_NVIC_SetPriorityGrouping
                0x0800075c       0x16 Drivers\STM32F4xx_HAL_Driver\Src\stm32f4xx_hal_cortex.o
                0x0800075c                HAL_NVIC_SetPriorityGrouping
 .text.HAL_NVIC_SetPriority
                0x08000772       0x38 Drivers\STM32F4xx_HAL_Driver\Src\stm32f4xx_hal_cortex.o
                0x08000772                HAL_NVIC_SetPriority
 .text.HAL_NVIC_EnableIRQ
                0x080007aa       0x1c Drivers\STM32F4xx_HAL_Driver\Src\stm32f4xx_hal_cortex.o
                0x080007aa                HAL_NVIC_EnableIRQ
 .text.HAL_SYSTICK_Config
                0x080007c6       0x18 Drivers\STM32F4xx_HAL_Driver\Src\stm32f4xx_hal_cortex.o
                0x080007c6                HAL_SYSTICK_Config
 *fill*         0x080007de        0x2 
 .text.HAL_SYSTICK_CLKSourceConfig
                0x080007e0       0x38 Drivers\STM32F4xx_HAL_Driver\Src\stm32f4xx_hal_cortex.o
                0x080007e0                HAL_SYSTICK_CLKSourceConfig
 .text.HAL_GPIO_Init
                0x08000818      0x304 Drivers\STM32F4xx_HAL_Driver\Src\stm32f4xx_hal_gpio.o
                0x08000818                HAL_GPIO_Init
 .text.HAL_PCD_Init
                0x08000b1c      0x20e Drivers\STM32F4xx_HAL_Driver\Src\stm32f4xx_hal_pcd.o
                0x08000b1c                HAL_PCD_Init
 .text.HAL_PCD_Start
                0x08000d2a       0x44 Drivers\STM32F4xx_HAL_Driver\Src\stm32f4xx_hal_pcd.o
                0x08000d2a                HAL_PCD_Start
 *fill*         0x08000d6e        0x2 
 .text.HAL_PCD_IRQHandler
                0x08000d70      0x914 Drivers\STM32F4xx_HAL_Driver\Src\stm32f4xx_hal_pcd.o
                0x08000d70                HAL_PCD_IRQHandler
 .text.HAL_PCD_SetAddress
                0x08001684       0x42 Drivers\STM32F4xx_HAL_Driver\Src\stm32f4xx_hal_pcd.o
                0x08001684                HAL_PCD_SetAddress
 .text.HAL_PCD_EP_Open
                0x080016c6       0xd0 Drivers\STM32F4xx_HAL_Driver\Src\stm32f4xx_hal_pcd.o
                0x080016c6                HAL_PCD_EP_Open
 .text.HAL_PCD_EP_Close
                0x08001796       0x94 Drivers\STM32F4xx_HAL_Driver\Src\stm32f4xx_hal_pcd.o
                0x08001796                HAL_PCD_EP_Close
 .text.HAL_PCD_EP_Receive
                0x0800182a       0x94 Drivers\STM32F4xx_HAL_Driver\Src\stm32f4xx_hal_pcd.o
                0x0800182a                HAL_PCD_EP_Receive
 .text.HAL_PCD_EP_GetRxCount
                0x080018be       0x32 Drivers\STM32F4xx_HAL_Driver\Src\stm32f4xx_hal_pcd.o
                0x080018be                HAL_PCD_EP_GetRxCount
 .text.HAL_PCD_EP_Transmit
                0x080018f0       0x92 Drivers\STM32F4xx_HAL_Driver\Src\stm32f4xx_hal_pcd.o
                0x080018f0                HAL_PCD_EP_Transmit
 .text.HAL_PCD_EP_SetStall
                0x08001982       0xb6 Drivers\STM32F4xx_HAL_Driver\Src\stm32f4xx_hal_pcd.o
                0x08001982                HAL_PCD_EP_SetStall
 .text.HAL_PCD_EP_ClrStall
                0x08001a38       0x96 Drivers\STM32F4xx_HAL_Driver\Src\stm32f4xx_hal_pcd.o
                0x08001a38                HAL_PCD_EP_ClrStall
 .text.PCD_WriteEmptyTxFifo
                0x08001ace      0x104 Drivers\STM32F4xx_HAL_Driver\Src\stm32f4xx_hal_pcd.o
 .text.HAL_PCDEx_SetTxFiFo
                0x08001bd2       0x96 Drivers\STM32F4xx_HAL_Driver\Src\stm32f4xx_hal_pcd_ex.o
                0x08001bd2                HAL_PCDEx_SetTxFiFo
 .text.HAL_PCDEx_SetRxFiFo
                0x08001c68       0x22 Drivers\STM32F4xx_HAL_Driver\Src\stm32f4xx_hal_pcd_ex.o
                0x08001c68                HAL_PCDEx_SetRxFiFo
 *fill*         0x08001c8a        0x2 
 .text.HAL_RCC_OscConfig
                0x08001c8c      0x484 Drivers\STM32F4xx_HAL_Driver\Src\stm32f4xx_hal_rcc.o
                0x08001c8c                HAL_RCC_OscConfig
 .text.HAL_RCC_ClockConfig
                0x08002110      0x1c4 Drivers\STM32F4xx_HAL_Driver\Src\stm32f4xx_hal_rcc.o
                0x08002110                HAL_RCC_ClockConfig
 .text.HAL_RCC_GetSysClockFreq
                0x080022d4      0x1b0 Drivers\STM32F4xx_HAL_Driver\Src\stm32f4xx_hal_rcc.o
                0x080022d4                HAL_RCC_GetSysClockFreq
 .text.HAL_RCC_GetHCLKFreq
                0x08002484       0x18 Drivers\STM32F4xx_HAL_Driver\Src\stm32f4xx_hal_rcc.o
                0x08002484                HAL_RCC_GetHCLKFreq
 .text.HAL_RCC_GetPCLK2Freq
                0x0800249c       0x28 Drivers\STM32F4xx_HAL_Driver\Src\stm32f4xx_hal_rcc.o
                0x0800249c                HAL_RCC_GetPCLK2Freq
 .text.HAL_RCC_GetClockConfig
                0x080024c4       0x64 Drivers\STM32F4xx_HAL_Driver\Src\stm32f4xx_hal_rcc.o
                0x080024c4                HAL_RCC_GetClockConfig
 .text.HAL_TIM_Base_Init
                0x08002528       0x56 Drivers\STM32F4xx_HAL_Driver\Src\stm32f4xx_hal_tim.o
                0x08002528                HAL_TIM_Base_Init
 .text.HAL_TIM_Base_MspInit
                0x0800257e       0x14 Drivers\STM32F4xx_HAL_Driver\Src\stm32f4xx_hal_tim.o
                0x0800257e                HAL_TIM_Base_MspInit
 .text.HAL_TIM_Base_Start_IT
                0x08002592       0x36 Drivers\STM32F4xx_HAL_Driver\Src\stm32f4xx_hal_tim.o
                0x08002592                HAL_TIM_Base_Start_IT
 .text.HAL_TIM_IRQHandler
                0x080025c8      0x210 Drivers\STM32F4xx_HAL_Driver\Src\stm32f4xx_hal_tim.o
                0x080025c8                HAL_TIM_IRQHandler
 .text.HAL_TIM_OC_DelayElapsedCallback
                0x080027d8       0x14 Drivers\STM32F4xx_HAL_Driver\Src\stm32f4xx_hal_tim.o
                0x080027d8                HAL_TIM_OC_DelayElapsedCallback
 .text.HAL_TIM_IC_CaptureCallback
                0x080027ec       0x14 Drivers\STM32F4xx_HAL_Driver\Src\stm32f4xx_hal_tim.o
                0x080027ec                HAL_TIM_IC_CaptureCallback
 .text.HAL_TIM_PWM_PulseFinishedCallback
                0x08002800       0x14 Drivers\STM32F4xx_HAL_Driver\Src\stm32f4xx_hal_tim.o
                0x08002800                HAL_TIM_PWM_PulseFinishedCallback
 .text.HAL_TIM_TriggerCallback
                0x08002814       0x14 Drivers\STM32F4xx_HAL_Driver\Src\stm32f4xx_hal_tim.o
                0x08002814                HAL_TIM_TriggerCallback
 .text.TIM_Base_SetConfig
                0x08002828      0x108 Drivers\STM32F4xx_HAL_Driver\Src\stm32f4xx_hal_tim.o
                0x08002828                TIM_Base_SetConfig
 .text.HAL_TIMEx_CommutationCallback
                0x08002930       0x14 Drivers\STM32F4xx_HAL_Driver\Src\stm32f4xx_hal_tim_ex.o
                0x08002930                HAL_TIMEx_CommutationCallback
 .text.HAL_TIMEx_BreakCallback
                0x08002944       0x14 Drivers\STM32F4xx_HAL_Driver\Src\stm32f4xx_hal_tim_ex.o
                0x08002944                HAL_TIMEx_BreakCallback
 .text.USB_CoreInit
                0x08002958       0xa2 Drivers\STM32F4xx_HAL_Driver\Src\stm32f4xx_ll_usb.o
                0x08002958                USB_CoreInit
 .text.USB_EnableGlobalInt
                0x080029fa       0x22 Drivers\STM32F4xx_HAL_Driver\Src\stm32f4xx_ll_usb.o
                0x080029fa                USB_EnableGlobalInt
 .text.USB_DisableGlobalInt
                0x08002a1c       0x22 Drivers\STM32F4xx_HAL_Driver\Src\stm32f4xx_ll_usb.o
                0x08002a1c                USB_DisableGlobalInt
 .text.USB_SetCurrentMode
                0x08002a3e       0x4e Drivers\STM32F4xx_HAL_Driver\Src\stm32f4xx_ll_usb.o
                0x08002a3e                USB_SetCurrentMode
 .text.USB_DevInit
                0x08002a8c      0x264 Drivers\STM32F4xx_HAL_Driver\Src\stm32f4xx_ll_usb.o
                0x08002a8c                USB_DevInit
 .text.USB_FlushTxFifo
                0x08002cf0       0x4c Drivers\STM32F4xx_HAL_Driver\Src\stm32f4xx_ll_usb.o
                0x08002cf0                USB_FlushTxFifo
 .text.USB_FlushRxFifo
                0x08002d3c       0x44 Drivers\STM32F4xx_HAL_Driver\Src\stm32f4xx_ll_usb.o
                0x08002d3c                USB_FlushRxFifo
 .text.USB_SetDevSpeed
                0x08002d80       0x30 Drivers\STM32F4xx_HAL_Driver\Src\stm32f4xx_ll_usb.o
                0x08002d80                USB_SetDevSpeed
 .text.USB_GetDevSpeed
                0x08002db0       0x6a Drivers\STM32F4xx_HAL_Driver\Src\stm32f4xx_ll_usb.o
                0x08002db0                USB_GetDevSpeed
 .text.USB_ActivateEndpoint
                0x08002e1a      0x112 Drivers\STM32F4xx_HAL_Driver\Src\stm32f4xx_ll_usb.o
                0x08002e1a                USB_ActivateEndpoint
 .text.USB_DeactivateEndpoint
                0x08002f2c      0x184 Drivers\STM32F4xx_HAL_Driver\Src\stm32f4xx_ll_usb.o
                0x08002f2c                USB_DeactivateEndpoint
 .text.USB_EPStartXfer
                0x080030b0      0x484 Drivers\STM32F4xx_HAL_Driver\Src\stm32f4xx_ll_usb.o
                0x080030b0                USB_EPStartXfer
 .text.USB_EP0StartXfer
                0x08003534      0x2be Drivers\STM32F4xx_HAL_Driver\Src\stm32f4xx_ll_usb.o
                0x08003534                USB_EP0StartXfer
 .text.USB_WritePacket
                0x080037f2       0x6a Drivers\STM32F4xx_HAL_Driver\Src\stm32f4xx_ll_usb.o
                0x080037f2                USB_WritePacket
 .text.USB_ReadPacket
                0x0800385c       0x4e Drivers\STM32F4xx_HAL_Driver\Src\stm32f4xx_ll_usb.o
                0x0800385c                USB_ReadPacket
 .text.USB_EPSetStall
                0x080038aa       0xe2 Drivers\STM32F4xx_HAL_Driver\Src\stm32f4xx_ll_usb.o
                0x080038aa                USB_EPSetStall
 .text.USB_EPClearStall
                0x0800398c       0xda Drivers\STM32F4xx_HAL_Driver\Src\stm32f4xx_ll_usb.o
                0x0800398c                USB_EPClearStall
 .text.USB_SetDevAddress
                0x08003a66       0x4c Drivers\STM32F4xx_HAL_Driver\Src\stm32f4xx_ll_usb.o
                0x08003a66                USB_SetDevAddress
 .text.USB_DevConnect
                0x08003ab2       0x2e Drivers\STM32F4xx_HAL_Driver\Src\stm32f4xx_ll_usb.o
                0x08003ab2                USB_DevConnect
 .text.USB_DevDisconnect
                0x08003ae0       0x2e Drivers\STM32F4xx_HAL_Driver\Src\stm32f4xx_ll_usb.o
                0x08003ae0                USB_DevDisconnect
 .text.USB_ReadInterrupts
                0x08003b0e       0x2a Drivers\STM32F4xx_HAL_Driver\Src\stm32f4xx_ll_usb.o
                0x08003b0e                USB_ReadInterrupts
 .text.USB_ReadDevAllOutEpInterrupt
                0x08003b38       0x30 Drivers\STM32F4xx_HAL_Driver\Src\stm32f4xx_ll_usb.o
                0x08003b38                USB_ReadDevAllOutEpInterrupt
 .text.USB_ReadDevAllInEpInterrupt
                0x08003b68       0x30 Drivers\STM32F4xx_HAL_Driver\Src\stm32f4xx_ll_usb.o
                0x08003b68                USB_ReadDevAllInEpInterrupt
 .text.USB_ReadDevOutEPInterrupt
                0x08003b98       0x38 Drivers\STM32F4xx_HAL_Driver\Src\stm32f4xx_ll_usb.o
                0x08003b98                USB_ReadDevOutEPInterrupt
 .text.USB_ReadDevInEPInterrupt
                0x08003bd0       0x54 Drivers\STM32F4xx_HAL_Driver\Src\stm32f4xx_ll_usb.o
                0x08003bd0                USB_ReadDevInEPInterrupt
 .text.USB_GetMode
                0x08003c24       0x1c Drivers\STM32F4xx_HAL_Driver\Src\stm32f4xx_ll_usb.o
                0x08003c24                USB_GetMode
 .text.USB_ActivateSetup
                0x08003c40       0x6c Drivers\STM32F4xx_HAL_Driver\Src\stm32f4xx_ll_usb.o
                0x08003c40                USB_ActivateSetup
 .text.USB_EP0_OutStart
                0x08003cac       0x8a Drivers\STM32F4xx_HAL_Driver\Src\stm32f4xx_ll_usb.o
                0x08003cac                USB_EP0_OutStart
 *fill*         0x08003d36        0x2 
 .text.USB_CoreReset
                0x08003d38       0x68 Drivers\STM32F4xx_HAL_Driver\Src\stm32f4xx_ll_usb.o
 .text.USBD_CDC_Init
                0x08003da0       0x90 Middlewares\ST\STM32_USB_Device_Library\Class\CDC\Src\usbd_cdc.o
 .text.USBD_CDC_DeInit
                0x08003e30       0x2e Middlewares\ST\STM32_USB_Device_Library\Class\CDC\Src\usbd_cdc.o
 *fill*         0x08003e5e        0x2 
 .text.USBD_CDC_Setup
                0x08003e60       0x5c Middlewares\ST\STM32_USB_Device_Library\Class\CDC\Src\usbd_cdc.o
 .text.USBD_CDC_DataIn
                0x08003ebc       0x8c Middlewares\ST\STM32_USB_Device_Library\Class\CDC\Src\usbd_cdc.o
 .text.USBD_CDC_DataOut
                0x08003f48       0xc8 Middlewares\ST\STM32_USB_Device_Library\Class\CDC\Src\usbd_cdc.o
 .text.USBD_CDC_EP0_RxReady
                0x08004010      0x120 Middlewares\ST\STM32_USB_Device_Library\Class\CDC\Src\usbd_cdc.o
 .text.USBD_CDC_GetFSCfgDesc
                0x08004130       0x2c Middlewares\ST\STM32_USB_Device_Library\Class\CDC\Src\usbd_cdc.o
 .text.usbd_rndis_sof
                0x0800415c       0x18 Middlewares\ST\STM32_USB_Device_Library\Class\CDC\Src\usbd_cdc.o
 .text.rndis_iso_in_incomplete
                0x08004174       0x1c Middlewares\ST\STM32_USB_Device_Library\Class\CDC\Src\usbd_cdc.o
 .text.rndis_iso_out_incomplete
                0x08004190       0x1c Middlewares\ST\STM32_USB_Device_Library\Class\CDC\Src\usbd_cdc.o
 .text.usbd_rndis_GetDeviceQualifierDesc
                0x080041ac       0x20 Middlewares\ST\STM32_USB_Device_Library\Class\CDC\Src\usbd_cdc.o
 .text.usbd_cdc_transfer
                0x080041cc       0xf0 Middlewares\ST\STM32_USB_Device_Library\Class\CDC\Src\usbd_cdc.o
 .text.handle_packet
                0x080042bc       0x7c Middlewares\ST\STM32_USB_Device_Library\Class\CDC\Src\usbd_cdc.o
 .text.rndis_query
                0x08004338      0x35c Middlewares\ST\STM32_USB_Device_Library\Class\CDC\Src\usbd_cdc.o
                0x08004338                rndis_query
 .text.rndis_query_cmplt
                0x08004694       0x64 Middlewares\ST\STM32_USB_Device_Library\Class\CDC\Src\usbd_cdc.o
                0x08004694                rndis_query_cmplt
 .text.rndis_query_cmplt32
                0x080046f8       0x58 Middlewares\ST\STM32_USB_Device_Library\Class\CDC\Src\usbd_cdc.o
                0x080046f8                rndis_query_cmplt32
 .text.rndis_handle_set_msg
                0x08004750       0xe8 Middlewares\ST\STM32_USB_Device_Library\Class\CDC\Src\usbd_cdc.o
                0x08004750                rndis_handle_set_msg
 .text.xNetworkInterfaceInitialise
                0x08004838       0x30 Middlewares\ST\STM32_USB_Device_Library\Class\CDC\Src\usbd_cdc.o
                0x08004838                xNetworkInterfaceInitialise
 .text.xNetworkInterfaceOutput
                0x08004868       0x84 Middlewares\ST\STM32_USB_Device_Library\Class\CDC\Src\usbd_cdc.o
                0x08004868                xNetworkInterfaceOutput
 .text.rndis_rxproc
                0x080048ec       0x78 Middlewares\ST\STM32_USB_Device_Library\Class\CDC\Src\usbd_cdc.o
 .text.prvEMACHandlerTask
                0x08004964       0x84 Middlewares\ST\STM32_USB_Device_Library\Class\CDC\Src\usbd_cdc.o
 .text.USBD_Init
                0x080049e8       0x56 Middlewares\ST\STM32_USB_Device_Library\Core\Src\usbd_core.o
                0x080049e8                USBD_Init
 .text.USBD_RegisterClass
                0x08004a3e       0x34 Middlewares\ST\STM32_USB_Device_Library\Core\Src\usbd_core.o
                0x08004a3e                USBD_RegisterClass
 .text.USBD_Start
                0x08004a72       0x18 Middlewares\ST\STM32_USB_Device_Library\Core\Src\usbd_core.o
                0x08004a72                USBD_Start
 .text.USBD_RunTestMode
                0x08004a8a       0x16 Middlewares\ST\STM32_USB_Device_Library\Core\Src\usbd_core.o
                0x08004a8a                USBD_RunTestMode
 .text.USBD_SetClassConfig
                0x08004aa0       0x3e Middlewares\ST\STM32_USB_Device_Library\Core\Src\usbd_core.o
                0x08004aa0                USBD_SetClassConfig
 .text.USBD_ClrClassConfig
                0x08004ade       0x26 Middlewares\ST\STM32_USB_Device_Library\Core\Src\usbd_core.o
                0x08004ade                USBD_ClrClassConfig
 .text.USBD_LL_SetupStage
                0x08004b04       0x94 Middlewares\ST\STM32_USB_Device_Library\Core\Src\usbd_core.o
                0x08004b04                USBD_LL_SetupStage
 .text.USBD_LL_DataOutStage
                0x08004b98       0xb6 Middlewares\ST\STM32_USB_Device_Library\Core\Src\usbd_core.o
                0x08004b98                USBD_LL_DataOutStage
 .text.USBD_LL_DataInStage
                0x08004c4e      0x11e Middlewares\ST\STM32_USB_Device_Library\Core\Src\usbd_core.o
                0x08004c4e                USBD_LL_DataInStage
 .text.USBD_LL_Reset
                0x08004d6c       0x5e Middlewares\ST\STM32_USB_Device_Library\Core\Src\usbd_core.o
                0x08004d6c                USBD_LL_Reset
 .text.USBD_LL_SetSpeed
                0x08004dca       0x20 Middlewares\ST\STM32_USB_Device_Library\Core\Src\usbd_core.o
                0x08004dca                USBD_LL_SetSpeed
 .text.USBD_LL_Suspend
                0x08004dea       0x2a Middlewares\ST\STM32_USB_Device_Library\Core\Src\usbd_core.o
                0x08004dea                USBD_LL_Suspend
 .text.USBD_LL_Resume
                0x08004e14       0x22 Middlewares\ST\STM32_USB_Device_Library\Core\Src\usbd_core.o
                0x08004e14                USBD_LL_Resume
 .text.USBD_LL_SOF
                0x08004e36       0x34 Middlewares\ST\STM32_USB_Device_Library\Core\Src\usbd_core.o
                0x08004e36                USBD_LL_SOF
 .text.USBD_LL_IsoINIncomplete
                0x08004e6a       0x1a Middlewares\ST\STM32_USB_Device_Library\Core\Src\usbd_core.o
                0x08004e6a                USBD_LL_IsoINIncomplete
 .text.USBD_LL_IsoOUTIncomplete
                0x08004e84       0x1a Middlewares\ST\STM32_USB_Device_Library\Core\Src\usbd_core.o
                0x08004e84                USBD_LL_IsoOUTIncomplete
 .text.USBD_LL_DevConnected
                0x08004e9e       0x16 Middlewares\ST\STM32_USB_Device_Library\Core\Src\usbd_core.o
                0x08004e9e                USBD_LL_DevConnected
 .text.USBD_LL_DevDisconnected
                0x08004eb4       0x2e Middlewares\ST\STM32_USB_Device_Library\Core\Src\usbd_core.o
                0x08004eb4                USBD_LL_DevDisconnected
 *fill*         0x08004ee2        0x2 
 .text.USBD_StdDevReq
                0x08004ee4       0xa0 Middlewares\ST\STM32_USB_Device_Library\Core\Src\usbd_ctlreq.o
                0x08004ee4                USBD_StdDevReq
 .text.USBD_StdItfReq
                0x08004f84       0x66 Middlewares\ST\STM32_USB_Device_Library\Core\Src\usbd_ctlreq.o
                0x08004f84                USBD_StdItfReq
 .text.USBD_StdEPReq
                0x08004fea      0x1b0 Middlewares\ST\STM32_USB_Device_Library\Core\Src\usbd_ctlreq.o
                0x08004fea                USBD_StdEPReq
 *fill*         0x0800519a        0x2 
 .text.USBD_GetDescriptor
                0x0800519c      0x1e8 Middlewares\ST\STM32_USB_Device_Library\Core\Src\usbd_ctlreq.o
 .text.USBD_SetAddress
                0x08005384       0x7c Middlewares\ST\STM32_USB_Device_Library\Core\Src\usbd_ctlreq.o
 .text.USBD_SetConfig
                0x08005400      0x110 Middlewares\ST\STM32_USB_Device_Library\Core\Src\usbd_ctlreq.o
 .text.USBD_GetConfig
                0x08005510       0x64 Middlewares\ST\STM32_USB_Device_Library\Core\Src\usbd_ctlreq.o
 .text.USBD_GetStatus
                0x08005574       0x54 Middlewares\ST\STM32_USB_Device_Library\Core\Src\usbd_ctlreq.o
 .text.USBD_SetFeature
                0x080055c8       0x36 Middlewares\ST\STM32_USB_Device_Library\Core\Src\usbd_ctlreq.o
 .text.USBD_ClrFeature
                0x080055fe       0x50 Middlewares\ST\STM32_USB_Device_Library\Core\Src\usbd_ctlreq.o
 .text.USBD_ParseSetupRequest
                0x0800564e       0x7a Middlewares\ST\STM32_USB_Device_Library\Core\Src\usbd_ctlreq.o
                0x0800564e                USBD_ParseSetupRequest
 .text.USBD_CtlError
                0x080056c8       0x22 Middlewares\ST\STM32_USB_Device_Library\Core\Src\usbd_ctlreq.o
                0x080056c8                USBD_CtlError
 .text.USBD_GetString
                0x080056ea       0x86 Middlewares\ST\STM32_USB_Device_Library\Core\Src\usbd_ctlreq.o
                0x080056ea                USBD_GetString
 .text.USBD_GetLen
                0x08005770       0x30 Middlewares\ST\STM32_USB_Device_Library\Core\Src\usbd_ctlreq.o
 .text.USBD_CtlSendData
                0x080057a0       0x38 Middlewares\ST\STM32_USB_Device_Library\Core\Src\usbd_ioreq.o
                0x080057a0                USBD_CtlSendData
 .text.USBD_CtlContinueSendData
                0x080057d8       0x24 Middlewares\ST\STM32_USB_Device_Library\Core\Src\usbd_ioreq.o
                0x080057d8                USBD_CtlContinueSendData
 .text.USBD_CtlPrepareRx
                0x080057fc       0x3c Middlewares\ST\STM32_USB_Device_Library\Core\Src\usbd_ioreq.o
                0x080057fc                USBD_CtlPrepareRx
 .text.USBD_CtlContinueRx
                0x08005838       0x24 Middlewares\ST\STM32_USB_Device_Library\Core\Src\usbd_ioreq.o
                0x08005838                USBD_CtlContinueRx
 .text.USBD_CtlSendStatus
                0x0800585c       0x26 Middlewares\ST\STM32_USB_Device_Library\Core\Src\usbd_ioreq.o
                0x0800585c                USBD_CtlSendStatus
 .text.USBD_CtlReceiveStatus
                0x08005882       0x26 Middlewares\ST\STM32_USB_Device_Library\Core\Src\usbd_ioreq.o
                0x08005882                USBD_CtlReceiveStatus
 .text.makeFreeRtosPriority
                0x080058a8       0x30 Middlewares\Third_Party\FreeRTOS\Source\CMSIS_RTOS\cmsis_os.o
 .text.osKernelStart
                0x080058d8        0xe Middlewares\Third_Party\FreeRTOS\Source\CMSIS_RTOS\cmsis_os.o
                0x080058d8                osKernelStart
 .text.osThreadCreate
                0x080058e6       0x4e Middlewares\Third_Party\FreeRTOS\Source\CMSIS_RTOS\cmsis_os.o
                0x080058e6                osThreadCreate
 .text.osDelay  0x08005934       0x28 Middlewares\Third_Party\FreeRTOS\Source\CMSIS_RTOS\cmsis_os.o
                0x08005934                osDelay
 .text.osSystickHandler
                0x0800595c       0x16 Middlewares\Third_Party\FreeRTOS\Source\CMSIS_RTOS\cmsis_os.o
                0x0800595c                osSystickHandler
 .text.xEventGroupCreate
                0x08005972       0x2e Middlewares\Third_Party\FreeRTOS\Source\event_groups.o
                0x08005972                xEventGroupCreate
 .text.xEventGroupWaitBits
                0x080059a0      0x194 Middlewares\Third_Party\FreeRTOS\Source\event_groups.o
                0x080059a0                xEventGroupWaitBits
 .text.xEventGroupClearBits
                0x08005b34       0x6c Middlewares\Third_Party\FreeRTOS\Source\event_groups.o
                0x08005b34                xEventGroupClearBits
 .text.xEventGroupSetBits
                0x08005ba0      0x112 Middlewares\Third_Party\FreeRTOS\Source\event_groups.o
                0x08005ba0                xEventGroupSetBits
 .text.vEventGroupDelete
                0x08005cb2       0x60 Middlewares\Third_Party\FreeRTOS\Source\event_groups.o
                0x08005cb2                vEventGroupDelete
 .text.prvTestWaitCondition
                0x08005d12       0x44 Middlewares\Third_Party\FreeRTOS\Source\event_groups.o
 .text.vListInitialise
                0x08005d56       0x40 Middlewares\Third_Party\FreeRTOS\Source\list.o
                0x08005d56                vListInitialise
 .text.vListInitialiseItem
                0x08005d96       0x1a Middlewares\Third_Party\FreeRTOS\Source\list.o
                0x08005d96                vListInitialiseItem
 .text.vListInsertEnd
                0x08005db0       0x48 Middlewares\Third_Party\FreeRTOS\Source\list.o
                0x08005db0                vListInsertEnd
 .text.vListInsert
                0x08005df8       0x72 Middlewares\Third_Party\FreeRTOS\Source\list.o
                0x08005df8                vListInsert
 .text.uxListRemove
                0x08005e6a       0x54 Middlewares\Third_Party\FreeRTOS\Source\list.o
                0x08005e6a                uxListRemove
 *fill*         0x08005ebe        0x2 
 .text.pxPortInitialiseStack
                0x08005ec0       0x68 Middlewares\Third_Party\FreeRTOS\Source\portable\GCC\ARM_CM4F\port.o
                0x08005ec0                pxPortInitialiseStack
 .text.prvTaskExitError
                0x08005f28       0x54 Middlewares\Third_Party\FreeRTOS\Source\portable\GCC\ARM_CM4F\port.o
 *fill*         0x08005f7c        0x4 
 .text.SVC_Handler
                0x08005f80       0x28 Middlewares\Third_Party\FreeRTOS\Source\portable\GCC\ARM_CM4F\port.o
                0x08005f80                SVC_Handler
 .text.prvPortStartFirstTask
                0x08005fa8       0x28 Middlewares\Third_Party\FreeRTOS\Source\portable\GCC\ARM_CM4F\port.o
 .text.xPortStartScheduler
                0x08005fd0      0x13c Middlewares\Third_Party\FreeRTOS\Source\portable\GCC\ARM_CM4F\port.o
                0x08005fd0                xPortStartScheduler
 .text.vPortEnterCritical
                0x0800610c       0x5c Middlewares\Third_Party\FreeRTOS\Source\portable\GCC\ARM_CM4F\port.o
                0x0800610c                vPortEnterCritical
 .text.vPortExitCritical
                0x08006168       0x50 Middlewares\Third_Party\FreeRTOS\Source\portable\GCC\ARM_CM4F\port.o
                0x08006168                vPortExitCritical
 *fill*         0x080061b8        0x8 
 .text.PendSV_Handler
                0x080061c0       0x68 Middlewares\Third_Party\FreeRTOS\Source\portable\GCC\ARM_CM4F\port.o
                0x080061c0                PendSV_Handler
 .text.xPortSysTickHandler
                0x08006228       0x40 Middlewares\Third_Party\FreeRTOS\Source\portable\GCC\ARM_CM4F\port.o
                0x08006228                xPortSysTickHandler
 .text.vPortSetupTimerInterrupt
                0x08006268       0x48 Middlewares\Third_Party\FreeRTOS\Source\portable\GCC\ARM_CM4F\port.o
                0x08006268                vPortSetupTimerInterrupt
 .text.vPortEnableVFP
                0x080062b0       0x14 Middlewares\Third_Party\FreeRTOS\Source\portable\GCC\ARM_CM4F\port.o
 .text.vPortValidateInterruptPriority
                0x080062c4       0x7c Middlewares\Third_Party\FreeRTOS\Source\portable\GCC\ARM_CM4F\port.o
                0x080062c4                vPortValidateInterruptPriority
 .text.pvPortMalloc
                0x08006340      0x184 Middlewares\Third_Party\FreeRTOS\Source\portable\MemMang\heap_4.o
                0x08006340                pvPortMalloc
 .text.vPortFree
                0x080064c4       0xb0 Middlewares\Third_Party\FreeRTOS\Source\portable\MemMang\heap_4.o
                0x080064c4                vPortFree
 .text.prvHeapInit
                0x08006574       0xc4 Middlewares\Third_Party\FreeRTOS\Source\portable\MemMang\heap_4.o
 .text.prvInsertBlockIntoFreeList
                0x08006638       0xb4 Middlewares\Third_Party\FreeRTOS\Source\portable\MemMang\heap_4.o
 .text.xQueueGenericReset
                0x080066ec       0xd0 Middlewares\Third_Party\FreeRTOS\Source\queue.o
                0x080066ec                xQueueGenericReset
 .text.xQueueGenericCreate
                0x080067bc       0x72 Middlewares\Third_Party\FreeRTOS\Source\queue.o
                0x080067bc                xQueueGenericCreate
 .text.prvInitialiseNewQueue
                0x0800682e       0x3e Middlewares\Third_Party\FreeRTOS\Source\queue.o
 .text.xQueueCreateCountingSemaphore
                0x0800686c       0x62 Middlewares\Third_Party\FreeRTOS\Source\queue.o
                0x0800686c                xQueueCreateCountingSemaphore
 *fill*         0x080068ce        0x2 
 .text.xQueueGenericSend
                0x080068d0      0x1f4 Middlewares\Third_Party\FreeRTOS\Source\queue.o
                0x080068d0                xQueueGenericSend
 .text.xQueueReceive
                0x08006ac4      0x1b8 Middlewares\Third_Party\FreeRTOS\Source\queue.o
                0x08006ac4                xQueueReceive
 .text.xQueueSemaphoreTake
                0x08006c7c      0x210 Middlewares\Third_Party\FreeRTOS\Source\queue.o
                0x08006c7c                xQueueSemaphoreTake
 .text.uxQueueMessagesWaiting
                0x08006e8c       0x3a Middlewares\Third_Party\FreeRTOS\Source\queue.o
                0x08006e8c                uxQueueMessagesWaiting
 .text.vQueueDelete
                0x08006ec6       0x3a Middlewares\Third_Party\FreeRTOS\Source\queue.o
                0x08006ec6                vQueueDelete
 .text.prvGetDisinheritPriorityAfterTimeout
                0x08006f00       0x30 Middlewares\Third_Party\FreeRTOS\Source\queue.o
 .text.prvCopyDataToQueue
                0x08006f30       0xd4 Middlewares\Third_Party\FreeRTOS\Source\queue.o
 .text.prvCopyDataFromQueue
                0x08007004       0x4c Middlewares\Third_Party\FreeRTOS\Source\queue.o
 .text.prvUnlockQueue
                0x08007050       0xa4 Middlewares\Third_Party\FreeRTOS\Source\queue.o
 .text.prvIsQueueEmpty
                0x080070f4       0x2c Middlewares\Third_Party\FreeRTOS\Source\queue.o
 .text.prvIsQueueFull
                0x08007120       0x30 Middlewares\Third_Party\FreeRTOS\Source\queue.o
 .text.vQueueAddToRegistry
                0x08007150       0x50 Middlewares\Third_Party\FreeRTOS\Source\queue.o
                0x08007150                vQueueAddToRegistry
 .text.vQueueUnregisterQueue
                0x080071a0       0x54 Middlewares\Third_Party\FreeRTOS\Source\queue.o
                0x080071a0                vQueueUnregisterQueue
 .text.xTaskCreate
                0x080071f4       0x82 Middlewares\Third_Party\FreeRTOS\Source\tasks.o
                0x080071f4                xTaskCreate
 .text.prvInitialiseNewTask
                0x08007276       0xfc Middlewares\Third_Party\FreeRTOS\Source\tasks.o
 *fill*         0x08007372        0x2 
 .text.prvAddNewTaskToReadyList
                0x08007374       0xd4 Middlewares\Third_Party\FreeRTOS\Source\tasks.o
 .text.vTaskDelete
                0x08007448      0x11c Middlewares\Third_Party\FreeRTOS\Source\tasks.o
                0x08007448                vTaskDelete
 .text.vTaskDelay
                0x08007564       0x68 Middlewares\Third_Party\FreeRTOS\Source\tasks.o
                0x08007564                vTaskDelay
 .text.vTaskStartScheduler
                0x080075cc       0x8c Middlewares\Third_Party\FreeRTOS\Source\tasks.o
                0x080075cc                vTaskStartScheduler
 .text.vTaskSuspendAll
                0x08007658       0x1c Middlewares\Third_Party\FreeRTOS\Source\tasks.o
                0x08007658                vTaskSuspendAll
 .text.xTaskResumeAll
                0x08007674      0x138 Middlewares\Third_Party\FreeRTOS\Source\tasks.o
                0x08007674                xTaskResumeAll
 .text.xTaskGetTickCount
                0x080077ac       0x20 Middlewares\Third_Party\FreeRTOS\Source\tasks.o
                0x080077ac                xTaskGetTickCount
 .text.xTaskIncrementTick
                0x080077cc      0x178 Middlewares\Third_Party\FreeRTOS\Source\tasks.o
                0x080077cc                xTaskIncrementTick
 .text.vTaskSwitchContext
                0x08007944       0xb4 Middlewares\Third_Party\FreeRTOS\Source\tasks.o
                0x08007944                vTaskSwitchContext
 .text.vTaskPlaceOnEventList
                0x080079f8       0x48 Middlewares\Third_Party\FreeRTOS\Source\tasks.o
                0x080079f8                vTaskPlaceOnEventList
 .text.vTaskPlaceOnUnorderedEventList
                0x08007a40       0x74 Middlewares\Third_Party\FreeRTOS\Source\tasks.o
                0x08007a40                vTaskPlaceOnUnorderedEventList
 .text.xTaskRemoveFromEventList
                0x08007ab4       0xc4 Middlewares\Third_Party\FreeRTOS\Source\tasks.o
                0x08007ab4                xTaskRemoveFromEventList
 .text.vTaskRemoveFromUnorderedEventList
                0x08007b78       0xc0 Middlewares\Third_Party\FreeRTOS\Source\tasks.o
                0x08007b78                vTaskRemoveFromUnorderedEventList
 .text.vTaskSetTimeOutState
                0x08007c38       0x4c Middlewares\Third_Party\FreeRTOS\Source\tasks.o
                0x08007c38                vTaskSetTimeOutState
 .text.vTaskInternalSetTimeOutState
                0x08007c84       0x2c Middlewares\Third_Party\FreeRTOS\Source\tasks.o
                0x08007c84                vTaskInternalSetTimeOutState
 .text.xTaskCheckForTimeOut
                0x08007cb0       0xc0 Middlewares\Third_Party\FreeRTOS\Source\tasks.o
                0x08007cb0                xTaskCheckForTimeOut
 .text.vTaskMissedYield
                0x08007d70       0x18 Middlewares\Third_Party\FreeRTOS\Source\tasks.o
                0x08007d70                vTaskMissedYield
 .text.prvIdleTask
                0x08007d88       0x30 Middlewares\Third_Party\FreeRTOS\Source\tasks.o
 .text.prvInitialiseTaskLists
                0x08007db8       0x80 Middlewares\Third_Party\FreeRTOS\Source\tasks.o
 .text.prvCheckTasksWaitingTermination
                0x08007e38       0x58 Middlewares\Third_Party\FreeRTOS\Source\tasks.o
 .text.prvDeleteTCB
                0x08007e90       0x20 Middlewares\Third_Party\FreeRTOS\Source\tasks.o
 .text.prvResetNextTaskUnblockTime
                0x08007eb0       0x4c Middlewares\Third_Party\FreeRTOS\Source\tasks.o
 .text.xTaskGetCurrentTaskHandle
                0x08007efc       0x20 Middlewares\Third_Party\FreeRTOS\Source\tasks.o
                0x08007efc                xTaskGetCurrentTaskHandle
 .text.xTaskGetSchedulerState
                0x08007f1c       0x3c Middlewares\Third_Party\FreeRTOS\Source\tasks.o
                0x08007f1c                xTaskGetSchedulerState
 .text.xTaskPriorityInherit
                0x08007f58      0x10c Middlewares\Third_Party\FreeRTOS\Source\tasks.o
                0x08007f58                xTaskPriorityInherit
 .text.xTaskPriorityDisinherit
                0x08008064      0x108 Middlewares\Third_Party\FreeRTOS\Source\tasks.o
                0x08008064                xTaskPriorityDisinherit
 .text.vTaskPriorityDisinheritAfterTimeout
                0x0800816c      0x13c Middlewares\Third_Party\FreeRTOS\Source\tasks.o
                0x0800816c                vTaskPriorityDisinheritAfterTimeout
 .text.uxTaskResetEventItemValue
                0x080082a8       0x30 Middlewares\Third_Party\FreeRTOS\Source\tasks.o
                0x080082a8                uxTaskResetEventItemValue
 .text.pvTaskIncrementMutexHeldCount
                0x080082d8       0x28 Middlewares\Third_Party\FreeRTOS\Source\tasks.o
                0x080082d8                pvTaskIncrementMutexHeldCount
 .text.ulTaskNotifyTake
                0x08008300       0x90 Middlewares\Third_Party\FreeRTOS\Source\tasks.o
                0x08008300                ulTaskNotifyTake
 .text.vTaskNotifyGiveFromISR
                0x08008390      0x120 Middlewares\Third_Party\FreeRTOS\Source\tasks.o
                0x08008390                vTaskNotifyGiveFromISR
 .text.prvAddCurrentTaskToDelayedList
                0x080084b0       0xcc Middlewares\Third_Party\FreeRTOS\Source\tasks.o
 .text.eARPProcessPacket
                0x0800857c      0x100 Middlewares\Third_Party\FreeRTOS-Plus\FreeRTOS-Plus-TCP\FreeRTOS_ARP.o
                0x0800857c                eARPProcessPacket
 .text.vARPRefreshCacheEntry
                0x0800867c      0x1f0 Middlewares\Third_Party\FreeRTOS-Plus\FreeRTOS-Plus-TCP\FreeRTOS_ARP.o
                0x0800867c                vARPRefreshCacheEntry
 .text.eARPGetCacheEntry
                0x0800886c       0xcc Middlewares\Third_Party\FreeRTOS-Plus\FreeRTOS-Plus-TCP\FreeRTOS_ARP.o
                0x0800886c                eARPGetCacheEntry
 .text.prvCacheLookup
                0x08008938       0x80 Middlewares\Third_Party\FreeRTOS-Plus\FreeRTOS-Plus-TCP\FreeRTOS_ARP.o
 .text.vARPAgeCache
                0x080089b8      0x11c Middlewares\Third_Party\FreeRTOS-Plus\FreeRTOS-Plus-TCP\FreeRTOS_ARP.o
                0x080089b8                vARPAgeCache
 .text.vARPSendGratuitous
                0x08008ad4       0x18 Middlewares\Third_Party\FreeRTOS-Plus\FreeRTOS-Plus-TCP\FreeRTOS_ARP.o
                0x08008ad4                vARPSendGratuitous
 .text.FreeRTOS_OutputARPRequest
                0x08008aec       0x34 Middlewares\Third_Party\FreeRTOS-Plus\FreeRTOS-Plus-TCP\FreeRTOS_ARP.o
                0x08008aec                FreeRTOS_OutputARPRequest
 .text.vARPGenerateRequestPacket
                0x08008b20       0x84 Middlewares\Third_Party\FreeRTOS-Plus\FreeRTOS-Plus-TCP\FreeRTOS_ARP.o
                0x08008b20                vARPGenerateRequestPacket
 .text.xIsDHCPSocket
                0x08008ba4       0x30 Middlewares\Third_Party\FreeRTOS-Plus\FreeRTOS-Plus-TCP\FreeRTOS_DHCP.o
                0x08008ba4                xIsDHCPSocket
 .text.vDHCPProcess
                0x08008bd4      0x258 Middlewares\Third_Party\FreeRTOS-Plus\FreeRTOS-Plus-TCP\FreeRTOS_DHCP.o
                0x08008bd4                vDHCPProcess
 .text.prvCreateDHCPSocket
                0x08008e2c       0x94 Middlewares\Third_Party\FreeRTOS-Plus\FreeRTOS-Plus-TCP\FreeRTOS_DHCP.o
 .text.prvInitialiseDHCP
                0x08008ec0       0x50 Middlewares\Third_Party\FreeRTOS-Plus\FreeRTOS-Plus-TCP\FreeRTOS_DHCP.o
 .text.prvProcessDHCPReplies
                0x08008f10      0x30c Middlewares\Third_Party\FreeRTOS-Plus\FreeRTOS-Plus-TCP\FreeRTOS_DHCP.o
 .text.prvCreatePartDHCPMessage
                0x0800921c      0x16c Middlewares\Third_Party\FreeRTOS-Plus\FreeRTOS-Plus-TCP\FreeRTOS_DHCP.o
 .text.prvSendDHCPRequest
                0x08009388       0x64 Middlewares\Third_Party\FreeRTOS-Plus\FreeRTOS-Plus-TCP\FreeRTOS_DHCP.o
 .text.prvSendDHCPDiscover
                0x080093ec       0x50 Middlewares\Third_Party\FreeRTOS-Plus\FreeRTOS-Plus-TCP\FreeRTOS_DHCP.o
 .text.usChar2u16
                0x0800943c       0x2a Middlewares\Third_Party\FreeRTOS-Plus\FreeRTOS-Plus-TCP\FreeRTOS_DNS.o
 *fill*         0x08009466        0x2 
 .text.vDNSInitialise
                0x08009468       0x14 Middlewares\Third_Party\FreeRTOS-Plus\FreeRTOS-Plus-TCP\FreeRTOS_DNS.o
                0x08009468                vDNSInitialise
 .text.vDNSCheckCallBack
                0x0800947c       0xa8 Middlewares\Third_Party\FreeRTOS-Plus\FreeRTOS-Plus-TCP\FreeRTOS_DNS.o
                0x0800947c                vDNSCheckCallBack
 .text.vDNSDoCallback
                0x08009524       0x80 Middlewares\Third_Party\FreeRTOS-Plus\FreeRTOS-Plus-TCP\FreeRTOS_DNS.o
 .text.prvReadNameField
                0x080095a4       0x98 Middlewares\Third_Party\FreeRTOS-Plus\FreeRTOS-Plus-TCP\FreeRTOS_DNS.o
 .text.prvSkipNameField
                0x0800963c       0x44 Middlewares\Third_Party\FreeRTOS-Plus\FreeRTOS-Plus-TCP\FreeRTOS_DNS.o
 .text.ulDNSHandlePacket
                0x08009680       0x2c Middlewares\Third_Party\FreeRTOS-Plus\FreeRTOS-Plus-TCP\FreeRTOS_DNS.o
                0x08009680                ulDNSHandlePacket
 .text.prvParseDNSReply
                0x080096ac      0x4a4 Middlewares\Third_Party\FreeRTOS-Plus\FreeRTOS-Plus-TCP\FreeRTOS_DNS.o
 .text.prvReplyDNSMessage
                0x08009b50       0xd4 Middlewares\Third_Party\FreeRTOS-Plus\FreeRTOS-Plus-TCP\FreeRTOS_DNS.o
 .text.prvProcessDNSCache
                0x08009c24      0x104 Middlewares\Third_Party\FreeRTOS-Plus\FreeRTOS-Plus-TCP\FreeRTOS_DNS.o
 .text.prvIPTask
                0x08009d28      0x168 Middlewares\Third_Party\FreeRTOS-Plus\FreeRTOS-Plus-TCP\FreeRTOS_IP.o
 .text.xIsCallingFromIPTask
                0x08009e90       0x2c Middlewares\Third_Party\FreeRTOS-Plus\FreeRTOS-Plus-TCP\FreeRTOS_IP.o
                0x08009e90                xIsCallingFromIPTask
 .text.prvHandleEthernetPacket
                0x08009ebc       0x16 Middlewares\Third_Party\FreeRTOS-Plus\FreeRTOS-Plus-TCP\FreeRTOS_IP.o
 *fill*         0x08009ed2        0x2 
 .text.prvCalculateSleepTime
                0x08009ed4       0x94 Middlewares\Third_Party\FreeRTOS-Plus\FreeRTOS-Plus-TCP\FreeRTOS_IP.o
 .text.prvCheckNetworkTimers
                0x08009f68       0xdc Middlewares\Third_Party\FreeRTOS-Plus\FreeRTOS-Plus-TCP\FreeRTOS_IP.o
 .text.prvIPTimerStart
                0x0800a044       0x48 Middlewares\Third_Party\FreeRTOS-Plus\FreeRTOS-Plus-TCP\FreeRTOS_IP.o
 .text.prvIPTimerReload
                0x0800a08c       0x20 Middlewares\Third_Party\FreeRTOS-Plus\FreeRTOS-Plus-TCP\FreeRTOS_IP.o
 .text.prvIPTimerCheck
                0x0800a0ac       0x60 Middlewares\Third_Party\FreeRTOS-Plus\FreeRTOS-Plus-TCP\FreeRTOS_IP.o
 .text.FreeRTOS_NetworkDown
                0x0800a10c       0x38 Middlewares\Third_Party\FreeRTOS-Plus\FreeRTOS-Plus-TCP\FreeRTOS_IP.o
                0x0800a10c                FreeRTOS_NetworkDown
 .text.FreeRTOS_GetUDPPayloadBuffer
                0x0800a144       0x46 Middlewares\Third_Party\FreeRTOS-Plus\FreeRTOS-Plus-TCP\FreeRTOS_IP.o
                0x0800a144                FreeRTOS_GetUDPPayloadBuffer
 .text.pxDuplicateNetworkBufferWithDescriptor
                0x0800a18a       0x50 Middlewares\Third_Party\FreeRTOS-Plus\FreeRTOS-Plus-TCP\FreeRTOS_IP.o
                0x0800a18a                pxDuplicateNetworkBufferWithDescriptor
 .text.pxUDPPayloadBuffer_to_NetworkBuffer
                0x0800a1da       0x42 Middlewares\Third_Party\FreeRTOS-Plus\FreeRTOS-Plus-TCP\FreeRTOS_IP.o
                0x0800a1da                pxUDPPayloadBuffer_to_NetworkBuffer
 .text.FreeRTOS_ReleaseUDPPayloadBuffer
                0x0800a21c       0x1e Middlewares\Third_Party\FreeRTOS-Plus\FreeRTOS-Plus-TCP\FreeRTOS_IP.o
                0x0800a21c                FreeRTOS_ReleaseUDPPayloadBuffer
 *fill*         0x0800a23a        0x2 
 .text.FreeRTOS_IPInit
                0x0800a23c      0x1d4 Middlewares\Third_Party\FreeRTOS-Plus\FreeRTOS-Plus-TCP\FreeRTOS_IP.o
                0x0800a23c                FreeRTOS_IPInit
 .text.xSendEventToIPTask
                0x0800a410       0x2c Middlewares\Third_Party\FreeRTOS-Plus\FreeRTOS-Plus-TCP\FreeRTOS_IP.o
                0x0800a410                xSendEventToIPTask
 .text.xSendEventStructToIPTask
                0x0800a43c       0x94 Middlewares\Third_Party\FreeRTOS-Plus\FreeRTOS-Plus-TCP\FreeRTOS_IP.o
                0x0800a43c                xSendEventStructToIPTask
 .text.eConsiderFrameForProcessing
                0x0800a4d0       0xa0 Middlewares\Third_Party\FreeRTOS-Plus\FreeRTOS-Plus-TCP\FreeRTOS_IP.o
                0x0800a4d0                eConsiderFrameForProcessing
 .text.prvProcessNetworkDownEvent
                0x0800a570       0x54 Middlewares\Third_Party\FreeRTOS-Plus\FreeRTOS-Plus-TCP\FreeRTOS_IP.o
 .text.vIPNetworkUpCalls
                0x0800a5c4       0x2c Middlewares\Third_Party\FreeRTOS-Plus\FreeRTOS-Plus-TCP\FreeRTOS_IP.o
                0x0800a5c4                vIPNetworkUpCalls
 .text.prvProcessEthernetPacket
                0x0800a5f0       0x96 Middlewares\Third_Party\FreeRTOS-Plus\FreeRTOS-Plus-TCP\FreeRTOS_IP.o
 *fill*         0x0800a686        0x2 
 .text.prvAllowIPPacket
                0x0800a688       0x94 Middlewares\Third_Party\FreeRTOS-Plus\FreeRTOS-Plus-TCP\FreeRTOS_IP.o
 .text.prvProcessIPPacket
                0x0800a71c      0x158 Middlewares\Third_Party\FreeRTOS-Plus\FreeRTOS-Plus-TCP\FreeRTOS_IP.o
 .text.prvProcessICMPEchoReply
                0x0800a874       0x82 Middlewares\Third_Party\FreeRTOS-Plus\FreeRTOS-Plus-TCP\FreeRTOS_IP.o
 *fill*         0x0800a8f6        0x2 
 .text.prvProcessICMPEchoRequest
                0x0800a8f8       0xb0 Middlewares\Third_Party\FreeRTOS-Plus\FreeRTOS-Plus-TCP\FreeRTOS_IP.o
 .text.prvProcessICMPPacket
                0x0800a9a8       0x3a Middlewares\Third_Party\FreeRTOS-Plus\FreeRTOS-Plus-TCP\FreeRTOS_IP.o
 *fill*         0x0800a9e2        0x2 
 .text.vReturnEthernetFrame
                0x0800a9e4       0x40 Middlewares\Third_Party\FreeRTOS-Plus\FreeRTOS-Plus-TCP\FreeRTOS_IP.o
                0x0800a9e4                vReturnEthernetFrame
 .text.vIPSetDHCPTimerEnableState
                0x0800aa24       0x34 Middlewares\Third_Party\FreeRTOS-Plus\FreeRTOS-Plus-TCP\FreeRTOS_IP.o
                0x0800aa24                vIPSetDHCPTimerEnableState
 .text.vIPReloadDHCPTimer
                0x0800aa58       0x1c Middlewares\Third_Party\FreeRTOS-Plus\FreeRTOS-Plus-TCP\FreeRTOS_IP.o
                0x0800aa58                vIPReloadDHCPTimer
 .text.vIPSetDnsTimerEnableState
                0x0800aa74       0x34 Middlewares\Third_Party\FreeRTOS-Plus\FreeRTOS-Plus-TCP\FreeRTOS_IP.o
                0x0800aa74                vIPSetDnsTimerEnableState
 .text.xIPIsNetworkTaskReady
                0x0800aaa8       0x18 Middlewares\Third_Party\FreeRTOS-Plus\FreeRTOS-Plus-TCP\FreeRTOS_IP.o
                0x0800aaa8                xIPIsNetworkTaskReady
 .text.FreeRTOS_max_uint32
                0x0800aac0       0x20 Middlewares\Third_Party\FreeRTOS-Plus\FreeRTOS-Plus-TCP\FreeRTOS_Sockets.o
 .text.FreeRTOS_round_up
                0x0800aae0       0x2a Middlewares\Third_Party\FreeRTOS-Plus\FreeRTOS-Plus-TCP\FreeRTOS_Sockets.o
 .text.uxStreamBufferSpace
                0x0800ab0a       0x3e Middlewares\Third_Party\FreeRTOS-Plus\FreeRTOS-Plus-TCP\FreeRTOS_Sockets.o
 .text.uxStreamBufferDistance
                0x0800ab48       0x3c Middlewares\Third_Party\FreeRTOS-Plus\FreeRTOS-Plus-TCP\FreeRTOS_Sockets.o
 .text.uxStreamBufferGetSpace
                0x0800ab84       0x28 Middlewares\Third_Party\FreeRTOS-Plus\FreeRTOS-Plus-TCP\FreeRTOS_Sockets.o
 .text.uxStreamBufferFrontSpace
                0x0800abac       0x28 Middlewares\Third_Party\FreeRTOS-Plus\FreeRTOS-Plus-TCP\FreeRTOS_Sockets.o
 .text.uxStreamBufferGetSize
                0x0800abd4       0x28 Middlewares\Third_Party\FreeRTOS-Plus\FreeRTOS-Plus-TCP\FreeRTOS_Sockets.o
 .text.prvValidSocket
                0x0800abfc       0x58 Middlewares\Third_Party\FreeRTOS-Plus\FreeRTOS-Plus-TCP\FreeRTOS_Sockets.o
 .text.vNetworkSocketsInit
                0x0800ac54       0x8c Middlewares\Third_Party\FreeRTOS-Plus\FreeRTOS-Plus-TCP\FreeRTOS_Sockets.o
                0x0800ac54                vNetworkSocketsInit
 .text.prvDetermineSocketSize
                0x0800ace0       0xc0 Middlewares\Third_Party\FreeRTOS-Plus\FreeRTOS-Plus-TCP\FreeRTOS_Sockets.o
 .text.FreeRTOS_socket
                0x0800ada0      0x134 Middlewares\Third_Party\FreeRTOS-Plus\FreeRTOS-Plus-TCP\FreeRTOS_Sockets.o
                0x0800ada0                FreeRTOS_socket
 .text.FreeRTOS_recvfrom
                0x0800aed4      0x19a Middlewares\Third_Party\FreeRTOS-Plus\FreeRTOS-Plus-TCP\FreeRTOS_Sockets.o
                0x0800aed4                FreeRTOS_recvfrom
 .text.FreeRTOS_sendto
                0x0800b06e      0x138 Middlewares\Third_Party\FreeRTOS-Plus\FreeRTOS-Plus-TCP\FreeRTOS_Sockets.o
                0x0800b06e                FreeRTOS_sendto
 .text.FreeRTOS_bind
                0x0800b1a6       0xbe Middlewares\Third_Party\FreeRTOS-Plus\FreeRTOS-Plus-TCP\FreeRTOS_Sockets.o
                0x0800b1a6                FreeRTOS_bind
 .text.vSocketBind
                0x0800b264      0x120 Middlewares\Third_Party\FreeRTOS-Plus\FreeRTOS-Plus-TCP\FreeRTOS_Sockets.o
                0x0800b264                vSocketBind
 .text.FreeRTOS_closesocket
                0x0800b384       0x4c Middlewares\Third_Party\FreeRTOS-Plus\FreeRTOS-Plus-TCP\FreeRTOS_Sockets.o
                0x0800b384                FreeRTOS_closesocket
 .text.vSocketClose
                0x0800b3d0       0xc0 Middlewares\Third_Party\FreeRTOS-Plus\FreeRTOS-Plus-TCP\FreeRTOS_Sockets.o
                0x0800b3d0                vSocketClose
 .text.prvTCPSetSocketCount
                0x0800b490       0x70 Middlewares\Third_Party\FreeRTOS-Plus\FreeRTOS-Plus-TCP\FreeRTOS_Sockets.o
 .text.FreeRTOS_setsockopt
                0x0800b500      0x344 Middlewares\Third_Party\FreeRTOS-Plus\FreeRTOS-Plus-TCP\FreeRTOS_Sockets.o
                0x0800b500                FreeRTOS_setsockopt
 .text.prvGetPrivatePortNumber
                0x0800b844       0x98 Middlewares\Third_Party\FreeRTOS-Plus\FreeRTOS-Plus-TCP\FreeRTOS_Sockets.o
 .text.pxListFindListItemWithValue
                0x0800b8dc       0x54 Middlewares\Third_Party\FreeRTOS-Plus\FreeRTOS-Plus-TCP\FreeRTOS_Sockets.o
 .text.pxUDPSocketLookup
                0x0800b930       0x4c Middlewares\Third_Party\FreeRTOS-Plus\FreeRTOS-Plus-TCP\FreeRTOS_Sockets.o
                0x0800b930                pxUDPSocketLookup
 .text.vSocketWakeUpUser
                0x0800b97c       0x76 Middlewares\Third_Party\FreeRTOS-Plus\FreeRTOS-Plus-TCP\FreeRTOS_Sockets.o
                0x0800b97c                vSocketWakeUpUser
 *fill*         0x0800b9f2        0x2 
 .text.xTCPTimerCheck
                0x0800b9f4       0xe4 Middlewares\Third_Party\FreeRTOS-Plus\FreeRTOS-Plus-TCP\FreeRTOS_Sockets.o
                0x0800b9f4                xTCPTimerCheck
 .text.pxTCPSocketLookup
                0x0800bad8       0x8c Middlewares\Third_Party\FreeRTOS-Plus\FreeRTOS-Plus-TCP\FreeRTOS_Sockets.o
                0x0800bad8                pxTCPSocketLookup
 .text.prvTCPCreateStream
                0x0800bb64       0xbc Middlewares\Third_Party\FreeRTOS-Plus\FreeRTOS-Plus-TCP\FreeRTOS_Sockets.o
 .text.lTCPAddRxdata
                0x0800bc20       0xc4 Middlewares\Third_Party\FreeRTOS-Plus\FreeRTOS-Plus-TCP\FreeRTOS_Sockets.o
                0x0800bc20                lTCPAddRxdata
 .text.FreeRTOS_tx_space
                0x0800bce4       0x46 Middlewares\Third_Party\FreeRTOS-Plus\FreeRTOS-Plus-TCP\FreeRTOS_Sockets.o
                0x0800bce4                FreeRTOS_tx_space
 .text.FreeRTOS_tx_size
                0x0800bd2a       0x44 Middlewares\Third_Party\FreeRTOS-Plus\FreeRTOS-Plus-TCP\FreeRTOS_Sockets.o
                0x0800bd2a                FreeRTOS_tx_size
 .text.FreeRTOS_rx_size
                0x0800bd6e       0x44 Middlewares\Third_Party\FreeRTOS-Plus\FreeRTOS-Plus-TCP\FreeRTOS_Sockets.o
                0x0800bd6e                FreeRTOS_rx_size
 *fill*         0x0800bdb2        0x2 
 .text.vSocketSelect
                0x0800bdb4      0x218 Middlewares\Third_Party\FreeRTOS-Plus\FreeRTOS-Plus-TCP\FreeRTOS_Sockets.o
                0x0800bdb4                vSocketSelect
 .text.FreeRTOS_SignalSocket
                0x0800bfcc       0x6a Middlewares\Third_Party\FreeRTOS-Plus\FreeRTOS-Plus-TCP\FreeRTOS_Sockets.o
                0x0800bfcc                FreeRTOS_SignalSocket
 .text.FreeRTOS_min_uint32
                0x0800c036       0x20 Middlewares\Third_Party\FreeRTOS-Plus\FreeRTOS-Plus-TCP\FreeRTOS_Stream_Buffer.o
 .text.uxStreamBufferSpace
                0x0800c056       0x3e Middlewares\Third_Party\FreeRTOS-Plus\FreeRTOS-Plus-TCP\FreeRTOS_Stream_Buffer.o
 .text.uxStreamBufferDistance
                0x0800c094       0x3c Middlewares\Third_Party\FreeRTOS-Plus\FreeRTOS-Plus-TCP\FreeRTOS_Stream_Buffer.o
 .text.uxStreamBufferGetSpace
                0x0800c0d0       0x28 Middlewares\Third_Party\FreeRTOS-Plus\FreeRTOS-Plus-TCP\FreeRTOS_Stream_Buffer.o
 .text.uxStreamBufferGetSize
                0x0800c0f8       0x28 Middlewares\Third_Party\FreeRTOS-Plus\FreeRTOS-Plus-TCP\FreeRTOS_Stream_Buffer.o
 .text.xStreamBufferLessThenEqual
                0x0800c120       0x6a Middlewares\Third_Party\FreeRTOS-Plus\FreeRTOS-Plus-TCP\FreeRTOS_Stream_Buffer.o
 .text.uxStreamBufferAdd
                0x0800c18a       0xfc Middlewares\Third_Party\FreeRTOS-Plus\FreeRTOS-Plus-TCP\FreeRTOS_Stream_Buffer.o
                0x0800c18a                uxStreamBufferAdd
 .text.uxStreamBufferGet
                0x0800c286       0xe8 Middlewares\Third_Party\FreeRTOS-Plus\FreeRTOS-Plus-TCP\FreeRTOS_Stream_Buffer.o
                0x0800c286                uxStreamBufferGet
 .text.FreeRTOS_max_int32
                0x0800c36e       0x20 Middlewares\Third_Party\FreeRTOS-Plus\FreeRTOS-Plus-TCP\FreeRTOS_TCP_IP.o
 .text.FreeRTOS_min_int32
                0x0800c38e       0x20 Middlewares\Third_Party\FreeRTOS-Plus\FreeRTOS-Plus-TCP\FreeRTOS_TCP_IP.o
 .text.FreeRTOS_min_uint32
                0x0800c3ae       0x20 Middlewares\Third_Party\FreeRTOS-Plus\FreeRTOS-Plus-TCP\FreeRTOS_TCP_IP.o
 .text.uxStreamBufferSpace
                0x0800c3ce       0x3e Middlewares\Third_Party\FreeRTOS-Plus\FreeRTOS-Plus-TCP\FreeRTOS_TCP_IP.o
 .text.uxStreamBufferDistance
                0x0800c40c       0x3c Middlewares\Third_Party\FreeRTOS-Plus\FreeRTOS-Plus-TCP\FreeRTOS_TCP_IP.o
 .text.uxStreamBufferGetSpace
                0x0800c448       0x28 Middlewares\Third_Party\FreeRTOS-Plus\FreeRTOS-Plus-TCP\FreeRTOS_TCP_IP.o
 .text.uxStreamBufferFrontSpace
                0x0800c470       0x28 Middlewares\Third_Party\FreeRTOS-Plus\FreeRTOS-Plus-TCP\FreeRTOS_TCP_IP.o
 .text.uxStreamBufferMidSpace
                0x0800c498       0x28 Middlewares\Third_Party\FreeRTOS-Plus\FreeRTOS-Plus-TCP\FreeRTOS_TCP_IP.o
 .text.vStreamBufferMoveMid
                0x0800c4c0       0x4c Middlewares\Third_Party\FreeRTOS-Plus\FreeRTOS-Plus-TCP\FreeRTOS_TCP_IP.o
 .text.ulChar2u32
                0x0800c50c       0x36 Middlewares\Third_Party\FreeRTOS-Plus\FreeRTOS-Plus-TCP\FreeRTOS_TCP_IP.o
 .text.usChar2u16
                0x0800c542       0x2a Middlewares\Third_Party\FreeRTOS-Plus\FreeRTOS-Plus-TCP\FreeRTOS_TCP_IP.o
 .text.prvTCPSocketIsActive
                0x0800c56c       0x58 Middlewares\Third_Party\FreeRTOS-Plus\FreeRTOS-Plus-TCP\FreeRTOS_TCP_IP.o
 .text.prvTCPStatusAgeCheck
                0x0800c5c4       0xac Middlewares\Third_Party\FreeRTOS-Plus\FreeRTOS-Plus-TCP\FreeRTOS_TCP_IP.o
 .text.xTCPSocketCheck
                0x0800c670       0xc4 Middlewares\Third_Party\FreeRTOS-Plus\FreeRTOS-Plus-TCP\FreeRTOS_TCP_IP.o
                0x0800c670                xTCPSocketCheck
 .text.prvTCPSendPacket
                0x0800c734       0xb6 Middlewares\Third_Party\FreeRTOS-Plus\FreeRTOS-Plus-TCP\FreeRTOS_TCP_IP.o
 .text.prvTCPSendRepeated
                0x0800c7ea       0x5a Middlewares\Third_Party\FreeRTOS-Plus\FreeRTOS-Plus-TCP\FreeRTOS_TCP_IP.o
 .text.prvTCPReturnPacket
                0x0800c844      0x354 Middlewares\Third_Party\FreeRTOS-Plus\FreeRTOS-Plus-TCP\FreeRTOS_TCP_IP.o
 .text.prvTCPCreateWindow
                0x0800cb98       0x50 Middlewares\Third_Party\FreeRTOS-Plus\FreeRTOS-Plus-TCP\FreeRTOS_TCP_IP.o
 .text.prvTCPPrepareConnect
                0x0800cbe8      0x1b0 Middlewares\Third_Party\FreeRTOS-Plus\FreeRTOS-Plus-TCP\FreeRTOS_TCP_IP.o
 .text.prvCheckOptions
                0x0800cd98      0x1e0 Middlewares\Third_Party\FreeRTOS-Plus\FreeRTOS-Plus-TCP\FreeRTOS_TCP_IP.o
 .text.prvWinScaleFactor
                0x0800cf78       0x42 Middlewares\Third_Party\FreeRTOS-Plus\FreeRTOS-Plus-TCP\FreeRTOS_TCP_IP.o
 .text.prvSetSynAckOptions
                0x0800cfba       0xa8 Middlewares\Third_Party\FreeRTOS-Plus\FreeRTOS-Plus-TCP\FreeRTOS_TCP_IP.o
 .text.prvTCPTouchSocket
                0x0800d062       0x48 Middlewares\Third_Party\FreeRTOS-Plus\FreeRTOS-Plus-TCP\FreeRTOS_TCP_IP.o
 .text.vTCPStateChange
                0x0800d0aa      0x1b6 Middlewares\Third_Party\FreeRTOS-Plus\FreeRTOS-Plus-TCP\FreeRTOS_TCP_IP.o
                0x0800d0aa                vTCPStateChange
 .text.prvTCPBufferResize
                0x0800d260       0xc0 Middlewares\Third_Party\FreeRTOS-Plus\FreeRTOS-Plus-TCP\FreeRTOS_TCP_IP.o
 .text.prvTCPPrepareSend
                0x0800d320      0x2ce Middlewares\Third_Party\FreeRTOS-Plus\FreeRTOS-Plus-TCP\FreeRTOS_TCP_IP.o
 *fill*         0x0800d5ee        0x2 
 .text.prvTCPNextTimeout
                0x0800d5f0       0xfc Middlewares\Third_Party\FreeRTOS-Plus\FreeRTOS-Plus-TCP\FreeRTOS_TCP_IP.o
 .text.prvTCPAddTxData
                0x0800d6ec       0x54 Middlewares\Third_Party\FreeRTOS-Plus\FreeRTOS-Plus-TCP\FreeRTOS_TCP_IP.o
 .text.prvTCPHandleFin
                0x0800d740      0x14a Middlewares\Third_Party\FreeRTOS-Plus\FreeRTOS-Plus-TCP\FreeRTOS_TCP_IP.o
 .text.prvCheckRxData
                0x0800d88a       0xce Middlewares\Third_Party\FreeRTOS-Plus\FreeRTOS-Plus-TCP\FreeRTOS_TCP_IP.o
 .text.prvStoreRxData
                0x0800d958       0xe8 Middlewares\Third_Party\FreeRTOS-Plus\FreeRTOS-Plus-TCP\FreeRTOS_TCP_IP.o
 .text.prvSetOptions
                0x0800da40       0xbc Middlewares\Third_Party\FreeRTOS-Plus\FreeRTOS-Plus-TCP\FreeRTOS_TCP_IP.o
 .text.prvHandleSynReceived
                0x0800dafc      0x182 Middlewares\Third_Party\FreeRTOS-Plus\FreeRTOS-Plus-TCP\FreeRTOS_TCP_IP.o
 .text.prvHandleEstablished
                0x0800dc7e      0x22c Middlewares\Third_Party\FreeRTOS-Plus\FreeRTOS-Plus-TCP\FreeRTOS_TCP_IP.o
 *fill*         0x0800deaa        0x2 
 .text.prvSendData
                0x0800deac      0x17c Middlewares\Third_Party\FreeRTOS-Plus\FreeRTOS-Plus-TCP\FreeRTOS_TCP_IP.o
 .text.prvTCPHandleState
                0x0800e028      0x220 Middlewares\Third_Party\FreeRTOS-Plus\FreeRTOS-Plus-TCP\FreeRTOS_TCP_IP.o
 .text.prvTCPSendReset
                0x0800e248       0x38 Middlewares\Third_Party\FreeRTOS-Plus\FreeRTOS-Plus-TCP\FreeRTOS_TCP_IP.o
 .text.prvSocketSetMSS
                0x0800e280       0x78 Middlewares\Third_Party\FreeRTOS-Plus\FreeRTOS-Plus-TCP\FreeRTOS_TCP_IP.o
 .text.xProcessReceivedTCPPacket
                0x0800e2f8      0x234 Middlewares\Third_Party\FreeRTOS-Plus\FreeRTOS-Plus-TCP\FreeRTOS_TCP_IP.o
                0x0800e2f8                xProcessReceivedTCPPacket
 .text.prvHandleListen
                0x0800e52c      0x160 Middlewares\Third_Party\FreeRTOS-Plus\FreeRTOS-Plus-TCP\FreeRTOS_TCP_IP.o
 .text.prvTCPSocketCopy
                0x0800e68c       0xec Middlewares\Third_Party\FreeRTOS-Plus\FreeRTOS-Plus-TCP\FreeRTOS_TCP_IP.o
 .text.xTCPCheckNewClient
                0x0800e778       0x88 Middlewares\Third_Party\FreeRTOS-Plus\FreeRTOS-Plus-TCP\FreeRTOS_TCP_IP.o
                0x0800e778                xTCPCheckNewClient
 .text.FreeRTOS_min_int32
                0x0800e800       0x20 Middlewares\Third_Party\FreeRTOS-Plus\FreeRTOS-Plus-TCP\FreeRTOS_TCP_WIN.o
 .text.FreeRTOS_min_uint32
                0x0800e820       0x20 Middlewares\Third_Party\FreeRTOS-Plus\FreeRTOS-Plus-TCP\FreeRTOS_TCP_WIN.o
 .text.xSequenceLessThanOrEqual
                0x0800e840       0x22 Middlewares\Third_Party\FreeRTOS-Plus\FreeRTOS-Plus-TCP\FreeRTOS_TCP_WIN.o
 .text.xSequenceLessThan
                0x0800e862       0x24 Middlewares\Third_Party\FreeRTOS-Plus\FreeRTOS-Plus-TCP\FreeRTOS_TCP_WIN.o
 .text.xSequenceGreaterThan
                0x0800e886       0x24 Middlewares\Third_Party\FreeRTOS-Plus\FreeRTOS-Plus-TCP\FreeRTOS_TCP_WIN.o
 .text.xSequenceGreaterThanOrEqual
                0x0800e8aa       0x22 Middlewares\Third_Party\FreeRTOS-Plus\FreeRTOS-Plus-TCP\FreeRTOS_TCP_WIN.o
 .text.vListInsertFifo
                0x0800e8cc       0x20 Middlewares\Third_Party\FreeRTOS-Plus\FreeRTOS-Plus-TCP\FreeRTOS_TCP_WIN.o
 .text.vTCPTimerSet
                0x0800e8ec       0x1a Middlewares\Third_Party\FreeRTOS-Plus\FreeRTOS-Plus-TCP\FreeRTOS_TCP_WIN.o
 .text.ulTimerGetAge
                0x0800e906       0x1c Middlewares\Third_Party\FreeRTOS-Plus\FreeRTOS-Plus-TCP\FreeRTOS_TCP_WIN.o
 .text.vListInsertGeneric
                0x0800e922       0x44 Middlewares\Third_Party\FreeRTOS-Plus\FreeRTOS-Plus-TCP\FreeRTOS_TCP_WIN.o
                0x0800e922                vListInsertGeneric
 *fill*         0x0800e966        0x2 
 .text.prvCreateSectors
                0x0800e968       0xa0 Middlewares\Third_Party\FreeRTOS-Plus\FreeRTOS-Plus-TCP\FreeRTOS_TCP_WIN.o
 .text.xTCPWindowRxFind
                0x0800ea08       0x4e Middlewares\Third_Party\FreeRTOS-Plus\FreeRTOS-Plus-TCP\FreeRTOS_TCP_WIN.o
 *fill*         0x0800ea56        0x2 
 .text.xTCPWindowNew
                0x0800ea58       0xcc Middlewares\Third_Party\FreeRTOS-Plus\FreeRTOS-Plus-TCP\FreeRTOS_TCP_WIN.o
 .text.xTCPWindowRxEmpty
                0x0800eb24       0x42 Middlewares\Third_Party\FreeRTOS-Plus\FreeRTOS-Plus-TCP\FreeRTOS_TCP_WIN.o
                0x0800eb24                xTCPWindowRxEmpty
 .text.xTCPWindowGetHead
                0x0800eb66       0x3c Middlewares\Third_Party\FreeRTOS-Plus\FreeRTOS-Plus-TCP\FreeRTOS_TCP_WIN.o
 .text.xTCPWindowPeekHead
                0x0800eba2       0x3a Middlewares\Third_Party\FreeRTOS-Plus\FreeRTOS-Plus-TCP\FreeRTOS_TCP_WIN.o
 .text.vTCPWindowFree
                0x0800ebdc       0x58 Middlewares\Third_Party\FreeRTOS-Plus\FreeRTOS-Plus-TCP\FreeRTOS_TCP_WIN.o
 .text.vTCPWindowDestroy
                0x0800ec34       0x62 Middlewares\Third_Party\FreeRTOS-Plus\FreeRTOS-Plus-TCP\FreeRTOS_TCP_WIN.o
                0x0800ec34                vTCPWindowDestroy
 *fill*         0x0800ec96        0x2 
 .text.vTCPWindowCreate
                0x0800ec98       0x70 Middlewares\Third_Party\FreeRTOS-Plus\FreeRTOS-Plus-TCP\FreeRTOS_TCP_WIN.o
                0x0800ec98                vTCPWindowCreate
 .text.vTCPWindowInit
                0x0800ed08       0xb6 Middlewares\Third_Party\FreeRTOS-Plus\FreeRTOS-Plus-TCP\FreeRTOS_TCP_WIN.o
                0x0800ed08                vTCPWindowInit
 .text.xTCPWindowRxConfirm
                0x0800edbe       0x96 Middlewares\Third_Party\FreeRTOS-Plus\FreeRTOS-Plus-TCP\FreeRTOS_TCP_WIN.o
 .text.lTCPWindowRxCheck
                0x0800ee54      0x1bc Middlewares\Third_Party\FreeRTOS-Plus\FreeRTOS-Plus-TCP\FreeRTOS_TCP_WIN.o
                0x0800ee54                lTCPWindowRxCheck
 .text.lTCPIncrementTxPosition
                0x0800f010       0x32 Middlewares\Third_Party\FreeRTOS-Plus\FreeRTOS-Plus-TCP\FreeRTOS_TCP_WIN.o
 *fill*         0x0800f042        0x2 
 .text.lTCPWindowTxAdd
                0x0800f044      0x168 Middlewares\Third_Party\FreeRTOS-Plus\FreeRTOS-Plus-TCP\FreeRTOS_TCP_WIN.o
                0x0800f044                lTCPWindowTxAdd
 .text.xTCPWindowTxDone
                0x0800f1ac       0x24 Middlewares\Third_Party\FreeRTOS-Plus\FreeRTOS-Plus-TCP\FreeRTOS_TCP_WIN.o
                0x0800f1ac                xTCPWindowTxDone
 .text.prvTCPWindowTxHasSpace
                0x0800f1d0       0x8c Middlewares\Third_Party\FreeRTOS-Plus\FreeRTOS-Plus-TCP\FreeRTOS_TCP_WIN.o
 .text.xTCPWindowTxHasData
                0x0800f25c       0xc0 Middlewares\Third_Party\FreeRTOS-Plus\FreeRTOS-Plus-TCP\FreeRTOS_TCP_WIN.o
                0x0800f25c                xTCPWindowTxHasData
 .text.ulTCPWindowTxGet
                0x0800f31c      0x1a8 Middlewares\Third_Party\FreeRTOS-Plus\FreeRTOS-Plus-TCP\FreeRTOS_TCP_WIN.o
                0x0800f31c                ulTCPWindowTxGet
 .text.prvTCPWindowTxCheckAck
                0x0800f4c4      0x188 Middlewares\Third_Party\FreeRTOS-Plus\FreeRTOS-Plus-TCP\FreeRTOS_TCP_WIN.o
 .text.prvTCPWindowFastRetransmit
                0x0800f64c       0xac Middlewares\Third_Party\FreeRTOS-Plus\FreeRTOS-Plus-TCP\FreeRTOS_TCP_WIN.o
 .text.ulTCPWindowTxAck
                0x0800f6f8       0x3a Middlewares\Third_Party\FreeRTOS-Plus\FreeRTOS-Plus-TCP\FreeRTOS_TCP_WIN.o
                0x0800f6f8                ulTCPWindowTxAck
 *fill*         0x0800f732        0x2 
 .text.ulTCPWindowTxSack
                0x0800f734       0x48 Middlewares\Third_Party\FreeRTOS-Plus\FreeRTOS-Plus-TCP\FreeRTOS_TCP_WIN.o
                0x0800f734                ulTCPWindowTxSack
 .text.vProcessGeneratedUDPPacket
                0x0800f77c      0x168 Middlewares\Third_Party\FreeRTOS-Plus\FreeRTOS-Plus-TCP\FreeRTOS_UDP_IP.o
                0x0800f77c                vProcessGeneratedUDPPacket
 .text.xProcessReceivedUDPPacket
                0x0800f8e4      0x12c Middlewares\Third_Party\FreeRTOS-Plus\FreeRTOS-Plus-TCP\FreeRTOS_UDP_IP.o
                0x0800f8e4                xProcessReceivedUDPPacket
 .text.xNetworkBuffersInitialise
                0x0800fa10       0xf8 Middlewares\Third_Party\FreeRTOS-Plus\FreeRTOS-Plus-TCP\portable\BufferManagement\BufferAllocation_2.o
                0x0800fa10                xNetworkBuffersInitialise
 .text.vReleaseNetworkBuffer
                0x0800fb08       0x22 Middlewares\Third_Party\FreeRTOS-Plus\FreeRTOS-Plus-TCP\portable\BufferManagement\BufferAllocation_2.o
                0x0800fb08                vReleaseNetworkBuffer
 *fill*         0x0800fb2a        0x2 
 .text.pxGetNetworkBufferWithDescriptor
                0x0800fb2c       0xf0 Middlewares\Third_Party\FreeRTOS-Plus\FreeRTOS-Plus-TCP\portable\BufferManagement\BufferAllocation_2.o
                0x0800fb2c                pxGetNetworkBufferWithDescriptor
 .text.vReleaseNetworkBufferAndDescriptor
                0x0800fc1c       0x68 Middlewares\Third_Party\FreeRTOS-Plus\FreeRTOS-Plus-TCP\portable\BufferManagement\BufferAllocation_2.o
                0x0800fc1c                vReleaseNetworkBufferAndDescriptor
 .text.main     0x0800fc84       0x60 Src\main.o
                0x0800fc84                main
 .text.ipInitHandlerTask
                0x0800fce4       0x44 Src\main.o
 .text.vApplicationPingReplyHook
                0x0800fd28       0x1c Src\main.o
                0x0800fd28                vApplicationPingReplyHook
 .text.vApplicationIPNetworkEventHook
                0x0800fd44       0x16 Src\main.o
                0x0800fd44                vApplicationIPNetworkEventHook
 *fill*         0x0800fd5a        0x2 
 .text.pcApplicationHostnameHook
                0x0800fd5c       0x14 Src\main.o
                0x0800fd5c                pcApplicationHostnameHook
 .text.uxRand   0x0800fd70       0x14 Src\main.o
                0x0800fd70                uxRand
 .text.xApplicationDNSQueryHook
                0x0800fd84       0x48 Src\main.o
                0x0800fd84                xApplicationDNSQueryHook
 .text.SystemClock_Config
                0x0800fdcc       0xe8 Src\main.o
                0x0800fdcc                SystemClock_Config
 .text.MX_GPIO_Init
                0x0800feb4       0x50 Src\main.o
 .text.StartDefaultTask
                0x0800ff04       0x1e Src\main.o
                0x0800ff04                StartDefaultTask
 *fill*         0x0800ff22        0x2 
 .text.HAL_TIM_PeriodElapsedCallback
                0x0800ff24       0x24 Src\main.o
                0x0800ff24                HAL_TIM_PeriodElapsedCallback
 .text._Error_Handler
                0x0800ff48        0xc Src\main.o
                0x0800ff48                _Error_Handler
 .text.HAL_MspInit
                0x0800ff54       0xa4 Src\stm32f4xx_hal_msp.o
                0x0800ff54                HAL_MspInit
 .text.HAL_InitTick
                0x0800fff8       0xb0 Src\stm32f4xx_hal_timebase_TIM.o
                0x0800fff8                HAL_InitTick
 .text.NMI_Handler
                0x080100a8        0xe Src\stm32f4xx_it.o
                0x080100a8                NMI_Handler
 .text.HardFault_Handler
                0x080100b6        0x6 Src\stm32f4xx_it.o
                0x080100b6                HardFault_Handler
 .text.MemManage_Handler
                0x080100bc        0x6 Src\stm32f4xx_it.o
                0x080100bc                MemManage_Handler
 .text.BusFault_Handler
                0x080100c2        0x6 Src\stm32f4xx_it.o
                0x080100c2                BusFault_Handler
 .text.UsageFault_Handler
                0x080100c8        0x6 Src\stm32f4xx_it.o
                0x080100c8                UsageFault_Handler
 .text.DebugMon_Handler
                0x080100ce        0xe Src\stm32f4xx_it.o
                0x080100ce                DebugMon_Handler
 .text.SysTick_Handler
                0x080100dc        0xc Src\stm32f4xx_it.o
                0x080100dc                SysTick_Handler
 .text.TIM1_UP_TIM10_IRQHandler
                0x080100e8       0x14 Src\stm32f4xx_it.o
                0x080100e8                TIM1_UP_TIM10_IRQHandler
 .text.OTG_FS_IRQHandler
                0x080100fc       0x14 Src\stm32f4xx_it.o
                0x080100fc                OTG_FS_IRQHandler
 .text.SystemInit
                0x08010110       0x6c Src\system_stm32f4xx.o
                0x08010110                SystemInit
 .text.MX_USB_DEVICE_Init
                0x0801017c       0x2c Src\usb_device.o
                0x0801017c                MX_USB_DEVICE_Init
 .text.HAL_PCD_MspInit
                0x080101a8       0x98 Src\usbd_conf.o
                0x080101a8                HAL_PCD_MspInit
 .text.HAL_PCD_SetupStageCallback
                0x08010240       0x24 Src\usbd_conf.o
                0x08010240                HAL_PCD_SetupStageCallback
 .text.HAL_PCD_DataOutStageCallback
                0x08010264       0x36 Src\usbd_conf.o
                0x08010264                HAL_PCD_DataOutStageCallback
 .text.HAL_PCD_DataInStageCallback
                0x0801029a       0x34 Src\usbd_conf.o
                0x0801029a                HAL_PCD_DataInStageCallback
 .text.HAL_PCD_SOFCallback
                0x080102ce       0x1c Src\usbd_conf.o
                0x080102ce                HAL_PCD_SOFCallback
 .text.HAL_PCD_ResetCallback
                0x080102ea       0x50 Src\usbd_conf.o
                0x080102ea                HAL_PCD_ResetCallback
 *fill*         0x0801033a        0x2 
 .text.HAL_PCD_SuspendCallback
                0x0801033c       0x50 Src\usbd_conf.o
                0x0801033c                HAL_PCD_SuspendCallback
 .text.HAL_PCD_ResumeCallback
                0x0801038c       0x1c Src\usbd_conf.o
                0x0801038c                HAL_PCD_ResumeCallback
 .text.HAL_PCD_ISOOUTIncompleteCallback
                0x080103a8       0x24 Src\usbd_conf.o
                0x080103a8                HAL_PCD_ISOOUTIncompleteCallback
 .text.HAL_PCD_ISOINIncompleteCallback
                0x080103cc       0x24 Src\usbd_conf.o
                0x080103cc                HAL_PCD_ISOINIncompleteCallback
 .text.HAL_PCD_ConnectCallback
                0x080103f0       0x1c Src\usbd_conf.o
                0x080103f0                HAL_PCD_ConnectCallback
 .text.HAL_PCD_DisconnectCallback
                0x0801040c       0x1c Src\usbd_conf.o
                0x0801040c                HAL_PCD_DisconnectCallback
 .text.USBD_LL_Init
                0x08010428       0xb4 Src\usbd_conf.o
                0x08010428                USBD_LL_Init
 .text.USBD_LL_Start
                0x080104dc       0x64 Src\usbd_conf.o
                0x080104dc                USBD_LL_Start
 .text.USBD_LL_OpenEP
                0x08010540       0x7c Src\usbd_conf.o
                0x08010540                USBD_LL_OpenEP
 .text.USBD_LL_CloseEP
                0x080105bc       0x6c Src\usbd_conf.o
                0x080105bc                USBD_LL_CloseEP
 .text.USBD_LL_StallEP
                0x08010628       0x6c Src\usbd_conf.o
                0x08010628                USBD_LL_StallEP
 .text.USBD_LL_ClearStallEP
                0x08010694       0x6c Src\usbd_conf.o
                0x08010694                USBD_LL_ClearStallEP
 .text.USBD_LL_IsStallEP
                0x08010700       0x58 Src\usbd_conf.o
                0x08010700                USBD_LL_IsStallEP
 .text.USBD_LL_SetUSBAddress
                0x08010758       0x6c Src\usbd_conf.o
                0x08010758                USBD_LL_SetUSBAddress
 .text.USBD_LL_Transmit
                0x080107c4       0x74 Src\usbd_conf.o
                0x080107c4                USBD_LL_Transmit
 .text.USBD_LL_PrepareReceive
                0x08010838       0x74 Src\usbd_conf.o
                0x08010838                USBD_LL_PrepareReceive
 .text.USBD_LL_GetRxDataSize
                0x080108ac       0x26 Src\usbd_conf.o
                0x080108ac                USBD_LL_GetRxDataSize
 *fill*         0x080108d2        0x2 
 .text.USBD_FS_DeviceDescriptor
                0x080108d4       0x24 Src\usbd_desc.o
                0x080108d4                USBD_FS_DeviceDescriptor
 .text.USBD_FS_LangIDStrDescriptor
                0x080108f8       0x24 Src\usbd_desc.o
                0x080108f8                USBD_FS_LangIDStrDescriptor
 .text.USBD_FS_ProductStrDescriptor
                0x0801091c       0x3c Src\usbd_desc.o
                0x0801091c                USBD_FS_ProductStrDescriptor
 .text.USBD_FS_ManufacturerStrDescriptor
                0x08010958       0x28 Src\usbd_desc.o
                0x08010958                USBD_FS_ManufacturerStrDescriptor
 .text.USBD_FS_SerialStrDescriptor
                0x08010980       0x3c Src\usbd_desc.o
                0x08010980                USBD_FS_SerialStrDescriptor
 .text.USBD_FS_ConfigStrDescriptor
                0x080109bc       0x3c Src\usbd_desc.o
                0x080109bc                USBD_FS_ConfigStrDescriptor
 .text.USBD_FS_InterfaceStrDescriptor
                0x080109f8       0x3c Src\usbd_desc.o
                0x080109f8                USBD_FS_InterfaceStrDescriptor
 .text.Reset_Handler
                0x08010a34       0x50 startup\startup_stm32f411xe.o
                0x08010a34                Reset_Handler
 .text.Default_Handler
                0x08010a84        0x2 startup\startup_stm32f411xe.o
                0x08010a84                RTC_Alarm_IRQHandler
                0x08010a84                EXTI2_IRQHandler
                0x08010a84                SPI4_IRQHandler
                0x08010a84                TIM1_CC_IRQHandler
                0x08010a84                DMA2_Stream5_IRQHandler
                0x08010a84                DMA1_Stream5_IRQHandler
                0x08010a84                PVD_IRQHandler
                0x08010a84                SDIO_IRQHandler
                0x08010a84                TAMP_STAMP_IRQHandler
                0x08010a84                EXTI3_IRQHandler
                0x08010a84                I2C3_ER_IRQHandler
                0x08010a84                EXTI0_IRQHandler
                0x08010a84                I2C2_EV_IRQHandler
                0x08010a84                DMA1_Stream2_IRQHandler
                0x08010a84                FPU_IRQHandler
                0x08010a84                DMA2_Stream2_IRQHandler
                0x08010a84                SPI1_IRQHandler
                0x08010a84                TIM1_BRK_TIM9_IRQHandler
                0x08010a84                DMA2_Stream3_IRQHandler
                0x08010a84                USART6_IRQHandler
                0x08010a84                DMA2_Stream0_IRQHandler
                0x08010a84                TIM4_IRQHandler
                0x08010a84                I2C1_EV_IRQHandler
                0x08010a84                DMA1_Stream6_IRQHandler
                0x08010a84                DMA1_Stream1_IRQHandler
                0x08010a84                TIM3_IRQHandler
                0x08010a84                RCC_IRQHandler
                0x08010a84                Default_Handler
                0x08010a84                EXTI15_10_IRQHandler
                0x08010a84                ADC_IRQHandler
                0x08010a84                DMA1_Stream7_IRQHandler
                0x08010a84                SPI5_IRQHandler
                0x08010a84                TIM5_IRQHandler
                0x08010a84                DMA2_Stream7_IRQHandler
                0x08010a84                I2C3_EV_IRQHandler
                0x08010a84                EXTI9_5_IRQHandler
                0x08010a84                RTC_WKUP_IRQHandler
                0x08010a84                SPI2_IRQHandler
                0x08010a84                DMA1_Stream0_IRQHandler
                0x08010a84                EXTI4_IRQHandler
                0x08010a84                WWDG_IRQHandler
                0x08010a84                TIM2_IRQHandler
                0x08010a84                OTG_FS_WKUP_IRQHandler
                0x08010a84                TIM1_TRG_COM_TIM11_IRQHandler
                0x08010a84                EXTI1_IRQHandler
                0x08010a84                USART2_IRQHandler
                0x08010a84                I2C2_ER_IRQHandler
                0x08010a84                DMA2_Stream1_IRQHandler
                0x08010a84                FLASH_IRQHandler
                0x08010a84                DMA2_Stream4_IRQHandler
                0x08010a84                USART1_IRQHandler
                0x08010a84                SPI3_IRQHandler
                0x08010a84                DMA1_Stream4_IRQHandler
                0x08010a84                I2C1_ER_IRQHandler
                0x08010a84                DMA2_Stream6_IRQHandler
                0x08010a84                DMA1_Stream3_IRQHandler
 *fill*         0x08010a86        0x2 
 .text.__libc_init_array
                0x08010a88       0x48 c:/program files (x86)/atollic/truestudio for stm32 9.0.0/armtools/bin/../lib/gcc/arm-atollic-eabi/6.3.1/../../../../arm-atollic-eabi/lib/armv7e-m/fpu\libc_nano.a(lib_a-init.o)
                0x08010a88                __libc_init_array
 .text.memcmp   0x08010ad0       0x1e c:/program files (x86)/atollic/truestudio for stm32 9.0.0/armtools/bin/../lib/gcc/arm-atollic-eabi/6.3.1/../../../../arm-atollic-eabi/lib/armv7e-m/fpu\libc_nano.a(lib_a-memcmp.o)
                0x08010ad0                memcmp
 .text.memcpy   0x08010aee       0x16 c:/program files (x86)/atollic/truestudio for stm32 9.0.0/armtools/bin/../lib/gcc/arm-atollic-eabi/6.3.1/../../../../arm-atollic-eabi/lib/armv7e-m/fpu\libc_nano.a(lib_a-memcpy-stub.o)
                0x08010aee                memcpy
 .text.memmove  0x08010b04       0x34 c:/program files (x86)/atollic/truestudio for stm32 9.0.0/armtools/bin/../lib/gcc/arm-atollic-eabi/6.3.1/../../../../arm-atollic-eabi/lib/armv7e-m/fpu\libc_nano.a(lib_a-memmove.o)
                0x08010b04                memmove
 .text.memset   0x08010b38       0x10 c:/program files (x86)/atollic/truestudio for stm32 9.0.0/armtools/bin/../lib/gcc/arm-atollic-eabi/6.3.1/../../../../arm-atollic-eabi/lib/armv7e-m/fpu\libc_nano.a(lib_a-memset.o)
                0x08010b38                memset
 .text.rand     0x08010b48       0x74 c:/program files (x86)/atollic/truestudio for stm32 9.0.0/armtools/bin/../lib/gcc/arm-atollic-eabi/6.3.1/../../../../arm-atollic-eabi/lib/armv7e-m/fpu\libc_nano.a(lib_a-rand.o)
                0x08010b48                rand
 .text.strcasecmp
                0x08010bbc       0x3c c:/program files (x86)/atollic/truestudio for stm32 9.0.0/armtools/bin/../lib/gcc/arm-atollic-eabi/6.3.1/../../../../arm-atollic-eabi/lib/armv7e-m/fpu\libc_nano.a(lib_a-strcasecmp.o)
                0x08010bbc                strcasecmp
 .text.strncmp  0x08010bf8       0x24 c:/program files (x86)/atollic/truestudio for stm32 9.0.0/armtools/bin/../lib/gcc/arm-atollic-eabi/6.3.1/../../../../arm-atollic-eabi/lib/armv7e-m/fpu\libc_nano.a(lib_a-strncmp.o)
                0x08010bf8                strncmp
 .text.strncpy  0x08010c1c       0x2a c:/program files (x86)/atollic/truestudio for stm32 9.0.0/armtools/bin/../lib/gcc/arm-atollic-eabi/6.3.1/../../../../arm-atollic-eabi/lib/armv7e-m/fpu\libc_nano.a(lib_a-strncpy.o)
                0x08010c1c                strncpy
 *fill*         0x08010c46        0x2 
 .text.__locale_ctype_ptr
                0x08010c48       0x1c c:/program files (x86)/atollic/truestudio for stm32 9.0.0/armtools/bin/../lib/gcc/arm-atollic-eabi/6.3.1/../../../../arm-atollic-eabi/lib/armv7e-m/fpu\libc_nano.a(lib_a-locale.o)
                0x08010c48                __locale_ctype_ptr
 .text.malloc   0x08010c64       0x10 c:/program files (x86)/atollic/truestudio for stm32 9.0.0/armtools/bin/../lib/gcc/arm-atollic-eabi/6.3.1/../../../../arm-atollic-eabi/lib/armv7e-m/fpu\libc_nano.a(lib_a-malloc.o)
                0x08010c64                malloc
 .text.__ascii_mbtowc
                0x08010c74       0x24 c:/program files (x86)/atollic/truestudio for stm32 9.0.0/armtools/bin/../lib/gcc/arm-atollic-eabi/6.3.1/../../../../arm-atollic-eabi/lib/armv7e-m/fpu\libc_nano.a(lib_a-mbtowc_r.o)
                0x08010c74                __ascii_mbtowc
 .text._malloc_r
                0x08010c98       0xbc c:/program files (x86)/atollic/truestudio for stm32 9.0.0/armtools/bin/../lib/gcc/arm-atollic-eabi/6.3.1/../../../../arm-atollic-eabi/lib/armv7e-m/fpu\libc_nano.a(lib_a-nano-mallocr.o)
                0x08010c98                _malloc_r
 .text._sbrk_r  0x08010d54       0x20 c:/program files (x86)/atollic/truestudio for stm32 9.0.0/armtools/bin/../lib/gcc/arm-atollic-eabi/6.3.1/../../../../arm-atollic-eabi/lib/armv7e-m/fpu\libc_nano.a(lib_a-sbrkr.o)
                0x08010d54                _sbrk_r
 .text.__ascii_wctomb
                0x08010d74       0x1a c:/program files (x86)/atollic/truestudio for stm32 9.0.0/armtools/bin/../lib/gcc/arm-atollic-eabi/6.3.1/../../../../arm-atollic-eabi/lib/armv7e-m/fpu\libc_nano.a(lib_a-wctomb_r.o)
                0x08010d74                __ascii_wctomb
 .text.__malloc_lock
                0x08010d8e        0x2 c:/program files (x86)/atollic/truestudio for stm32 9.0.0/armtools/bin/../lib/gcc/arm-atollic-eabi/6.3.1/../../../../arm-atollic-eabi/lib/armv7e-m/fpu\libc_nano.a(lib_a-mlock.o)
                0x08010d8e                __malloc_lock
 .text.__malloc_unlock
                0x08010d90        0x2 c:/program files (x86)/atollic/truestudio for stm32 9.0.0/armtools/bin/../lib/gcc/arm-atollic-eabi/6.3.1/../../../../arm-atollic-eabi/lib/armv7e-m/fpu\libc_nano.a(lib_a-mlock.o)
                0x08010d90                __malloc_unlock
 *fill*         0x08010d92        0x2 
 .text._sbrk    0x08010d94       0x1c c:/program files (x86)/atollic/truestudio for stm32 9.0.0/armtools/bin/../lib/gcc/arm-atollic-eabi/6.3.1/../../../../arm-atollic-eabi/lib/armv7e-m/fpu\libnosys.a(sbrk.o)
                0x08010d94                _sbrk
 *(.glue_7)
 .glue_7        0x08010db0        0x0 linker stubs
 *(.glue_7t)
 .glue_7t       0x08010db0        0x0 linker stubs
 *(.eh_frame)
 .eh_frame      0x08010db0        0x0 c:/program files (x86)/atollic/truestudio for stm32 9.0.0/armtools/bin/../lib/gcc/arm-atollic-eabi/6.3.1/armv7e-m/fpu/crtbegin.o
 *(.init)
 .init          0x08010db0        0x4 c:/program files (x86)/atollic/truestudio for stm32 9.0.0/armtools/bin/../lib/gcc/arm-atollic-eabi/6.3.1/armv7e-m/fpu/crti.o
                0x08010db0                _init
 .init          0x08010db4        0x8 c:/program files (x86)/atollic/truestudio for stm32 9.0.0/armtools/bin/../lib/gcc/arm-atollic-eabi/6.3.1/armv7e-m/fpu/crtn.o
 *(.fini)
 .fini          0x08010dbc        0x4 c:/program files (x86)/atollic/truestudio for stm32 9.0.0/armtools/bin/../lib/gcc/arm-atollic-eabi/6.3.1/armv7e-m/fpu/crti.o
                0x08010dbc                _fini
 .fini          0x08010dc0        0x8 c:/program files (x86)/atollic/truestudio for stm32 9.0.0/armtools/bin/../lib/gcc/arm-atollic-eabi/6.3.1/armv7e-m/fpu/crtn.o
                0x08010dc8                . = ALIGN (0x4)
                0x08010dc8                _etext = .

.vfp11_veneer   0x08010dc8        0x0
 .vfp11_veneer  0x08010dc8        0x0 linker stubs

.v4_bx          0x08010dc8        0x0
 .v4_bx         0x08010dc8        0x0 linker stubs

.iplt           0x08010dc8        0x0
 .iplt          0x08010dc8        0x0 c:/program files (x86)/atollic/truestudio for stm32 9.0.0/armtools/bin/../lib/gcc/arm-atollic-eabi/6.3.1/armv7e-m/fpu/crtbegin.o

.rodata         0x08010dc8      0x304
                0x08010dc8                . = ALIGN (0x4)
 *(.rodata)
 .rodata        0x08010dc8       0x19 Middlewares\ST\STM32_USB_Device_Library\Class\CDC\Src\usbd_cdc.o
 *fill*         0x08010de1        0x3 
 .rodata        0x08010de4        0x5 Middlewares\Third_Party\FreeRTOS\Source\tasks.o
 *fill*         0x08010de9        0x3 
 .rodata        0x08010dec       0x10 Middlewares\Third_Party\FreeRTOS-Plus\FreeRTOS-Plus-TCP\FreeRTOS_IP.o
 .rodata        0x08010dfc        0xa Middlewares\Third_Party\FreeRTOS-Plus\FreeRTOS-Plus-TCP\portable\BufferManagement\BufferAllocation_2.o
 *fill*         0x08010e06        0x2 
 .rodata        0x08010e08       0x4a Src\main.o
 *fill*         0x08010e52        0x2 
 .rodata        0x08010e54       0x13 Src\usbd_conf.o
 *fill*         0x08010e67        0x1 
 .rodata        0x08010e68       0x56 Src\usbd_desc.o
 *(.rodata*)
 *fill*         0x08010ebe        0x2 
 .rodata.OIDSupportedList
                0x08010ec0       0x58 Middlewares\ST\STM32_USB_Device_Library\Class\CDC\Src\usbd_cdc.o
                0x08010ec0                OIDSupportedList
 .rodata.station_hwaddr
                0x08010f18        0x6 Middlewares\ST\STM32_USB_Device_Library\Class\CDC\Src\usbd_cdc.o
 *fill*         0x08010f1e        0x2 
 .rodata.permanent_hwaddr
                0x08010f20        0x6 Middlewares\ST\STM32_USB_Device_Library\Class\CDC\Src\usbd_cdc.o
 *fill*         0x08010f26        0x2 
 .rodata.xDefaultPartARPPacketHeader
                0x08010f28       0x26 Middlewares\Third_Party\FreeRTOS-Plus\FreeRTOS-Plus-TCP\FreeRTOS_ARP.o
 *fill*         0x08010f4e        0x2 
 .rodata.ucDHCPRequestOptions.7287
                0x08010f50       0x18 Middlewares\Third_Party\FreeRTOS-Plus\FreeRTOS-Plus-TCP\FreeRTOS_DHCP.o
 .rodata.ucDHCPDiscoverOptions.7294
                0x08010f68       0x11 Middlewares\Third_Party\FreeRTOS-Plus\FreeRTOS-Plus-TCP\FreeRTOS_DHCP.o
 *fill*         0x08010f79        0x3 
 .rodata.xLLMNR_MacAdress
                0x08010f7c        0x6 Middlewares\Third_Party\FreeRTOS-Plus\FreeRTOS-Plus-TCP\FreeRTOS_DNS.o
                0x08010f7c                xLLMNR_MacAdress
 *fill*         0x08010f82        0x2 
 .rodata.xBroadcastMACAddress
                0x08010f84        0x6 Middlewares\Third_Party\FreeRTOS-Plus\FreeRTOS-Plus-TCP\FreeRTOS_IP.o
                0x08010f84                xBroadcastMACAddress
 *fill*         0x08010f8a        0x2 
 .rodata.xNetworkDownEvent.8091
                0x08010f8c        0x8 Middlewares\Third_Party\FreeRTOS-Plus\FreeRTOS-Plus-TCP\FreeRTOS_IP.o
 .rodata.xBufferAllocFixedSize
                0x08010f94        0x4 Middlewares\Third_Party\FreeRTOS-Plus\FreeRTOS-Plus-TCP\portable\BufferManagement\BufferAllocation_2.o
                0x08010f94                xBufferAllocFixedSize
 .rodata.ucIPAddress
                0x08010f98        0x4 Src\main.o
 .rodata.ucNetMask
                0x08010f9c        0x4 Src\main.o