main.c:96:5:main	48	static
main.c:118:6:ipInitHandlerTask	24	static
main.c:133:6:vApplicationPingReplyHook	16	static
main.c:140:6:vApplicationIPNetworkEventHook	16	static
main.c:145:13:pcApplicationHostnameHook	4	static
main.c:153:13:uxRand	8	static
main.c:160:12:xApplicationDNSQueryHook	24	static
main.c:188:6:SystemClock_Config	88	static
main.c:249:13:MX_GPIO_Init	40	static
main.c:286:6:StartDefaultTask	16	static
main.c:309:6:HAL_TIM_PeriodElapsedCallback	16	static
main.c:328:6:_Error_Handler	16	static
