main.c:96:5:main	48	static
main.c:118:13:ipInitHandlerTask	24	static
main.c:132:6:vApplicationPingReplyHook	16	static
main.c:139:6:vApplicationIPNetworkEventHook	16	static
main.c:144:13:pcApplicationHostnameHook	4	static
main.c:152:13:uxRand	8	static
main.c:159:12:xApplicationDNSQueryHook	24	static
main.c:187:6:SystemClock_Config	88	static
main.c:247:13:MX_GPIO_Init	16	static
main.c:262:6:StartDefaultTask	16	static
main.c:284:6:HAL_TIM_PeriodElapsedCallback	16	static
main.c:303:6:_Error_Handler	16	static
